<object-stream>
<org.drools.audit.event.ObjectLogEvent>
  <type>1</type>
  <factId>1</factId>
  <objectToString>com.sample.model.Event@5082277</objectToString>
</org.drools.audit.event.ObjectLogEvent>
<org.drools.audit.event.ActivationLogEvent>
  <type>4</type>
  <activationId>HelloWorld [1, 0]</activationId>
  <rule>HelloWorld</rule>
  <declarations>$newEvent=com.sample.model.Event@5082277(1)</declarations>
</org.drools.audit.event.ActivationLogEvent>
<org.drools.audit.event.ActivationLogEvent>
  <type>6</type>
  <activationId>HelloWorld [1, 0]</activationId>
  <rule>HelloWorld</rule>
  <declarations>$newEvent=com.sample.model.Event@5082277(1)</declarations>
</org.drools.audit.event.ActivationLogEvent>
<org.drools.audit.event.ActivationLogEvent>
  <type>7</type>
  <activationId>HelloWorld [1, 0]</activationId>
  <rule>HelloWorld</rule>
  <declarations>$newEvent=com.sample.model.Event@5082277(1)</declarations>
</org.drools.audit.event.ActivationLogEvent>
<org.drools.audit.event.ObjectLogEvent>
  <type>1</type>
  <factId>2</factId>
  <objectToString>com.sample.model.Event@1c0b049a</objectToString>
</org.drools.audit.event.ObjectLogEvent>
<org.drools.audit.event.ActivationLogEvent>
  <type>4</type>
  <activationId>Example [2, 0]</activationId>
  <rule>Example</rule>
  <declarations>$newEvent0=com.sample.model.Event@1c0b049a(2)</declarations>
</org.drools.audit.event.ActivationLogEvent>
<org.drools.audit.event.ActivationLogEvent>
  <type>4</type>
  <activationId>HelloWorld [2, 0]</activationId>
  <rule>HelloWorld</rule>
  <declarations>$newEvent=com.sample.model.Event@1c0b049a(2)</declarations>
</org.drools.audit.event.ActivationLogEvent>
<org.drools.audit.event.ActivationLogEvent>
  <type>6</type>
  <activationId>HelloWorld [2, 0]</activationId>
  <rule>HelloWorld</rule>
  <declarations>$newEvent=com.sample.model.Event@1c0b049a(2)</declarations>
</org.drools.audit.event.ActivationLogEvent>
<org.drools.audit.event.ActivationLogEvent>
  <type>7</type>
  <activationId>HelloWorld [2, 0]</activationId>
  <rule>HelloWorld</rule>
  <declarations>$newEvent=com.sample.model.Event@1c0b049a(2)</declarations>
</org.drools.audit.event.ActivationLogEvent>
<org.drools.audit.event.ActivationLogEvent>
  <type>6</type>
  <activationId>Example [2, 0]</activationId>
  <rule>Example</rule>
  <declarations>$newEvent0=com.sample.model.Event@1c0b049a(2)</declarations>
</org.drools.audit.event.ActivationLogEvent>
<org.drools.audit.event.ActivationLogEvent>
  <type>4</type>
  <activationId>Example2 [3]</activationId>
  <rule>Example2</rule>
  <declarations>$newEvent=com.sample.model.Event@4fc4a198(3)</declarations>
</org.drools.audit.event.ActivationLogEvent>
<org.drools.audit.event.ObjectLogEvent>
  <type>1</type>
  <factId>3</factId>
  <objectToString>com.sample.model.Event@4fc4a198</objectToString>
</org.drools.audit.event.ObjectLogEvent>
<org.drools.audit.event.ActivationLogEvent>
  <type>7</type>
  <activationId>Example [2, 0]</activationId>
  <rule>Example</rule>
  <declarations>$newEvent0=com.sample.model.Event@1c0b049a(2)</declarations>
</org.drools.audit.event.ActivationLogEvent>
<org.drools.audit.event.ActivationLogEvent>
  <type>6</type>
  <activationId>Example2 [3]</activationId>
  <rule>Example2</rule>
  <declarations>$newEvent=com.sample.model.Event@4fc4a198(3)</declarations>
</org.drools.audit.event.ActivationLogEvent>
<org.drools.audit.event.ActivationLogEvent>
  <type>7</type>
  <activationId>Example2 [3]</activationId>
  <rule>Example2</rule>
  <declarations>$newEvent=com.sample.model.Event@4fc4a198(3)</declarations>
</org.drools.audit.event.ActivationLogEvent>
<org.drools.audit.event.ObjectLogEvent>
  <type>1</type>
  <factId>4</factId>
  <objectToString>com.sample.model.Event@9f528ab</objectToString>
</org.drools.audit.event.ObjectLogEvent>
<org.drools.audit.event.ActivationLogEvent>
  <type>4</type>
  <activationId>Example [4, 0]</activationId>
  <rule>Example</rule>
  <declarations>$newEvent0=com.sample.model.Event@9f528ab(4)</declarations>
</org.drools.audit.event.ActivationLogEvent>
<org.drools.audit.event.ActivationLogEvent>
  <type>4</type>
  <activationId>HelloWorld [4, 0]</activationId>
  <rule>HelloWorld</rule>
  <declarations>$newEvent=com.sample.model.Event@9f528ab(4)</declarations>
</org.drools.audit.event.ActivationLogEvent>
<org.drools.audit.event.ActivationLogEvent>
  <type>6</type>
  <activationId>HelloWorld [4, 0]</activationId>
  <rule>HelloWorld</rule>
  <declarations>$newEvent=com.sample.model.Event@9f528ab(4)</declarations>
</org.drools.audit.event.ActivationLogEvent>
<org.drools.audit.event.ActivationLogEvent>
  <type>7</type>
  <activationId>HelloWorld [4, 0]</activationId>
  <rule>HelloWorld</rule>
  <declarations>$newEvent=com.sample.model.Event@9f528ab(4)</declarations>
</org.drools.audit.event.ActivationLogEvent>
<org.drools.audit.event.ActivationLogEvent>
  <type>6</type>
  <activationId>Example [4, 0]</activationId>
  <rule>Example</rule>
  <declarations>$newEvent0=com.sample.model.Event@9f528ab(4)</declarations>
</org.drools.audit.event.ActivationLogEvent>
<org.drools.audit.event.ActivationLogEvent>
  <type>4</type>
  <activationId>Example2 [5]</activationId>
  <rule>Example2</rule>
  <declarations>$newEvent=com.sample.model.Event@1b435686(5)</declarations>
</org.drools.audit.event.ActivationLogEvent>
<org.drools.audit.event.ObjectLogEvent>
  <type>1</type>
  <factId>5</factId>
  <objectToString>com.sample.model.Event@1b435686</objectToString>
</org.drools.audit.event.ObjectLogEvent>
<org.drools.audit.event.ActivationLogEvent>
  <type>7</type>
  <activationId>Example [4, 0]</activationId>
  <rule>Example</rule>
  <declarations>$newEvent0=com.sample.model.Event@9f528ab(4)</declarations>
</org.drools.audit.event.ActivationLogEvent>
<org.drools.audit.event.ActivationLogEvent>
  <type>6</type>
  <activationId>Example2 [5]</activationId>
  <rule>Example2</rule>
  <declarations>$newEvent=com.sample.model.Event@1b435686(5)</declarations>
</org.drools.audit.event.ActivationLogEvent>
<org.drools.audit.event.ActivationLogEvent>
  <type>7</type>
  <activationId>Example2 [5]</activationId>
  <rule>Example2</rule>
  <declarations>$newEvent=com.sample.model.Event@1b435686(5)</declarations>
</org.drools.audit.event.ActivationLogEvent>
<org.drools.audit.event.ObjectLogEvent>
  <type>1</type>
  <factId>6</factId>
  <objectToString>com.sample.model.Event@36598d00</objectToString>
</org.drools.audit.event.ObjectLogEvent>
<org.drools.audit.event.ActivationLogEvent>
  <type>4</type>
  <activationId>Example [6, 0]</activationId>
  <rule>Example</rule>
  <declarations>$newEvent0=com.sample.model.Event@36598d00(6)</declarations>
</org.drools.audit.event.ActivationLogEvent>
<org.drools.audit.event.ActivationLogEvent>
  <type>4</type>
  <activationId>HelloWorld [6, 0]</activationId>
  <rule>HelloWorld</rule>
  <declarations>$newEvent=com.sample.model.Event@36598d00(6)</declarations>
</org.drools.audit.event.ActivationLogEvent>
<org.drools.audit.event.ActivationLogEvent>
  <type>6</type>
  <activationId>HelloWorld [6, 0]</activationId>
  <rule>HelloWorld</rule>
  <declarations>$newEvent=com.sample.model.Event@36598d00(6)</declarations>
</org.drools.audit.event.ActivationLogEvent>
<org.drools.audit.event.ActivationLogEvent>
  <type>7</type>
  <activationId>HelloWorld [6, 0]</activationId>
  <rule>HelloWorld</rule>
  <declarations>$newEvent=com.sample.model.Event@36598d00(6)</declarations>
</org.drools.audit.event.ActivationLogEvent>
<org.drools.audit.event.ActivationLogEvent>
  <type>6</type>
  <activationId>Example [6, 0]</activationId>
  <rule>Example</rule>
  <declarations>$newEvent0=com.sample.model.Event@36598d00(6)</declarations>
</org.drools.audit.event.ActivationLogEvent>
<org.drools.audit.event.ActivationLogEvent>
  <type>4</type>
  <activationId>Example2 [7]</activationId>
  <rule>Example2</rule>
  <declarations>$newEvent=com.sample.model.Event@5965e55e(7)</declarations>
</org.drools.audit.event.ActivationLogEvent>
<org.drools.audit.event.ObjectLogEvent>
  <type>1</type>
  <factId>7</factId>
  <objectToString>com.sample.model.Event@5965e55e</objectToString>
</org.drools.audit.event.ObjectLogEvent>
<org.drools.audit.event.ActivationLogEvent>
  <type>7</type>
  <activationId>Example [6, 0]</activationId>
  <rule>Example</rule>
  <declarations>$newEvent0=com.sample.model.Event@36598d00(6)</declarations>
</org.drools.audit.event.ActivationLogEvent>
<org.drools.audit.event.ActivationLogEvent>
  <type>6</type>
  <activationId>Example2 [7]</activationId>
  <rule>Example2</rule>
  <declarations>$newEvent=com.sample.model.Event@5965e55e(7)</declarations>
</org.drools.audit.event.ActivationLogEvent>
<org.drools.audit.event.ActivationLogEvent>
  <type>7</type>
  <activationId>Example2 [7]</activationId>
  <rule>Example2</rule>
  <declarations>$newEvent=com.sample.model.Event@5965e55e(7)</declarations>
</org.drools.audit.event.ActivationLogEvent>
<org.drools.audit.event.ObjectLogEvent>
  <type>1</type>
  <factId>8</factId>
  <objectToString>com.sample.model.Event@673a95af</objectToString>
</org.drools.audit.event.ObjectLogEvent>
<org.drools.audit.event.ActivationLogEvent>
  <type>4</type>
  <activationId>Example [8, 0]</activationId>
  <rule>Example</rule>
  <declarations>$newEvent0=com.sample.model.Event@673a95af(8)</declarations>
</org.drools.audit.event.ActivationLogEvent>
<org.drools.audit.event.ActivationLogEvent>
  <type>4</type>
  <activationId>HelloWorld [8, 0]</activationId>
  <rule>HelloWorld</rule>
  <declarations>$newEvent=com.sample.model.Event@673a95af(8)</declarations>
</org.drools.audit.event.ActivationLogEvent>
<org.drools.audit.event.ActivationLogEvent>
  <type>6</type>
  <activationId>HelloWorld [8, 0]</activationId>
  <rule>HelloWorld</rule>
  <declarations>$newEvent=com.sample.model.Event@673a95af(8)</declarations>
</org.drools.audit.event.ActivationLogEvent>
<org.drools.audit.event.ActivationLogEvent>
  <type>7</type>
  <activationId>HelloWorld [8, 0]</activationId>
  <rule>HelloWorld</rule>
  <declarations>$newEvent=com.sample.model.Event@673a95af(8)</declarations>
</org.drools.audit.event.ActivationLogEvent>
<org.drools.audit.event.ActivationLogEvent>
  <type>6</type>
  <activationId>Example [8, 0]</activationId>
  <rule>Example</rule>
  <declarations>$newEvent0=com.sample.model.Event@673a95af(8)</declarations>
</org.drools.audit.event.ActivationLogEvent>
<org.drools.audit.event.ActivationLogEvent>
  <type>4</type>
  <activationId>Example2 [9]</activationId>
  <rule>Example2</rule>
  <declarations>$newEvent=com.sample.model.Event@11eea7f0(9)</declarations>
</org.drools.audit.event.ActivationLogEvent>
<org.drools.audit.event.ObjectLogEvent>
  <type>1</type>
  <factId>9</factId>
  <objectToString>com.sample.model.Event@11eea7f0</objectToString>
</org.drools.audit.event.ObjectLogEvent>
<org.drools.audit.event.ActivationLogEvent>
  <type>7</type>
  <activationId>Example [8, 0]</activationId>
  <rule>Example</rule>
  <declarations>$newEvent0=com.sample.model.Event@673a95af(8)</declarations>
</org.drools.audit.event.ActivationLogEvent>
<org.drools.audit.event.ActivationLogEvent>
  <type>6</type>
  <activationId>Example2 [9]</activationId>
  <rule>Example2</rule>
  <declarations>$newEvent=com.sample.model.Event@11eea7f0(9)</declarations>
</org.drools.audit.event.ActivationLogEvent>
<org.drools.audit.event.ActivationLogEvent>
  <type>7</type>
  <activationId>Example2 [9]</activationId>
  <rule>Example2</rule>
  <declarations>$newEvent=com.sample.model.Event@11eea7f0(9)</declarations>
</org.drools.audit.event.ActivationLogEvent>
</object-stream>
<org.drools.audit.event.ObjectLogEvent>
  <type>1</type>
  <factId>10</factId>
  <objectToString>com.sample.model.Event@62c37f31</objectToString>
</org.drools.audit.event.ObjectLogEvent>
<org.drools.audit.event.ActivationLogEvent>
  <type>4</type>
  <activationId>Example [10, 0]</activationId>
  <rule>Example</rule>
  <declarations>$newEvent0=com.sample.model.Event@62c37f31(10)</declarations>
</org.drools.audit.event.ActivationLogEvent>
<org.drools.audit.event.ActivationLogEvent>
  <type>4</type>
  <activationId>HelloWorld [10, 0]</activationId>
  <rule>HelloWorld</rule>
  <declarations>$newEvent=com.sample.model.Event@62c37f31(10)</declarations>
</org.drools.audit.event.ActivationLogEvent>
<org.drools.audit.event.ActivationLogEvent>
  <type>6</type>
  <activationId>HelloWorld [10, 0]</activationId>
  <rule>HelloWorld</rule>
  <declarations>$newEvent=com.sample.model.Event@62c37f31(10)</declarations>
</org.drools.audit.event.ActivationLogEvent>
<org.drools.audit.event.ActivationLogEvent>
  <type>7</type>
  <activationId>HelloWorld [10, 0]</activationId>
  <rule>HelloWorld</rule>
  <declarations>$newEvent=com.sample.model.Event@62c37f31(10)</declarations>
</org.drools.audit.event.ActivationLogEvent>
<org.drools.audit.event.ActivationLogEvent>
  <type>6</type>
  <activationId>Example [10, 0]</activationId>
  <rule>Example</rule>
  <declarations>$newEvent0=com.sample.model.Event@62c37f31(10)</declarations>
</org.drools.audit.event.ActivationLogEvent>
<org.drools.audit.event.ActivationLogEvent>
  <type>4</type>
  <activationId>Example2 [11]</activationId>
  <rule>Example2</rule>
  <declarations>$newEvent=com.sample.model.Event@34cf935a(11)</declarations>
</org.drools.audit.event.ActivationLogEvent>
<org.drools.audit.event.ObjectLogEvent>
  <type>1</type>
  <factId>11</factId>
  <objectToString>com.sample.model.Event@34cf935a</objectToString>
</org.drools.audit.event.ObjectLogEvent>
<org.drools.audit.event.ActivationLogEvent>
  <type>7</type>
  <activationId>Example [10, 0]</activationId>
  <rule>Example</rule>
  <declarations>$newEvent0=com.sample.model.Event@62c37f31(10)</declarations>
</org.drools.audit.event.ActivationLogEvent>
<org.drools.audit.event.ActivationLogEvent>
  <type>6</type>
  <activationId>Example2 [11]</activationId>
  <rule>Example2</rule>
  <declarations>$newEvent=com.sample.model.Event@34cf935a(11)</declarations>
</org.drools.audit.event.ActivationLogEvent>
<org.drools.audit.event.ActivationLogEvent>
  <type>7</type>
  <activationId>Example2 [11]</activationId>
  <rule>Example2</rule>
  <declarations>$newEvent=com.sample.model.Event@34cf935a(11)</declarations>
</org.drools.audit.event.ActivationLogEvent>
<org.drools.audit.event.ObjectLogEvent>
  <type>1</type>
  <factId>12</factId>
  <objectToString>com.sample.model.Event@12fa7181</objectToString>
</org.drools.audit.event.ObjectLogEvent>
<org.drools.audit.event.ActivationLogEvent>
  <type>4</type>
  <activationId>Example [12, 0]</activationId>
  <rule>Example</rule>
  <declarations>$newEvent0=com.sample.model.Event@12fa7181(12)</declarations>
</org.drools.audit.event.ActivationLogEvent>
<org.drools.audit.event.ActivationLogEvent>
  <type>4</type>
  <activationId>HelloWorld [12, 0]</activationId>
  <rule>HelloWorld</rule>
  <declarations>$newEvent=com.sample.model.Event@12fa7181(12)</declarations>
</org.drools.audit.event.ActivationLogEvent>
<org.drools.audit.event.ActivationLogEvent>
  <type>6</type>
  <activationId>HelloWorld [12, 0]</activationId>
  <rule>HelloWorld</rule>
  <declarations>$newEvent=com.sample.model.Event@12fa7181(12)</declarations>
</org.drools.audit.event.ActivationLogEvent>
<org.drools.audit.event.ActivationLogEvent>
  <type>7</type>
  <activationId>HelloWorld [12, 0]</activationId>
  <rule>HelloWorld</rule>
  <declarations>$newEvent=com.sample.model.Event@12fa7181(12)</declarations>
</org.drools.audit.event.ActivationLogEvent>
<org.drools.audit.event.ActivationLogEvent>
  <type>6</type>
  <activationId>Example [12, 0]</activationId>
  <rule>Example</rule>
  <declarations>$newEvent0=com.sample.model.Event@12fa7181(12)</declarations>
</org.drools.audit.event.ActivationLogEvent>
<org.drools.audit.event.ActivationLogEvent>
  <type>4</type>
  <activationId>Example2 [13]</activationId>
  <rule>Example2</rule>
  <declarations>$newEvent=com.sample.model.Event@fd12614(13)</declarations>
</org.drools.audit.event.ActivationLogEvent>
<org.drools.audit.event.ObjectLogEvent>
  <type>1</type>
  <factId>13</factId>
  <objectToString>com.sample.model.Event@fd12614</objectToString>
</org.drools.audit.event.ObjectLogEvent>
<org.drools.audit.event.ActivationLogEvent>
  <type>7</type>
  <activationId>Example [12, 0]</activationId>
  <rule>Example</rule>
  <declarations>$newEvent0=com.sample.model.Event@12fa7181(12)</declarations>
</org.drools.audit.event.ActivationLogEvent>
<org.drools.audit.event.ActivationLogEvent>
  <type>6</type>
  <activationId>Example2 [13]</activationId>
  <rule>Example2</rule>
  <declarations>$newEvent=com.sample.model.Event@fd12614(13)</declarations>
</org.drools.audit.event.ActivationLogEvent>
<org.drools.audit.event.ActivationLogEvent>
  <type>7</type>
  <activationId>Example2 [13]</activationId>
  <rule>Example2</rule>
  <declarations>$newEvent=com.sample.model.Event@fd12614(13)</declarations>
</org.drools.audit.event.ActivationLogEvent>
<org.drools.audit.event.ObjectLogEvent>
  <type>1</type>
  <factId>14</factId>
  <objectToString>com.sample.model.Event@6c1af328</objectToString>
</org.drools.audit.event.ObjectLogEvent>
<org.drools.audit.event.ActivationLogEvent>
  <type>4</type>
  <activationId>Example [14, 0]</activationId>
  <rule>Example</rule>
  <declarations>$newEvent0=com.sample.model.Event@6c1af328(14)</declarations>
</org.drools.audit.event.ActivationLogEvent>
<org.drools.audit.event.ActivationLogEvent>
  <type>4</type>
  <activationId>HelloWorld [14, 0]</activationId>
  <rule>HelloWorld</rule>
  <declarations>$newEvent=com.sample.model.Event@6c1af328(14)</declarations>
</org.drools.audit.event.ActivationLogEvent>
<org.drools.audit.event.ActivationLogEvent>
  <type>6</type>
  <activationId>HelloWorld [14, 0]</activationId>
  <rule>HelloWorld</rule>
  <declarations>$newEvent=com.sample.model.Event@6c1af328(14)</declarations>
</org.drools.audit.event.ActivationLogEvent>
<org.drools.audit.event.ActivationLogEvent>
  <type>7</type>
  <activationId>HelloWorld [14, 0]</activationId>
  <rule>HelloWorld</rule>
  <declarations>$newEvent=com.sample.model.Event@6c1af328(14)</declarations>
</org.drools.audit.event.ActivationLogEvent>
<org.drools.audit.event.ActivationLogEvent>
  <type>6</type>
  <activationId>Example [14, 0]</activationId>
  <rule>Example</rule>
  <declarations>$newEvent0=com.sample.model.Event@6c1af328(14)</declarations>
</org.drools.audit.event.ActivationLogEvent>
<org.drools.audit.event.ActivationLogEvent>
  <type>4</type>
  <activationId>Example2 [15]</activationId>
  <rule>Example2</rule>
  <declarations>$newEvent=com.sample.model.Event@321e45e3(15)</declarations>
</org.drools.audit.event.ActivationLogEvent>
<org.drools.audit.event.ObjectLogEvent>
  <type>1</type>
  <factId>15</factId>
  <objectToString>com.sample.model.Event@321e45e3</objectToString>
</org.drools.audit.event.ObjectLogEvent>
<org.drools.audit.event.ActivationLogEvent>
  <type>7</type>
  <activationId>Example [14, 0]</activationId>
  <rule>Example</rule>
  <declarations>$newEvent0=com.sample.model.Event@6c1af328(14)</declarations>
</org.drools.audit.event.ActivationLogEvent>
<org.drools.audit.event.ActivationLogEvent>
  <type>6</type>
  <activationId>Example2 [15]</activationId>
  <rule>Example2</rule>
  <declarations>$newEvent=com.sample.model.Event@321e45e3(15)</declarations>
</org.drools.audit.event.ActivationLogEvent>
<org.drools.audit.event.ActivationLogEvent>
  <type>7</type>
  <activationId>Example2 [15]</activationId>
  <rule>Example2</rule>
  <declarations>$newEvent=com.sample.model.Event@321e45e3(15)</declarations>
</org.drools.audit.event.ActivationLogEvent>
<org.drools.audit.event.ObjectLogEvent>
  <type>1</type>
  <factId>16</factId>
  <objectToString>com.sample.model.Event@617e53c9</objectToString>
</org.drools.audit.event.ObjectLogEvent>
<org.drools.audit.event.ActivationLogEvent>
  <type>4</type>
  <activationId>Example [16, 0]</activationId>
  <rule>Example</rule>
  <declarations>$newEvent0=com.sample.model.Event@617e53c9(16)</declarations>
</org.drools.audit.event.ActivationLogEvent>
<org.drools.audit.event.ActivationLogEvent>
  <type>4</type>
  <activationId>HelloWorld [16, 0]</activationId>
  <rule>HelloWorld</rule>
  <declarations>$newEvent=com.sample.model.Event@617e53c9(16)</declarations>
</org.drools.audit.event.ActivationLogEvent>
<org.drools.audit.event.ActivationLogEvent>
  <type>6</type>
  <activationId>HelloWorld [16, 0]</activationId>
  <rule>HelloWorld</rule>
  <declarations>$newEvent=com.sample.model.Event@617e53c9(16)</declarations>
</org.drools.audit.event.ActivationLogEvent>
<org.drools.audit.event.ActivationLogEvent>
  <type>7</type>
  <activationId>HelloWorld [16, 0]</activationId>
  <rule>HelloWorld</rule>
  <declarations>$newEvent=com.sample.model.Event@617e53c9(16)</declarations>
</org.drools.audit.event.ActivationLogEvent>
<org.drools.audit.event.ActivationLogEvent>
  <type>6</type>
  <activationId>Example [16, 0]</activationId>
  <rule>Example</rule>
  <declarations>$newEvent0=com.sample.model.Event@617e53c9(16)</declarations>
</org.drools.audit.event.ActivationLogEvent>
<org.drools.audit.event.ActivationLogEvent>
  <type>4</type>
  <activationId>Example2 [17]</activationId>
  <rule>Example2</rule>
  <declarations>$newEvent=com.sample.model.Event@5e7b4ed7(17)</declarations>
</org.drools.audit.event.ActivationLogEvent>
<org.drools.audit.event.ObjectLogEvent>
  <type>1</type>
  <factId>17</factId>
  <objectToString>com.sample.model.Event@5e7b4ed7</objectToString>
</org.drools.audit.event.ObjectLogEvent>
<org.drools.audit.event.ActivationLogEvent>
  <type>7</type>
  <activationId>Example [16, 0]</activationId>
  <rule>Example</rule>
  <declarations>$newEvent0=com.sample.model.Event@617e53c9(16)</declarations>
</org.drools.audit.event.ActivationLogEvent>
<org.drools.audit.event.ActivationLogEvent>
  <type>6</type>
  <activationId>Example2 [17]</activationId>
  <rule>Example2</rule>
  <declarations>$newEvent=com.sample.model.Event@5e7b4ed7(17)</declarations>
</org.drools.audit.event.ActivationLogEvent>
<org.drools.audit.event.ActivationLogEvent>
  <type>7</type>
  <activationId>Example2 [17]</activationId>
  <rule>Example2</rule>
  <declarations>$newEvent=com.sample.model.Event@5e7b4ed7(17)</declarations>
</org.drools.audit.event.ActivationLogEvent>
<org.drools.audit.event.ObjectLogEvent>
  <type>1</type>
  <factId>18</factId>
  <objectToString>com.sample.model.Event@717535b6</objectToString>
</org.drools.audit.event.ObjectLogEvent>
<org.drools.audit.event.ActivationLogEvent>
  <type>4</type>
  <activationId>Example [18, 0]</activationId>
  <rule>Example</rule>
  <declarations>$newEvent0=com.sample.model.Event@717535b6(18)</declarations>
</org.drools.audit.event.ActivationLogEvent>
<org.drools.audit.event.ActivationLogEvent>
  <type>4</type>
  <activationId>HelloWorld [18, 0]</activationId>
  <rule>HelloWorld</rule>
  <declarations>$newEvent=com.sample.model.Event@717535b6(18)</declarations>
</org.drools.audit.event.ActivationLogEvent>
<org.drools.audit.event.ActivationLogEvent>
  <type>6</type>
  <activationId>HelloWorld [18, 0]</activationId>
  <rule>HelloWorld</rule>
  <declarations>$newEvent=com.sample.model.Event@717535b6(18)</declarations>
</org.drools.audit.event.ActivationLogEvent>
<org.drools.audit.event.ActivationLogEvent>
  <type>7</type>
  <activationId>HelloWorld [18, 0]</activationId>
  <rule>HelloWorld</rule>
  <declarations>$newEvent=com.sample.model.Event@717535b6(18)</declarations>
</org.drools.audit.event.ActivationLogEvent>
<org.drools.audit.event.ActivationLogEvent>
  <type>6</type>
  <activationId>Example [18, 0]</activationId>
  <rule>Example</rule>
  <declarations>$newEvent0=com.sample.model.Event@717535b6(18)</declarations>
</org.drools.audit.event.ActivationLogEvent>
<org.drools.audit.event.ActivationLogEvent>
  <type>4</type>
  <activationId>Example2 [19]</activationId>
  <rule>Example2</rule>
  <declarations>$newEvent=com.sample.model.Event@32935741(19)</declarations>
</org.drools.audit.event.ActivationLogEvent>
<org.drools.audit.event.ObjectLogEvent>
  <type>1</type>
  <factId>19</factId>
  <objectToString>com.sample.model.Event@32935741</objectToString>
</org.drools.audit.event.ObjectLogEvent>
<org.drools.audit.event.ActivationLogEvent>
  <type>7</type>
  <activationId>Example [18, 0]</activationId>
  <rule>Example</rule>
  <declarations>$newEvent0=com.sample.model.Event@717535b6(18)</declarations>
</org.drools.audit.event.ActivationLogEvent>
<org.drools.audit.event.ActivationLogEvent>
  <type>6</type>
  <activationId>Example2 [19]</activationId>
  <rule>Example2</rule>
  <declarations>$newEvent=com.sample.model.Event@32935741(19)</declarations>
</org.drools.audit.event.ActivationLogEvent>
<org.drools.audit.event.ActivationLogEvent>
  <type>7</type>
  <activationId>Example2 [19]</activationId>
  <rule>Example2</rule>
  <declarations>$newEvent=com.sample.model.Event@32935741(19)</declarations>
</org.drools.audit.event.ActivationLogEvent>
<org.drools.audit.event.ObjectLogEvent>
  <type>1</type>
  <factId>20</factId>
  <objectToString>com.sample.model.Event@67458657</objectToString>
</org.drools.audit.event.ObjectLogEvent>
<org.drools.audit.event.ActivationLogEvent>
  <type>4</type>
  <activationId>Example [20, 0]</activationId>
  <rule>Example</rule>
  <declarations>$newEvent0=com.sample.model.Event@67458657(20)</declarations>
</org.drools.audit.event.ActivationLogEvent>
<org.drools.audit.event.ActivationLogEvent>
  <type>4</type>
  <activationId>HelloWorld [20, 0]</activationId>
  <rule>HelloWorld</rule>
  <declarations>$newEvent=com.sample.model.Event@67458657(20)</declarations>
</org.drools.audit.event.ActivationLogEvent>
<org.drools.audit.event.ActivationLogEvent>
  <type>6</type>
  <activationId>HelloWorld [20, 0]</activationId>
  <rule>HelloWorld</rule>
  <declarations>$newEvent=com.sample.model.Event@67458657(20)</declarations>
</org.drools.audit.event.ActivationLogEvent>
<org.drools.audit.event.ActivationLogEvent>
  <type>7</type>
  <activationId>HelloWorld [20, 0]</activationId>
  <rule>HelloWorld</rule>
  <declarations>$newEvent=com.sample.model.Event@67458657(20)</declarations>
</org.drools.audit.event.ActivationLogEvent>
<org.drools.audit.event.ActivationLogEvent>
  <type>6</type>
  <activationId>Example [20, 0]</activationId>
  <rule>Example</rule>
  <declarations>$newEvent0=com.sample.model.Event@67458657(20)</declarations>
</org.drools.audit.event.ActivationLogEvent>
<org.drools.audit.event.ActivationLogEvent>
  <type>4</type>
  <activationId>Example2 [21]</activationId>
  <rule>Example2</rule>
  <declarations>$newEvent=com.sample.model.Event@4332b67c(21)</declarations>
</org.drools.audit.event.ActivationLogEvent>
<org.drools.audit.event.ObjectLogEvent>
  <type>1</type>
  <factId>21</factId>
  <objectToString>com.sample.model.Event@4332b67c</objectToString>
</org.drools.audit.event.ObjectLogEvent>
<org.drools.audit.event.ActivationLogEvent>
  <type>7</type>
  <activationId>Example [20, 0]</activationId>
  <rule>Example</rule>
  <declarations>$newEvent0=com.sample.model.Event@67458657(20)</declarations>
</org.drools.audit.event.ActivationLogEvent>
<org.drools.audit.event.ActivationLogEvent>
  <type>6</type>
  <activationId>Example2 [21]</activationId>
  <rule>Example2</rule>
  <declarations>$newEvent=com.sample.model.Event@4332b67c(21)</declarations>
</org.drools.audit.event.ActivationLogEvent>
<org.drools.audit.event.ActivationLogEvent>
  <type>7</type>
  <activationId>Example2 [21]</activationId>
  <rule>Example2</rule>
  <declarations>$newEvent=com.sample.model.Event@4332b67c(21)</declarations>
</org.drools.audit.event.ActivationLogEvent>
<org.drools.audit.event.ObjectLogEvent>
  <type>1</type>
  <factId>22</factId>
  <objectToString>com.sample.model.Event@366aa95b</objectToString>
</org.drools.audit.event.ObjectLogEvent>
<org.drools.audit.event.ActivationLogEvent>
  <type>4</type>
  <activationId>Example [22, 0]</activationId>
  <rule>Example</rule>
  <declarations>$newEvent0=com.sample.model.Event@366aa95b(22)</declarations>
</org.drools.audit.event.ActivationLogEvent>
<org.drools.audit.event.ActivationLogEvent>
  <type>4</type>
  <activationId>HelloWorld [22, 0]</activationId>
  <rule>HelloWorld</rule>
  <declarations>$newEvent=com.sample.model.Event@366aa95b(22)</declarations>
</org.drools.audit.event.ActivationLogEvent>
<org.drools.audit.event.ActivationLogEvent>
  <type>6</type>
  <activationId>HelloWorld [22, 0]</activationId>
  <rule>HelloWorld</rule>
  <declarations>$newEvent=com.sample.model.Event@366aa95b(22)</declarations>
</org.drools.audit.event.ActivationLogEvent>
<org.drools.audit.event.ActivationLogEvent>
  <type>7</type>
  <activationId>HelloWorld [22, 0]</activationId>
  <rule>HelloWorld</rule>
  <declarations>$newEvent=com.sample.model.Event@366aa95b(22)</declarations>
</org.drools.audit.event.ActivationLogEvent>
<org.drools.audit.event.ActivationLogEvent>
  <type>6</type>
  <activationId>Example [22, 0]</activationId>
  <rule>Example</rule>
  <declarations>$newEvent0=com.sample.model.Event@366aa95b(22)</declarations>
</org.drools.audit.event.ActivationLogEvent>
<org.drools.audit.event.ActivationLogEvent>
  <type>4</type>
  <activationId>Example2 [23]</activationId>
  <rule>Example2</rule>
  <declarations>$newEvent=com.sample.model.Event@2e027538(23)</declarations>
</org.drools.audit.event.ActivationLogEvent>
<org.drools.audit.event.ObjectLogEvent>
  <type>1</type>
  <factId>23</factId>
  <objectToString>com.sample.model.Event@2e027538</objectToString>
</org.drools.audit.event.ObjectLogEvent>
<org.drools.audit.event.ActivationLogEvent>
  <type>7</type>
  <activationId>Example [22, 0]</activationId>
  <rule>Example</rule>
  <declarations>$newEvent0=com.sample.model.Event@366aa95b(22)</declarations>
</org.drools.audit.event.ActivationLogEvent>
<org.drools.audit.event.ActivationLogEvent>
  <type>6</type>
  <activationId>Example2 [23]</activationId>
  <rule>Example2</rule>
  <declarations>$newEvent=com.sample.model.Event@2e027538(23)</declarations>
</org.drools.audit.event.ActivationLogEvent>
<org.drools.audit.event.ActivationLogEvent>
  <type>7</type>
  <activationId>Example2 [23]</activationId>
  <rule>Example2</rule>
  <declarations>$newEvent=com.sample.model.Event@2e027538(23)</declarations>
</org.drools.audit.event.ActivationLogEvent>
<org.drools.audit.event.ObjectLogEvent>
  <type>1</type>
  <factId>24</factId>
  <objectToString>com.sample.model.Event@235dc721</objectToString>
</org.drools.audit.event.ObjectLogEvent>
<org.drools.audit.event.ActivationLogEvent>
  <type>4</type>
  <activationId>Example [24, 0]</activationId>
  <rule>Example</rule>
  <declarations>$newEvent0=com.sample.model.Event@235dc721(24)</declarations>
</org.drools.audit.event.ActivationLogEvent>
<org.drools.audit.event.ActivationLogEvent>
  <type>4</type>
  <activationId>HelloWorld [24, 0]</activationId>
  <rule>HelloWorld</rule>
  <declarations>$newEvent=com.sample.model.Event@235dc721(24)</declarations>
</org.drools.audit.event.ActivationLogEvent>
<org.drools.audit.event.ActivationLogEvent>
  <type>6</type>
  <activationId>HelloWorld [24, 0]</activationId>
  <rule>HelloWorld</rule>
  <declarations>$newEvent=com.sample.model.Event@235dc721(24)</declarations>
</org.drools.audit.event.ActivationLogEvent>
<org.drools.audit.event.ActivationLogEvent>
  <type>7</type>
  <activationId>HelloWorld [24, 0]</activationId>
  <rule>HelloWorld</rule>
  <declarations>$newEvent=com.sample.model.Event@235dc721(24)</declarations>
</org.drools.audit.event.ActivationLogEvent>
<org.drools.audit.event.ActivationLogEvent>
  <type>6</type>
  <activationId>Example [24, 0]</activationId>
  <rule>Example</rule>
  <declarations>$newEvent0=com.sample.model.Event@235dc721(24)</declarations>
</org.drools.audit.event.ActivationLogEvent>
<org.drools.audit.event.ActivationLogEvent>
  <type>4</type>
  <activationId>Example2 [25]</activationId>
  <rule>Example2</rule>
  <declarations>$newEvent=com.sample.model.Event@14a2da07(25)</declarations>
</org.drools.audit.event.ActivationLogEvent>
<org.drools.audit.event.ObjectLogEvent>
  <type>1</type>
  <factId>25</factId>
  <objectToString>com.sample.model.Event@14a2da07</objectToString>
</org.drools.audit.event.ObjectLogEvent>
<org.drools.audit.event.ActivationLogEvent>
  <type>7</type>
  <activationId>Example [24, 0]</activationId>
  <rule>Example</rule>
  <declarations>$newEvent0=com.sample.model.Event@235dc721(24)</declarations>
</org.drools.audit.event.ActivationLogEvent>
<org.drools.audit.event.ActivationLogEvent>
  <type>6</type>
  <activationId>Example2 [25]</activationId>
  <rule>Example2</rule>
  <declarations>$newEvent=com.sample.model.Event@14a2da07(25)</declarations>
</org.drools.audit.event.ActivationLogEvent>
<org.drools.audit.event.ActivationLogEvent>
  <type>7</type>
  <activationId>Example2 [25]</activationId>
  <rule>Example2</rule>
  <declarations>$newEvent=com.sample.model.Event@14a2da07(25)</declarations>
</org.drools.audit.event.ActivationLogEvent>
<org.drools.audit.event.ObjectLogEvent>
  <type>1</type>
  <factId>26</factId>
  <objectToString>com.sample.model.Event@73204425</objectToString>
</org.drools.audit.event.ObjectLogEvent>
<org.drools.audit.event.ActivationLogEvent>
  <type>4</type>
  <activationId>Example [26, 0]</activationId>
  <rule>Example</rule>
  <declarations>$newEvent0=com.sample.model.Event@73204425(26)</declarations>
</org.drools.audit.event.ActivationLogEvent>
<org.drools.audit.event.ActivationLogEvent>
  <type>4</type>
  <activationId>HelloWorld [26, 0]</activationId>
  <rule>HelloWorld</rule>
  <declarations>$newEvent=com.sample.model.Event@73204425(26)</declarations>
</org.drools.audit.event.ActivationLogEvent>
<org.drools.audit.event.ActivationLogEvent>
  <type>6</type>
  <activationId>HelloWorld [26, 0]</activationId>
  <rule>HelloWorld</rule>
  <declarations>$newEvent=com.sample.model.Event@73204425(26)</declarations>
</org.drools.audit.event.ActivationLogEvent>
<org.drools.audit.event.ActivationLogEvent>
  <type>7</type>
  <activationId>HelloWorld [26, 0]</activationId>
  <rule>HelloWorld</rule>
  <declarations>$newEvent=com.sample.model.Event@73204425(26)</declarations>
</org.drools.audit.event.ActivationLogEvent>
<org.drools.audit.event.ActivationLogEvent>
  <type>6</type>
  <activationId>Example [26, 0]</activationId>
  <rule>Example</rule>
  <declarations>$newEvent0=com.sample.model.Event@73204425(26)</declarations>
</org.drools.audit.event.ActivationLogEvent>
<org.drools.audit.event.ActivationLogEvent>
  <type>4</type>
  <activationId>Example2 [27]</activationId>
  <rule>Example2</rule>
  <declarations>$newEvent=com.sample.model.Event@6e3404f(27)</declarations>
</org.drools.audit.event.ActivationLogEvent>
<org.drools.audit.event.ObjectLogEvent>
  <type>1</type>
  <factId>27</factId>
  <objectToString>com.sample.model.Event@6e3404f</objectToString>
</org.drools.audit.event.ObjectLogEvent>
<org.drools.audit.event.ActivationLogEvent>
  <type>7</type>
  <activationId>Example [26, 0]</activationId>
  <rule>Example</rule>
  <declarations>$newEvent0=com.sample.model.Event@73204425(26)</declarations>
</org.drools.audit.event.ActivationLogEvent>
<org.drools.audit.event.ActivationLogEvent>
  <type>6</type>
  <activationId>Example2 [27]</activationId>
  <rule>Example2</rule>
  <declarations>$newEvent=com.sample.model.Event@6e3404f(27)</declarations>
</org.drools.audit.event.ActivationLogEvent>
<org.drools.audit.event.ActivationLogEvent>
  <type>7</type>
  <activationId>Example2 [27]</activationId>
  <rule>Example2</rule>
  <declarations>$newEvent=com.sample.model.Event@6e3404f(27)</declarations>
</org.drools.audit.event.ActivationLogEvent>
<org.drools.audit.event.ObjectLogEvent>
  <type>1</type>
  <factId>28</factId>
  <objectToString>com.sample.model.Event@31930611</objectToString>
</org.drools.audit.event.ObjectLogEvent>
<org.drools.audit.event.ActivationLogEvent>
  <type>4</type>
  <activationId>Example [28, 0]</activationId>
  <rule>Example</rule>
  <declarations>$newEvent0=com.sample.model.Event@31930611(28)</declarations>
</org.drools.audit.event.ActivationLogEvent>
<org.drools.audit.event.ActivationLogEvent>
  <type>4</type>
  <activationId>HelloWorld [28, 0]</activationId>
  <rule>HelloWorld</rule>
  <declarations>$newEvent=com.sample.model.Event@31930611(28)</declarations>
</org.drools.audit.event.ActivationLogEvent>
<org.drools.audit.event.ActivationLogEvent>
  <type>6</type>
  <activationId>HelloWorld [28, 0]</activationId>
  <rule>HelloWorld</rule>
  <declarations>$newEvent=com.sample.model.Event@31930611(28)</declarations>
</org.drools.audit.event.ActivationLogEvent>
<org.drools.audit.event.ActivationLogEvent>
  <type>7</type>
  <activationId>HelloWorld [28, 0]</activationId>
  <rule>HelloWorld</rule>
  <declarations>$newEvent=com.sample.model.Event@31930611(28)</declarations>
</org.drools.audit.event.ActivationLogEvent>
<org.drools.audit.event.ActivationLogEvent>
  <type>6</type>
  <activationId>Example [28, 0]</activationId>
  <rule>Example</rule>
  <declarations>$newEvent0=com.sample.model.Event@31930611(28)</declarations>
</org.drools.audit.event.ActivationLogEvent>
<org.drools.audit.event.ActivationLogEvent>
  <type>4</type>
  <activationId>Example2 [29]</activationId>
  <rule>Example2</rule>
  <declarations>$newEvent=com.sample.model.Event@2383e965(29)</declarations>
</org.drools.audit.event.ActivationLogEvent>
<org.drools.audit.event.ObjectLogEvent>
  <type>1</type>
  <factId>29</factId>
  <objectToString>com.sample.model.Event@2383e965</objectToString>
</org.drools.audit.event.ObjectLogEvent>
<org.drools.audit.event.ActivationLogEvent>
  <type>7</type>
  <activationId>Example [28, 0]</activationId>
  <rule>Example</rule>
  <declarations>$newEvent0=com.sample.model.Event@31930611(28)</declarations>
</org.drools.audit.event.ActivationLogEvent>
<org.drools.audit.event.ActivationLogEvent>
  <type>6</type>
  <activationId>Example2 [29]</activationId>
  <rule>Example2</rule>
  <declarations>$newEvent=com.sample.model.Event@2383e965(29)</declarations>
</org.drools.audit.event.ActivationLogEvent>
<org.drools.audit.event.ActivationLogEvent>
  <type>7</type>
  <activationId>Example2 [29]</activationId>
  <rule>Example2</rule>
  <declarations>$newEvent=com.sample.model.Event@2383e965(29)</declarations>
</org.drools.audit.event.ActivationLogEvent>
<org.drools.audit.event.ObjectLogEvent>
  <type>1</type>
  <factId>30</factId>
  <objectToString>com.sample.model.Event@145ebac9</objectToString>
</org.drools.audit.event.ObjectLogEvent>
<org.drools.audit.event.ActivationLogEvent>
  <type>4</type>
  <activationId>Example [30, 0]</activationId>
  <rule>Example</rule>
  <declarations>$newEvent0=com.sample.model.Event@145ebac9(30)</declarations>
</org.drools.audit.event.ActivationLogEvent>
<org.drools.audit.event.ActivationLogEvent>
  <type>4</type>
  <activationId>HelloWorld [30, 0]</activationId>
  <rule>HelloWorld</rule>
  <declarations>$newEvent=com.sample.model.Event@145ebac9(30)</declarations>
</org.drools.audit.event.ActivationLogEvent>
<org.drools.audit.event.ActivationLogEvent>
  <type>6</type>
  <activationId>HelloWorld [30, 0]</activationId>
  <rule>HelloWorld</rule>
  <declarations>$newEvent=com.sample.model.Event@145ebac9(30)</declarations>
</org.drools.audit.event.ActivationLogEvent>
<org.drools.audit.event.ActivationLogEvent>
  <type>7</type>
  <activationId>HelloWorld [30, 0]</activationId>
  <rule>HelloWorld</rule>
  <declarations>$newEvent=com.sample.model.Event@145ebac9(30)</declarations>
</org.drools.audit.event.ActivationLogEvent>
<org.drools.audit.event.ActivationLogEvent>
  <type>6</type>
  <activationId>Example [30, 0]</activationId>
  <rule>Example</rule>
  <declarations>$newEvent0=com.sample.model.Event@145ebac9(30)</declarations>
</org.drools.audit.event.ActivationLogEvent>
<org.drools.audit.event.ActivationLogEvent>
  <type>4</type>
  <activationId>Example2 [31]</activationId>
  <rule>Example2</rule>
  <declarations>$newEvent=com.sample.model.Event@5a335053(31)</declarations>
</org.drools.audit.event.ActivationLogEvent>
<org.drools.audit.event.ObjectLogEvent>
  <type>1</type>
  <factId>31</factId>
  <objectToString>com.sample.model.Event@5a335053</objectToString>
</org.drools.audit.event.ObjectLogEvent>
<org.drools.audit.event.ActivationLogEvent>
  <type>7</type>
  <activationId>Example [30, 0]</activationId>
  <rule>Example</rule>
  <declarations>$newEvent0=com.sample.model.Event@145ebac9(30)</declarations>
</org.drools.audit.event.ActivationLogEvent>
<org.drools.audit.event.ActivationLogEvent>
  <type>6</type>
  <activationId>Example2 [31]</activationId>
  <rule>Example2</rule>
  <declarations>$newEvent=com.sample.model.Event@5a335053(31)</declarations>
</org.drools.audit.event.ActivationLogEvent>
<org.drools.audit.event.ActivationLogEvent>
  <type>7</type>
  <activationId>Example2 [31]</activationId>
  <rule>Example2</rule>
  <declarations>$newEvent=com.sample.model.Event@5a335053(31)</declarations>
</org.drools.audit.event.ActivationLogEvent>
<org.drools.audit.event.ObjectLogEvent>
  <type>1</type>
  <factId>32</factId>
  <objectToString>com.sample.model.Event@5edea768</objectToString>
</org.drools.audit.event.ObjectLogEvent>
<org.drools.audit.event.ActivationLogEvent>
  <type>4</type>
  <activationId>Example [32, 0]</activationId>
  <rule>Example</rule>
  <declarations>$newEvent0=com.sample.model.Event@5edea768(32)</declarations>
</org.drools.audit.event.ActivationLogEvent>
<org.drools.audit.event.ActivationLogEvent>
  <type>4</type>
  <activationId>HelloWorld [32, 0]</activationId>
  <rule>HelloWorld</rule>
  <declarations>$newEvent=com.sample.model.Event@5edea768(32)</declarations>
</org.drools.audit.event.ActivationLogEvent>
<org.drools.audit.event.ActivationLogEvent>
  <type>6</type>
  <activationId>HelloWorld [32, 0]</activationId>
  <rule>HelloWorld</rule>
  <declarations>$newEvent=com.sample.model.Event@5edea768(32)</declarations>
</org.drools.audit.event.ActivationLogEvent>
<org.drools.audit.event.ActivationLogEvent>
  <type>7</type>
  <activationId>HelloWorld [32, 0]</activationId>
  <rule>HelloWorld</rule>
  <declarations>$newEvent=com.sample.model.Event@5edea768(32)</declarations>
</org.drools.audit.event.ActivationLogEvent>
<org.drools.audit.event.ActivationLogEvent>
  <type>6</type>
  <activationId>Example [32, 0]</activationId>
  <rule>Example</rule>
  <declarations>$newEvent0=com.sample.model.Event@5edea768(32)</declarations>
</org.drools.audit.event.ActivationLogEvent>
<org.drools.audit.event.ActivationLogEvent>
  <type>4</type>
  <activationId>Example2 [33]</activationId>
  <rule>Example2</rule>
  <declarations>$newEvent=com.sample.model.Event@186b6ac8(33)</declarations>
</org.drools.audit.event.ActivationLogEvent>
<org.drools.audit.event.ObjectLogEvent>
  <type>1</type>
  <factId>33</factId>
  <objectToString>com.sample.model.Event@186b6ac8</objectToString>
</org.drools.audit.event.ObjectLogEvent>
<org.drools.audit.event.ActivationLogEvent>
  <type>7</type>
  <activationId>Example [32, 0]</activationId>
  <rule>Example</rule>
  <declarations>$newEvent0=com.sample.model.Event@5edea768(32)</declarations>
</org.drools.audit.event.ActivationLogEvent>
<org.drools.audit.event.ActivationLogEvent>
  <type>6</type>
  <activationId>Example2 [33]</activationId>
  <rule>Example2</rule>
  <declarations>$newEvent=com.sample.model.Event@186b6ac8(33)</declarations>
</org.drools.audit.event.ActivationLogEvent>
<org.drools.audit.event.ActivationLogEvent>
  <type>7</type>
  <activationId>Example2 [33]</activationId>
  <rule>Example2</rule>
  <declarations>$newEvent=com.sample.model.Event@186b6ac8(33)</declarations>
</org.drools.audit.event.ActivationLogEvent>
<org.drools.audit.event.ObjectLogEvent>
  <type>1</type>
  <factId>34</factId>
  <objectToString>com.sample.model.Event@342f7cfe</objectToString>
</org.drools.audit.event.ObjectLogEvent>
<org.drools.audit.event.ActivationLogEvent>
  <type>4</type>
  <activationId>Example [34, 0]</activationId>
  <rule>Example</rule>
  <declarations>$newEvent0=com.sample.model.Event@342f7cfe(34)</declarations>
</org.drools.audit.event.ActivationLogEvent>
<org.drools.audit.event.ActivationLogEvent>
  <type>4</type>
  <activationId>HelloWorld [34, 0]</activationId>
  <rule>HelloWorld</rule>
  <declarations>$newEvent=com.sample.model.Event@342f7cfe(34)</declarations>
</org.drools.audit.event.ActivationLogEvent>
<org.drools.audit.event.ActivationLogEvent>
  <type>6</type>
  <activationId>HelloWorld [34, 0]</activationId>
  <rule>HelloWorld</rule>
  <declarations>$newEvent=com.sample.model.Event@342f7cfe(34)</declarations>
</org.drools.audit.event.ActivationLogEvent>
<org.drools.audit.event.ActivationLogEvent>
  <type>7</type>
  <activationId>HelloWorld [34, 0]</activationId>
  <rule>HelloWorld</rule>
  <declarations>$newEvent=com.sample.model.Event@342f7cfe(34)</declarations>
</org.drools.audit.event.ActivationLogEvent>
<org.drools.audit.event.ActivationLogEvent>
  <type>6</type>
  <activationId>Example [34, 0]</activationId>
  <rule>Example</rule>
  <declarations>$newEvent0=com.sample.model.Event@342f7cfe(34)</declarations>
</org.drools.audit.event.ActivationLogEvent>
<org.drools.audit.event.ActivationLogEvent>
  <type>4</type>
  <activationId>Example2 [35]</activationId>
  <rule>Example2</rule>
  <declarations>$newEvent=com.sample.model.Event@46377e2a(35)</declarations>
</org.drools.audit.event.ActivationLogEvent>
<org.drools.audit.event.ObjectLogEvent>
  <type>1</type>
  <factId>35</factId>
  <objectToString>com.sample.model.Event@46377e2a</objectToString>
</org.drools.audit.event.ObjectLogEvent>
<org.drools.audit.event.ActivationLogEvent>
  <type>7</type>
  <activationId>Example [34, 0]</activationId>
  <rule>Example</rule>
  <declarations>$newEvent0=com.sample.model.Event@342f7cfe(34)</declarations>
</org.drools.audit.event.ActivationLogEvent>
<org.drools.audit.event.ActivationLogEvent>
  <type>6</type>
  <activationId>Example2 [35]</activationId>
  <rule>Example2</rule>
  <declarations>$newEvent=com.sample.model.Event@46377e2a(35)</declarations>
</org.drools.audit.event.ActivationLogEvent>
<org.drools.audit.event.ActivationLogEvent>
  <type>7</type>
  <activationId>Example2 [35]</activationId>
  <rule>Example2</rule>
  <declarations>$newEvent=com.sample.model.Event@46377e2a(35)</declarations>
</org.drools.audit.event.ActivationLogEvent>
<org.drools.audit.event.ObjectLogEvent>
  <type>1</type>
  <factId>36</factId>
  <objectToString>com.sample.model.Event@653c1b69</objectToString>
</org.drools.audit.event.ObjectLogEvent>
<org.drools.audit.event.ActivationLogEvent>
  <type>4</type>
  <activationId>Example [36, 0]</activationId>
  <rule>Example</rule>
  <declarations>$newEvent0=com.sample.model.Event@653c1b69(36)</declarations>
</org.drools.audit.event.ActivationLogEvent>
<org.drools.audit.event.ActivationLogEvent>
  <type>4</type>
  <activationId>HelloWorld [36, 0]</activationId>
  <rule>HelloWorld</rule>
  <declarations>$newEvent=com.sample.model.Event@653c1b69(36)</declarations>
</org.drools.audit.event.ActivationLogEvent>
<org.drools.audit.event.ActivationLogEvent>
  <type>6</type>
  <activationId>HelloWorld [36, 0]</activationId>
  <rule>HelloWorld</rule>
  <declarations>$newEvent=com.sample.model.Event@653c1b69(36)</declarations>
</org.drools.audit.event.ActivationLogEvent>
<org.drools.audit.event.ActivationLogEvent>
  <type>7</type>
  <activationId>HelloWorld [36, 0]</activationId>
  <rule>HelloWorld</rule>
  <declarations>$newEvent=com.sample.model.Event@653c1b69(36)</declarations>
</org.drools.audit.event.ActivationLogEvent>
<org.drools.audit.event.ActivationLogEvent>
  <type>6</type>
  <activationId>Example [36, 0]</activationId>
  <rule>Example</rule>
  <declarations>$newEvent0=com.sample.model.Event@653c1b69(36)</declarations>
</org.drools.audit.event.ActivationLogEvent>
<org.drools.audit.event.ActivationLogEvent>
  <type>4</type>
  <activationId>Example2 [37]</activationId>
  <rule>Example2</rule>
  <declarations>$newEvent=com.sample.model.Event@72e28a61(37)</declarations>
</org.drools.audit.event.ActivationLogEvent>
<org.drools.audit.event.ObjectLogEvent>
  <type>1</type>
  <factId>37</factId>
  <objectToString>com.sample.model.Event@72e28a61</objectToString>
</org.drools.audit.event.ObjectLogEvent>
<org.drools.audit.event.ActivationLogEvent>
  <type>7</type>
  <activationId>Example [36, 0]</activationId>
  <rule>Example</rule>
  <declarations>$newEvent0=com.sample.model.Event@653c1b69(36)</declarations>
</org.drools.audit.event.ActivationLogEvent>
<org.drools.audit.event.ActivationLogEvent>
  <type>6</type>
  <activationId>Example2 [37]</activationId>
  <rule>Example2</rule>
  <declarations>$newEvent=com.sample.model.Event@72e28a61(37)</declarations>
</org.drools.audit.event.ActivationLogEvent>
<org.drools.audit.event.ActivationLogEvent>
  <type>7</type>
  <activationId>Example2 [37]</activationId>
  <rule>Example2</rule>
  <declarations>$newEvent=com.sample.model.Event@72e28a61(37)</declarations>
</org.drools.audit.event.ActivationLogEvent>
<org.drools.audit.event.ObjectLogEvent>
  <type>1</type>
  <factId>38</factId>
  <objectToString>com.sample.model.Event@76eb2133</objectToString>
</org.drools.audit.event.ObjectLogEvent>
<org.drools.audit.event.ActivationLogEvent>
  <type>4</type>
  <activationId>Example [38, 0]</activationId>
  <rule>Example</rule>
  <declarations>$newEvent0=com.sample.model.Event@76eb2133(38)</declarations>
</org.drools.audit.event.ActivationLogEvent>
<org.drools.audit.event.ActivationLogEvent>
  <type>4</type>
  <activationId>HelloWorld [38, 0]</activationId>
  <rule>HelloWorld</rule>
  <declarations>$newEvent=com.sample.model.Event@76eb2133(38)</declarations>
</org.drools.audit.event.ActivationLogEvent>
<org.drools.audit.event.ActivationLogEvent>
  <type>6</type>
  <activationId>HelloWorld [38, 0]</activationId>
  <rule>HelloWorld</rule>
  <declarations>$newEvent=com.sample.model.Event@76eb2133(38)</declarations>
</org.drools.audit.event.ActivationLogEvent>
<org.drools.audit.event.ActivationLogEvent>
  <type>7</type>
  <activationId>HelloWorld [38, 0]</activationId>
  <rule>HelloWorld</rule>
  <declarations>$newEvent=com.sample.model.Event@76eb2133(38)</declarations>
</org.drools.audit.event.ActivationLogEvent>
<org.drools.audit.event.ActivationLogEvent>
  <type>6</type>
  <activationId>Example [38, 0]</activationId>
  <rule>Example</rule>
  <declarations>$newEvent0=com.sample.model.Event@76eb2133(38)</declarations>
</org.drools.audit.event.ActivationLogEvent>
<org.drools.audit.event.ActivationLogEvent>
  <type>4</type>
  <activationId>Example2 [39]</activationId>
  <rule>Example2</rule>
  <declarations>$newEvent=com.sample.model.Event@5c17d6c1(39)</declarations>
</org.drools.audit.event.ActivationLogEvent>
<org.drools.audit.event.ObjectLogEvent>
  <type>1</type>
  <factId>39</factId>
  <objectToString>com.sample.model.Event@5c17d6c1</objectToString>
</org.drools.audit.event.ObjectLogEvent>
<org.drools.audit.event.ActivationLogEvent>
  <type>7</type>
  <activationId>Example [38, 0]</activationId>
  <rule>Example</rule>
  <declarations>$newEvent0=com.sample.model.Event@76eb2133(38)</declarations>
</org.drools.audit.event.ActivationLogEvent>
<org.drools.audit.event.ActivationLogEvent>
  <type>6</type>
  <activationId>Example2 [39]</activationId>
  <rule>Example2</rule>
  <declarations>$newEvent=com.sample.model.Event@5c17d6c1(39)</declarations>
</org.drools.audit.event.ActivationLogEvent>
<org.drools.audit.event.ActivationLogEvent>
  <type>7</type>
  <activationId>Example2 [39]</activationId>
  <rule>Example2</rule>
  <declarations>$newEvent=com.sample.model.Event@5c17d6c1(39)</declarations>
</org.drools.audit.event.ActivationLogEvent>
<org.drools.audit.event.ObjectLogEvent>
  <type>1</type>
  <factId>40</factId>
  <objectToString>com.sample.model.Event@6399f443</objectToString>
</org.drools.audit.event.ObjectLogEvent>
<org.drools.audit.event.ActivationLogEvent>
  <type>4</type>
  <activationId>Example [40, 0]</activationId>
  <rule>Example</rule>
  <declarations>$newEvent0=com.sample.model.Event@6399f443(40)</declarations>
</org.drools.audit.event.ActivationLogEvent>
<org.drools.audit.event.ActivationLogEvent>
  <type>4</type>
  <activationId>HelloWorld [40, 0]</activationId>
  <rule>HelloWorld</rule>
  <declarations>$newEvent=com.sample.model.Event@6399f443(40)</declarations>
</org.drools.audit.event.ActivationLogEvent>
<org.drools.audit.event.ActivationLogEvent>
  <type>6</type>
  <activationId>HelloWorld [40, 0]</activationId>
  <rule>HelloWorld</rule>
  <declarations>$newEvent=com.sample.model.Event@6399f443(40)</declarations>
</org.drools.audit.event.ActivationLogEvent>
<org.drools.audit.event.ActivationLogEvent>
  <type>7</type>
  <activationId>HelloWorld [40, 0]</activationId>
  <rule>HelloWorld</rule>
  <declarations>$newEvent=com.sample.model.Event@6399f443(40)</declarations>
</org.drools.audit.event.ActivationLogEvent>
<org.drools.audit.event.ActivationLogEvent>
  <type>6</type>
  <activationId>Example [40, 0]</activationId>
  <rule>Example</rule>
  <declarations>$newEvent0=com.sample.model.Event@6399f443(40)</declarations>
</org.drools.audit.event.ActivationLogEvent>
<org.drools.audit.event.ActivationLogEvent>
  <type>4</type>
  <activationId>Example2 [41]</activationId>
  <rule>Example2</rule>
  <declarations>$newEvent=com.sample.model.Event@64c47498(41)</declarations>
</org.drools.audit.event.ActivationLogEvent>
<org.drools.audit.event.ObjectLogEvent>
  <type>1</type>
  <factId>41</factId>
  <objectToString>com.sample.model.Event@64c47498</objectToString>
</org.drools.audit.event.ObjectLogEvent>
<org.drools.audit.event.ActivationLogEvent>
  <type>7</type>
  <activationId>Example [40, 0]</activationId>
  <rule>Example</rule>
  <declarations>$newEvent0=com.sample.model.Event@6399f443(40)</declarations>
</org.drools.audit.event.ActivationLogEvent>
<org.drools.audit.event.ActivationLogEvent>
  <type>6</type>
  <activationId>Example2 [41]</activationId>
  <rule>Example2</rule>
  <declarations>$newEvent=com.sample.model.Event@64c47498(41)</declarations>
</org.drools.audit.event.ActivationLogEvent>
<org.drools.audit.event.ActivationLogEvent>
  <type>7</type>
  <activationId>Example2 [41]</activationId>
  <rule>Example2</rule>
  <declarations>$newEvent=com.sample.model.Event@64c47498(41)</declarations>
</org.drools.audit.event.ActivationLogEvent>
<org.drools.audit.event.ObjectLogEvent>
  <type>1</type>
  <factId>42</factId>
  <objectToString>com.sample.model.Event@1e35ecd</objectToString>
</org.drools.audit.event.ObjectLogEvent>
<org.drools.audit.event.ActivationLogEvent>
  <type>4</type>
  <activationId>Example [42, 0]</activationId>
  <rule>Example</rule>
  <declarations>$newEvent0=com.sample.model.Event@1e35ecd(42)</declarations>
</org.drools.audit.event.ActivationLogEvent>
<org.drools.audit.event.ActivationLogEvent>
  <type>4</type>
  <activationId>HelloWorld [42, 0]</activationId>
  <rule>HelloWorld</rule>
  <declarations>$newEvent=com.sample.model.Event@1e35ecd(42)</declarations>
</org.drools.audit.event.ActivationLogEvent>
<org.drools.audit.event.ActivationLogEvent>
  <type>6</type>
  <activationId>HelloWorld [42, 0]</activationId>
  <rule>HelloWorld</rule>
  <declarations>$newEvent=com.sample.model.Event@1e35ecd(42)</declarations>
</org.drools.audit.event.ActivationLogEvent>
<org.drools.audit.event.ActivationLogEvent>
  <type>7</type>
  <activationId>HelloWorld [42, 0]</activationId>
  <rule>HelloWorld</rule>
  <declarations>$newEvent=com.sample.model.Event@1e35ecd(42)</declarations>
</org.drools.audit.event.ActivationLogEvent>
<org.drools.audit.event.ActivationLogEvent>
  <type>6</type>
  <activationId>Example [42, 0]</activationId>
  <rule>Example</rule>
  <declarations>$newEvent0=com.sample.model.Event@1e35ecd(42)</declarations>
</org.drools.audit.event.ActivationLogEvent>
<org.drools.audit.event.ActivationLogEvent>
  <type>4</type>
  <activationId>Example2 [43]</activationId>
  <rule>Example2</rule>
  <declarations>$newEvent=com.sample.model.Event@5a2445d7(43)</declarations>
</org.drools.audit.event.ActivationLogEvent>
<org.drools.audit.event.ObjectLogEvent>
  <type>1</type>
  <factId>43</factId>
  <objectToString>com.sample.model.Event@5a2445d7</objectToString>
</org.drools.audit.event.ObjectLogEvent>
<org.drools.audit.event.ActivationLogEvent>
  <type>7</type>
  <activationId>Example [42, 0]</activationId>
  <rule>Example</rule>
  <declarations>$newEvent0=com.sample.model.Event@1e35ecd(42)</declarations>
</org.drools.audit.event.ActivationLogEvent>
<org.drools.audit.event.ActivationLogEvent>
  <type>6</type>
  <activationId>Example2 [43]</activationId>
  <rule>Example2</rule>
  <declarations>$newEvent=com.sample.model.Event@5a2445d7(43)</declarations>
</org.drools.audit.event.ActivationLogEvent>
<org.drools.audit.event.ActivationLogEvent>
  <type>7</type>
  <activationId>Example2 [43]</activationId>
  <rule>Example2</rule>
  <declarations>$newEvent=com.sample.model.Event@5a2445d7(43)</declarations>
</org.drools.audit.event.ActivationLogEvent>
<org.drools.audit.event.ObjectLogEvent>
  <type>1</type>
  <factId>44</factId>
  <objectToString>com.sample.model.Event@718ddc48</objectToString>
</org.drools.audit.event.ObjectLogEvent>
<org.drools.audit.event.ActivationLogEvent>
  <type>4</type>
  <activationId>Example [44, 0]</activationId>
  <rule>Example</rule>
  <declarations>$newEvent0=com.sample.model.Event@718ddc48(44)</declarations>
</org.drools.audit.event.ActivationLogEvent>
<org.drools.audit.event.ActivationLogEvent>
  <type>4</type>
  <activationId>HelloWorld [44, 0]</activationId>
  <rule>HelloWorld</rule>
  <declarations>$newEvent=com.sample.model.Event@718ddc48(44)</declarations>
</org.drools.audit.event.ActivationLogEvent>
<org.drools.audit.event.ActivationLogEvent>
  <type>6</type>
  <activationId>Example [44, 0]</activationId>
  <rule>Example</rule>
  <declarations>$newEvent0=com.sample.model.Event@718ddc48(44)</declarations>
</org.drools.audit.event.ActivationLogEvent>
<org.drools.audit.event.ActivationLogEvent>
  <type>4</type>
  <activationId>Example2 [45]</activationId>
  <rule>Example2</rule>
  <declarations>$newEvent=com.sample.model.Event@18793536(45)</declarations>
</org.drools.audit.event.ActivationLogEvent>
<org.drools.audit.event.ObjectLogEvent>
  <type>1</type>
  <factId>45</factId>
  <objectToString>com.sample.model.Event@18793536</objectToString>
</org.drools.audit.event.ObjectLogEvent>
<org.drools.audit.event.ActivationLogEvent>
  <type>7</type>
  <activationId>Example [44, 0]</activationId>
  <rule>Example</rule>
  <declarations>$newEvent0=com.sample.model.Event@718ddc48(44)</declarations>
</org.drools.audit.event.ActivationLogEvent>
<org.drools.audit.event.ActivationLogEvent>
  <type>6</type>
  <activationId>Example2 [45]</activationId>
  <rule>Example2</rule>
  <declarations>$newEvent=com.sample.model.Event@18793536(45)</declarations>
</org.drools.audit.event.ActivationLogEvent>
<org.drools.audit.event.ActivationLogEvent>
  <type>7</type>
  <activationId>Example2 [45]</activationId>
  <rule>Example2</rule>
  <declarations>$newEvent=com.sample.model.Event@18793536(45)</declarations>
</org.drools.audit.event.ActivationLogEvent>
<org.drools.audit.event.ActivationLogEvent>
  <type>6</type>
  <activationId>HelloWorld [44, 0]</activationId>
  <rule>HelloWorld</rule>
  <declarations>$newEvent=com.sample.model.Event@718ddc48(44)</declarations>
</org.drools.audit.event.ActivationLogEvent>
<org.drools.audit.event.ActivationLogEvent>
  <type>7</type>
  <activationId>HelloWorld [44, 0]</activationId>
  <rule>HelloWorld</rule>
  <declarations>$newEvent=com.sample.model.Event@718ddc48(44)</declarations>
</org.drools.audit.event.ActivationLogEvent>
<org.drools.audit.event.ObjectLogEvent>
  <type>1</type>
  <factId>46</factId>
  <objectToString>com.sample.model.Event@2569a1c5</objectToString>
</org.drools.audit.event.ObjectLogEvent>
<org.drools.audit.event.ActivationLogEvent>
  <type>4</type>
  <activationId>Example [46, 0]</activationId>
  <rule>Example</rule>
  <declarations>$newEvent0=com.sample.model.Event@2569a1c5(46)</declarations>
</org.drools.audit.event.ActivationLogEvent>
<org.drools.audit.event.ActivationLogEvent>
  <type>4</type>
  <activationId>HelloWorld [46, 0]</activationId>
  <rule>HelloWorld</rule>
  <declarations>$newEvent=com.sample.model.Event@2569a1c5(46)</declarations>
</org.drools.audit.event.ActivationLogEvent>
<org.drools.audit.event.ActivationLogEvent>
  <type>6</type>
  <activationId>HelloWorld [46, 0]</activationId>
  <rule>HelloWorld</rule>
  <declarations>$newEvent=com.sample.model.Event@2569a1c5(46)</declarations>
</org.drools.audit.event.ActivationLogEvent>
<org.drools.audit.event.ActivationLogEvent>
  <type>7</type>
  <activationId>HelloWorld [46, 0]</activationId>
  <rule>HelloWorld</rule>
  <declarations>$newEvent=com.sample.model.Event@2569a1c5(46)</declarations>
</org.drools.audit.event.ActivationLogEvent>
<org.drools.audit.event.ActivationLogEvent>
  <type>6</type>
  <activationId>Example [46, 0]</activationId>
  <rule>Example</rule>
  <declarations>$newEvent0=com.sample.model.Event@2569a1c5(46)</declarations>
</org.drools.audit.event.ActivationLogEvent>
<org.drools.audit.event.ActivationLogEvent>
  <type>4</type>
  <activationId>Example2 [47]</activationId>
  <rule>Example2</rule>
  <declarations>$newEvent=com.sample.model.Event@36b1be82(47)</declarations>
</org.drools.audit.event.ActivationLogEvent>
<org.drools.audit.event.ObjectLogEvent>
  <type>1</type>
  <factId>47</factId>
  <objectToString>com.sample.model.Event@36b1be82</objectToString>
</org.drools.audit.event.ObjectLogEvent>
<org.drools.audit.event.ActivationLogEvent>
  <type>7</type>
  <activationId>Example [46, 0]</activationId>
  <rule>Example</rule>
  <declarations>$newEvent0=com.sample.model.Event@2569a1c5(46)</declarations>
</org.drools.audit.event.ActivationLogEvent>
<org.drools.audit.event.ActivationLogEvent>
  <type>6</type>
  <activationId>Example2 [47]</activationId>
  <rule>Example2</rule>
  <declarations>$newEvent=com.sample.model.Event@36b1be82(47)</declarations>
</org.drools.audit.event.ActivationLogEvent>
<org.drools.audit.event.ActivationLogEvent>
  <type>7</type>
  <activationId>Example2 [47]</activationId>
  <rule>Example2</rule>
  <declarations>$newEvent=com.sample.model.Event@36b1be82(47)</declarations>
</org.drools.audit.event.ActivationLogEvent>
<org.drools.audit.event.ObjectLogEvent>
  <type>1</type>
  <factId>48</factId>
  <objectToString>com.sample.model.Event@d174031</objectToString>
</org.drools.audit.event.ObjectLogEvent>
<org.drools.audit.event.ActivationLogEvent>
  <type>4</type>
  <activationId>Example [48, 0]</activationId>
  <rule>Example</rule>
  <declarations>$newEvent0=com.sample.model.Event@d174031(48)</declarations>
</org.drools.audit.event.ActivationLogEvent>
<org.drools.audit.event.ActivationLogEvent>
  <type>4</type>
  <activationId>HelloWorld [48, 0]</activationId>
  <rule>HelloWorld</rule>
  <declarations>$newEvent=com.sample.model.Event@d174031(48)</declarations>
</org.drools.audit.event.ActivationLogEvent>
<org.drools.audit.event.ActivationLogEvent>
  <type>6</type>
  <activationId>HelloWorld [48, 0]</activationId>
  <rule>HelloWorld</rule>
  <declarations>$newEvent=com.sample.model.Event@d174031(48)</declarations>
</org.drools.audit.event.ActivationLogEvent>
<org.drools.audit.event.ActivationLogEvent>
  <type>7</type>
  <activationId>HelloWorld [48, 0]</activationId>
  <rule>HelloWorld</rule>
  <declarations>$newEvent=com.sample.model.Event@d174031(48)</declarations>
</org.drools.audit.event.ActivationLogEvent>
<org.drools.audit.event.ActivationLogEvent>
  <type>6</type>
  <activationId>Example [48, 0]</activationId>
  <rule>Example</rule>
  <declarations>$newEvent0=com.sample.model.Event@d174031(48)</declarations>
</org.drools.audit.event.ActivationLogEvent>
<org.drools.audit.event.ActivationLogEvent>
  <type>4</type>
  <activationId>Example2 [49]</activationId>
  <rule>Example2</rule>
  <declarations>$newEvent=com.sample.model.Event@521d590d(49)</declarations>
</org.drools.audit.event.ActivationLogEvent>
<org.drools.audit.event.ObjectLogEvent>
  <type>1</type>
  <factId>49</factId>
  <objectToString>com.sample.model.Event@521d590d</objectToString>
</org.drools.audit.event.ObjectLogEvent>
<org.drools.audit.event.ActivationLogEvent>
  <type>7</type>
  <activationId>Example [48, 0]</activationId>
  <rule>Example</rule>
  <declarations>$newEvent0=com.sample.model.Event@d174031(48)</declarations>
</org.drools.audit.event.ActivationLogEvent>
<org.drools.audit.event.ActivationLogEvent>
  <type>6</type>
  <activationId>Example2 [49]</activationId>
  <rule>Example2</rule>
  <declarations>$newEvent=com.sample.model.Event@521d590d(49)</declarations>
</org.drools.audit.event.ActivationLogEvent>
<org.drools.audit.event.ActivationLogEvent>
  <type>7</type>
  <activationId>Example2 [49]</activationId>
  <rule>Example2</rule>
  <declarations>$newEvent=com.sample.model.Event@521d590d(49)</declarations>
</org.drools.audit.event.ActivationLogEvent>
<org.drools.audit.event.ObjectLogEvent>
  <type>1</type>
  <factId>50</factId>
  <objectToString>com.sample.model.Event@3f78e13f</objectToString>
</org.drools.audit.event.ObjectLogEvent>
<org.drools.audit.event.ActivationLogEvent>
  <type>4</type>
  <activationId>Example [50, 0]</activationId>
  <rule>Example</rule>
  <declarations>$newEvent0=com.sample.model.Event@3f78e13f(50)</declarations>
</org.drools.audit.event.ActivationLogEvent>
<org.drools.audit.event.ActivationLogEvent>
  <type>4</type>
  <activationId>HelloWorld [50, 0]</activationId>
  <rule>HelloWorld</rule>
  <declarations>$newEvent=com.sample.model.Event@3f78e13f(50)</declarations>
</org.drools.audit.event.ActivationLogEvent>
<org.drools.audit.event.ActivationLogEvent>
  <type>6</type>
  <activationId>HelloWorld [50, 0]</activationId>
  <rule>HelloWorld</rule>
  <declarations>$newEvent=com.sample.model.Event@3f78e13f(50)</declarations>
</org.drools.audit.event.ActivationLogEvent>
<org.drools.audit.event.ActivationLogEvent>
  <type>7</type>
  <activationId>HelloWorld [50, 0]</activationId>
  <rule>HelloWorld</rule>
  <declarations>$newEvent=com.sample.model.Event@3f78e13f(50)</declarations>
</org.drools.audit.event.ActivationLogEvent>
<org.drools.audit.event.ActivationLogEvent>
  <type>6</type>
  <activationId>Example [50, 0]</activationId>
  <rule>Example</rule>
  <declarations>$newEvent0=com.sample.model.Event@3f78e13f(50)</declarations>
</org.drools.audit.event.ActivationLogEvent>
<org.drools.audit.event.ActivationLogEvent>
  <type>4</type>
  <activationId>Example2 [51]</activationId>
  <rule>Example2</rule>
  <declarations>$newEvent=com.sample.model.Event@66d7a9c9(51)</declarations>
</org.drools.audit.event.ActivationLogEvent>
<org.drools.audit.event.ObjectLogEvent>
  <type>1</type>
  <factId>51</factId>
  <objectToString>com.sample.model.Event@66d7a9c9</objectToString>
</org.drools.audit.event.ObjectLogEvent>
<org.drools.audit.event.ActivationLogEvent>
  <type>7</type>
  <activationId>Example [50, 0]</activationId>
  <rule>Example</rule>
  <declarations>$newEvent0=com.sample.model.Event@3f78e13f(50)</declarations>
</org.drools.audit.event.ActivationLogEvent>
<org.drools.audit.event.ActivationLogEvent>
  <type>6</type>
  <activationId>Example2 [51]</activationId>
  <rule>Example2</rule>
  <declarations>$newEvent=com.sample.model.Event@66d7a9c9(51)</declarations>
</org.drools.audit.event.ActivationLogEvent>
<org.drools.audit.event.ActivationLogEvent>
  <type>7</type>
  <activationId>Example2 [51]</activationId>
  <rule>Example2</rule>
  <declarations>$newEvent=com.sample.model.Event@66d7a9c9(51)</declarations>
</org.drools.audit.event.ActivationLogEvent>
<org.drools.audit.event.ObjectLogEvent>
  <type>1</type>
  <factId>52</factId>
  <objectToString>com.sample.model.Event@58cbffde</objectToString>
</org.drools.audit.event.ObjectLogEvent>
<org.drools.audit.event.ActivationLogEvent>
  <type>4</type>
  <activationId>Example [52, 0]</activationId>
  <rule>Example</rule>
  <declarations>$newEvent0=com.sample.model.Event@58cbffde(52)</declarations>
</org.drools.audit.event.ActivationLogEvent>
<org.drools.audit.event.ActivationLogEvent>
  <type>4</type>
  <activationId>HelloWorld [52, 0]</activationId>
  <rule>HelloWorld</rule>
  <declarations>$newEvent=com.sample.model.Event@58cbffde(52)</declarations>
</org.drools.audit.event.ActivationLogEvent>
<org.drools.audit.event.ActivationLogEvent>
  <type>6</type>
  <activationId>HelloWorld [52, 0]</activationId>
  <rule>HelloWorld</rule>
  <declarations>$newEvent=com.sample.model.Event@58cbffde(52)</declarations>
</org.drools.audit.event.ActivationLogEvent>
<org.drools.audit.event.ActivationLogEvent>
  <type>7</type>
  <activationId>HelloWorld [52, 0]</activationId>
  <rule>HelloWorld</rule>
  <declarations>$newEvent=com.sample.model.Event@58cbffde(52)</declarations>
</org.drools.audit.event.ActivationLogEvent>
<org.drools.audit.event.ActivationLogEvent>
  <type>6</type>
  <activationId>Example [52, 0]</activationId>
  <rule>Example</rule>
  <declarations>$newEvent0=com.sample.model.Event@58cbffde(52)</declarations>
</org.drools.audit.event.ActivationLogEvent>
<org.drools.audit.event.ActivationLogEvent>
  <type>4</type>
  <activationId>Example2 [53]</activationId>
  <rule>Example2</rule>
  <declarations>$newEvent=com.sample.model.Event@1f4649ed(53)</declarations>
</org.drools.audit.event.ActivationLogEvent>
<org.drools.audit.event.ObjectLogEvent>
  <type>1</type>
  <factId>53</factId>
  <objectToString>com.sample.model.Event@1f4649ed</objectToString>
</org.drools.audit.event.ObjectLogEvent>
<org.drools.audit.event.ActivationLogEvent>
  <type>7</type>
  <activationId>Example [52, 0]</activationId>
  <rule>Example</rule>
  <declarations>$newEvent0=com.sample.model.Event@58cbffde(52)</declarations>
</org.drools.audit.event.ActivationLogEvent>
<org.drools.audit.event.ActivationLogEvent>
  <type>6</type>
  <activationId>Example2 [53]</activationId>
  <rule>Example2</rule>
  <declarations>$newEvent=com.sample.model.Event@1f4649ed(53)</declarations>
</org.drools.audit.event.ActivationLogEvent>
<org.drools.audit.event.ActivationLogEvent>
  <type>7</type>
  <activationId>Example2 [53]</activationId>
  <rule>Example2</rule>
  <declarations>$newEvent=com.sample.model.Event@1f4649ed(53)</declarations>
</org.drools.audit.event.ActivationLogEvent>
<org.drools.audit.event.ObjectLogEvent>
  <type>1</type>
  <factId>54</factId>
  <objectToString>com.sample.model.Event@3f9f76a5</objectToString>
</org.drools.audit.event.ObjectLogEvent>
<org.drools.audit.event.ActivationLogEvent>
  <type>4</type>
  <activationId>Example [54, 0]</activationId>
  <rule>Example</rule>
  <declarations>$newEvent0=com.sample.model.Event@3f9f76a5(54)</declarations>
</org.drools.audit.event.ActivationLogEvent>
<org.drools.audit.event.ActivationLogEvent>
  <type>4</type>
  <activationId>HelloWorld [54, 0]</activationId>
  <rule>HelloWorld</rule>
  <declarations>$newEvent=com.sample.model.Event@3f9f76a5(54)</declarations>
</org.drools.audit.event.ActivationLogEvent>
<org.drools.audit.event.ActivationLogEvent>
  <type>6</type>
  <activationId>HelloWorld [54, 0]</activationId>
  <rule>HelloWorld</rule>
  <declarations>$newEvent=com.sample.model.Event@3f9f76a5(54)</declarations>
</org.drools.audit.event.ActivationLogEvent>
<org.drools.audit.event.ActivationLogEvent>
  <type>7</type>
  <activationId>HelloWorld [54, 0]</activationId>
  <rule>HelloWorld</rule>
  <declarations>$newEvent=com.sample.model.Event@3f9f76a5(54)</declarations>
</org.drools.audit.event.ActivationLogEvent>
<org.drools.audit.event.ActivationLogEvent>
  <type>6</type>
  <activationId>Example [54, 0]</activationId>
  <rule>Example</rule>
  <declarations>$newEvent0=com.sample.model.Event@3f9f76a5(54)</declarations>
</org.drools.audit.event.ActivationLogEvent>
<org.drools.audit.event.ActivationLogEvent>
  <type>4</type>
  <activationId>Example2 [55]</activationId>
  <rule>Example2</rule>
  <declarations>$newEvent=com.sample.model.Event@c4c7e10(55)</declarations>
</org.drools.audit.event.ActivationLogEvent>
<org.drools.audit.event.ObjectLogEvent>
  <type>1</type>
  <factId>55</factId>
  <objectToString>com.sample.model.Event@c4c7e10</objectToString>
</org.drools.audit.event.ObjectLogEvent>
<org.drools.audit.event.ActivationLogEvent>
  <type>7</type>
  <activationId>Example [54, 0]</activationId>
  <rule>Example</rule>
  <declarations>$newEvent0=com.sample.model.Event@3f9f76a5(54)</declarations>
</org.drools.audit.event.ActivationLogEvent>
<org.drools.audit.event.ActivationLogEvent>
  <type>6</type>
  <activationId>Example2 [55]</activationId>
  <rule>Example2</rule>
  <declarations>$newEvent=com.sample.model.Event@c4c7e10(55)</declarations>
</org.drools.audit.event.ActivationLogEvent>
<org.drools.audit.event.ActivationLogEvent>
  <type>7</type>
  <activationId>Example2 [55]</activationId>
  <rule>Example2</rule>
  <declarations>$newEvent=com.sample.model.Event@c4c7e10(55)</declarations>
</org.drools.audit.event.ActivationLogEvent>
<org.drools.audit.event.ObjectLogEvent>
  <type>1</type>
  <factId>56</factId>
  <objectToString>com.sample.model.Event@71e852be</objectToString>
</org.drools.audit.event.ObjectLogEvent>
<org.drools.audit.event.ActivationLogEvent>
  <type>4</type>
  <activationId>Example [56, 0]</activationId>
  <rule>Example</rule>
  <declarations>$newEvent0=com.sample.model.Event@71e852be(56)</declarations>
</org.drools.audit.event.ActivationLogEvent>
<org.drools.audit.event.ActivationLogEvent>
  <type>4</type>
  <activationId>HelloWorld [56, 0]</activationId>
  <rule>HelloWorld</rule>
  <declarations>$newEvent=com.sample.model.Event@71e852be(56)</declarations>
</org.drools.audit.event.ActivationLogEvent>
<org.drools.audit.event.ActivationLogEvent>
  <type>6</type>
  <activationId>HelloWorld [56, 0]</activationId>
  <rule>HelloWorld</rule>
  <declarations>$newEvent=com.sample.model.Event@71e852be(56)</declarations>
</org.drools.audit.event.ActivationLogEvent>
<org.drools.audit.event.ActivationLogEvent>
  <type>7</type>
  <activationId>HelloWorld [56, 0]</activationId>
  <rule>HelloWorld</rule>
  <declarations>$newEvent=com.sample.model.Event@71e852be(56)</declarations>
</org.drools.audit.event.ActivationLogEvent>
<org.drools.audit.event.ActivationLogEvent>
  <type>6</type>
  <activationId>Example [56, 0]</activationId>
  <rule>Example</rule>
  <declarations>$newEvent0=com.sample.model.Event@71e852be(56)</declarations>
</org.drools.audit.event.ActivationLogEvent>
<org.drools.audit.event.ActivationLogEvent>
  <type>4</type>
  <activationId>Example2 [57]</activationId>
  <rule>Example2</rule>
  <declarations>$newEvent=com.sample.model.Event@7844a013(57)</declarations>
</org.drools.audit.event.ActivationLogEvent>
<org.drools.audit.event.ObjectLogEvent>
  <type>1</type>
  <factId>57</factId>
  <objectToString>com.sample.model.Event@7844a013</objectToString>
</org.drools.audit.event.ObjectLogEvent>
<org.drools.audit.event.ActivationLogEvent>
  <type>7</type>
  <activationId>Example [56, 0]</activationId>
  <rule>Example</rule>
  <declarations>$newEvent0=com.sample.model.Event@71e852be(56)</declarations>
</org.drools.audit.event.ActivationLogEvent>
<org.drools.audit.event.ActivationLogEvent>
  <type>6</type>
  <activationId>Example2 [57]</activationId>
  <rule>Example2</rule>
  <declarations>$newEvent=com.sample.model.Event@7844a013(57)</declarations>
</org.drools.audit.event.ActivationLogEvent>
<org.drools.audit.event.ActivationLogEvent>
  <type>7</type>
  <activationId>Example2 [57]</activationId>
  <rule>Example2</rule>
  <declarations>$newEvent=com.sample.model.Event@7844a013(57)</declarations>
</org.drools.audit.event.ActivationLogEvent>
<org.drools.audit.event.ObjectLogEvent>
  <type>1</type>
  <factId>58</factId>
  <objectToString>com.sample.model.Event@61697d14</objectToString>
</org.drools.audit.event.ObjectLogEvent>
<org.drools.audit.event.ActivationLogEvent>
  <type>4</type>
  <activationId>Example [58, 0]</activationId>
  <rule>Example</rule>
  <declarations>$newEvent0=com.sample.model.Event@61697d14(58)</declarations>
</org.drools.audit.event.ActivationLogEvent>
<org.drools.audit.event.ActivationLogEvent>
  <type>4</type>
  <activationId>HelloWorld [58, 0]</activationId>
  <rule>HelloWorld</rule>
  <declarations>$newEvent=com.sample.model.Event@61697d14(58)</declarations>
</org.drools.audit.event.ActivationLogEvent>
<org.drools.audit.event.ActivationLogEvent>
  <type>6</type>
  <activationId>HelloWorld [58, 0]</activationId>
  <rule>HelloWorld</rule>
  <declarations>$newEvent=com.sample.model.Event@61697d14(58)</declarations>
</org.drools.audit.event.ActivationLogEvent>
<org.drools.audit.event.ActivationLogEvent>
  <type>7</type>
  <activationId>HelloWorld [58, 0]</activationId>
  <rule>HelloWorld</rule>
  <declarations>$newEvent=com.sample.model.Event@61697d14(58)</declarations>
</org.drools.audit.event.ActivationLogEvent>
<org.drools.audit.event.ActivationLogEvent>
  <type>6</type>
  <activationId>Example [58, 0]</activationId>
  <rule>Example</rule>
  <declarations>$newEvent0=com.sample.model.Event@61697d14(58)</declarations>
</org.drools.audit.event.ActivationLogEvent>
<org.drools.audit.event.ActivationLogEvent>
  <type>4</type>
  <activationId>Example2 [59]</activationId>
  <rule>Example2</rule>
  <declarations>$newEvent=com.sample.model.Event@762d80ae(59)</declarations>
</org.drools.audit.event.ActivationLogEvent>
<org.drools.audit.event.ObjectLogEvent>
  <type>1</type>
  <factId>59</factId>
  <objectToString>com.sample.model.Event@762d80ae</objectToString>
</org.drools.audit.event.ObjectLogEvent>
<org.drools.audit.event.ActivationLogEvent>
  <type>7</type>
  <activationId>Example [58, 0]</activationId>
  <rule>Example</rule>
  <declarations>$newEvent0=com.sample.model.Event@61697d14(58)</declarations>
</org.drools.audit.event.ActivationLogEvent>
<org.drools.audit.event.ActivationLogEvent>
  <type>6</type>
  <activationId>Example2 [59]</activationId>
  <rule>Example2</rule>
  <declarations>$newEvent=com.sample.model.Event@762d80ae(59)</declarations>
</org.drools.audit.event.ActivationLogEvent>
<org.drools.audit.event.ActivationLogEvent>
  <type>7</type>
  <activationId>Example2 [59]</activationId>
  <rule>Example2</rule>
  <declarations>$newEvent=com.sample.model.Event@762d80ae(59)</declarations>
</org.drools.audit.event.ActivationLogEvent>
<org.drools.audit.event.ObjectLogEvent>
  <type>1</type>
  <factId>60</factId>
  <objectToString>com.sample.model.Event@255b5c1f</objectToString>
</org.drools.audit.event.ObjectLogEvent>
<org.drools.audit.event.ActivationLogEvent>
  <type>4</type>
  <activationId>Example [60, 0]</activationId>
  <rule>Example</rule>
  <declarations>$newEvent0=com.sample.model.Event@255b5c1f(60)</declarations>
</org.drools.audit.event.ActivationLogEvent>
<org.drools.audit.event.ActivationLogEvent>
  <type>4</type>
  <activationId>HelloWorld [60, 0]</activationId>
  <rule>HelloWorld</rule>
  <declarations>$newEvent=com.sample.model.Event@255b5c1f(60)</declarations>
</org.drools.audit.event.ActivationLogEvent>
<org.drools.audit.event.ActivationLogEvent>
  <type>6</type>
  <activationId>HelloWorld [60, 0]</activationId>
  <rule>HelloWorld</rule>
  <declarations>$newEvent=com.sample.model.Event@255b5c1f(60)</declarations>
</org.drools.audit.event.ActivationLogEvent>
<org.drools.audit.event.ActivationLogEvent>
  <type>7</type>
  <activationId>HelloWorld [60, 0]</activationId>
  <rule>HelloWorld</rule>
  <declarations>$newEvent=com.sample.model.Event@255b5c1f(60)</declarations>
</org.drools.audit.event.ActivationLogEvent>
<org.drools.audit.event.ActivationLogEvent>
  <type>6</type>
  <activationId>Example [60, 0]</activationId>
  <rule>Example</rule>
  <declarations>$newEvent0=com.sample.model.Event@255b5c1f(60)</declarations>
</org.drools.audit.event.ActivationLogEvent>
<org.drools.audit.event.ActivationLogEvent>
  <type>4</type>
  <activationId>Example2 [61]</activationId>
  <rule>Example2</rule>
  <declarations>$newEvent=com.sample.model.Event@54b4b0a4(61)</declarations>
</org.drools.audit.event.ActivationLogEvent>
<org.drools.audit.event.ObjectLogEvent>
  <type>1</type>
  <factId>61</factId>
  <objectToString>com.sample.model.Event@54b4b0a4</objectToString>
</org.drools.audit.event.ObjectLogEvent>
<org.drools.audit.event.ActivationLogEvent>
  <type>7</type>
  <activationId>Example [60, 0]</activationId>
  <rule>Example</rule>
  <declarations>$newEvent0=com.sample.model.Event@255b5c1f(60)</declarations>
</org.drools.audit.event.ActivationLogEvent>
<org.drools.audit.event.ActivationLogEvent>
  <type>6</type>
  <activationId>Example2 [61]</activationId>
  <rule>Example2</rule>
  <declarations>$newEvent=com.sample.model.Event@54b4b0a4(61)</declarations>
</org.drools.audit.event.ActivationLogEvent>
<org.drools.audit.event.ActivationLogEvent>
  <type>7</type>
  <activationId>Example2 [61]</activationId>
  <rule>Example2</rule>
  <declarations>$newEvent=com.sample.model.Event@54b4b0a4(61)</declarations>
</org.drools.audit.event.ActivationLogEvent>
<org.drools.audit.event.ObjectLogEvent>
  <type>1</type>
  <factId>62</factId>
  <objectToString>com.sample.model.Event@22b90a6e</objectToString>
</org.drools.audit.event.ObjectLogEvent>
<org.drools.audit.event.ActivationLogEvent>
  <type>4</type>
  <activationId>Example [62, 0]</activationId>
  <rule>Example</rule>
  <declarations>$newEvent0=com.sample.model.Event@22b90a6e(62)</declarations>
</org.drools.audit.event.ActivationLogEvent>
<org.drools.audit.event.ActivationLogEvent>
  <type>4</type>
  <activationId>HelloWorld [62, 0]</activationId>
  <rule>HelloWorld</rule>
  <declarations>$newEvent=com.sample.model.Event@22b90a6e(62)</declarations>
</org.drools.audit.event.ActivationLogEvent>
<org.drools.audit.event.ActivationLogEvent>
  <type>6</type>
  <activationId>HelloWorld [62, 0]</activationId>
  <rule>HelloWorld</rule>
  <declarations>$newEvent=com.sample.model.Event@22b90a6e(62)</declarations>
</org.drools.audit.event.ActivationLogEvent>
<org.drools.audit.event.ActivationLogEvent>
  <type>7</type>
  <activationId>HelloWorld [62, 0]</activationId>
  <rule>HelloWorld</rule>
  <declarations>$newEvent=com.sample.model.Event@22b90a6e(62)</declarations>
</org.drools.audit.event.ActivationLogEvent>
<org.drools.audit.event.ActivationLogEvent>
  <type>6</type>
  <activationId>Example [62, 0]</activationId>
  <rule>Example</rule>
  <declarations>$newEvent0=com.sample.model.Event@22b90a6e(62)</declarations>
</org.drools.audit.event.ActivationLogEvent>
<org.drools.audit.event.ActivationLogEvent>
  <type>4</type>
  <activationId>Example2 [63]</activationId>
  <rule>Example2</rule>
  <declarations>$newEvent=com.sample.model.Event@3914fc36(63)</declarations>
</org.drools.audit.event.ActivationLogEvent>
<org.drools.audit.event.ObjectLogEvent>
  <type>1</type>
  <factId>63</factId>
  <objectToString>com.sample.model.Event@3914fc36</objectToString>
</org.drools.audit.event.ObjectLogEvent>
<org.drools.audit.event.ActivationLogEvent>
  <type>7</type>
  <activationId>Example [62, 0]</activationId>
  <rule>Example</rule>
  <declarations>$newEvent0=com.sample.model.Event@22b90a6e(62)</declarations>
</org.drools.audit.event.ActivationLogEvent>
<org.drools.audit.event.ActivationLogEvent>
  <type>6</type>
  <activationId>Example2 [63]</activationId>
  <rule>Example2</rule>
  <declarations>$newEvent=com.sample.model.Event@3914fc36(63)</declarations>
</org.drools.audit.event.ActivationLogEvent>
<org.drools.audit.event.ActivationLogEvent>
  <type>7</type>
  <activationId>Example2 [63]</activationId>
  <rule>Example2</rule>
  <declarations>$newEvent=com.sample.model.Event@3914fc36(63)</declarations>
</org.drools.audit.event.ActivationLogEvent>
<org.drools.audit.event.ObjectLogEvent>
  <type>1</type>
  <factId>64</factId>
  <objectToString>com.sample.model.Event@10ba5a81</objectToString>
</org.drools.audit.event.ObjectLogEvent>
<org.drools.audit.event.ActivationLogEvent>
  <type>4</type>
  <activationId>Example [64, 0]</activationId>
  <rule>Example</rule>
  <declarations>$newEvent0=com.sample.model.Event@10ba5a81(64)</declarations>
</org.drools.audit.event.ActivationLogEvent>
<org.drools.audit.event.ActivationLogEvent>
  <type>4</type>
  <activationId>HelloWorld [64, 0]</activationId>
  <rule>HelloWorld</rule>
  <declarations>$newEvent=com.sample.model.Event@10ba5a81(64)</declarations>
</org.drools.audit.event.ActivationLogEvent>
<org.drools.audit.event.ActivationLogEvent>
  <type>6</type>
  <activationId>HelloWorld [64, 0]</activationId>
  <rule>HelloWorld</rule>
  <declarations>$newEvent=com.sample.model.Event@10ba5a81(64)</declarations>
</org.drools.audit.event.ActivationLogEvent>
<org.drools.audit.event.ActivationLogEvent>
  <type>7</type>
  <activationId>HelloWorld [64, 0]</activationId>
  <rule>HelloWorld</rule>
  <declarations>$newEvent=com.sample.model.Event@10ba5a81(64)</declarations>
</org.drools.audit.event.ActivationLogEvent>
<org.drools.audit.event.ActivationLogEvent>
  <type>6</type>
  <activationId>Example [64, 0]</activationId>
  <rule>Example</rule>
  <declarations>$newEvent0=com.sample.model.Event@10ba5a81(64)</declarations>
</org.drools.audit.event.ActivationLogEvent>
<org.drools.audit.event.ActivationLogEvent>
  <type>4</type>
  <activationId>Example2 [65]</activationId>
  <rule>Example2</rule>
  <declarations>$newEvent=com.sample.model.Event@31f9b804(65)</declarations>
</org.drools.audit.event.ActivationLogEvent>
<org.drools.audit.event.ObjectLogEvent>
  <type>1</type>
  <factId>65</factId>
  <objectToString>com.sample.model.Event@31f9b804</objectToString>
</org.drools.audit.event.ObjectLogEvent>
<org.drools.audit.event.ActivationLogEvent>
  <type>7</type>
  <activationId>Example [64, 0]</activationId>
  <rule>Example</rule>
  <declarations>$newEvent0=com.sample.model.Event@10ba5a81(64)</declarations>
</org.drools.audit.event.ActivationLogEvent>
<org.drools.audit.event.ActivationLogEvent>
  <type>6</type>
  <activationId>Example2 [65]</activationId>
  <rule>Example2</rule>
  <declarations>$newEvent=com.sample.model.Event@31f9b804(65)</declarations>
</org.drools.audit.event.ActivationLogEvent>
<org.drools.audit.event.ActivationLogEvent>
  <type>7</type>
  <activationId>Example2 [65]</activationId>
  <rule>Example2</rule>
  <declarations>$newEvent=com.sample.model.Event@31f9b804(65)</declarations>
</org.drools.audit.event.ActivationLogEvent>
<org.drools.audit.event.ObjectLogEvent>
  <type>1</type>
  <factId>66</factId>
  <objectToString>com.sample.model.Event@1a0283e</objectToString>
</org.drools.audit.event.ObjectLogEvent>
<org.drools.audit.event.ActivationLogEvent>
  <type>4</type>
  <activationId>Example [66, 0]</activationId>
  <rule>Example</rule>
  <declarations>$newEvent0=com.sample.model.Event@1a0283e(66)</declarations>
</org.drools.audit.event.ActivationLogEvent>
<org.drools.audit.event.ActivationLogEvent>
  <type>4</type>
  <activationId>HelloWorld [66, 0]</activationId>
  <rule>HelloWorld</rule>
  <declarations>$newEvent=com.sample.model.Event@1a0283e(66)</declarations>
</org.drools.audit.event.ActivationLogEvent>
<org.drools.audit.event.ActivationLogEvent>
  <type>6</type>
  <activationId>HelloWorld [66, 0]</activationId>
  <rule>HelloWorld</rule>
  <declarations>$newEvent=com.sample.model.Event@1a0283e(66)</declarations>
</org.drools.audit.event.ActivationLogEvent>
<org.drools.audit.event.ActivationLogEvent>
  <type>7</type>
  <activationId>HelloWorld [66, 0]</activationId>
  <rule>HelloWorld</rule>
  <declarations>$newEvent=com.sample.model.Event@1a0283e(66)</declarations>
</org.drools.audit.event.ActivationLogEvent>
<org.drools.audit.event.ActivationLogEvent>
  <type>6</type>
  <activationId>Example [66, 0]</activationId>
  <rule>Example</rule>
  <declarations>$newEvent0=com.sample.model.Event@1a0283e(66)</declarations>
</org.drools.audit.event.ActivationLogEvent>
<org.drools.audit.event.ActivationLogEvent>
  <type>4</type>
  <activationId>Example2 [67]</activationId>
  <rule>Example2</rule>
  <declarations>$newEvent=com.sample.model.Event@54eeabe8(67)</declarations>
</org.drools.audit.event.ActivationLogEvent>
<org.drools.audit.event.ObjectLogEvent>
  <type>1</type>
  <factId>67</factId>
  <objectToString>com.sample.model.Event@54eeabe8</objectToString>
</org.drools.audit.event.ObjectLogEvent>
<org.drools.audit.event.ActivationLogEvent>
  <type>7</type>
  <activationId>Example [66, 0]</activationId>
  <rule>Example</rule>
  <declarations>$newEvent0=com.sample.model.Event@1a0283e(66)</declarations>
</org.drools.audit.event.ActivationLogEvent>
<org.drools.audit.event.ActivationLogEvent>
  <type>6</type>
  <activationId>Example2 [67]</activationId>
  <rule>Example2</rule>
  <declarations>$newEvent=com.sample.model.Event@54eeabe8(67)</declarations>
</org.drools.audit.event.ActivationLogEvent>
<org.drools.audit.event.ActivationLogEvent>
  <type>7</type>
  <activationId>Example2 [67]</activationId>
  <rule>Example2</rule>
  <declarations>$newEvent=com.sample.model.Event@54eeabe8(67)</declarations>
</org.drools.audit.event.ActivationLogEvent>
<org.drools.audit.event.ObjectLogEvent>
  <type>1</type>
  <factId>68</factId>
  <objectToString>com.sample.model.Event@15837e8</objectToString>
</org.drools.audit.event.ObjectLogEvent>
<org.drools.audit.event.ActivationLogEvent>
  <type>4</type>
  <activationId>Example [68, 0]</activationId>
  <rule>Example</rule>
  <declarations>$newEvent0=com.sample.model.Event@15837e8(68)</declarations>
</org.drools.audit.event.ActivationLogEvent>
<org.drools.audit.event.ActivationLogEvent>
  <type>4</type>
  <activationId>HelloWorld [68, 0]</activationId>
  <rule>HelloWorld</rule>
  <declarations>$newEvent=com.sample.model.Event@15837e8(68)</declarations>
</org.drools.audit.event.ActivationLogEvent>
<org.drools.audit.event.ActivationLogEvent>
  <type>6</type>
  <activationId>HelloWorld [68, 0]</activationId>
  <rule>HelloWorld</rule>
  <declarations>$newEvent=com.sample.model.Event@15837e8(68)</declarations>
</org.drools.audit.event.ActivationLogEvent>
<org.drools.audit.event.ActivationLogEvent>
  <type>7</type>
  <activationId>HelloWorld [68, 0]</activationId>
  <rule>HelloWorld</rule>
  <declarations>$newEvent=com.sample.model.Event@15837e8(68)</declarations>
</org.drools.audit.event.ActivationLogEvent>
<org.drools.audit.event.ActivationLogEvent>
  <type>6</type>
  <activationId>Example [68, 0]</activationId>
  <rule>Example</rule>
  <declarations>$newEvent0=com.sample.model.Event@15837e8(68)</declarations>
</org.drools.audit.event.ActivationLogEvent>
<org.drools.audit.event.ActivationLogEvent>
  <type>4</type>
  <activationId>Example2 [69]</activationId>
  <rule>Example2</rule>
  <declarations>$newEvent=com.sample.model.Event@7cd47880(69)</declarations>
</org.drools.audit.event.ActivationLogEvent>
<org.drools.audit.event.ObjectLogEvent>
  <type>1</type>
  <factId>69</factId>
  <objectToString>com.sample.model.Event@7cd47880</objectToString>
</org.drools.audit.event.ObjectLogEvent>
<org.drools.audit.event.ActivationLogEvent>
  <type>7</type>
  <activationId>Example [68, 0]</activationId>
  <rule>Example</rule>
  <declarations>$newEvent0=com.sample.model.Event@15837e8(68)</declarations>
</org.drools.audit.event.ActivationLogEvent>
<org.drools.audit.event.ActivationLogEvent>
  <type>6</type>
  <activationId>Example2 [69]</activationId>
  <rule>Example2</rule>
  <declarations>$newEvent=com.sample.model.Event@7cd47880(69)</declarations>
</org.drools.audit.event.ActivationLogEvent>
<org.drools.audit.event.ActivationLogEvent>
  <type>7</type>
  <activationId>Example2 [69]</activationId>
  <rule>Example2</rule>
  <declarations>$newEvent=com.sample.model.Event@7cd47880(69)</declarations>
</org.drools.audit.event.ActivationLogEvent>
<org.drools.audit.event.ObjectLogEvent>
  <type>1</type>
  <factId>70</factId>
  <objectToString>com.sample.model.Event@61335b86</objectToString>
</org.drools.audit.event.ObjectLogEvent>
<org.drools.audit.event.ActivationLogEvent>
  <type>4</type>
  <activationId>Example [70, 0]</activationId>
  <rule>Example</rule>
  <declarations>$newEvent0=com.sample.model.Event@61335b86(70)</declarations>
</org.drools.audit.event.ActivationLogEvent>
<org.drools.audit.event.ActivationLogEvent>
  <type>4</type>
  <activationId>HelloWorld [70, 0]</activationId>
  <rule>HelloWorld</rule>
  <declarations>$newEvent=com.sample.model.Event@61335b86(70)</declarations>
</org.drools.audit.event.ActivationLogEvent>
<org.drools.audit.event.ActivationLogEvent>
  <type>6</type>
  <activationId>HelloWorld [70, 0]</activationId>
  <rule>HelloWorld</rule>
  <declarations>$newEvent=com.sample.model.Event@61335b86(70)</declarations>
</org.drools.audit.event.ActivationLogEvent>
<org.drools.audit.event.ActivationLogEvent>
  <type>7</type>
  <activationId>HelloWorld [70, 0]</activationId>
  <rule>HelloWorld</rule>
  <declarations>$newEvent=com.sample.model.Event@61335b86(70)</declarations>
</org.drools.audit.event.ActivationLogEvent>
<org.drools.audit.event.ActivationLogEvent>
  <type>6</type>
  <activationId>Example [70, 0]</activationId>
  <rule>Example</rule>
  <declarations>$newEvent0=com.sample.model.Event@61335b86(70)</declarations>
</org.drools.audit.event.ActivationLogEvent>
<org.drools.audit.event.ActivationLogEvent>
  <type>4</type>
  <activationId>Example2 [71]</activationId>
  <rule>Example2</rule>
  <declarations>$newEvent=com.sample.model.Event@12e29f36(71)</declarations>
</org.drools.audit.event.ActivationLogEvent>
<org.drools.audit.event.ObjectLogEvent>
  <type>1</type>
  <factId>71</factId>
  <objectToString>com.sample.model.Event@12e29f36</objectToString>
</org.drools.audit.event.ObjectLogEvent>
<org.drools.audit.event.ActivationLogEvent>
  <type>7</type>
  <activationId>Example [70, 0]</activationId>
  <rule>Example</rule>
  <declarations>$newEvent0=com.sample.model.Event@61335b86(70)</declarations>
</org.drools.audit.event.ActivationLogEvent>
<org.drools.audit.event.ActivationLogEvent>
  <type>6</type>
  <activationId>Example2 [71]</activationId>
  <rule>Example2</rule>
  <declarations>$newEvent=com.sample.model.Event@12e29f36(71)</declarations>
</org.drools.audit.event.ActivationLogEvent>
<org.drools.audit.event.ActivationLogEvent>
  <type>7</type>
  <activationId>Example2 [71]</activationId>
  <rule>Example2</rule>
  <declarations>$newEvent=com.sample.model.Event@12e29f36(71)</declarations>
</org.drools.audit.event.ActivationLogEvent>
<org.drools.audit.event.ObjectLogEvent>
  <type>1</type>
  <factId>72</factId>
  <objectToString>com.sample.model.Event@5c429be9</objectToString>
</org.drools.audit.event.ObjectLogEvent>
<org.drools.audit.event.ActivationLogEvent>
  <type>4</type>
  <activationId>Example [72, 0]</activationId>
  <rule>Example</rule>
  <declarations>$newEvent0=com.sample.model.Event@5c429be9(72)</declarations>
</org.drools.audit.event.ActivationLogEvent>
<org.drools.audit.event.ActivationLogEvent>
  <type>4</type>
  <activationId>HelloWorld [72, 0]</activationId>
  <rule>HelloWorld</rule>
  <declarations>$newEvent=com.sample.model.Event@5c429be9(72)</declarations>
</org.drools.audit.event.ActivationLogEvent>
<org.drools.audit.event.ActivationLogEvent>
  <type>6</type>
  <activationId>HelloWorld [72, 0]</activationId>
  <rule>HelloWorld</rule>
  <declarations>$newEvent=com.sample.model.Event@5c429be9(72)</declarations>
</org.drools.audit.event.ActivationLogEvent>
<org.drools.audit.event.ActivationLogEvent>
  <type>7</type>
  <activationId>HelloWorld [72, 0]</activationId>
  <rule>HelloWorld</rule>
  <declarations>$newEvent=com.sample.model.Event@5c429be9(72)</declarations>
</org.drools.audit.event.ActivationLogEvent>
<org.drools.audit.event.ActivationLogEvent>
  <type>6</type>
  <activationId>Example [72, 0]</activationId>
  <rule>Example</rule>
  <declarations>$newEvent0=com.sample.model.Event@5c429be9(72)</declarations>
</org.drools.audit.event.ActivationLogEvent>
<org.drools.audit.event.ActivationLogEvent>
  <type>4</type>
  <activationId>Example2 [73]</activationId>
  <rule>Example2</rule>
  <declarations>$newEvent=com.sample.model.Event@62f04dae(73)</declarations>
</org.drools.audit.event.ActivationLogEvent>
<org.drools.audit.event.ObjectLogEvent>
  <type>1</type>
  <factId>73</factId>
  <objectToString>com.sample.model.Event@62f04dae</objectToString>
</org.drools.audit.event.ObjectLogEvent>
<org.drools.audit.event.ActivationLogEvent>
  <type>7</type>
  <activationId>Example [72, 0]</activationId>
  <rule>Example</rule>
  <declarations>$newEvent0=com.sample.model.Event@5c429be9(72)</declarations>
</org.drools.audit.event.ActivationLogEvent>
<org.drools.audit.event.ActivationLogEvent>
  <type>6</type>
  <activationId>Example2 [73]</activationId>
  <rule>Example2</rule>
  <declarations>$newEvent=com.sample.model.Event@62f04dae(73)</declarations>
</org.drools.audit.event.ActivationLogEvent>
<org.drools.audit.event.ActivationLogEvent>
  <type>7</type>
  <activationId>Example2 [73]</activationId>
  <rule>Example2</rule>
  <declarations>$newEvent=com.sample.model.Event@62f04dae(73)</declarations>
</org.drools.audit.event.ActivationLogEvent>
<org.drools.audit.event.ObjectLogEvent>
  <type>1</type>
  <factId>74</factId>
  <objectToString>com.sample.model.Event@e7c0d41</objectToString>
</org.drools.audit.event.ObjectLogEvent>
<org.drools.audit.event.ActivationLogEvent>
  <type>4</type>
  <activationId>Example [74, 0]</activationId>
  <rule>Example</rule>
  <declarations>$newEvent0=com.sample.model.Event@e7c0d41(74)</declarations>
</org.drools.audit.event.ActivationLogEvent>
<org.drools.audit.event.ActivationLogEvent>
  <type>4</type>
  <activationId>HelloWorld [74, 0]</activationId>
  <rule>HelloWorld</rule>
  <declarations>$newEvent=com.sample.model.Event@e7c0d41(74)</declarations>
</org.drools.audit.event.ActivationLogEvent>
<org.drools.audit.event.ActivationLogEvent>
  <type>6</type>
  <activationId>HelloWorld [74, 0]</activationId>
  <rule>HelloWorld</rule>
  <declarations>$newEvent=com.sample.model.Event@e7c0d41(74)</declarations>
</org.drools.audit.event.ActivationLogEvent>
<org.drools.audit.event.ActivationLogEvent>
  <type>7</type>
  <activationId>HelloWorld [74, 0]</activationId>
  <rule>HelloWorld</rule>
  <declarations>$newEvent=com.sample.model.Event@e7c0d41(74)</declarations>
</org.drools.audit.event.ActivationLogEvent>
<org.drools.audit.event.ActivationLogEvent>
  <type>6</type>
  <activationId>Example [74, 0]</activationId>
  <rule>Example</rule>
  <declarations>$newEvent0=com.sample.model.Event@e7c0d41(74)</declarations>
</org.drools.audit.event.ActivationLogEvent>
<org.drools.audit.event.ActivationLogEvent>
  <type>4</type>
  <activationId>Example2 [75]</activationId>
  <rule>Example2</rule>
  <declarations>$newEvent=com.sample.model.Event@724a2dd4(75)</declarations>
</org.drools.audit.event.ActivationLogEvent>
<org.drools.audit.event.ObjectLogEvent>
  <type>1</type>
  <factId>75</factId>
  <objectToString>com.sample.model.Event@724a2dd4</objectToString>
</org.drools.audit.event.ObjectLogEvent>
<org.drools.audit.event.ActivationLogEvent>
  <type>7</type>
  <activationId>Example [74, 0]</activationId>
  <rule>Example</rule>
  <declarations>$newEvent0=com.sample.model.Event@e7c0d41(74)</declarations>
</org.drools.audit.event.ActivationLogEvent>
<org.drools.audit.event.ActivationLogEvent>
  <type>6</type>
  <activationId>Example2 [75]</activationId>
  <rule>Example2</rule>
  <declarations>$newEvent=com.sample.model.Event@724a2dd4(75)</declarations>
</org.drools.audit.event.ActivationLogEvent>
<org.drools.audit.event.ActivationLogEvent>
  <type>7</type>
  <activationId>Example2 [75]</activationId>
  <rule>Example2</rule>
  <declarations>$newEvent=com.sample.model.Event@724a2dd4(75)</declarations>
</org.drools.audit.event.ActivationLogEvent>
<org.drools.audit.event.ObjectLogEvent>
  <type>1</type>
  <factId>76</factId>
  <objectToString>com.sample.model.Event@6406f3ea</objectToString>
</org.drools.audit.event.ObjectLogEvent>
<org.drools.audit.event.ActivationLogEvent>
  <type>4</type>
  <activationId>Example [76, 0]</activationId>
  <rule>Example</rule>
  <declarations>$newEvent0=com.sample.model.Event@6406f3ea(76)</declarations>
</org.drools.audit.event.ActivationLogEvent>
<org.drools.audit.event.ActivationLogEvent>
  <type>4</type>
  <activationId>HelloWorld [76, 0]</activationId>
  <rule>HelloWorld</rule>
  <declarations>$newEvent=com.sample.model.Event@6406f3ea(76)</declarations>
</org.drools.audit.event.ActivationLogEvent>
<org.drools.audit.event.ActivationLogEvent>
  <type>6</type>
  <activationId>HelloWorld [76, 0]</activationId>
  <rule>HelloWorld</rule>
  <declarations>$newEvent=com.sample.model.Event@6406f3ea(76)</declarations>
</org.drools.audit.event.ActivationLogEvent>
<org.drools.audit.event.ActivationLogEvent>
  <type>7</type>
  <activationId>HelloWorld [76, 0]</activationId>
  <rule>HelloWorld</rule>
  <declarations>$newEvent=com.sample.model.Event@6406f3ea(76)</declarations>
</org.drools.audit.event.ActivationLogEvent>
<org.drools.audit.event.ActivationLogEvent>
  <type>6</type>
  <activationId>Example [76, 0]</activationId>
  <rule>Example</rule>
  <declarations>$newEvent0=com.sample.model.Event@6406f3ea(76)</declarations>
</org.drools.audit.event.ActivationLogEvent>
<org.drools.audit.event.ActivationLogEvent>
  <type>4</type>
  <activationId>Example2 [77]</activationId>
  <rule>Example2</rule>
  <declarations>$newEvent=com.sample.model.Event@5092eb76(77)</declarations>
</org.drools.audit.event.ActivationLogEvent>
<org.drools.audit.event.ObjectLogEvent>
  <type>1</type>
  <factId>77</factId>
  <objectToString>com.sample.model.Event@5092eb76</objectToString>
</org.drools.audit.event.ObjectLogEvent>
<org.drools.audit.event.ActivationLogEvent>
  <type>7</type>
  <activationId>Example [76, 0]</activationId>
  <rule>Example</rule>
  <declarations>$newEvent0=com.sample.model.Event@6406f3ea(76)</declarations>
</org.drools.audit.event.ActivationLogEvent>
<org.drools.audit.event.ActivationLogEvent>
  <type>6</type>
  <activationId>Example2 [77]</activationId>
  <rule>Example2</rule>
  <declarations>$newEvent=com.sample.model.Event@5092eb76(77)</declarations>
</org.drools.audit.event.ActivationLogEvent>
<org.drools.audit.event.ActivationLogEvent>
  <type>7</type>
  <activationId>Example2 [77]</activationId>
  <rule>Example2</rule>
  <declarations>$newEvent=com.sample.model.Event@5092eb76(77)</declarations>
</org.drools.audit.event.ActivationLogEvent>
<org.drools.audit.event.ObjectLogEvent>
  <type>1</type>
  <factId>78</factId>
  <objectToString>com.sample.model.Event@5da0b94d</objectToString>
</org.drools.audit.event.ObjectLogEvent>
<org.drools.audit.event.ActivationLogEvent>
  <type>4</type>
  <activationId>Example [78, 0]</activationId>
  <rule>Example</rule>
  <declarations>$newEvent0=com.sample.model.Event@5da0b94d(78)</declarations>
</org.drools.audit.event.ActivationLogEvent>
<org.drools.audit.event.ActivationLogEvent>
  <type>4</type>
  <activationId>HelloWorld [78, 0]</activationId>
  <rule>HelloWorld</rule>
  <declarations>$newEvent=com.sample.model.Event@5da0b94d(78)</declarations>
</org.drools.audit.event.ActivationLogEvent>
<org.drools.audit.event.ActivationLogEvent>
  <type>6</type>
  <activationId>HelloWorld [78, 0]</activationId>
  <rule>HelloWorld</rule>
  <declarations>$newEvent=com.sample.model.Event@5da0b94d(78)</declarations>
</org.drools.audit.event.ActivationLogEvent>
<org.drools.audit.event.ActivationLogEvent>
  <type>7</type>
  <activationId>HelloWorld [78, 0]</activationId>
  <rule>HelloWorld</rule>
  <declarations>$newEvent=com.sample.model.Event@5da0b94d(78)</declarations>
</org.drools.audit.event.ActivationLogEvent>
<org.drools.audit.event.ActivationLogEvent>
  <type>6</type>
  <activationId>Example [78, 0]</activationId>
  <rule>Example</rule>
  <declarations>$newEvent0=com.sample.model.Event@5da0b94d(78)</declarations>
</org.drools.audit.event.ActivationLogEvent>
<org.drools.audit.event.ActivationLogEvent>
  <type>4</type>
  <activationId>Example2 [79]</activationId>
  <rule>Example2</rule>
  <declarations>$newEvent=com.sample.model.Event@50f8ae79(79)</declarations>
</org.drools.audit.event.ActivationLogEvent>
<org.drools.audit.event.ObjectLogEvent>
  <type>1</type>
  <factId>79</factId>
  <objectToString>com.sample.model.Event@50f8ae79</objectToString>
</org.drools.audit.event.ObjectLogEvent>
<org.drools.audit.event.ActivationLogEvent>
  <type>7</type>
  <activationId>Example [78, 0]</activationId>
  <rule>Example</rule>
  <declarations>$newEvent0=com.sample.model.Event@5da0b94d(78)</declarations>
</org.drools.audit.event.ActivationLogEvent>
<org.drools.audit.event.ActivationLogEvent>
  <type>6</type>
  <activationId>Example2 [79]</activationId>
  <rule>Example2</rule>
  <declarations>$newEvent=com.sample.model.Event@50f8ae79(79)</declarations>
</org.drools.audit.event.ActivationLogEvent>
<org.drools.audit.event.ActivationLogEvent>
  <type>7</type>
  <activationId>Example2 [79]</activationId>
  <rule>Example2</rule>
  <declarations>$newEvent=com.sample.model.Event@50f8ae79(79)</declarations>
</org.drools.audit.event.ActivationLogEvent>
<org.drools.audit.event.ObjectLogEvent>
  <type>1</type>
  <factId>80</factId>
  <objectToString>com.sample.model.Event@7686b376</objectToString>
</org.drools.audit.event.ObjectLogEvent>
<org.drools.audit.event.ActivationLogEvent>
  <type>4</type>
  <activationId>Example [80, 0]</activationId>
  <rule>Example</rule>
  <declarations>$newEvent0=com.sample.model.Event@7686b376(80)</declarations>
</org.drools.audit.event.ActivationLogEvent>
<org.drools.audit.event.ActivationLogEvent>
  <type>4</type>
  <activationId>HelloWorld [80, 0]</activationId>
  <rule>HelloWorld</rule>
  <declarations>$newEvent=com.sample.model.Event@7686b376(80)</declarations>
</org.drools.audit.event.ActivationLogEvent>
<org.drools.audit.event.ActivationLogEvent>
  <type>6</type>
  <activationId>HelloWorld [80, 0]</activationId>
  <rule>HelloWorld</rule>
  <declarations>$newEvent=com.sample.model.Event@7686b376(80)</declarations>
</org.drools.audit.event.ActivationLogEvent>
<org.drools.audit.event.ActivationLogEvent>
  <type>7</type>
  <activationId>HelloWorld [80, 0]</activationId>
  <rule>HelloWorld</rule>
  <declarations>$newEvent=com.sample.model.Event@7686b376(80)</declarations>
</org.drools.audit.event.ActivationLogEvent>
<org.drools.audit.event.ActivationLogEvent>
  <type>6</type>
  <activationId>Example [80, 0]</activationId>
  <rule>Example</rule>
  <declarations>$newEvent0=com.sample.model.Event@7686b376(80)</declarations>
</org.drools.audit.event.ActivationLogEvent>
<org.drools.audit.event.ActivationLogEvent>
  <type>4</type>
  <activationId>Example2 [81]</activationId>
  <rule>Example2</rule>
  <declarations>$newEvent=com.sample.model.Event@db2e44d(81)</declarations>
</org.drools.audit.event.ActivationLogEvent>
<org.drools.audit.event.ObjectLogEvent>
  <type>1</type>
  <factId>81</factId>
  <objectToString>com.sample.model.Event@db2e44d</objectToString>
</org.drools.audit.event.ObjectLogEvent>
<org.drools.audit.event.ActivationLogEvent>
  <type>7</type>
  <activationId>Example [80, 0]</activationId>
  <rule>Example</rule>
  <declarations>$newEvent0=com.sample.model.Event@7686b376(80)</declarations>
</org.drools.audit.event.ActivationLogEvent>
<org.drools.audit.event.ActivationLogEvent>
  <type>6</type>
  <activationId>Example2 [81]</activationId>
  <rule>Example2</rule>
  <declarations>$newEvent=com.sample.model.Event@db2e44d(81)</declarations>
</org.drools.audit.event.ActivationLogEvent>
<org.drools.audit.event.ActivationLogEvent>
  <type>7</type>
  <activationId>Example2 [81]</activationId>
  <rule>Example2</rule>
  <declarations>$newEvent=com.sample.model.Event@db2e44d(81)</declarations>
</org.drools.audit.event.ActivationLogEvent>
<org.drools.audit.event.ObjectLogEvent>
  <type>1</type>
  <factId>82</factId>
  <objectToString>com.sample.model.Event@5baa8241</objectToString>
</org.drools.audit.event.ObjectLogEvent>
<org.drools.audit.event.ActivationLogEvent>
  <type>4</type>
  <activationId>Example [82, 0]</activationId>
  <rule>Example</rule>
  <declarations>$newEvent0=com.sample.model.Event@5baa8241(82)</declarations>
</org.drools.audit.event.ActivationLogEvent>
<org.drools.audit.event.ActivationLogEvent>
  <type>4</type>
  <activationId>HelloWorld [82, 0]</activationId>
  <rule>HelloWorld</rule>
  <declarations>$newEvent=com.sample.model.Event@5baa8241(82)</declarations>
</org.drools.audit.event.ActivationLogEvent>
<org.drools.audit.event.ActivationLogEvent>
  <type>6</type>
  <activationId>HelloWorld [82, 0]</activationId>
  <rule>HelloWorld</rule>
  <declarations>$newEvent=com.sample.model.Event@5baa8241(82)</declarations>
</org.drools.audit.event.ActivationLogEvent>
<org.drools.audit.event.ActivationLogEvent>
  <type>7</type>
  <activationId>HelloWorld [82, 0]</activationId>
  <rule>HelloWorld</rule>
  <declarations>$newEvent=com.sample.model.Event@5baa8241(82)</declarations>
</org.drools.audit.event.ActivationLogEvent>
<org.drools.audit.event.ActivationLogEvent>
  <type>6</type>
  <activationId>Example [82, 0]</activationId>
  <rule>Example</rule>
  <declarations>$newEvent0=com.sample.model.Event@5baa8241(82)</declarations>
</org.drools.audit.event.ActivationLogEvent>
<org.drools.audit.event.ActivationLogEvent>
  <type>4</type>
  <activationId>Example2 [83]</activationId>
  <rule>Example2</rule>
  <declarations>$newEvent=com.sample.model.Event@6b6c14c0(83)</declarations>
</org.drools.audit.event.ActivationLogEvent>
<org.drools.audit.event.ObjectLogEvent>
  <type>1</type>
  <factId>83</factId>
  <objectToString>com.sample.model.Event@6b6c14c0</objectToString>
</org.drools.audit.event.ObjectLogEvent>
<org.drools.audit.event.ActivationLogEvent>
  <type>7</type>
  <activationId>Example [82, 0]</activationId>
  <rule>Example</rule>
  <declarations>$newEvent0=com.sample.model.Event@5baa8241(82)</declarations>
</org.drools.audit.event.ActivationLogEvent>
<org.drools.audit.event.ActivationLogEvent>
  <type>6</type>
  <activationId>Example2 [83]</activationId>
  <rule>Example2</rule>
  <declarations>$newEvent=com.sample.model.Event@6b6c14c0(83)</declarations>
</org.drools.audit.event.ActivationLogEvent>
<org.drools.audit.event.ActivationLogEvent>
  <type>7</type>
  <activationId>Example2 [83]</activationId>
  <rule>Example2</rule>
  <declarations>$newEvent=com.sample.model.Event@6b6c14c0(83)</declarations>
</org.drools.audit.event.ActivationLogEvent>
<org.drools.audit.event.ObjectLogEvent>
  <type>1</type>
  <factId>84</factId>
  <objectToString>com.sample.model.Event@4c68059</objectToString>
</org.drools.audit.event.ObjectLogEvent>
<org.drools.audit.event.ActivationLogEvent>
  <type>4</type>
  <activationId>Example [84, 0]</activationId>
  <rule>Example</rule>
  <declarations>$newEvent0=com.sample.model.Event@4c68059(84)</declarations>
</org.drools.audit.event.ActivationLogEvent>
<org.drools.audit.event.ActivationLogEvent>
  <type>4</type>
  <activationId>HelloWorld [84, 0]</activationId>
  <rule>HelloWorld</rule>
  <declarations>$newEvent=com.sample.model.Event@4c68059(84)</declarations>
</org.drools.audit.event.ActivationLogEvent>
<org.drools.audit.event.ActivationLogEvent>
  <type>6</type>
  <activationId>HelloWorld [84, 0]</activationId>
  <rule>HelloWorld</rule>
  <declarations>$newEvent=com.sample.model.Event@4c68059(84)</declarations>
</org.drools.audit.event.ActivationLogEvent>
<org.drools.audit.event.ActivationLogEvent>
  <type>7</type>
  <activationId>HelloWorld [84, 0]</activationId>
  <rule>HelloWorld</rule>
  <declarations>$newEvent=com.sample.model.Event@4c68059(84)</declarations>
</org.drools.audit.event.ActivationLogEvent>
<org.drools.audit.event.ActivationLogEvent>
  <type>6</type>
  <activationId>Example [84, 0]</activationId>
  <rule>Example</rule>
  <declarations>$newEvent0=com.sample.model.Event@4c68059(84)</declarations>
</org.drools.audit.event.ActivationLogEvent>
<org.drools.audit.event.ActivationLogEvent>
  <type>4</type>
  <activationId>Example2 [85]</activationId>
  <rule>Example2</rule>
  <declarations>$newEvent=com.sample.model.Event@52f9cbe5(85)</declarations>
</org.drools.audit.event.ActivationLogEvent>
<org.drools.audit.event.ObjectLogEvent>
  <type>1</type>
  <factId>85</factId>
  <objectToString>com.sample.model.Event@52f9cbe5</objectToString>
</org.drools.audit.event.ObjectLogEvent>
<org.drools.audit.event.ActivationLogEvent>
  <type>7</type>
  <activationId>Example [84, 0]</activationId>
  <rule>Example</rule>
  <declarations>$newEvent0=com.sample.model.Event@4c68059(84)</declarations>
</org.drools.audit.event.ActivationLogEvent>
<org.drools.audit.event.ActivationLogEvent>
  <type>6</type>
  <activationId>Example2 [85]</activationId>
  <rule>Example2</rule>
  <declarations>$newEvent=com.sample.model.Event@52f9cbe5(85)</declarations>
</org.drools.audit.event.ActivationLogEvent>
<org.drools.audit.event.ActivationLogEvent>
  <type>7</type>
  <activationId>Example2 [85]</activationId>
  <rule>Example2</rule>
  <declarations>$newEvent=com.sample.model.Event@52f9cbe5(85)</declarations>
</org.drools.audit.event.ActivationLogEvent>
<org.drools.audit.event.ObjectLogEvent>
  <type>1</type>
  <factId>86</factId>
  <objectToString>com.sample.model.Event@1b2ede8</objectToString>
</org.drools.audit.event.ObjectLogEvent>
<org.drools.audit.event.ActivationLogEvent>
  <type>4</type>
  <activationId>Example [86, 0]</activationId>
  <rule>Example</rule>
  <declarations>$newEvent0=com.sample.model.Event@1b2ede8(86)</declarations>
</org.drools.audit.event.ActivationLogEvent>
<org.drools.audit.event.ActivationLogEvent>
  <type>6</type>
  <activationId>Example [86, 0]</activationId>
  <rule>Example</rule>
  <declarations>$newEvent0=com.sample.model.Event@1b2ede8(86)</declarations>
</org.drools.audit.event.ActivationLogEvent>
<org.drools.audit.event.ActivationLogEvent>
  <type>4</type>
  <activationId>HelloWorld [86, 0]</activationId>
  <rule>HelloWorld</rule>
  <declarations>$newEvent=com.sample.model.Event@1b2ede8(86)</declarations>
</org.drools.audit.event.ActivationLogEvent>
<org.drools.audit.event.ActivationLogEvent>
  <type>4</type>
  <activationId>Example2 [87]</activationId>
  <rule>Example2</rule>
  <declarations>$newEvent=com.sample.model.Event@a211b37(87)</declarations>
</org.drools.audit.event.ActivationLogEvent>
<org.drools.audit.event.ObjectLogEvent>
  <type>1</type>
  <factId>87</factId>
  <objectToString>com.sample.model.Event@a211b37</objectToString>
</org.drools.audit.event.ObjectLogEvent>
<org.drools.audit.event.ActivationLogEvent>
  <type>7</type>
  <activationId>Example [86, 0]</activationId>
  <rule>Example</rule>
  <declarations>$newEvent0=com.sample.model.Event@1b2ede8(86)</declarations>
</org.drools.audit.event.ActivationLogEvent>
<org.drools.audit.event.ActivationLogEvent>
  <type>6</type>
  <activationId>Example2 [87]</activationId>
  <rule>Example2</rule>
  <declarations>$newEvent=com.sample.model.Event@a211b37(87)</declarations>
</org.drools.audit.event.ActivationLogEvent>
<org.drools.audit.event.ActivationLogEvent>
  <type>7</type>
  <activationId>Example2 [87]</activationId>
  <rule>Example2</rule>
  <declarations>$newEvent=com.sample.model.Event@a211b37(87)</declarations>
</org.drools.audit.event.ActivationLogEvent>
<org.drools.audit.event.ActivationLogEvent>
  <type>6</type>
  <activationId>HelloWorld [86, 0]</activationId>
  <rule>HelloWorld</rule>
  <declarations>$newEvent=com.sample.model.Event@1b2ede8(86)</declarations>
</org.drools.audit.event.ActivationLogEvent>
<org.drools.audit.event.ActivationLogEvent>
  <type>7</type>
  <activationId>HelloWorld [86, 0]</activationId>
  <rule>HelloWorld</rule>
  <declarations>$newEvent=com.sample.model.Event@1b2ede8(86)</declarations>
</org.drools.audit.event.ActivationLogEvent>
<org.drools.audit.event.ObjectLogEvent>
  <type>1</type>
  <factId>88</factId>
  <objectToString>com.sample.model.Event@381bd13</objectToString>
</org.drools.audit.event.ObjectLogEvent>
<org.drools.audit.event.ActivationLogEvent>
  <type>4</type>
  <activationId>Example [88, 0]</activationId>
  <rule>Example</rule>
  <declarations>$newEvent0=com.sample.model.Event@381bd13(88)</declarations>
</org.drools.audit.event.ActivationLogEvent>
<org.drools.audit.event.ActivationLogEvent>
  <type>4</type>
  <activationId>HelloWorld [88, 0]</activationId>
  <rule>HelloWorld</rule>
  <declarations>$newEvent=com.sample.model.Event@381bd13(88)</declarations>
</org.drools.audit.event.ActivationLogEvent>
<org.drools.audit.event.ActivationLogEvent>
  <type>6</type>
  <activationId>HelloWorld [88, 0]</activationId>
  <rule>HelloWorld</rule>
  <declarations>$newEvent=com.sample.model.Event@381bd13(88)</declarations>
</org.drools.audit.event.ActivationLogEvent>
<org.drools.audit.event.ActivationLogEvent>
  <type>7</type>
  <activationId>HelloWorld [88, 0]</activationId>
  <rule>HelloWorld</rule>
  <declarations>$newEvent=com.sample.model.Event@381bd13(88)</declarations>
</org.drools.audit.event.ActivationLogEvent>
<org.drools.audit.event.ActivationLogEvent>
  <type>6</type>
  <activationId>Example [88, 0]</activationId>
  <rule>Example</rule>
  <declarations>$newEvent0=com.sample.model.Event@381bd13(88)</declarations>
</org.drools.audit.event.ActivationLogEvent>
<org.drools.audit.event.ActivationLogEvent>
  <type>4</type>
  <activationId>Example2 [89]</activationId>
  <rule>Example2</rule>
  <declarations>$newEvent=com.sample.model.Event@7051630a(89)</declarations>
</org.drools.audit.event.ActivationLogEvent>
<org.drools.audit.event.ObjectLogEvent>
  <type>1</type>
  <factId>89</factId>
  <objectToString>com.sample.model.Event@7051630a</objectToString>
</org.drools.audit.event.ObjectLogEvent>
<org.drools.audit.event.ActivationLogEvent>
  <type>7</type>
  <activationId>Example [88, 0]</activationId>
  <rule>Example</rule>
  <declarations>$newEvent0=com.sample.model.Event@381bd13(88)</declarations>
</org.drools.audit.event.ActivationLogEvent>
<org.drools.audit.event.ActivationLogEvent>
  <type>6</type>
  <activationId>Example2 [89]</activationId>
  <rule>Example2</rule>
  <declarations>$newEvent=com.sample.model.Event@7051630a(89)</declarations>
</org.drools.audit.event.ActivationLogEvent>
<org.drools.audit.event.ActivationLogEvent>
  <type>7</type>
  <activationId>Example2 [89]</activationId>
  <rule>Example2</rule>
  <declarations>$newEvent=com.sample.model.Event@7051630a(89)</declarations>
</org.drools.audit.event.ActivationLogEvent>
<org.drools.audit.event.ObjectLogEvent>
  <type>1</type>
  <factId>90</factId>
  <objectToString>com.sample.model.Event@6f3d5f21</objectToString>
</org.drools.audit.event.ObjectLogEvent>
<org.drools.audit.event.ActivationLogEvent>
  <type>4</type>
  <activationId>Example [90, 0]</activationId>
  <rule>Example</rule>
  <declarations>$newEvent0=com.sample.model.Event@6f3d5f21(90)</declarations>
</org.drools.audit.event.ActivationLogEvent>
<org.drools.audit.event.ActivationLogEvent>
  <type>4</type>
  <activationId>HelloWorld [90, 0]</activationId>
  <rule>HelloWorld</rule>
  <declarations>$newEvent=com.sample.model.Event@6f3d5f21(90)</declarations>
</org.drools.audit.event.ActivationLogEvent>
<org.drools.audit.event.ActivationLogEvent>
  <type>6</type>
  <activationId>HelloWorld [90, 0]</activationId>
  <rule>HelloWorld</rule>
  <declarations>$newEvent=com.sample.model.Event@6f3d5f21(90)</declarations>
</org.drools.audit.event.ActivationLogEvent>
<org.drools.audit.event.ActivationLogEvent>
  <type>7</type>
  <activationId>HelloWorld [90, 0]</activationId>
  <rule>HelloWorld</rule>
  <declarations>$newEvent=com.sample.model.Event@6f3d5f21(90)</declarations>
</org.drools.audit.event.ActivationLogEvent>
<org.drools.audit.event.ActivationLogEvent>
  <type>6</type>
  <activationId>Example [90, 0]</activationId>
  <rule>Example</rule>
  <declarations>$newEvent0=com.sample.model.Event@6f3d5f21(90)</declarations>
</org.drools.audit.event.ActivationLogEvent>
<org.drools.audit.event.ActivationLogEvent>
  <type>4</type>
  <activationId>Example2 [91]</activationId>
  <rule>Example2</rule>
  <declarations>$newEvent=com.sample.model.Event@448be1c9(91)</declarations>
</org.drools.audit.event.ActivationLogEvent>
<org.drools.audit.event.ObjectLogEvent>
  <type>1</type>
  <factId>91</factId>
  <objectToString>com.sample.model.Event@448be1c9</objectToString>
</org.drools.audit.event.ObjectLogEvent>
<org.drools.audit.event.ActivationLogEvent>
  <type>7</type>
  <activationId>Example [90, 0]</activationId>
  <rule>Example</rule>
  <declarations>$newEvent0=com.sample.model.Event@6f3d5f21(90)</declarations>
</org.drools.audit.event.ActivationLogEvent>
<org.drools.audit.event.ActivationLogEvent>
  <type>6</type>
  <activationId>Example2 [91]</activationId>
  <rule>Example2</rule>
  <declarations>$newEvent=com.sample.model.Event@448be1c9(91)</declarations>
</org.drools.audit.event.ActivationLogEvent>
<org.drools.audit.event.ActivationLogEvent>
  <type>7</type>
  <activationId>Example2 [91]</activationId>
  <rule>Example2</rule>
  <declarations>$newEvent=com.sample.model.Event@448be1c9(91)</declarations>
</org.drools.audit.event.ActivationLogEvent>
<org.drools.audit.event.ObjectLogEvent>
  <type>1</type>
  <factId>92</factId>
  <objectToString>com.sample.model.Event@3b947647</objectToString>
</org.drools.audit.event.ObjectLogEvent>
<org.drools.audit.event.ActivationLogEvent>
  <type>4</type>
  <activationId>Example [92, 0]</activationId>
  <rule>Example</rule>
  <declarations>$newEvent0=com.sample.model.Event@3b947647(92)</declarations>
</org.drools.audit.event.ActivationLogEvent>
<org.drools.audit.event.ActivationLogEvent>
  <type>4</type>
  <activationId>HelloWorld [92, 0]</activationId>
  <rule>HelloWorld</rule>
  <declarations>$newEvent=com.sample.model.Event@3b947647(92)</declarations>
</org.drools.audit.event.ActivationLogEvent>
<org.drools.audit.event.ActivationLogEvent>
  <type>6</type>
  <activationId>HelloWorld [92, 0]</activationId>
  <rule>HelloWorld</rule>
  <declarations>$newEvent=com.sample.model.Event@3b947647(92)</declarations>
</org.drools.audit.event.ActivationLogEvent>
<org.drools.audit.event.ActivationLogEvent>
  <type>7</type>
  <activationId>HelloWorld [92, 0]</activationId>
  <rule>HelloWorld</rule>
  <declarations>$newEvent=com.sample.model.Event@3b947647(92)</declarations>
</org.drools.audit.event.ActivationLogEvent>
<org.drools.audit.event.ActivationLogEvent>
  <type>6</type>
  <activationId>Example [92, 0]</activationId>
  <rule>Example</rule>
  <declarations>$newEvent0=com.sample.model.Event@3b947647(92)</declarations>
</org.drools.audit.event.ActivationLogEvent>
<org.drools.audit.event.ActivationLogEvent>
  <type>4</type>
  <activationId>Example2 [93]</activationId>
  <rule>Example2</rule>
  <declarations>$newEvent=com.sample.model.Event@10bfb545(93)</declarations>
</org.drools.audit.event.ActivationLogEvent>
<org.drools.audit.event.ObjectLogEvent>
  <type>1</type>
  <factId>93</factId>
  <objectToString>com.sample.model.Event@10bfb545</objectToString>
</org.drools.audit.event.ObjectLogEvent>
<org.drools.audit.event.ActivationLogEvent>
  <type>7</type>
  <activationId>Example [92, 0]</activationId>
  <rule>Example</rule>
  <declarations>$newEvent0=com.sample.model.Event@3b947647(92)</declarations>
</org.drools.audit.event.ActivationLogEvent>
<org.drools.audit.event.ActivationLogEvent>
  <type>6</type>
  <activationId>Example2 [93]</activationId>
  <rule>Example2</rule>
  <declarations>$newEvent=com.sample.model.Event@10bfb545(93)</declarations>
</org.drools.audit.event.ActivationLogEvent>
<org.drools.audit.event.ActivationLogEvent>
  <type>7</type>
  <activationId>Example2 [93]</activationId>
  <rule>Example2</rule>
  <declarations>$newEvent=com.sample.model.Event@10bfb545(93)</declarations>
</org.drools.audit.event.ActivationLogEvent>
<org.drools.audit.event.ObjectLogEvent>
  <type>1</type>
  <factId>94</factId>
  <objectToString>com.sample.model.Event@d6d46d7</objectToString>
</org.drools.audit.event.ObjectLogEvent>
<org.drools.audit.event.ActivationLogEvent>
  <type>4</type>
  <activationId>Example [94, 0]</activationId>
  <rule>Example</rule>
  <declarations>$newEvent0=com.sample.model.Event@d6d46d7(94)</declarations>
</org.drools.audit.event.ActivationLogEvent>
<org.drools.audit.event.ActivationLogEvent>
  <type>4</type>
  <activationId>HelloWorld [94, 0]</activationId>
  <rule>HelloWorld</rule>
  <declarations>$newEvent=com.sample.model.Event@d6d46d7(94)</declarations>
</org.drools.audit.event.ActivationLogEvent>
<org.drools.audit.event.ActivationLogEvent>
  <type>6</type>
  <activationId>HelloWorld [94, 0]</activationId>
  <rule>HelloWorld</rule>
  <declarations>$newEvent=com.sample.model.Event@d6d46d7(94)</declarations>
</org.drools.audit.event.ActivationLogEvent>
<org.drools.audit.event.ActivationLogEvent>
  <type>7</type>
  <activationId>HelloWorld [94, 0]</activationId>
  <rule>HelloWorld</rule>
  <declarations>$newEvent=com.sample.model.Event@d6d46d7(94)</declarations>
</org.drools.audit.event.ActivationLogEvent>
<org.drools.audit.event.ActivationLogEvent>
  <type>6</type>
  <activationId>Example [94, 0]</activationId>
  <rule>Example</rule>
  <declarations>$newEvent0=com.sample.model.Event@d6d46d7(94)</declarations>
</org.drools.audit.event.ActivationLogEvent>
<org.drools.audit.event.ActivationLogEvent>
  <type>4</type>
  <activationId>Example2 [95]</activationId>
  <rule>Example2</rule>
  <declarations>$newEvent=com.sample.model.Event@f6a8823(95)</declarations>
</org.drools.audit.event.ActivationLogEvent>
<org.drools.audit.event.ObjectLogEvent>
  <type>1</type>
  <factId>95</factId>
  <objectToString>com.sample.model.Event@f6a8823</objectToString>
</org.drools.audit.event.ObjectLogEvent>
<org.drools.audit.event.ActivationLogEvent>
  <type>7</type>
  <activationId>Example [94, 0]</activationId>
  <rule>Example</rule>
  <declarations>$newEvent0=com.sample.model.Event@d6d46d7(94)</declarations>
</org.drools.audit.event.ActivationLogEvent>
<org.drools.audit.event.ActivationLogEvent>
  <type>6</type>
  <activationId>Example2 [95]</activationId>
  <rule>Example2</rule>
  <declarations>$newEvent=com.sample.model.Event@f6a8823(95)</declarations>
</org.drools.audit.event.ActivationLogEvent>
<org.drools.audit.event.ActivationLogEvent>
  <type>7</type>
  <activationId>Example2 [95]</activationId>
  <rule>Example2</rule>
  <declarations>$newEvent=com.sample.model.Event@f6a8823(95)</declarations>
</org.drools.audit.event.ActivationLogEvent>
<org.drools.audit.event.ActivationLogEvent>
  <type>4</type>
  <activationId>Example [96, 0]</activationId>
  <rule>Example</rule>
  <declarations>$newEvent0=com.sample.model.Event@1b0fb9bd(96)</declarations>
</org.drools.audit.event.ActivationLogEvent>
<org.drools.audit.event.ObjectLogEvent>
  <type>1</type>
  <factId>96</factId>
  <objectToString>com.sample.model.Event@1b0fb9bd</objectToString>
</org.drools.audit.event.ObjectLogEvent>
<org.drools.audit.event.ActivationLogEvent>
  <type>4</type>
  <activationId>HelloWorld [96, 0]</activationId>
  <rule>HelloWorld</rule>
  <declarations>$newEvent=com.sample.model.Event@1b0fb9bd(96)</declarations>
</org.drools.audit.event.ActivationLogEvent>
<org.drools.audit.event.ActivationLogEvent>
  <type>6</type>
  <activationId>HelloWorld [96, 0]</activationId>
  <rule>HelloWorld</rule>
  <declarations>$newEvent=com.sample.model.Event@1b0fb9bd(96)</declarations>
</org.drools.audit.event.ActivationLogEvent>
<org.drools.audit.event.ActivationLogEvent>
  <type>7</type>
  <activationId>HelloWorld [96, 0]</activationId>
  <rule>HelloWorld</rule>
  <declarations>$newEvent=com.sample.model.Event@1b0fb9bd(96)</declarations>
</org.drools.audit.event.ActivationLogEvent>
<org.drools.audit.event.ActivationLogEvent>
  <type>6</type>
  <activationId>Example [96, 0]</activationId>
  <rule>Example</rule>
  <declarations>$newEvent0=com.sample.model.Event@1b0fb9bd(96)</declarations>
</org.drools.audit.event.ActivationLogEvent>
<org.drools.audit.event.ActivationLogEvent>
  <type>4</type>
  <activationId>Example2 [97]</activationId>
  <rule>Example2</rule>
  <declarations>$newEvent=com.sample.model.Event@3bad0d89(97)</declarations>
</org.drools.audit.event.ActivationLogEvent>
<org.drools.audit.event.ObjectLogEvent>
  <type>1</type>
  <factId>97</factId>
  <objectToString>com.sample.model.Event@3bad0d89</objectToString>
</org.drools.audit.event.ObjectLogEvent>
<org.drools.audit.event.ActivationLogEvent>
  <type>7</type>
  <activationId>Example [96, 0]</activationId>
  <rule>Example</rule>
  <declarations>$newEvent0=com.sample.model.Event@1b0fb9bd(96)</declarations>
</org.drools.audit.event.ActivationLogEvent>
<org.drools.audit.event.ActivationLogEvent>
  <type>6</type>
  <activationId>Example2 [97]</activationId>
  <rule>Example2</rule>
  <declarations>$newEvent=com.sample.model.Event@3bad0d89(97)</declarations>
</org.drools.audit.event.ActivationLogEvent>
<org.drools.audit.event.ActivationLogEvent>
  <type>7</type>
  <activationId>Example2 [97]</activationId>
  <rule>Example2</rule>
  <declarations>$newEvent=com.sample.model.Event@3bad0d89(97)</declarations>
</org.drools.audit.event.ActivationLogEvent>
<org.drools.audit.event.ObjectLogEvent>
  <type>1</type>
  <factId>98</factId>
  <objectToString>com.sample.model.Event@5e53bbfa</objectToString>
</org.drools.audit.event.ObjectLogEvent>
<org.drools.audit.event.ActivationLogEvent>
  <type>4</type>
  <activationId>Example [98, 0]</activationId>
  <rule>Example</rule>
  <declarations>$newEvent0=com.sample.model.Event@5e53bbfa(98)</declarations>
</org.drools.audit.event.ActivationLogEvent>
<org.drools.audit.event.ActivationLogEvent>
  <type>4</type>
  <activationId>HelloWorld [98, 0]</activationId>
  <rule>HelloWorld</rule>
  <declarations>$newEvent=com.sample.model.Event@5e53bbfa(98)</declarations>
</org.drools.audit.event.ActivationLogEvent>
<org.drools.audit.event.ActivationLogEvent>
  <type>6</type>
  <activationId>HelloWorld [98, 0]</activationId>
  <rule>HelloWorld</rule>
  <declarations>$newEvent=com.sample.model.Event@5e53bbfa(98)</declarations>
</org.drools.audit.event.ActivationLogEvent>
<org.drools.audit.event.ActivationLogEvent>
  <type>7</type>
  <activationId>HelloWorld [98, 0]</activationId>
  <rule>HelloWorld</rule>
  <declarations>$newEvent=com.sample.model.Event@5e53bbfa(98)</declarations>
</org.drools.audit.event.ActivationLogEvent>
<org.drools.audit.event.ActivationLogEvent>
  <type>6</type>
  <activationId>Example [98, 0]</activationId>
  <rule>Example</rule>
  <declarations>$newEvent0=com.sample.model.Event@5e53bbfa(98)</declarations>
</org.drools.audit.event.ActivationLogEvent>
<org.drools.audit.event.ActivationLogEvent>
  <type>4</type>
  <activationId>Example2 [99]</activationId>
  <rule>Example2</rule>
  <declarations>$newEvent=com.sample.model.Event@14cef147(99)</declarations>
</org.drools.audit.event.ActivationLogEvent>
<org.drools.audit.event.ObjectLogEvent>
  <type>1</type>
  <factId>99</factId>
  <objectToString>com.sample.model.Event@14cef147</objectToString>
</org.drools.audit.event.ObjectLogEvent>
<org.drools.audit.event.ActivationLogEvent>
  <type>7</type>
  <activationId>Example [98, 0]</activationId>
  <rule>Example</rule>
  <declarations>$newEvent0=com.sample.model.Event@5e53bbfa(98)</declarations>
</org.drools.audit.event.ActivationLogEvent>
<org.drools.audit.event.ActivationLogEvent>
  <type>6</type>
  <activationId>Example2 [99]</activationId>
  <rule>Example2</rule>
  <declarations>$newEvent=com.sample.model.Event@14cef147(99)</declarations>
</org.drools.audit.event.ActivationLogEvent>
<org.drools.audit.event.ActivationLogEvent>
  <type>7</type>
  <activationId>Example2 [99]</activationId>
  <rule>Example2</rule>
  <declarations>$newEvent=com.sample.model.Event@14cef147(99)</declarations>
</org.drools.audit.event.ActivationLogEvent>
<org.drools.audit.event.ObjectLogEvent>
  <type>1</type>
  <factId>100</factId>
  <objectToString>com.sample.model.Event@1e4276fd</objectToString>
</org.drools.audit.event.ObjectLogEvent>
<org.drools.audit.event.ActivationLogEvent>
  <type>4</type>
  <activationId>Example [100, 0]</activationId>
  <rule>Example</rule>
  <declarations>$newEvent0=com.sample.model.Event@1e4276fd(100)</declarations>
</org.drools.audit.event.ActivationLogEvent>
<org.drools.audit.event.ActivationLogEvent>
  <type>6</type>
  <activationId>Example [100, 0]</activationId>
  <rule>Example</rule>
  <declarations>$newEvent0=com.sample.model.Event@1e4276fd(100)</declarations>
</org.drools.audit.event.ActivationLogEvent>
<org.drools.audit.event.ActivationLogEvent>
  <type>4</type>
  <activationId>HelloWorld [100, 0]</activationId>
  <rule>HelloWorld</rule>
  <declarations>$newEvent=com.sample.model.Event@1e4276fd(100)</declarations>
</org.drools.audit.event.ActivationLogEvent>
<org.drools.audit.event.ActivationLogEvent>
  <type>4</type>
  <activationId>Example2 [101]</activationId>
  <rule>Example2</rule>
  <declarations>$newEvent=com.sample.model.Event@1d91eb90(101)</declarations>
</org.drools.audit.event.ActivationLogEvent>
<org.drools.audit.event.ObjectLogEvent>
  <type>1</type>
  <factId>101</factId>
  <objectToString>com.sample.model.Event@1d91eb90</objectToString>
</org.drools.audit.event.ObjectLogEvent>
<org.drools.audit.event.ActivationLogEvent>
  <type>7</type>
  <activationId>Example [100, 0]</activationId>
  <rule>Example</rule>
  <declarations>$newEvent0=com.sample.model.Event@1e4276fd(100)</declarations>
</org.drools.audit.event.ActivationLogEvent>
<org.drools.audit.event.ActivationLogEvent>
  <type>6</type>
  <activationId>Example2 [101]</activationId>
  <rule>Example2</rule>
  <declarations>$newEvent=com.sample.model.Event@1d91eb90(101)</declarations>
</org.drools.audit.event.ActivationLogEvent>
<org.drools.audit.event.ActivationLogEvent>
  <type>7</type>
  <activationId>Example2 [101]</activationId>
  <rule>Example2</rule>
  <declarations>$newEvent=com.sample.model.Event@1d91eb90(101)</declarations>
</org.drools.audit.event.ActivationLogEvent>
<org.drools.audit.event.ActivationLogEvent>
  <type>6</type>
  <activationId>HelloWorld [100, 0]</activationId>
  <rule>HelloWorld</rule>
  <declarations>$newEvent=com.sample.model.Event@1e4276fd(100)</declarations>
</org.drools.audit.event.ActivationLogEvent>
<org.drools.audit.event.ActivationLogEvent>
  <type>7</type>
  <activationId>HelloWorld [100, 0]</activationId>
  <rule>HelloWorld</rule>
  <declarations>$newEvent=com.sample.model.Event@1e4276fd(100)</declarations>
</org.drools.audit.event.ActivationLogEvent>
<org.drools.audit.event.ObjectLogEvent>
  <type>1</type>
  <factId>102</factId>
  <objectToString>com.sample.model.Event@57004a1a</objectToString>
</org.drools.audit.event.ObjectLogEvent>
<org.drools.audit.event.ActivationLogEvent>
  <type>4</type>
  <activationId>Example [102, 0]</activationId>
  <rule>Example</rule>
  <declarations>$newEvent0=com.sample.model.Event@57004a1a(102)</declarations>
</org.drools.audit.event.ActivationLogEvent>
<org.drools.audit.event.ActivationLogEvent>
  <type>4</type>
  <activationId>HelloWorld [102, 0]</activationId>
  <rule>HelloWorld</rule>
  <declarations>$newEvent=com.sample.model.Event@57004a1a(102)</declarations>
</org.drools.audit.event.ActivationLogEvent>
<org.drools.audit.event.ActivationLogEvent>
  <type>6</type>
  <activationId>HelloWorld [102, 0]</activationId>
  <rule>HelloWorld</rule>
  <declarations>$newEvent=com.sample.model.Event@57004a1a(102)</declarations>
</org.drools.audit.event.ActivationLogEvent>
<org.drools.audit.event.ActivationLogEvent>
  <type>7</type>
  <activationId>HelloWorld [102, 0]</activationId>
  <rule>HelloWorld</rule>
  <declarations>$newEvent=com.sample.model.Event@57004a1a(102)</declarations>
</org.drools.audit.event.ActivationLogEvent>
<org.drools.audit.event.ActivationLogEvent>
  <type>6</type>
  <activationId>Example [102, 0]</activationId>
  <rule>Example</rule>
  <declarations>$newEvent0=com.sample.model.Event@57004a1a(102)</declarations>
</org.drools.audit.event.ActivationLogEvent>
<org.drools.audit.event.ActivationLogEvent>
  <type>4</type>
  <activationId>Example2 [103]</activationId>
  <rule>Example2</rule>
  <declarations>$newEvent=com.sample.model.Event@153d4c49(103)</declarations>
</org.drools.audit.event.ActivationLogEvent>
<org.drools.audit.event.ObjectLogEvent>
  <type>1</type>
  <factId>103</factId>
  <objectToString>com.sample.model.Event@153d4c49</objectToString>
</org.drools.audit.event.ObjectLogEvent>
<org.drools.audit.event.ActivationLogEvent>
  <type>7</type>
  <activationId>Example [102, 0]</activationId>
  <rule>Example</rule>
  <declarations>$newEvent0=com.sample.model.Event@57004a1a(102)</declarations>
</org.drools.audit.event.ActivationLogEvent>
<org.drools.audit.event.ActivationLogEvent>
  <type>6</type>
  <activationId>Example2 [103]</activationId>
  <rule>Example2</rule>
  <declarations>$newEvent=com.sample.model.Event@153d4c49(103)</declarations>
</org.drools.audit.event.ActivationLogEvent>
<org.drools.audit.event.ActivationLogEvent>
  <type>7</type>
  <activationId>Example2 [103]</activationId>
  <rule>Example2</rule>
  <declarations>$newEvent=com.sample.model.Event@153d4c49(103)</declarations>
</org.drools.audit.event.ActivationLogEvent>
<org.drools.audit.event.ObjectLogEvent>
  <type>1</type>
  <factId>104</factId>
  <objectToString>com.sample.model.Event@6b064b80</objectToString>
</org.drools.audit.event.ObjectLogEvent>
<org.drools.audit.event.ActivationLogEvent>
  <type>4</type>
  <activationId>Example [104, 0]</activationId>
  <rule>Example</rule>
  <declarations>$newEvent0=com.sample.model.Event@6b064b80(104)</declarations>
</org.drools.audit.event.ActivationLogEvent>
<org.drools.audit.event.ActivationLogEvent>
  <type>4</type>
  <activationId>HelloWorld [104, 0]</activationId>
  <rule>HelloWorld</rule>
  <declarations>$newEvent=com.sample.model.Event@6b064b80(104)</declarations>
</org.drools.audit.event.ActivationLogEvent>
<org.drools.audit.event.ActivationLogEvent>
  <type>6</type>
  <activationId>HelloWorld [104, 0]</activationId>
  <rule>HelloWorld</rule>
  <declarations>$newEvent=com.sample.model.Event@6b064b80(104)</declarations>
</org.drools.audit.event.ActivationLogEvent>
<org.drools.audit.event.ActivationLogEvent>
  <type>7</type>
  <activationId>HelloWorld [104, 0]</activationId>
  <rule>HelloWorld</rule>
  <declarations>$newEvent=com.sample.model.Event@6b064b80(104)</declarations>
</org.drools.audit.event.ActivationLogEvent>
<org.drools.audit.event.ActivationLogEvent>
  <type>6</type>
  <activationId>Example [104, 0]</activationId>
  <rule>Example</rule>
  <declarations>$newEvent0=com.sample.model.Event@6b064b80(104)</declarations>
</org.drools.audit.event.ActivationLogEvent>
<org.drools.audit.event.ActivationLogEvent>
  <type>4</type>
  <activationId>Example2 [105]</activationId>
  <rule>Example2</rule>
  <declarations>$newEvent=com.sample.model.Event@591bfcbe(105)</declarations>
</org.drools.audit.event.ActivationLogEvent>
<org.drools.audit.event.ObjectLogEvent>
  <type>1</type>
  <factId>105</factId>
  <objectToString>com.sample.model.Event@591bfcbe</objectToString>
</org.drools.audit.event.ObjectLogEvent>
<org.drools.audit.event.ActivationLogEvent>
  <type>7</type>
  <activationId>Example [104, 0]</activationId>
  <rule>Example</rule>
  <declarations>$newEvent0=com.sample.model.Event@6b064b80(104)</declarations>
</org.drools.audit.event.ActivationLogEvent>
<org.drools.audit.event.ActivationLogEvent>
  <type>6</type>
  <activationId>Example2 [105]</activationId>
  <rule>Example2</rule>
  <declarations>$newEvent=com.sample.model.Event@591bfcbe(105)</declarations>
</org.drools.audit.event.ActivationLogEvent>
<org.drools.audit.event.ActivationLogEvent>
  <type>7</type>
  <activationId>Example2 [105]</activationId>
  <rule>Example2</rule>
  <declarations>$newEvent=com.sample.model.Event@591bfcbe(105)</declarations>
</org.drools.audit.event.ActivationLogEvent>
<org.drools.audit.event.ObjectLogEvent>
  <type>1</type>
  <factId>106</factId>
  <objectToString>com.sample.model.Event@3c6e4ba6</objectToString>
</org.drools.audit.event.ObjectLogEvent>
<org.drools.audit.event.ActivationLogEvent>
  <type>4</type>
  <activationId>Example [106, 0]</activationId>
  <rule>Example</rule>
  <declarations>$newEvent0=com.sample.model.Event@3c6e4ba6(106)</declarations>
</org.drools.audit.event.ActivationLogEvent>
<org.drools.audit.event.ActivationLogEvent>
  <type>4</type>
  <activationId>HelloWorld [106, 0]</activationId>
  <rule>HelloWorld</rule>
  <declarations>$newEvent=com.sample.model.Event@3c6e4ba6(106)</declarations>
</org.drools.audit.event.ActivationLogEvent>
<org.drools.audit.event.ActivationLogEvent>
  <type>6</type>
  <activationId>HelloWorld [106, 0]</activationId>
  <rule>HelloWorld</rule>
  <declarations>$newEvent=com.sample.model.Event@3c6e4ba6(106)</declarations>
</org.drools.audit.event.ActivationLogEvent>
<org.drools.audit.event.ActivationLogEvent>
  <type>7</type>
  <activationId>HelloWorld [106, 0]</activationId>
  <rule>HelloWorld</rule>
  <declarations>$newEvent=com.sample.model.Event@3c6e4ba6(106)</declarations>
</org.drools.audit.event.ActivationLogEvent>
<org.drools.audit.event.ActivationLogEvent>
  <type>6</type>
  <activationId>Example [106, 0]</activationId>
  <rule>Example</rule>
  <declarations>$newEvent0=com.sample.model.Event@3c6e4ba6(106)</declarations>
</org.drools.audit.event.ActivationLogEvent>
<org.drools.audit.event.ActivationLogEvent>
  <type>4</type>
  <activationId>Example2 [107]</activationId>
  <rule>Example2</rule>
  <declarations>$newEvent=com.sample.model.Event@5afc0f5(107)</declarations>
</org.drools.audit.event.ActivationLogEvent>
<org.drools.audit.event.ObjectLogEvent>
  <type>1</type>
  <factId>107</factId>
  <objectToString>com.sample.model.Event@5afc0f5</objectToString>
</org.drools.audit.event.ObjectLogEvent>
<org.drools.audit.event.ActivationLogEvent>
  <type>7</type>
  <activationId>Example [106, 0]</activationId>
  <rule>Example</rule>
  <declarations>$newEvent0=com.sample.model.Event@3c6e4ba6(106)</declarations>
</org.drools.audit.event.ActivationLogEvent>
<org.drools.audit.event.ActivationLogEvent>
  <type>6</type>
  <activationId>Example2 [107]</activationId>
  <rule>Example2</rule>
  <declarations>$newEvent=com.sample.model.Event@5afc0f5(107)</declarations>
</org.drools.audit.event.ActivationLogEvent>
<org.drools.audit.event.ActivationLogEvent>
  <type>7</type>
  <activationId>Example2 [107]</activationId>
  <rule>Example2</rule>
  <declarations>$newEvent=com.sample.model.Event@5afc0f5(107)</declarations>
</org.drools.audit.event.ActivationLogEvent>
<org.drools.audit.event.ObjectLogEvent>
  <type>1</type>
  <factId>108</factId>
  <objectToString>com.sample.model.Event@6e9c2192</objectToString>
</org.drools.audit.event.ObjectLogEvent>
<org.drools.audit.event.ActivationLogEvent>
  <type>4</type>
  <activationId>Example [108, 0]</activationId>
  <rule>Example</rule>
  <declarations>$newEvent0=com.sample.model.Event@6e9c2192(108)</declarations>
</org.drools.audit.event.ActivationLogEvent>
<org.drools.audit.event.ActivationLogEvent>
  <type>4</type>
  <activationId>HelloWorld [108, 0]</activationId>
  <rule>HelloWorld</rule>
  <declarations>$newEvent=com.sample.model.Event@6e9c2192(108)</declarations>
</org.drools.audit.event.ActivationLogEvent>
<org.drools.audit.event.ActivationLogEvent>
  <type>6</type>
  <activationId>HelloWorld [108, 0]</activationId>
  <rule>HelloWorld</rule>
  <declarations>$newEvent=com.sample.model.Event@6e9c2192(108)</declarations>
</org.drools.audit.event.ActivationLogEvent>
<org.drools.audit.event.ActivationLogEvent>
  <type>7</type>
  <activationId>HelloWorld [108, 0]</activationId>
  <rule>HelloWorld</rule>
  <declarations>$newEvent=com.sample.model.Event@6e9c2192(108)</declarations>
</org.drools.audit.event.ActivationLogEvent>
<org.drools.audit.event.ActivationLogEvent>
  <type>6</type>
  <activationId>Example [108, 0]</activationId>
  <rule>Example</rule>
  <declarations>$newEvent0=com.sample.model.Event@6e9c2192(108)</declarations>
</org.drools.audit.event.ActivationLogEvent>
<org.drools.audit.event.ActivationLogEvent>
  <type>4</type>
  <activationId>Example2 [109]</activationId>
  <rule>Example2</rule>
  <declarations>$newEvent=com.sample.model.Event@3f2f529b(109)</declarations>
</org.drools.audit.event.ActivationLogEvent>
<org.drools.audit.event.ObjectLogEvent>
  <type>1</type>
  <factId>109</factId>
  <objectToString>com.sample.model.Event@3f2f529b</objectToString>
</org.drools.audit.event.ObjectLogEvent>
<org.drools.audit.event.ActivationLogEvent>
  <type>7</type>
  <activationId>Example [108, 0]</activationId>
  <rule>Example</rule>
  <declarations>$newEvent0=com.sample.model.Event@6e9c2192(108)</declarations>
</org.drools.audit.event.ActivationLogEvent>
<org.drools.audit.event.ActivationLogEvent>
  <type>6</type>
  <activationId>Example2 [109]</activationId>
  <rule>Example2</rule>
  <declarations>$newEvent=com.sample.model.Event@3f2f529b(109)</declarations>
</org.drools.audit.event.ActivationLogEvent>
<org.drools.audit.event.ActivationLogEvent>
  <type>7</type>
  <activationId>Example2 [109]</activationId>
  <rule>Example2</rule>
  <declarations>$newEvent=com.sample.model.Event@3f2f529b(109)</declarations>
</org.drools.audit.event.ActivationLogEvent>
<org.drools.audit.event.ObjectLogEvent>
  <type>1</type>
  <factId>110</factId>
  <objectToString>com.sample.model.Event@468034b6</objectToString>
</org.drools.audit.event.ObjectLogEvent>
<org.drools.audit.event.ActivationLogEvent>
  <type>4</type>
  <activationId>Example [110, 0]</activationId>
  <rule>Example</rule>
  <declarations>$newEvent0=com.sample.model.Event@468034b6(110)</declarations>
</org.drools.audit.event.ActivationLogEvent>
<org.drools.audit.event.ActivationLogEvent>
  <type>4</type>
  <activationId>HelloWorld [110, 0]</activationId>
  <rule>HelloWorld</rule>
  <declarations>$newEvent=com.sample.model.Event@468034b6(110)</declarations>
</org.drools.audit.event.ActivationLogEvent>
<org.drools.audit.event.ActivationLogEvent>
  <type>6</type>
  <activationId>HelloWorld [110, 0]</activationId>
  <rule>HelloWorld</rule>
  <declarations>$newEvent=com.sample.model.Event@468034b6(110)</declarations>
</org.drools.audit.event.ActivationLogEvent>
<org.drools.audit.event.ActivationLogEvent>
  <type>7</type>
  <activationId>HelloWorld [110, 0]</activationId>
  <rule>HelloWorld</rule>
  <declarations>$newEvent=com.sample.model.Event@468034b6(110)</declarations>
</org.drools.audit.event.ActivationLogEvent>
<org.drools.audit.event.ActivationLogEvent>
  <type>6</type>
  <activationId>Example [110, 0]</activationId>
  <rule>Example</rule>
  <declarations>$newEvent0=com.sample.model.Event@468034b6(110)</declarations>
</org.drools.audit.event.ActivationLogEvent>
<org.drools.audit.event.ActivationLogEvent>
  <type>4</type>
  <activationId>Example2 [111]</activationId>
  <rule>Example2</rule>
  <declarations>$newEvent=com.sample.model.Event@640ce0bb(111)</declarations>
</org.drools.audit.event.ActivationLogEvent>
<org.drools.audit.event.ObjectLogEvent>
  <type>1</type>
  <factId>111</factId>
  <objectToString>com.sample.model.Event@640ce0bb</objectToString>
</org.drools.audit.event.ObjectLogEvent>
<org.drools.audit.event.ActivationLogEvent>
  <type>7</type>
  <activationId>Example [110, 0]</activationId>
  <rule>Example</rule>
  <declarations>$newEvent0=com.sample.model.Event@468034b6(110)</declarations>
</org.drools.audit.event.ActivationLogEvent>
<org.drools.audit.event.ActivationLogEvent>
  <type>6</type>
  <activationId>Example2 [111]</activationId>
  <rule>Example2</rule>
  <declarations>$newEvent=com.sample.model.Event@640ce0bb(111)</declarations>
</org.drools.audit.event.ActivationLogEvent>
<org.drools.audit.event.ActivationLogEvent>
  <type>7</type>
  <activationId>Example2 [111]</activationId>
  <rule>Example2</rule>
  <declarations>$newEvent=com.sample.model.Event@640ce0bb(111)</declarations>
</org.drools.audit.event.ActivationLogEvent>
<org.drools.audit.event.ObjectLogEvent>
  <type>1</type>
  <factId>112</factId>
  <objectToString>com.sample.model.Event@976484e</objectToString>
</org.drools.audit.event.ObjectLogEvent>
<org.drools.audit.event.ActivationLogEvent>
  <type>4</type>
  <activationId>Example [112, 0]</activationId>
  <rule>Example</rule>
  <declarations>$newEvent0=com.sample.model.Event@976484e(112)</declarations>
</org.drools.audit.event.ActivationLogEvent>
<org.drools.audit.event.ActivationLogEvent>
  <type>4</type>
  <activationId>HelloWorld [112, 0]</activationId>
  <rule>HelloWorld</rule>
  <declarations>$newEvent=com.sample.model.Event@976484e(112)</declarations>
</org.drools.audit.event.ActivationLogEvent>
<org.drools.audit.event.ActivationLogEvent>
  <type>6</type>
  <activationId>HelloWorld [112, 0]</activationId>
  <rule>HelloWorld</rule>
  <declarations>$newEvent=com.sample.model.Event@976484e(112)</declarations>
</org.drools.audit.event.ActivationLogEvent>
<org.drools.audit.event.ActivationLogEvent>
  <type>7</type>
  <activationId>HelloWorld [112, 0]</activationId>
  <rule>HelloWorld</rule>
  <declarations>$newEvent=com.sample.model.Event@976484e(112)</declarations>
</org.drools.audit.event.ActivationLogEvent>
<org.drools.audit.event.ActivationLogEvent>
  <type>6</type>
  <activationId>Example [112, 0]</activationId>
  <rule>Example</rule>
  <declarations>$newEvent0=com.sample.model.Event@976484e(112)</declarations>
</org.drools.audit.event.ActivationLogEvent>
<org.drools.audit.event.ActivationLogEvent>
  <type>4</type>
  <activationId>Example2 [113]</activationId>
  <rule>Example2</rule>
  <declarations>$newEvent=com.sample.model.Event@72e5c94(113)</declarations>
</org.drools.audit.event.ActivationLogEvent>
<org.drools.audit.event.ObjectLogEvent>
  <type>1</type>
  <factId>113</factId>
  <objectToString>com.sample.model.Event@72e5c94</objectToString>
</org.drools.audit.event.ObjectLogEvent>
<org.drools.audit.event.ActivationLogEvent>
  <type>7</type>
  <activationId>Example [112, 0]</activationId>
  <rule>Example</rule>
  <declarations>$newEvent0=com.sample.model.Event@976484e(112)</declarations>
</org.drools.audit.event.ActivationLogEvent>
<org.drools.audit.event.ActivationLogEvent>
  <type>6</type>
  <activationId>Example2 [113]</activationId>
  <rule>Example2</rule>
  <declarations>$newEvent=com.sample.model.Event@72e5c94(113)</declarations>
</org.drools.audit.event.ActivationLogEvent>
<org.drools.audit.event.ActivationLogEvent>
  <type>7</type>
  <activationId>Example2 [113]</activationId>
  <rule>Example2</rule>
  <declarations>$newEvent=com.sample.model.Event@72e5c94(113)</declarations>
</org.drools.audit.event.ActivationLogEvent>
<org.drools.audit.event.ObjectLogEvent>
  <type>1</type>
  <factId>114</factId>
  <objectToString>com.sample.model.Event@74bffc3a</objectToString>
</org.drools.audit.event.ObjectLogEvent>
<org.drools.audit.event.ActivationLogEvent>
  <type>4</type>
  <activationId>Example [114, 0]</activationId>
  <rule>Example</rule>
  <declarations>$newEvent0=com.sample.model.Event@74bffc3a(114)</declarations>
</org.drools.audit.event.ActivationLogEvent>
<org.drools.audit.event.ActivationLogEvent>
  <type>4</type>
  <activationId>HelloWorld [114, 0]</activationId>
  <rule>HelloWorld</rule>
  <declarations>$newEvent=com.sample.model.Event@74bffc3a(114)</declarations>
</org.drools.audit.event.ActivationLogEvent>
<org.drools.audit.event.ActivationLogEvent>
  <type>6</type>
  <activationId>HelloWorld [114, 0]</activationId>
  <rule>HelloWorld</rule>
  <declarations>$newEvent=com.sample.model.Event@74bffc3a(114)</declarations>
</org.drools.audit.event.ActivationLogEvent>
<org.drools.audit.event.ActivationLogEvent>
  <type>7</type>
  <activationId>HelloWorld [114, 0]</activationId>
  <rule>HelloWorld</rule>
  <declarations>$newEvent=com.sample.model.Event@74bffc3a(114)</declarations>
</org.drools.audit.event.ActivationLogEvent>
<org.drools.audit.event.ActivationLogEvent>
  <type>6</type>
  <activationId>Example [114, 0]</activationId>
  <rule>Example</rule>
  <declarations>$newEvent0=com.sample.model.Event@74bffc3a(114)</declarations>
</org.drools.audit.event.ActivationLogEvent>
<org.drools.audit.event.ActivationLogEvent>
  <type>4</type>
  <activationId>Example2 [115]</activationId>
  <rule>Example2</rule>
  <declarations>$newEvent=com.sample.model.Event@6fb8fcdd(115)</declarations>
</org.drools.audit.event.ActivationLogEvent>
<org.drools.audit.event.ObjectLogEvent>
  <type>1</type>
  <factId>115</factId>
  <objectToString>com.sample.model.Event@6fb8fcdd</objectToString>
</org.drools.audit.event.ObjectLogEvent>
<org.drools.audit.event.ActivationLogEvent>
  <type>7</type>
  <activationId>Example [114, 0]</activationId>
  <rule>Example</rule>
  <declarations>$newEvent0=com.sample.model.Event@74bffc3a(114)</declarations>
</org.drools.audit.event.ActivationLogEvent>
<org.drools.audit.event.ActivationLogEvent>
  <type>6</type>
  <activationId>Example2 [115]</activationId>
  <rule>Example2</rule>
  <declarations>$newEvent=com.sample.model.Event@6fb8fcdd(115)</declarations>
</org.drools.audit.event.ActivationLogEvent>
<org.drools.audit.event.ActivationLogEvent>
  <type>7</type>
  <activationId>Example2 [115]</activationId>
  <rule>Example2</rule>
  <declarations>$newEvent=com.sample.model.Event@6fb8fcdd(115)</declarations>
</org.drools.audit.event.ActivationLogEvent>
<org.drools.audit.event.ObjectLogEvent>
  <type>1</type>
  <factId>116</factId>
  <objectToString>com.sample.model.Event@59e14a78</objectToString>
</org.drools.audit.event.ObjectLogEvent>
<org.drools.audit.event.ActivationLogEvent>
  <type>4</type>
  <activationId>Example [116, 0]</activationId>
  <rule>Example</rule>
  <declarations>$newEvent0=com.sample.model.Event@59e14a78(116)</declarations>
</org.drools.audit.event.ActivationLogEvent>
<org.drools.audit.event.ActivationLogEvent>
  <type>4</type>
  <activationId>HelloWorld [116, 0]</activationId>
  <rule>HelloWorld</rule>
  <declarations>$newEvent=com.sample.model.Event@59e14a78(116)</declarations>
</org.drools.audit.event.ActivationLogEvent>
<org.drools.audit.event.ActivationLogEvent>
  <type>6</type>
  <activationId>Example [116, 0]</activationId>
  <rule>Example</rule>
  <declarations>$newEvent0=com.sample.model.Event@59e14a78(116)</declarations>
</org.drools.audit.event.ActivationLogEvent>
<org.drools.audit.event.ActivationLogEvent>
  <type>4</type>
  <activationId>Example2 [117]</activationId>
  <rule>Example2</rule>
  <declarations>$newEvent=com.sample.model.Event@55e03a61(117)</declarations>
</org.drools.audit.event.ActivationLogEvent>
<org.drools.audit.event.ObjectLogEvent>
  <type>1</type>
  <factId>117</factId>
  <objectToString>com.sample.model.Event@55e03a61</objectToString>
</org.drools.audit.event.ObjectLogEvent>
<org.drools.audit.event.ActivationLogEvent>
  <type>7</type>
  <activationId>Example [116, 0]</activationId>
  <rule>Example</rule>
  <declarations>$newEvent0=com.sample.model.Event@59e14a78(116)</declarations>
</org.drools.audit.event.ActivationLogEvent>
<org.drools.audit.event.ActivationLogEvent>
  <type>6</type>
  <activationId>Example2 [117]</activationId>
  <rule>Example2</rule>
  <declarations>$newEvent=com.sample.model.Event@55e03a61(117)</declarations>
</org.drools.audit.event.ActivationLogEvent>
<org.drools.audit.event.ActivationLogEvent>
  <type>7</type>
  <activationId>Example2 [117]</activationId>
  <rule>Example2</rule>
  <declarations>$newEvent=com.sample.model.Event@55e03a61(117)</declarations>
</org.drools.audit.event.ActivationLogEvent>
<org.drools.audit.event.ActivationLogEvent>
  <type>6</type>
  <activationId>HelloWorld [116, 0]</activationId>
  <rule>HelloWorld</rule>
  <declarations>$newEvent=com.sample.model.Event@59e14a78(116)</declarations>
</org.drools.audit.event.ActivationLogEvent>
<org.drools.audit.event.ActivationLogEvent>
  <type>7</type>
  <activationId>HelloWorld [116, 0]</activationId>
  <rule>HelloWorld</rule>
  <declarations>$newEvent=com.sample.model.Event@59e14a78(116)</declarations>
</org.drools.audit.event.ActivationLogEvent>
<org.drools.audit.event.ObjectLogEvent>
  <type>1</type>
  <factId>118</factId>
  <objectToString>com.sample.model.Event@7418e252</objectToString>
</org.drools.audit.event.ObjectLogEvent>
<org.drools.audit.event.ActivationLogEvent>
  <type>4</type>
  <activationId>Example [118, 0]</activationId>
  <rule>Example</rule>
  <declarations>$newEvent0=com.sample.model.Event@7418e252(118)</declarations>
</org.drools.audit.event.ActivationLogEvent>
<org.drools.audit.event.ActivationLogEvent>
  <type>4</type>
  <activationId>HelloWorld [118, 0]</activationId>
  <rule>HelloWorld</rule>
  <declarations>$newEvent=com.sample.model.Event@7418e252(118)</declarations>
</org.drools.audit.event.ActivationLogEvent>
<org.drools.audit.event.ActivationLogEvent>
  <type>6</type>
  <activationId>HelloWorld [118, 0]</activationId>
  <rule>HelloWorld</rule>
  <declarations>$newEvent=com.sample.model.Event@7418e252(118)</declarations>
</org.drools.audit.event.ActivationLogEvent>
<org.drools.audit.event.ActivationLogEvent>
  <type>7</type>
  <activationId>HelloWorld [118, 0]</activationId>
  <rule>HelloWorld</rule>
  <declarations>$newEvent=com.sample.model.Event@7418e252(118)</declarations>
</org.drools.audit.event.ActivationLogEvent>
<org.drools.audit.event.ActivationLogEvent>
  <type>6</type>
  <activationId>Example [118, 0]</activationId>
  <rule>Example</rule>
  <declarations>$newEvent0=com.sample.model.Event@7418e252(118)</declarations>
</org.drools.audit.event.ActivationLogEvent>
<org.drools.audit.event.ActivationLogEvent>
  <type>4</type>
  <activationId>Example2 [119]</activationId>
  <rule>Example2</rule>
  <declarations>$newEvent=com.sample.model.Event@4e850e8c(119)</declarations>
</org.drools.audit.event.ActivationLogEvent>
<org.drools.audit.event.ObjectLogEvent>
  <type>1</type>
  <factId>119</factId>
  <objectToString>com.sample.model.Event@4e850e8c</objectToString>
</org.drools.audit.event.ObjectLogEvent>
<org.drools.audit.event.ActivationLogEvent>
  <type>7</type>
  <activationId>Example [118, 0]</activationId>
  <rule>Example</rule>
  <declarations>$newEvent0=com.sample.model.Event@7418e252(118)</declarations>
</org.drools.audit.event.ActivationLogEvent>
<org.drools.audit.event.ActivationLogEvent>
  <type>6</type>
  <activationId>Example2 [119]</activationId>
  <rule>Example2</rule>
  <declarations>$newEvent=com.sample.model.Event@4e850e8c(119)</declarations>
</org.drools.audit.event.ActivationLogEvent>
<org.drools.audit.event.ActivationLogEvent>
  <type>7</type>
  <activationId>Example2 [119]</activationId>
  <rule>Example2</rule>
  <declarations>$newEvent=com.sample.model.Event@4e850e8c(119)</declarations>
</org.drools.audit.event.ActivationLogEvent>
<org.drools.audit.event.ObjectLogEvent>
  <type>1</type>
  <factId>120</factId>
  <objectToString>com.sample.model.Event@17e319a</objectToString>
</org.drools.audit.event.ObjectLogEvent>
<org.drools.audit.event.ActivationLogEvent>
  <type>4</type>
  <activationId>Example [120, 0]</activationId>
  <rule>Example</rule>
  <declarations>$newEvent0=com.sample.model.Event@17e319a(120)</declarations>
</org.drools.audit.event.ActivationLogEvent>
<org.drools.audit.event.ActivationLogEvent>
  <type>4</type>
  <activationId>HelloWorld [120, 0]</activationId>
  <rule>HelloWorld</rule>
  <declarations>$newEvent=com.sample.model.Event@17e319a(120)</declarations>
</org.drools.audit.event.ActivationLogEvent>
<org.drools.audit.event.ActivationLogEvent>
  <type>6</type>
  <activationId>HelloWorld [120, 0]</activationId>
  <rule>HelloWorld</rule>
  <declarations>$newEvent=com.sample.model.Event@17e319a(120)</declarations>
</org.drools.audit.event.ActivationLogEvent>
<org.drools.audit.event.ActivationLogEvent>
  <type>7</type>
  <activationId>HelloWorld [120, 0]</activationId>
  <rule>HelloWorld</rule>
  <declarations>$newEvent=com.sample.model.Event@17e319a(120)</declarations>
</org.drools.audit.event.ActivationLogEvent>
<org.drools.audit.event.ActivationLogEvent>
  <type>6</type>
  <activationId>Example [120, 0]</activationId>
  <rule>Example</rule>
  <declarations>$newEvent0=com.sample.model.Event@17e319a(120)</declarations>
</org.drools.audit.event.ActivationLogEvent>
<org.drools.audit.event.ActivationLogEvent>
  <type>4</type>
  <activationId>Example2 [121]</activationId>
  <rule>Example2</rule>
  <declarations>$newEvent=com.sample.model.Event@15f7dbd8(121)</declarations>
</org.drools.audit.event.ActivationLogEvent>
<org.drools.audit.event.ObjectLogEvent>
  <type>1</type>
  <factId>121</factId>
  <objectToString>com.sample.model.Event@15f7dbd8</objectToString>
</org.drools.audit.event.ObjectLogEvent>
<org.drools.audit.event.ActivationLogEvent>
  <type>7</type>
  <activationId>Example [120, 0]</activationId>
  <rule>Example</rule>
  <declarations>$newEvent0=com.sample.model.Event@17e319a(120)</declarations>
</org.drools.audit.event.ActivationLogEvent>
<org.drools.audit.event.ActivationLogEvent>
  <type>6</type>
  <activationId>Example2 [121]</activationId>
  <rule>Example2</rule>
  <declarations>$newEvent=com.sample.model.Event@15f7dbd8(121)</declarations>
</org.drools.audit.event.ActivationLogEvent>
<org.drools.audit.event.ActivationLogEvent>
  <type>7</type>
  <activationId>Example2 [121]</activationId>
  <rule>Example2</rule>
  <declarations>$newEvent=com.sample.model.Event@15f7dbd8(121)</declarations>
</org.drools.audit.event.ActivationLogEvent>
<org.drools.audit.event.ObjectLogEvent>
  <type>1</type>
  <factId>122</factId>
  <objectToString>com.sample.model.Event@43824d2c</objectToString>
</org.drools.audit.event.ObjectLogEvent>
<org.drools.audit.event.ActivationLogEvent>
  <type>4</type>
  <activationId>Example [122, 0]</activationId>
  <rule>Example</rule>
  <declarations>$newEvent0=com.sample.model.Event@43824d2c(122)</declarations>
</org.drools.audit.event.ActivationLogEvent>
<org.drools.audit.event.ActivationLogEvent>
  <type>4</type>
  <activationId>HelloWorld [122, 0]</activationId>
  <rule>HelloWorld</rule>
  <declarations>$newEvent=com.sample.model.Event@43824d2c(122)</declarations>
</org.drools.audit.event.ActivationLogEvent>
<org.drools.audit.event.ActivationLogEvent>
  <type>6</type>
  <activationId>HelloWorld [122, 0]</activationId>
  <rule>HelloWorld</rule>
  <declarations>$newEvent=com.sample.model.Event@43824d2c(122)</declarations>
</org.drools.audit.event.ActivationLogEvent>
<org.drools.audit.event.ActivationLogEvent>
  <type>7</type>
  <activationId>HelloWorld [122, 0]</activationId>
  <rule>HelloWorld</rule>
  <declarations>$newEvent=com.sample.model.Event@43824d2c(122)</declarations>
</org.drools.audit.event.ActivationLogEvent>
<org.drools.audit.event.ActivationLogEvent>
  <type>6</type>
  <activationId>Example [122, 0]</activationId>
  <rule>Example</rule>
  <declarations>$newEvent0=com.sample.model.Event@43824d2c(122)</declarations>
</org.drools.audit.event.ActivationLogEvent>
<org.drools.audit.event.ActivationLogEvent>
  <type>4</type>
  <activationId>Example2 [123]</activationId>
  <rule>Example2</rule>
  <declarations>$newEvent=com.sample.model.Event@5ecfe500(123)</declarations>
</org.drools.audit.event.ActivationLogEvent>
<org.drools.audit.event.ObjectLogEvent>
  <type>1</type>
  <factId>123</factId>
  <objectToString>com.sample.model.Event@5ecfe500</objectToString>
</org.drools.audit.event.ObjectLogEvent>
<org.drools.audit.event.ActivationLogEvent>
  <type>7</type>
  <activationId>Example [122, 0]</activationId>
  <rule>Example</rule>
  <declarations>$newEvent0=com.sample.model.Event@43824d2c(122)</declarations>
</org.drools.audit.event.ActivationLogEvent>
<org.drools.audit.event.ActivationLogEvent>
  <type>6</type>
  <activationId>Example2 [123]</activationId>
  <rule>Example2</rule>
  <declarations>$newEvent=com.sample.model.Event@5ecfe500(123)</declarations>
</org.drools.audit.event.ActivationLogEvent>
<org.drools.audit.event.ActivationLogEvent>
  <type>7</type>
  <activationId>Example2 [123]</activationId>
  <rule>Example2</rule>
  <declarations>$newEvent=com.sample.model.Event@5ecfe500(123)</declarations>
</org.drools.audit.event.ActivationLogEvent>
<org.drools.audit.event.ObjectLogEvent>
  <type>1</type>
  <factId>124</factId>
  <objectToString>com.sample.model.Event@22c393a1</objectToString>
</org.drools.audit.event.ObjectLogEvent>
<org.drools.audit.event.ActivationLogEvent>
  <type>4</type>
  <activationId>Example [124, 0]</activationId>
  <rule>Example</rule>
  <declarations>$newEvent0=com.sample.model.Event@22c393a1(124)</declarations>
</org.drools.audit.event.ActivationLogEvent>
<org.drools.audit.event.ActivationLogEvent>
  <type>6</type>
  <activationId>Example [124, 0]</activationId>
  <rule>Example</rule>
  <declarations>$newEvent0=com.sample.model.Event@22c393a1(124)</declarations>
</org.drools.audit.event.ActivationLogEvent>
<org.drools.audit.event.ActivationLogEvent>
  <type>4</type>
  <activationId>HelloWorld [124, 0]</activationId>
  <rule>HelloWorld</rule>
  <declarations>$newEvent=com.sample.model.Event@22c393a1(124)</declarations>
</org.drools.audit.event.ActivationLogEvent>
<org.drools.audit.event.ActivationLogEvent>
  <type>4</type>
  <activationId>Example2 [125]</activationId>
  <rule>Example2</rule>
  <declarations>$newEvent=com.sample.model.Event@561140db(125)</declarations>
</org.drools.audit.event.ActivationLogEvent>
<org.drools.audit.event.ObjectLogEvent>
  <type>1</type>
  <factId>125</factId>
  <objectToString>com.sample.model.Event@561140db</objectToString>
</org.drools.audit.event.ObjectLogEvent>
<org.drools.audit.event.ActivationLogEvent>
  <type>7</type>
  <activationId>Example [124, 0]</activationId>
  <rule>Example</rule>
  <declarations>$newEvent0=com.sample.model.Event@22c393a1(124)</declarations>
</org.drools.audit.event.ActivationLogEvent>
<org.drools.audit.event.ActivationLogEvent>
  <type>6</type>
  <activationId>Example2 [125]</activationId>
  <rule>Example2</rule>
  <declarations>$newEvent=com.sample.model.Event@561140db(125)</declarations>
</org.drools.audit.event.ActivationLogEvent>
<org.drools.audit.event.ActivationLogEvent>
  <type>7</type>
  <activationId>Example2 [125]</activationId>
  <rule>Example2</rule>
  <declarations>$newEvent=com.sample.model.Event@561140db(125)</declarations>
</org.drools.audit.event.ActivationLogEvent>
<org.drools.audit.event.ActivationLogEvent>
  <type>6</type>
  <activationId>HelloWorld [124, 0]</activationId>
  <rule>HelloWorld</rule>
  <declarations>$newEvent=com.sample.model.Event@22c393a1(124)</declarations>
</org.drools.audit.event.ActivationLogEvent>
<org.drools.audit.event.ActivationLogEvent>
  <type>7</type>
  <activationId>HelloWorld [124, 0]</activationId>
  <rule>HelloWorld</rule>
  <declarations>$newEvent=com.sample.model.Event@22c393a1(124)</declarations>
</org.drools.audit.event.ActivationLogEvent>
<org.drools.audit.event.ObjectLogEvent>
  <type>1</type>
  <factId>126</factId>
  <objectToString>com.sample.model.Event@6b91602</objectToString>
</org.drools.audit.event.ObjectLogEvent>
<org.drools.audit.event.ActivationLogEvent>
  <type>4</type>
  <activationId>Example [126, 0]</activationId>
  <rule>Example</rule>
  <declarations>$newEvent0=com.sample.model.Event@6b91602(126)</declarations>
</org.drools.audit.event.ActivationLogEvent>
<org.drools.audit.event.ActivationLogEvent>
  <type>4</type>
  <activationId>HelloWorld [126, 0]</activationId>
  <rule>HelloWorld</rule>
  <declarations>$newEvent=com.sample.model.Event@6b91602(126)</declarations>
</org.drools.audit.event.ActivationLogEvent>
<org.drools.audit.event.ActivationLogEvent>
  <type>6</type>
  <activationId>HelloWorld [126, 0]</activationId>
  <rule>HelloWorld</rule>
  <declarations>$newEvent=com.sample.model.Event@6b91602(126)</declarations>
</org.drools.audit.event.ActivationLogEvent>
<org.drools.audit.event.ActivationLogEvent>
  <type>7</type>
  <activationId>HelloWorld [126, 0]</activationId>
  <rule>HelloWorld</rule>
  <declarations>$newEvent=com.sample.model.Event@6b91602(126)</declarations>
</org.drools.audit.event.ActivationLogEvent>
<org.drools.audit.event.ActivationLogEvent>
  <type>6</type>
  <activationId>Example [126, 0]</activationId>
  <rule>Example</rule>
  <declarations>$newEvent0=com.sample.model.Event@6b91602(126)</declarations>
</org.drools.audit.event.ActivationLogEvent>
<org.drools.audit.event.ActivationLogEvent>
  <type>4</type>
  <activationId>Example2 [127]</activationId>
  <rule>Example2</rule>
  <declarations>$newEvent=com.sample.model.Event@49c88f2b(127)</declarations>
</org.drools.audit.event.ActivationLogEvent>
<org.drools.audit.event.ObjectLogEvent>
  <type>1</type>
  <factId>127</factId>
  <objectToString>com.sample.model.Event@49c88f2b</objectToString>
</org.drools.audit.event.ObjectLogEvent>
<org.drools.audit.event.ActivationLogEvent>
  <type>7</type>
  <activationId>Example [126, 0]</activationId>
  <rule>Example</rule>
  <declarations>$newEvent0=com.sample.model.Event@6b91602(126)</declarations>
</org.drools.audit.event.ActivationLogEvent>
<org.drools.audit.event.ActivationLogEvent>
  <type>6</type>
  <activationId>Example2 [127]</activationId>
  <rule>Example2</rule>
  <declarations>$newEvent=com.sample.model.Event@49c88f2b(127)</declarations>
</org.drools.audit.event.ActivationLogEvent>
<org.drools.audit.event.ActivationLogEvent>
  <type>7</type>
  <activationId>Example2 [127]</activationId>
  <rule>Example2</rule>
  <declarations>$newEvent=com.sample.model.Event@49c88f2b(127)</declarations>
</org.drools.audit.event.ActivationLogEvent>
<org.drools.audit.event.ObjectLogEvent>
  <type>1</type>
  <factId>128</factId>
  <objectToString>com.sample.model.Event@e2f75e5</objectToString>
</org.drools.audit.event.ObjectLogEvent>
<org.drools.audit.event.ActivationLogEvent>
  <type>4</type>
  <activationId>Example [128, 0]</activationId>
  <rule>Example</rule>
  <declarations>$newEvent0=com.sample.model.Event@e2f75e5(128)</declarations>
</org.drools.audit.event.ActivationLogEvent>
<org.drools.audit.event.ActivationLogEvent>
  <type>4</type>
  <activationId>HelloWorld [128, 0]</activationId>
  <rule>HelloWorld</rule>
  <declarations>$newEvent=com.sample.model.Event@e2f75e5(128)</declarations>
</org.drools.audit.event.ActivationLogEvent>
<org.drools.audit.event.ActivationLogEvent>
  <type>6</type>
  <activationId>HelloWorld [128, 0]</activationId>
  <rule>HelloWorld</rule>
  <declarations>$newEvent=com.sample.model.Event@e2f75e5(128)</declarations>
</org.drools.audit.event.ActivationLogEvent>
<org.drools.audit.event.ActivationLogEvent>
  <type>7</type>
  <activationId>HelloWorld [128, 0]</activationId>
  <rule>HelloWorld</rule>
  <declarations>$newEvent=com.sample.model.Event@e2f75e5(128)</declarations>
</org.drools.audit.event.ActivationLogEvent>
<org.drools.audit.event.ActivationLogEvent>
  <type>6</type>
  <activationId>Example [128, 0]</activationId>
  <rule>Example</rule>
  <declarations>$newEvent0=com.sample.model.Event@e2f75e5(128)</declarations>
</org.drools.audit.event.ActivationLogEvent>
<org.drools.audit.event.ActivationLogEvent>
  <type>4</type>
  <activationId>Example2 [129]</activationId>
  <rule>Example2</rule>
  <declarations>$newEvent=com.sample.model.Event@7aaf8b32(129)</declarations>
</org.drools.audit.event.ActivationLogEvent>
<org.drools.audit.event.ObjectLogEvent>
  <type>1</type>
  <factId>129</factId>
  <objectToString>com.sample.model.Event@7aaf8b32</objectToString>
</org.drools.audit.event.ObjectLogEvent>
<org.drools.audit.event.ActivationLogEvent>
  <type>7</type>
  <activationId>Example [128, 0]</activationId>
  <rule>Example</rule>
  <declarations>$newEvent0=com.sample.model.Event@e2f75e5(128)</declarations>
</org.drools.audit.event.ActivationLogEvent>
<org.drools.audit.event.ActivationLogEvent>
  <type>6</type>
  <activationId>Example2 [129]</activationId>
  <rule>Example2</rule>
  <declarations>$newEvent=com.sample.model.Event@7aaf8b32(129)</declarations>
</org.drools.audit.event.ActivationLogEvent>
<org.drools.audit.event.ActivationLogEvent>
  <type>7</type>
  <activationId>Example2 [129]</activationId>
  <rule>Example2</rule>
  <declarations>$newEvent=com.sample.model.Event@7aaf8b32(129)</declarations>
</org.drools.audit.event.ActivationLogEvent>
<org.drools.audit.event.ObjectLogEvent>
  <type>1</type>
  <factId>130</factId>
  <objectToString>com.sample.model.Event@dc44a6d</objectToString>
</org.drools.audit.event.ObjectLogEvent>
<org.drools.audit.event.ActivationLogEvent>
  <type>4</type>
  <activationId>Example [130, 0]</activationId>
  <rule>Example</rule>
  <declarations>$newEvent0=com.sample.model.Event@dc44a6d(130)</declarations>
</org.drools.audit.event.ActivationLogEvent>
<org.drools.audit.event.ActivationLogEvent>
  <type>4</type>
  <activationId>HelloWorld [130, 0]</activationId>
  <rule>HelloWorld</rule>
  <declarations>$newEvent=com.sample.model.Event@dc44a6d(130)</declarations>
</org.drools.audit.event.ActivationLogEvent>
<org.drools.audit.event.ActivationLogEvent>
  <type>6</type>
  <activationId>HelloWorld [130, 0]</activationId>
  <rule>HelloWorld</rule>
  <declarations>$newEvent=com.sample.model.Event@dc44a6d(130)</declarations>
</org.drools.audit.event.ActivationLogEvent>
<org.drools.audit.event.ActivationLogEvent>
  <type>7</type>
  <activationId>HelloWorld [130, 0]</activationId>
  <rule>HelloWorld</rule>
  <declarations>$newEvent=com.sample.model.Event@dc44a6d(130)</declarations>
</org.drools.audit.event.ActivationLogEvent>
<org.drools.audit.event.ActivationLogEvent>
  <type>6</type>
  <activationId>Example [130, 0]</activationId>
  <rule>Example</rule>
  <declarations>$newEvent0=com.sample.model.Event@dc44a6d(130)</declarations>
</org.drools.audit.event.ActivationLogEvent>
<org.drools.audit.event.ActivationLogEvent>
  <type>4</type>
  <activationId>Example2 [131]</activationId>
  <rule>Example2</rule>
  <declarations>$newEvent=com.sample.model.Event@7794566d(131)</declarations>
</org.drools.audit.event.ActivationLogEvent>
<org.drools.audit.event.ObjectLogEvent>
  <type>1</type>
  <factId>131</factId>
  <objectToString>com.sample.model.Event@7794566d</objectToString>
</org.drools.audit.event.ObjectLogEvent>
<org.drools.audit.event.ActivationLogEvent>
  <type>7</type>
  <activationId>Example [130, 0]</activationId>
  <rule>Example</rule>
  <declarations>$newEvent0=com.sample.model.Event@dc44a6d(130)</declarations>
</org.drools.audit.event.ActivationLogEvent>
<org.drools.audit.event.ActivationLogEvent>
  <type>6</type>
  <activationId>Example2 [131]</activationId>
  <rule>Example2</rule>
  <declarations>$newEvent=com.sample.model.Event@7794566d(131)</declarations>
</org.drools.audit.event.ActivationLogEvent>
<org.drools.audit.event.ActivationLogEvent>
  <type>7</type>
  <activationId>Example2 [131]</activationId>
  <rule>Example2</rule>
  <declarations>$newEvent=com.sample.model.Event@7794566d(131)</declarations>
</org.drools.audit.event.ActivationLogEvent>
<org.drools.audit.event.ObjectLogEvent>
  <type>1</type>
  <factId>132</factId>
  <objectToString>com.sample.model.Event@2bb64b70</objectToString>
</org.drools.audit.event.ObjectLogEvent>
<org.drools.audit.event.ActivationLogEvent>
  <type>4</type>
  <activationId>Example [132, 0]</activationId>
  <rule>Example</rule>
  <declarations>$newEvent0=com.sample.model.Event@2bb64b70(132)</declarations>
</org.drools.audit.event.ActivationLogEvent>
<org.drools.audit.event.ActivationLogEvent>
  <type>4</type>
  <activationId>HelloWorld [132, 0]</activationId>
  <rule>HelloWorld</rule>
  <declarations>$newEvent=com.sample.model.Event@2bb64b70(132)</declarations>
</org.drools.audit.event.ActivationLogEvent>
<org.drools.audit.event.ActivationLogEvent>
  <type>6</type>
  <activationId>HelloWorld [132, 0]</activationId>
  <rule>HelloWorld</rule>
  <declarations>$newEvent=com.sample.model.Event@2bb64b70(132)</declarations>
</org.drools.audit.event.ActivationLogEvent>
<org.drools.audit.event.ActivationLogEvent>
  <type>7</type>
  <activationId>HelloWorld [132, 0]</activationId>
  <rule>HelloWorld</rule>
  <declarations>$newEvent=com.sample.model.Event@2bb64b70(132)</declarations>
</org.drools.audit.event.ActivationLogEvent>
<org.drools.audit.event.ActivationLogEvent>
  <type>6</type>
  <activationId>Example [132, 0]</activationId>
  <rule>Example</rule>
  <declarations>$newEvent0=com.sample.model.Event@2bb64b70(132)</declarations>
</org.drools.audit.event.ActivationLogEvent>
<org.drools.audit.event.ActivationLogEvent>
  <type>4</type>
  <activationId>Example2 [133]</activationId>
  <rule>Example2</rule>
  <declarations>$newEvent=com.sample.model.Event@91456c5(133)</declarations>
</org.drools.audit.event.ActivationLogEvent>
<org.drools.audit.event.ObjectLogEvent>
  <type>1</type>
  <factId>133</factId>
  <objectToString>com.sample.model.Event@91456c5</objectToString>
</org.drools.audit.event.ObjectLogEvent>
<org.drools.audit.event.ActivationLogEvent>
  <type>7</type>
  <activationId>Example [132, 0]</activationId>
  <rule>Example</rule>
  <declarations>$newEvent0=com.sample.model.Event@2bb64b70(132)</declarations>
</org.drools.audit.event.ActivationLogEvent>
<org.drools.audit.event.ActivationLogEvent>
  <type>6</type>
  <activationId>Example2 [133]</activationId>
  <rule>Example2</rule>
  <declarations>$newEvent=com.sample.model.Event@91456c5(133)</declarations>
</org.drools.audit.event.ActivationLogEvent>
<org.drools.audit.event.ActivationLogEvent>
  <type>7</type>
  <activationId>Example2 [133]</activationId>
  <rule>Example2</rule>
  <declarations>$newEvent=com.sample.model.Event@91456c5(133)</declarations>
</org.drools.audit.event.ActivationLogEvent>
<org.drools.audit.event.ObjectLogEvent>
  <type>1</type>
  <factId>134</factId>
  <objectToString>com.sample.model.Event@164ca42b</objectToString>
</org.drools.audit.event.ObjectLogEvent>
<org.drools.audit.event.ActivationLogEvent>
  <type>4</type>
  <activationId>Example [134, 0]</activationId>
  <rule>Example</rule>
  <declarations>$newEvent0=com.sample.model.Event@164ca42b(134)</declarations>
</org.drools.audit.event.ActivationLogEvent>
<org.drools.audit.event.ActivationLogEvent>
  <type>4</type>
  <activationId>HelloWorld [134, 0]</activationId>
  <rule>HelloWorld</rule>
  <declarations>$newEvent=com.sample.model.Event@164ca42b(134)</declarations>
</org.drools.audit.event.ActivationLogEvent>
<org.drools.audit.event.ActivationLogEvent>
  <type>6</type>
  <activationId>HelloWorld [134, 0]</activationId>
  <rule>HelloWorld</rule>
  <declarations>$newEvent=com.sample.model.Event@164ca42b(134)</declarations>
</org.drools.audit.event.ActivationLogEvent>
<org.drools.audit.event.ActivationLogEvent>
  <type>7</type>
  <activationId>HelloWorld [134, 0]</activationId>
  <rule>HelloWorld</rule>
  <declarations>$newEvent=com.sample.model.Event@164ca42b(134)</declarations>
</org.drools.audit.event.ActivationLogEvent>
<org.drools.audit.event.ActivationLogEvent>
  <type>6</type>
  <activationId>Example [134, 0]</activationId>
  <rule>Example</rule>
  <declarations>$newEvent0=com.sample.model.Event@164ca42b(134)</declarations>
</org.drools.audit.event.ActivationLogEvent>
<org.drools.audit.event.ActivationLogEvent>
  <type>4</type>
  <activationId>Example2 [135]</activationId>
  <rule>Example2</rule>
  <declarations>$newEvent=com.sample.model.Event@4a393167(135)</declarations>
</org.drools.audit.event.ActivationLogEvent>
<org.drools.audit.event.ObjectLogEvent>
  <type>1</type>
  <factId>135</factId>
  <objectToString>com.sample.model.Event@4a393167</objectToString>
</org.drools.audit.event.ObjectLogEvent>
<org.drools.audit.event.ActivationLogEvent>
  <type>7</type>
  <activationId>Example [134, 0]</activationId>
  <rule>Example</rule>
  <declarations>$newEvent0=com.sample.model.Event@164ca42b(134)</declarations>
</org.drools.audit.event.ActivationLogEvent>
<org.drools.audit.event.ActivationLogEvent>
  <type>6</type>
  <activationId>Example2 [135]</activationId>
  <rule>Example2</rule>
  <declarations>$newEvent=com.sample.model.Event@4a393167(135)</declarations>
</org.drools.audit.event.ActivationLogEvent>
<org.drools.audit.event.ActivationLogEvent>
  <type>7</type>
  <activationId>Example2 [135]</activationId>
  <rule>Example2</rule>
  <declarations>$newEvent=com.sample.model.Event@4a393167(135)</declarations>
</org.drools.audit.event.ActivationLogEvent>
<org.drools.audit.event.ObjectLogEvent>
  <type>1</type>
  <factId>136</factId>
  <objectToString>com.sample.model.Event@70da8742</objectToString>
</org.drools.audit.event.ObjectLogEvent>
<org.drools.audit.event.ActivationLogEvent>
  <type>4</type>
  <activationId>Example [136, 0]</activationId>
  <rule>Example</rule>
  <declarations>$newEvent0=com.sample.model.Event@70da8742(136)</declarations>
</org.drools.audit.event.ActivationLogEvent>
<org.drools.audit.event.ActivationLogEvent>
  <type>4</type>
  <activationId>HelloWorld [136, 0]</activationId>
  <rule>HelloWorld</rule>
  <declarations>$newEvent=com.sample.model.Event@70da8742(136)</declarations>
</org.drools.audit.event.ActivationLogEvent>
<org.drools.audit.event.ActivationLogEvent>
  <type>6</type>
  <activationId>HelloWorld [136, 0]</activationId>
  <rule>HelloWorld</rule>
  <declarations>$newEvent=com.sample.model.Event@70da8742(136)</declarations>
</org.drools.audit.event.ActivationLogEvent>
<org.drools.audit.event.ActivationLogEvent>
  <type>7</type>
  <activationId>HelloWorld [136, 0]</activationId>
  <rule>HelloWorld</rule>
  <declarations>$newEvent=com.sample.model.Event@70da8742(136)</declarations>
</org.drools.audit.event.ActivationLogEvent>
<org.drools.audit.event.ActivationLogEvent>
  <type>6</type>
  <activationId>Example [136, 0]</activationId>
  <rule>Example</rule>
  <declarations>$newEvent0=com.sample.model.Event@70da8742(136)</declarations>
</org.drools.audit.event.ActivationLogEvent>
<org.drools.audit.event.ActivationLogEvent>
  <type>4</type>
  <activationId>Example2 [137]</activationId>
  <rule>Example2</rule>
  <declarations>$newEvent=com.sample.model.Event@627b5c(137)</declarations>
</org.drools.audit.event.ActivationLogEvent>
<org.drools.audit.event.ObjectLogEvent>
  <type>1</type>
  <factId>137</factId>
  <objectToString>com.sample.model.Event@627b5c</objectToString>
</org.drools.audit.event.ObjectLogEvent>
<org.drools.audit.event.ActivationLogEvent>
  <type>7</type>
  <activationId>Example [136, 0]</activationId>
  <rule>Example</rule>
  <declarations>$newEvent0=com.sample.model.Event@70da8742(136)</declarations>
</org.drools.audit.event.ActivationLogEvent>
<org.drools.audit.event.ActivationLogEvent>
  <type>6</type>
  <activationId>Example2 [137]</activationId>
  <rule>Example2</rule>
  <declarations>$newEvent=com.sample.model.Event@627b5c(137)</declarations>
</org.drools.audit.event.ActivationLogEvent>
<org.drools.audit.event.ActivationLogEvent>
  <type>7</type>
  <activationId>Example2 [137]</activationId>
  <rule>Example2</rule>
  <declarations>$newEvent=com.sample.model.Event@627b5c(137)</declarations>
</org.drools.audit.event.ActivationLogEvent>
<org.drools.audit.event.ObjectLogEvent>
  <type>1</type>
  <factId>138</factId>
  <objectToString>com.sample.model.Event@4190d536</objectToString>
</org.drools.audit.event.ObjectLogEvent>
<org.drools.audit.event.ActivationLogEvent>
  <type>4</type>
  <activationId>Example [138, 0]</activationId>
  <rule>Example</rule>
  <declarations>$newEvent0=com.sample.model.Event@4190d536(138)</declarations>
</org.drools.audit.event.ActivationLogEvent>
<org.drools.audit.event.ActivationLogEvent>
  <type>4</type>
  <activationId>HelloWorld [138, 0]</activationId>
  <rule>HelloWorld</rule>
  <declarations>$newEvent=com.sample.model.Event@4190d536(138)</declarations>
</org.drools.audit.event.ActivationLogEvent>
<org.drools.audit.event.ActivationLogEvent>
  <type>6</type>
  <activationId>HelloWorld [138, 0]</activationId>
  <rule>HelloWorld</rule>
  <declarations>$newEvent=com.sample.model.Event@4190d536(138)</declarations>
</org.drools.audit.event.ActivationLogEvent>
<org.drools.audit.event.ActivationLogEvent>
  <type>7</type>
  <activationId>HelloWorld [138, 0]</activationId>
  <rule>HelloWorld</rule>
  <declarations>$newEvent=com.sample.model.Event@4190d536(138)</declarations>
</org.drools.audit.event.ActivationLogEvent>
<org.drools.audit.event.ActivationLogEvent>
  <type>6</type>
  <activationId>Example [138, 0]</activationId>
  <rule>Example</rule>
  <declarations>$newEvent0=com.sample.model.Event@4190d536(138)</declarations>
</org.drools.audit.event.ActivationLogEvent>
<org.drools.audit.event.ActivationLogEvent>
  <type>4</type>
  <activationId>Example2 [139]</activationId>
  <rule>Example2</rule>
  <declarations>$newEvent=com.sample.model.Event@2d6acad2(139)</declarations>
</org.drools.audit.event.ActivationLogEvent>
<org.drools.audit.event.ObjectLogEvent>
  <type>1</type>
  <factId>139</factId>
  <objectToString>com.sample.model.Event@2d6acad2</objectToString>
</org.drools.audit.event.ObjectLogEvent>
<org.drools.audit.event.ActivationLogEvent>
  <type>7</type>
  <activationId>Example [138, 0]</activationId>
  <rule>Example</rule>
  <declarations>$newEvent0=com.sample.model.Event@4190d536(138)</declarations>
</org.drools.audit.event.ActivationLogEvent>
<org.drools.audit.event.ActivationLogEvent>
  <type>6</type>
  <activationId>Example2 [139]</activationId>
  <rule>Example2</rule>
  <declarations>$newEvent=com.sample.model.Event@2d6acad2(139)</declarations>
</org.drools.audit.event.ActivationLogEvent>
<org.drools.audit.event.ActivationLogEvent>
  <type>7</type>
  <activationId>Example2 [139]</activationId>
  <rule>Example2</rule>
  <declarations>$newEvent=com.sample.model.Event@2d6acad2(139)</declarations>
</org.drools.audit.event.ActivationLogEvent>
<org.drools.audit.event.ObjectLogEvent>
  <type>1</type>
  <factId>140</factId>
  <objectToString>com.sample.model.Event@3e29b849</objectToString>
</org.drools.audit.event.ObjectLogEvent>
<org.drools.audit.event.ActivationLogEvent>
  <type>4</type>
  <activationId>Example [140, 0]</activationId>
  <rule>Example</rule>
  <declarations>$newEvent0=com.sample.model.Event@3e29b849(140)</declarations>
</org.drools.audit.event.ActivationLogEvent>
<org.drools.audit.event.ActivationLogEvent>
  <type>4</type>
  <activationId>HelloWorld [140, 0]</activationId>
  <rule>HelloWorld</rule>
  <declarations>$newEvent=com.sample.model.Event@3e29b849(140)</declarations>
</org.drools.audit.event.ActivationLogEvent>
<org.drools.audit.event.ActivationLogEvent>
  <type>6</type>
  <activationId>HelloWorld [140, 0]</activationId>
  <rule>HelloWorld</rule>
  <declarations>$newEvent=com.sample.model.Event@3e29b849(140)</declarations>
</org.drools.audit.event.ActivationLogEvent>
<org.drools.audit.event.ActivationLogEvent>
  <type>7</type>
  <activationId>HelloWorld [140, 0]</activationId>
  <rule>HelloWorld</rule>
  <declarations>$newEvent=com.sample.model.Event@3e29b849(140)</declarations>
</org.drools.audit.event.ActivationLogEvent>
<org.drools.audit.event.ActivationLogEvent>
  <type>6</type>
  <activationId>Example [140, 0]</activationId>
  <rule>Example</rule>
  <declarations>$newEvent0=com.sample.model.Event@3e29b849(140)</declarations>
</org.drools.audit.event.ActivationLogEvent>
<org.drools.audit.event.ActivationLogEvent>
  <type>4</type>
  <activationId>Example2 [141]</activationId>
  <rule>Example2</rule>
  <declarations>$newEvent=com.sample.model.Event@1e3a4822(141)</declarations>
</org.drools.audit.event.ActivationLogEvent>
<org.drools.audit.event.ObjectLogEvent>
  <type>1</type>
  <factId>141</factId>
  <objectToString>com.sample.model.Event@1e3a4822</objectToString>
</org.drools.audit.event.ObjectLogEvent>
<org.drools.audit.event.ActivationLogEvent>
  <type>7</type>
  <activationId>Example [140, 0]</activationId>
  <rule>Example</rule>
  <declarations>$newEvent0=com.sample.model.Event@3e29b849(140)</declarations>
</org.drools.audit.event.ActivationLogEvent>
<org.drools.audit.event.ActivationLogEvent>
  <type>6</type>
  <activationId>Example2 [141]</activationId>
  <rule>Example2</rule>
  <declarations>$newEvent=com.sample.model.Event@1e3a4822(141)</declarations>
</org.drools.audit.event.ActivationLogEvent>
<org.drools.audit.event.ActivationLogEvent>
  <type>7</type>
  <activationId>Example2 [141]</activationId>
  <rule>Example2</rule>
  <declarations>$newEvent=com.sample.model.Event@1e3a4822(141)</declarations>
</org.drools.audit.event.ActivationLogEvent>
<org.drools.audit.event.ObjectLogEvent>
  <type>1</type>
  <factId>142</factId>
  <objectToString>com.sample.model.Event@455bfaf</objectToString>
</org.drools.audit.event.ObjectLogEvent>
<org.drools.audit.event.ActivationLogEvent>
  <type>4</type>
  <activationId>Example [142, 0]</activationId>
  <rule>Example</rule>
  <declarations>$newEvent0=com.sample.model.Event@455bfaf(142)</declarations>
</org.drools.audit.event.ActivationLogEvent>
<org.drools.audit.event.ActivationLogEvent>
  <type>4</type>
  <activationId>HelloWorld [142, 0]</activationId>
  <rule>HelloWorld</rule>
  <declarations>$newEvent=com.sample.model.Event@455bfaf(142)</declarations>
</org.drools.audit.event.ActivationLogEvent>
<org.drools.audit.event.ActivationLogEvent>
  <type>6</type>
  <activationId>HelloWorld [142, 0]</activationId>
  <rule>HelloWorld</rule>
  <declarations>$newEvent=com.sample.model.Event@455bfaf(142)</declarations>
</org.drools.audit.event.ActivationLogEvent>
<org.drools.audit.event.ActivationLogEvent>
  <type>7</type>
  <activationId>HelloWorld [142, 0]</activationId>
  <rule>HelloWorld</rule>
  <declarations>$newEvent=com.sample.model.Event@455bfaf(142)</declarations>
</org.drools.audit.event.ActivationLogEvent>
<org.drools.audit.event.ActivationLogEvent>
  <type>6</type>
  <activationId>Example [142, 0]</activationId>
  <rule>Example</rule>
  <declarations>$newEvent0=com.sample.model.Event@455bfaf(142)</declarations>
</org.drools.audit.event.ActivationLogEvent>
<org.drools.audit.event.ActivationLogEvent>
  <type>4</type>
  <activationId>Example2 [143]</activationId>
  <rule>Example2</rule>
  <declarations>$newEvent=com.sample.model.Event@2f031310(143)</declarations>
</org.drools.audit.event.ActivationLogEvent>
<org.drools.audit.event.ObjectLogEvent>
  <type>1</type>
  <factId>143</factId>
  <objectToString>com.sample.model.Event@2f031310</objectToString>
</org.drools.audit.event.ObjectLogEvent>
<org.drools.audit.event.ActivationLogEvent>
  <type>7</type>
  <activationId>Example [142, 0]</activationId>
  <rule>Example</rule>
  <declarations>$newEvent0=com.sample.model.Event@455bfaf(142)</declarations>
</org.drools.audit.event.ActivationLogEvent>
<org.drools.audit.event.ActivationLogEvent>
  <type>6</type>
  <activationId>Example2 [143]</activationId>
  <rule>Example2</rule>
  <declarations>$newEvent=com.sample.model.Event@2f031310(143)</declarations>
</org.drools.audit.event.ActivationLogEvent>
<org.drools.audit.event.ActivationLogEvent>
  <type>7</type>
  <activationId>Example2 [143]</activationId>
  <rule>Example2</rule>
  <declarations>$newEvent=com.sample.model.Event@2f031310(143)</declarations>
</org.drools.audit.event.ActivationLogEvent>
<org.drools.audit.event.ObjectLogEvent>
  <type>1</type>
  <factId>144</factId>
  <objectToString>com.sample.model.Event@72d8978c</objectToString>
</org.drools.audit.event.ObjectLogEvent>
<org.drools.audit.event.ActivationLogEvent>
  <type>4</type>
  <activationId>Example [144, 0]</activationId>
  <rule>Example</rule>
  <declarations>$newEvent0=com.sample.model.Event@72d8978c(144)</declarations>
</org.drools.audit.event.ActivationLogEvent>
<org.drools.audit.event.ActivationLogEvent>
  <type>4</type>
  <activationId>HelloWorld [144, 0]</activationId>
  <rule>HelloWorld</rule>
  <declarations>$newEvent=com.sample.model.Event@72d8978c(144)</declarations>
</org.drools.audit.event.ActivationLogEvent>
<org.drools.audit.event.ActivationLogEvent>
  <type>6</type>
  <activationId>HelloWorld [144, 0]</activationId>
  <rule>HelloWorld</rule>
  <declarations>$newEvent=com.sample.model.Event@72d8978c(144)</declarations>
</org.drools.audit.event.ActivationLogEvent>
<org.drools.audit.event.ActivationLogEvent>
  <type>7</type>
  <activationId>HelloWorld [144, 0]</activationId>
  <rule>HelloWorld</rule>
  <declarations>$newEvent=com.sample.model.Event@72d8978c(144)</declarations>
</org.drools.audit.event.ActivationLogEvent>
<org.drools.audit.event.ActivationLogEvent>
  <type>6</type>
  <activationId>Example [144, 0]</activationId>
  <rule>Example</rule>
  <declarations>$newEvent0=com.sample.model.Event@72d8978c(144)</declarations>
</org.drools.audit.event.ActivationLogEvent>
<org.drools.audit.event.ActivationLogEvent>
  <type>4</type>
  <activationId>Example2 [145]</activationId>
  <rule>Example2</rule>
  <declarations>$newEvent=com.sample.model.Event@2e5facbd(145)</declarations>
</org.drools.audit.event.ActivationLogEvent>
<org.drools.audit.event.ObjectLogEvent>
  <type>1</type>
  <factId>145</factId>
  <objectToString>com.sample.model.Event@2e5facbd</objectToString>
</org.drools.audit.event.ObjectLogEvent>
<org.drools.audit.event.ActivationLogEvent>
  <type>7</type>
  <activationId>Example [144, 0]</activationId>
  <rule>Example</rule>
  <declarations>$newEvent0=com.sample.model.Event@72d8978c(144)</declarations>
</org.drools.audit.event.ActivationLogEvent>
<org.drools.audit.event.ActivationLogEvent>
  <type>6</type>
  <activationId>Example2 [145]</activationId>
  <rule>Example2</rule>
  <declarations>$newEvent=com.sample.model.Event@2e5facbd(145)</declarations>
</org.drools.audit.event.ActivationLogEvent>
<org.drools.audit.event.ActivationLogEvent>
  <type>7</type>
  <activationId>Example2 [145]</activationId>
  <rule>Example2</rule>
  <declarations>$newEvent=com.sample.model.Event@2e5facbd(145)</declarations>
</org.drools.audit.event.ActivationLogEvent>
<org.drools.audit.event.ObjectLogEvent>
  <type>1</type>
  <factId>146</factId>
  <objectToString>com.sample.model.Event@b45c414</objectToString>
</org.drools.audit.event.ObjectLogEvent>
<org.drools.audit.event.ActivationLogEvent>
  <type>4</type>
  <activationId>Example [146, 0]</activationId>
  <rule>Example</rule>
  <declarations>$newEvent0=com.sample.model.Event@b45c414(146)</declarations>
</org.drools.audit.event.ActivationLogEvent>
<org.drools.audit.event.ActivationLogEvent>
  <type>4</type>
  <activationId>HelloWorld [146, 0]</activationId>
  <rule>HelloWorld</rule>
  <declarations>$newEvent=com.sample.model.Event@b45c414(146)</declarations>
</org.drools.audit.event.ActivationLogEvent>
<org.drools.audit.event.ActivationLogEvent>
  <type>6</type>
  <activationId>HelloWorld [146, 0]</activationId>
  <rule>HelloWorld</rule>
  <declarations>$newEvent=com.sample.model.Event@b45c414(146)</declarations>
</org.drools.audit.event.ActivationLogEvent>
<org.drools.audit.event.ActivationLogEvent>
  <type>7</type>
  <activationId>HelloWorld [146, 0]</activationId>
  <rule>HelloWorld</rule>
  <declarations>$newEvent=com.sample.model.Event@b45c414(146)</declarations>
</org.drools.audit.event.ActivationLogEvent>
<org.drools.audit.event.ActivationLogEvent>
  <type>6</type>
  <activationId>Example [146, 0]</activationId>
  <rule>Example</rule>
  <declarations>$newEvent0=com.sample.model.Event@b45c414(146)</declarations>
</org.drools.audit.event.ActivationLogEvent>
<org.drools.audit.event.ActivationLogEvent>
  <type>4</type>
  <activationId>Example2 [147]</activationId>
  <rule>Example2</rule>
  <declarations>$newEvent=com.sample.model.Event@154db52b(147)</declarations>
</org.drools.audit.event.ActivationLogEvent>
<org.drools.audit.event.ObjectLogEvent>
  <type>1</type>
  <factId>147</factId>
  <objectToString>com.sample.model.Event@154db52b</objectToString>
</org.drools.audit.event.ObjectLogEvent>
<org.drools.audit.event.ActivationLogEvent>
  <type>7</type>
  <activationId>Example [146, 0]</activationId>
  <rule>Example</rule>
  <declarations>$newEvent0=com.sample.model.Event@b45c414(146)</declarations>
</org.drools.audit.event.ActivationLogEvent>
<org.drools.audit.event.ActivationLogEvent>
  <type>6</type>
  <activationId>Example2 [147]</activationId>
  <rule>Example2</rule>
  <declarations>$newEvent=com.sample.model.Event@154db52b(147)</declarations>
</org.drools.audit.event.ActivationLogEvent>
<org.drools.audit.event.ActivationLogEvent>
  <type>7</type>
  <activationId>Example2 [147]</activationId>
  <rule>Example2</rule>
  <declarations>$newEvent=com.sample.model.Event@154db52b(147)</declarations>
</org.drools.audit.event.ActivationLogEvent>
<org.drools.audit.event.ObjectLogEvent>
  <type>1</type>
  <factId>148</factId>
  <objectToString>com.sample.model.Event@20b124fa</objectToString>
</org.drools.audit.event.ObjectLogEvent>
<org.drools.audit.event.ActivationLogEvent>
  <type>4</type>
  <activationId>Example [148, 0]</activationId>
  <rule>Example</rule>
  <declarations>$newEvent0=com.sample.model.Event@20b124fa(148)</declarations>
</org.drools.audit.event.ActivationLogEvent>
<org.drools.audit.event.ActivationLogEvent>
  <type>4</type>
  <activationId>HelloWorld [148, 0]</activationId>
  <rule>HelloWorld</rule>
  <declarations>$newEvent=com.sample.model.Event@20b124fa(148)</declarations>
</org.drools.audit.event.ActivationLogEvent>
<org.drools.audit.event.ActivationLogEvent>
  <type>6</type>
  <activationId>HelloWorld [148, 0]</activationId>
  <rule>HelloWorld</rule>
  <declarations>$newEvent=com.sample.model.Event@20b124fa(148)</declarations>
</org.drools.audit.event.ActivationLogEvent>
<org.drools.audit.event.ActivationLogEvent>
  <type>7</type>
  <activationId>HelloWorld [148, 0]</activationId>
  <rule>HelloWorld</rule>
  <declarations>$newEvent=com.sample.model.Event@20b124fa(148)</declarations>
</org.drools.audit.event.ActivationLogEvent>
<org.drools.audit.event.ActivationLogEvent>
  <type>6</type>
  <activationId>Example [148, 0]</activationId>
  <rule>Example</rule>
  <declarations>$newEvent0=com.sample.model.Event@20b124fa(148)</declarations>
</org.drools.audit.event.ActivationLogEvent>
<org.drools.audit.event.ActivationLogEvent>
  <type>4</type>
  <activationId>Example2 [149]</activationId>
  <rule>Example2</rule>
  <declarations>$newEvent=com.sample.model.Event@766d4f30(149)</declarations>
</org.drools.audit.event.ActivationLogEvent>
<org.drools.audit.event.ObjectLogEvent>
  <type>1</type>
  <factId>149</factId>
  <objectToString>com.sample.model.Event@766d4f30</objectToString>
</org.drools.audit.event.ObjectLogEvent>
<org.drools.audit.event.ActivationLogEvent>
  <type>7</type>
  <activationId>Example [148, 0]</activationId>
  <rule>Example</rule>
  <declarations>$newEvent0=com.sample.model.Event@20b124fa(148)</declarations>
</org.drools.audit.event.ActivationLogEvent>
<org.drools.audit.event.ActivationLogEvent>
  <type>6</type>
  <activationId>Example2 [149]</activationId>
  <rule>Example2</rule>
  <declarations>$newEvent=com.sample.model.Event@766d4f30(149)</declarations>
</org.drools.audit.event.ActivationLogEvent>
<org.drools.audit.event.ActivationLogEvent>
  <type>7</type>
  <activationId>Example2 [149]</activationId>
  <rule>Example2</rule>
  <declarations>$newEvent=com.sample.model.Event@766d4f30(149)</declarations>
</org.drools.audit.event.ActivationLogEvent>
<org.drools.audit.event.ObjectLogEvent>
  <type>1</type>
  <factId>150</factId>
  <objectToString>com.sample.model.Event@26a150e</objectToString>
</org.drools.audit.event.ObjectLogEvent>
<org.drools.audit.event.ActivationLogEvent>
  <type>4</type>
  <activationId>Example [150, 0]</activationId>
  <rule>Example</rule>
  <declarations>$newEvent0=com.sample.model.Event@26a150e(150)</declarations>
</org.drools.audit.event.ActivationLogEvent>
<org.drools.audit.event.ActivationLogEvent>
  <type>4</type>
  <activationId>HelloWorld [150, 0]</activationId>
  <rule>HelloWorld</rule>
  <declarations>$newEvent=com.sample.model.Event@26a150e(150)</declarations>
</org.drools.audit.event.ActivationLogEvent>
<org.drools.audit.event.ActivationLogEvent>
  <type>6</type>
  <activationId>HelloWorld [150, 0]</activationId>
  <rule>HelloWorld</rule>
  <declarations>$newEvent=com.sample.model.Event@26a150e(150)</declarations>
</org.drools.audit.event.ActivationLogEvent>
<org.drools.audit.event.ActivationLogEvent>
  <type>7</type>
  <activationId>HelloWorld [150, 0]</activationId>
  <rule>HelloWorld</rule>
  <declarations>$newEvent=com.sample.model.Event@26a150e(150)</declarations>
</org.drools.audit.event.ActivationLogEvent>
<org.drools.audit.event.ActivationLogEvent>
  <type>6</type>
  <activationId>Example [150, 0]</activationId>
  <rule>Example</rule>
  <declarations>$newEvent0=com.sample.model.Event@26a150e(150)</declarations>
</org.drools.audit.event.ActivationLogEvent>
<org.drools.audit.event.ActivationLogEvent>
  <type>4</type>
  <activationId>Example2 [151]</activationId>
  <rule>Example2</rule>
  <declarations>$newEvent=com.sample.model.Event@48a84b47(151)</declarations>
</org.drools.audit.event.ActivationLogEvent>
<org.drools.audit.event.ObjectLogEvent>
  <type>1</type>
  <factId>151</factId>
  <objectToString>com.sample.model.Event@48a84b47</objectToString>
</org.drools.audit.event.ObjectLogEvent>
<org.drools.audit.event.ActivationLogEvent>
  <type>7</type>
  <activationId>Example [150, 0]</activationId>
  <rule>Example</rule>
  <declarations>$newEvent0=com.sample.model.Event@26a150e(150)</declarations>
</org.drools.audit.event.ActivationLogEvent>
<org.drools.audit.event.ActivationLogEvent>
  <type>6</type>
  <activationId>Example2 [151]</activationId>
  <rule>Example2</rule>
  <declarations>$newEvent=com.sample.model.Event@48a84b47(151)</declarations>
</org.drools.audit.event.ActivationLogEvent>
<org.drools.audit.event.ActivationLogEvent>
  <type>7</type>
  <activationId>Example2 [151]</activationId>
  <rule>Example2</rule>
  <declarations>$newEvent=com.sample.model.Event@48a84b47(151)</declarations>
</org.drools.audit.event.ActivationLogEvent>
<org.drools.audit.event.ObjectLogEvent>
  <type>1</type>
  <factId>152</factId>
  <objectToString>com.sample.model.Event@20e64795</objectToString>
</org.drools.audit.event.ObjectLogEvent>
<org.drools.audit.event.ActivationLogEvent>
  <type>4</type>
  <activationId>Example [152, 0]</activationId>
  <rule>Example</rule>
  <declarations>$newEvent0=com.sample.model.Event@20e64795(152)</declarations>
</org.drools.audit.event.ActivationLogEvent>
<org.drools.audit.event.ActivationLogEvent>
  <type>4</type>
  <activationId>HelloWorld [152, 0]</activationId>
  <rule>HelloWorld</rule>
  <declarations>$newEvent=com.sample.model.Event@20e64795(152)</declarations>
</org.drools.audit.event.ActivationLogEvent>
<org.drools.audit.event.ActivationLogEvent>
  <type>6</type>
  <activationId>HelloWorld [152, 0]</activationId>
  <rule>HelloWorld</rule>
  <declarations>$newEvent=com.sample.model.Event@20e64795(152)</declarations>
</org.drools.audit.event.ActivationLogEvent>
<org.drools.audit.event.ActivationLogEvent>
  <type>7</type>
  <activationId>HelloWorld [152, 0]</activationId>
  <rule>HelloWorld</rule>
  <declarations>$newEvent=com.sample.model.Event@20e64795(152)</declarations>
</org.drools.audit.event.ActivationLogEvent>
<org.drools.audit.event.ActivationLogEvent>
  <type>6</type>
  <activationId>Example [152, 0]</activationId>
  <rule>Example</rule>
  <declarations>$newEvent0=com.sample.model.Event@20e64795(152)</declarations>
</org.drools.audit.event.ActivationLogEvent>
<org.drools.audit.event.ActivationLogEvent>
  <type>4</type>
  <activationId>Example2 [153]</activationId>
  <rule>Example2</rule>
  <declarations>$newEvent=com.sample.model.Event@4fe2fe5d(153)</declarations>
</org.drools.audit.event.ActivationLogEvent>
<org.drools.audit.event.ObjectLogEvent>
  <type>1</type>
  <factId>153</factId>
  <objectToString>com.sample.model.Event@4fe2fe5d</objectToString>
</org.drools.audit.event.ObjectLogEvent>
<org.drools.audit.event.ActivationLogEvent>
  <type>7</type>
  <activationId>Example [152, 0]</activationId>
  <rule>Example</rule>
  <declarations>$newEvent0=com.sample.model.Event@20e64795(152)</declarations>
</org.drools.audit.event.ActivationLogEvent>
<org.drools.audit.event.ActivationLogEvent>
  <type>6</type>
  <activationId>Example2 [153]</activationId>
  <rule>Example2</rule>
  <declarations>$newEvent=com.sample.model.Event@4fe2fe5d(153)</declarations>
</org.drools.audit.event.ActivationLogEvent>
<org.drools.audit.event.ActivationLogEvent>
  <type>7</type>
  <activationId>Example2 [153]</activationId>
  <rule>Example2</rule>
  <declarations>$newEvent=com.sample.model.Event@4fe2fe5d(153)</declarations>
</org.drools.audit.event.ActivationLogEvent>
<org.drools.audit.event.ObjectLogEvent>
  <type>1</type>
  <factId>154</factId>
  <objectToString>com.sample.model.Event@1e929ba3</objectToString>
</org.drools.audit.event.ObjectLogEvent>
<org.drools.audit.event.ActivationLogEvent>
  <type>4</type>
  <activationId>Example [154, 0]</activationId>
  <rule>Example</rule>
  <declarations>$newEvent0=com.sample.model.Event@1e929ba3(154)</declarations>
</org.drools.audit.event.ActivationLogEvent>
<org.drools.audit.event.ActivationLogEvent>
  <type>4</type>
  <activationId>HelloWorld [154, 0]</activationId>
  <rule>HelloWorld</rule>
  <declarations>$newEvent=com.sample.model.Event@1e929ba3(154)</declarations>
</org.drools.audit.event.ActivationLogEvent>
<org.drools.audit.event.ActivationLogEvent>
  <type>6</type>
  <activationId>HelloWorld [154, 0]</activationId>
  <rule>HelloWorld</rule>
  <declarations>$newEvent=com.sample.model.Event@1e929ba3(154)</declarations>
</org.drools.audit.event.ActivationLogEvent>
<org.drools.audit.event.ActivationLogEvent>
  <type>7</type>
  <activationId>HelloWorld [154, 0]</activationId>
  <rule>HelloWorld</rule>
  <declarations>$newEvent=com.sample.model.Event@1e929ba3(154)</declarations>
</org.drools.audit.event.ActivationLogEvent>
<org.drools.audit.event.ActivationLogEvent>
  <type>6</type>
  <activationId>Example [154, 0]</activationId>
  <rule>Example</rule>
  <declarations>$newEvent0=com.sample.model.Event@1e929ba3(154)</declarations>
</org.drools.audit.event.ActivationLogEvent>
<org.drools.audit.event.ActivationLogEvent>
  <type>4</type>
  <activationId>Example2 [155]</activationId>
  <rule>Example2</rule>
  <declarations>$newEvent=com.sample.model.Event@4d8ef117(155)</declarations>
</org.drools.audit.event.ActivationLogEvent>
<org.drools.audit.event.ObjectLogEvent>
  <type>1</type>
  <factId>155</factId>
  <objectToString>com.sample.model.Event@4d8ef117</objectToString>
</org.drools.audit.event.ObjectLogEvent>
<org.drools.audit.event.ActivationLogEvent>
  <type>7</type>
  <activationId>Example [154, 0]</activationId>
  <rule>Example</rule>
  <declarations>$newEvent0=com.sample.model.Event@1e929ba3(154)</declarations>
</org.drools.audit.event.ActivationLogEvent>
<org.drools.audit.event.ActivationLogEvent>
  <type>6</type>
  <activationId>Example2 [155]</activationId>
  <rule>Example2</rule>
  <declarations>$newEvent=com.sample.model.Event@4d8ef117(155)</declarations>
</org.drools.audit.event.ActivationLogEvent>
<org.drools.audit.event.ActivationLogEvent>
  <type>7</type>
  <activationId>Example2 [155]</activationId>
  <rule>Example2</rule>
  <declarations>$newEvent=com.sample.model.Event@4d8ef117(155)</declarations>
</org.drools.audit.event.ActivationLogEvent>
<org.drools.audit.event.ObjectLogEvent>
  <type>1</type>
  <factId>156</factId>
  <objectToString>com.sample.model.Event@637644c8</objectToString>
</org.drools.audit.event.ObjectLogEvent>
<org.drools.audit.event.ActivationLogEvent>
  <type>4</type>
  <activationId>Example [156, 0]</activationId>
  <rule>Example</rule>
  <declarations>$newEvent0=com.sample.model.Event@637644c8(156)</declarations>
</org.drools.audit.event.ActivationLogEvent>
<org.drools.audit.event.ActivationLogEvent>
  <type>4</type>
  <activationId>HelloWorld [156, 0]</activationId>
  <rule>HelloWorld</rule>
  <declarations>$newEvent=com.sample.model.Event@637644c8(156)</declarations>
</org.drools.audit.event.ActivationLogEvent>
<org.drools.audit.event.ActivationLogEvent>
  <type>6</type>
  <activationId>HelloWorld [156, 0]</activationId>
  <rule>HelloWorld</rule>
  <declarations>$newEvent=com.sample.model.Event@637644c8(156)</declarations>
</org.drools.audit.event.ActivationLogEvent>
<org.drools.audit.event.ActivationLogEvent>
  <type>7</type>
  <activationId>HelloWorld [156, 0]</activationId>
  <rule>HelloWorld</rule>
  <declarations>$newEvent=com.sample.model.Event@637644c8(156)</declarations>
</org.drools.audit.event.ActivationLogEvent>
<org.drools.audit.event.ActivationLogEvent>
  <type>6</type>
  <activationId>Example [156, 0]</activationId>
  <rule>Example</rule>
  <declarations>$newEvent0=com.sample.model.Event@637644c8(156)</declarations>
</org.drools.audit.event.ActivationLogEvent>
<org.drools.audit.event.ActivationLogEvent>
  <type>4</type>
  <activationId>Example2 [157]</activationId>
  <rule>Example2</rule>
  <declarations>$newEvent=com.sample.model.Event@7a315068(157)</declarations>
</org.drools.audit.event.ActivationLogEvent>
<org.drools.audit.event.ObjectLogEvent>
  <type>1</type>
  <factId>157</factId>
  <objectToString>com.sample.model.Event@7a315068</objectToString>
</org.drools.audit.event.ObjectLogEvent>
<org.drools.audit.event.ActivationLogEvent>
  <type>7</type>
  <activationId>Example [156, 0]</activationId>
  <rule>Example</rule>
  <declarations>$newEvent0=com.sample.model.Event@637644c8(156)</declarations>
</org.drools.audit.event.ActivationLogEvent>
<org.drools.audit.event.ActivationLogEvent>
  <type>6</type>
  <activationId>Example2 [157]</activationId>
  <rule>Example2</rule>
  <declarations>$newEvent=com.sample.model.Event@7a315068(157)</declarations>
</org.drools.audit.event.ActivationLogEvent>
<org.drools.audit.event.ActivationLogEvent>
  <type>7</type>
  <activationId>Example2 [157]</activationId>
  <rule>Example2</rule>
  <declarations>$newEvent=com.sample.model.Event@7a315068(157)</declarations>
</org.drools.audit.event.ActivationLogEvent>
<org.drools.audit.event.ObjectLogEvent>
  <type>1</type>
  <factId>158</factId>
  <objectToString>com.sample.model.Event@3b961a84</objectToString>
</org.drools.audit.event.ObjectLogEvent>
<org.drools.audit.event.ActivationLogEvent>
  <type>4</type>
  <activationId>Example [158, 0]</activationId>
  <rule>Example</rule>
  <declarations>$newEvent0=com.sample.model.Event@3b961a84(158)</declarations>
</org.drools.audit.event.ActivationLogEvent>
<org.drools.audit.event.ActivationLogEvent>
  <type>4</type>
  <activationId>HelloWorld [158, 0]</activationId>
  <rule>HelloWorld</rule>
  <declarations>$newEvent=com.sample.model.Event@3b961a84(158)</declarations>
</org.drools.audit.event.ActivationLogEvent>
<org.drools.audit.event.ActivationLogEvent>
  <type>6</type>
  <activationId>HelloWorld [158, 0]</activationId>
  <rule>HelloWorld</rule>
  <declarations>$newEvent=com.sample.model.Event@3b961a84(158)</declarations>
</org.drools.audit.event.ActivationLogEvent>
<org.drools.audit.event.ActivationLogEvent>
  <type>7</type>
  <activationId>HelloWorld [158, 0]</activationId>
  <rule>HelloWorld</rule>
  <declarations>$newEvent=com.sample.model.Event@3b961a84(158)</declarations>
</org.drools.audit.event.ActivationLogEvent>
<org.drools.audit.event.ActivationLogEvent>
  <type>6</type>
  <activationId>Example [158, 0]</activationId>
  <rule>Example</rule>
  <declarations>$newEvent0=com.sample.model.Event@3b961a84(158)</declarations>
</org.drools.audit.event.ActivationLogEvent>
<org.drools.audit.event.ActivationLogEvent>
  <type>4</type>
  <activationId>Example2 [159]</activationId>
  <rule>Example2</rule>
  <declarations>$newEvent=com.sample.model.Event@7ba6eeab(159)</declarations>
</org.drools.audit.event.ActivationLogEvent>
<org.drools.audit.event.ObjectLogEvent>
  <type>1</type>
  <factId>159</factId>
  <objectToString>com.sample.model.Event@7ba6eeab</objectToString>
</org.drools.audit.event.ObjectLogEvent>
<org.drools.audit.event.ActivationLogEvent>
  <type>7</type>
  <activationId>Example [158, 0]</activationId>
  <rule>Example</rule>
  <declarations>$newEvent0=com.sample.model.Event@3b961a84(158)</declarations>
</org.drools.audit.event.ActivationLogEvent>
<org.drools.audit.event.ActivationLogEvent>
  <type>6</type>
  <activationId>Example2 [159]</activationId>
  <rule>Example2</rule>
  <declarations>$newEvent=com.sample.model.Event@7ba6eeab(159)</declarations>
</org.drools.audit.event.ActivationLogEvent>
<org.drools.audit.event.ActivationLogEvent>
  <type>7</type>
  <activationId>Example2 [159]</activationId>
  <rule>Example2</rule>
  <declarations>$newEvent=com.sample.model.Event@7ba6eeab(159)</declarations>
</org.drools.audit.event.ActivationLogEvent>
<org.drools.audit.event.ObjectLogEvent>
  <type>1</type>
  <factId>160</factId>
  <objectToString>com.sample.model.Event@4302df5</objectToString>
</org.drools.audit.event.ObjectLogEvent>
<org.drools.audit.event.ActivationLogEvent>
  <type>4</type>
  <activationId>Example [160, 0]</activationId>
  <rule>Example</rule>
  <declarations>$newEvent0=com.sample.model.Event@4302df5(160)</declarations>
</org.drools.audit.event.ActivationLogEvent>
<org.drools.audit.event.ActivationLogEvent>
  <type>4</type>
  <activationId>HelloWorld [160, 0]</activationId>
  <rule>HelloWorld</rule>
  <declarations>$newEvent=com.sample.model.Event@4302df5(160)</declarations>
</org.drools.audit.event.ActivationLogEvent>
<org.drools.audit.event.ActivationLogEvent>
  <type>6</type>
  <activationId>HelloWorld [160, 0]</activationId>
  <rule>HelloWorld</rule>
  <declarations>$newEvent=com.sample.model.Event@4302df5(160)</declarations>
</org.drools.audit.event.ActivationLogEvent>
<org.drools.audit.event.ActivationLogEvent>
  <type>7</type>
  <activationId>HelloWorld [160, 0]</activationId>
  <rule>HelloWorld</rule>
  <declarations>$newEvent=com.sample.model.Event@4302df5(160)</declarations>
</org.drools.audit.event.ActivationLogEvent>
<org.drools.audit.event.ActivationLogEvent>
  <type>6</type>
  <activationId>Example [160, 0]</activationId>
  <rule>Example</rule>
  <declarations>$newEvent0=com.sample.model.Event@4302df5(160)</declarations>
</org.drools.audit.event.ActivationLogEvent>
<org.drools.audit.event.ActivationLogEvent>
  <type>4</type>
  <activationId>Example2 [161]</activationId>
  <rule>Example2</rule>
  <declarations>$newEvent=com.sample.model.Event@171fcdde(161)</declarations>
</org.drools.audit.event.ActivationLogEvent>
<org.drools.audit.event.ObjectLogEvent>
  <type>1</type>
  <factId>161</factId>
  <objectToString>com.sample.model.Event@171fcdde</objectToString>
</org.drools.audit.event.ObjectLogEvent>
<org.drools.audit.event.ActivationLogEvent>
  <type>7</type>
  <activationId>Example [160, 0]</activationId>
  <rule>Example</rule>
  <declarations>$newEvent0=com.sample.model.Event@4302df5(160)</declarations>
</org.drools.audit.event.ActivationLogEvent>
<org.drools.audit.event.ActivationLogEvent>
  <type>6</type>
  <activationId>Example2 [161]</activationId>
  <rule>Example2</rule>
  <declarations>$newEvent=com.sample.model.Event@171fcdde(161)</declarations>
</org.drools.audit.event.ActivationLogEvent>
<org.drools.audit.event.ActivationLogEvent>
  <type>7</type>
  <activationId>Example2 [161]</activationId>
  <rule>Example2</rule>
  <declarations>$newEvent=com.sample.model.Event@171fcdde(161)</declarations>
</org.drools.audit.event.ActivationLogEvent>
<org.drools.audit.event.ObjectLogEvent>
  <type>1</type>
  <factId>162</factId>
  <objectToString>com.sample.model.Event@2904b5ae</objectToString>
</org.drools.audit.event.ObjectLogEvent>
<org.drools.audit.event.ActivationLogEvent>
  <type>4</type>
  <activationId>Example [162, 0]</activationId>
  <rule>Example</rule>
  <declarations>$newEvent0=com.sample.model.Event@2904b5ae(162)</declarations>
</org.drools.audit.event.ActivationLogEvent>
<org.drools.audit.event.ActivationLogEvent>
  <type>4</type>
  <activationId>HelloWorld [162, 0]</activationId>
  <rule>HelloWorld</rule>
  <declarations>$newEvent=com.sample.model.Event@2904b5ae(162)</declarations>
</org.drools.audit.event.ActivationLogEvent>
<org.drools.audit.event.ActivationLogEvent>
  <type>6</type>
  <activationId>HelloWorld [162, 0]</activationId>
  <rule>HelloWorld</rule>
  <declarations>$newEvent=com.sample.model.Event@2904b5ae(162)</declarations>
</org.drools.audit.event.ActivationLogEvent>
<org.drools.audit.event.ActivationLogEvent>
  <type>7</type>
  <activationId>HelloWorld [162, 0]</activationId>
  <rule>HelloWorld</rule>
  <declarations>$newEvent=com.sample.model.Event@2904b5ae(162)</declarations>
</org.drools.audit.event.ActivationLogEvent>
<org.drools.audit.event.ActivationLogEvent>
  <type>6</type>
  <activationId>Example [162, 0]</activationId>
  <rule>Example</rule>
  <declarations>$newEvent0=com.sample.model.Event@2904b5ae(162)</declarations>
</org.drools.audit.event.ActivationLogEvent>
<org.drools.audit.event.ActivationLogEvent>
  <type>4</type>
  <activationId>Example2 [163]</activationId>
  <rule>Example2</rule>
  <declarations>$newEvent=com.sample.model.Event@7371b246(163)</declarations>
</org.drools.audit.event.ActivationLogEvent>
<org.drools.audit.event.ObjectLogEvent>
  <type>1</type>
  <factId>163</factId>
  <objectToString>com.sample.model.Event@7371b246</objectToString>
</org.drools.audit.event.ObjectLogEvent>
<org.drools.audit.event.ActivationLogEvent>
  <type>7</type>
  <activationId>Example [162, 0]</activationId>
  <rule>Example</rule>
  <declarations>$newEvent0=com.sample.model.Event@2904b5ae(162)</declarations>
</org.drools.audit.event.ActivationLogEvent>
<org.drools.audit.event.ActivationLogEvent>
  <type>6</type>
  <activationId>Example2 [163]</activationId>
  <rule>Example2</rule>
  <declarations>$newEvent=com.sample.model.Event@7371b246(163)</declarations>
</org.drools.audit.event.ActivationLogEvent>
<org.drools.audit.event.ActivationLogEvent>
  <type>7</type>
  <activationId>Example2 [163]</activationId>
  <rule>Example2</rule>
  <declarations>$newEvent=com.sample.model.Event@7371b246(163)</declarations>
</org.drools.audit.event.ActivationLogEvent>
<org.drools.audit.event.ObjectLogEvent>
  <type>1</type>
  <factId>164</factId>
  <objectToString>com.sample.model.Event@2d6f4ce0</objectToString>
</org.drools.audit.event.ObjectLogEvent>
<org.drools.audit.event.ActivationLogEvent>
  <type>4</type>
  <activationId>Example [164, 0]</activationId>
  <rule>Example</rule>
  <declarations>$newEvent0=com.sample.model.Event@2d6f4ce0(164)</declarations>
</org.drools.audit.event.ActivationLogEvent>
<org.drools.audit.event.ActivationLogEvent>
  <type>4</type>
  <activationId>HelloWorld [164, 0]</activationId>
  <rule>HelloWorld</rule>
  <declarations>$newEvent=com.sample.model.Event@2d6f4ce0(164)</declarations>
</org.drools.audit.event.ActivationLogEvent>
<org.drools.audit.event.ActivationLogEvent>
  <type>6</type>
  <activationId>HelloWorld [164, 0]</activationId>
  <rule>HelloWorld</rule>
  <declarations>$newEvent=com.sample.model.Event@2d6f4ce0(164)</declarations>
</org.drools.audit.event.ActivationLogEvent>
<org.drools.audit.event.ActivationLogEvent>
  <type>7</type>
  <activationId>HelloWorld [164, 0]</activationId>
  <rule>HelloWorld</rule>
  <declarations>$newEvent=com.sample.model.Event@2d6f4ce0(164)</declarations>
</org.drools.audit.event.ActivationLogEvent>
<org.drools.audit.event.ActivationLogEvent>
  <type>6</type>
  <activationId>Example [164, 0]</activationId>
  <rule>Example</rule>
  <declarations>$newEvent0=com.sample.model.Event@2d6f4ce0(164)</declarations>
</org.drools.audit.event.ActivationLogEvent>
<org.drools.audit.event.ActivationLogEvent>
  <type>4</type>
  <activationId>Example2 [165]</activationId>
  <rule>Example2</rule>
  <declarations>$newEvent=com.sample.model.Event@466c137c(165)</declarations>
</org.drools.audit.event.ActivationLogEvent>
<org.drools.audit.event.ObjectLogEvent>
  <type>1</type>
  <factId>165</factId>
  <objectToString>com.sample.model.Event@466c137c</objectToString>
</org.drools.audit.event.ObjectLogEvent>
<org.drools.audit.event.ActivationLogEvent>
  <type>7</type>
  <activationId>Example [164, 0]</activationId>
  <rule>Example</rule>
  <declarations>$newEvent0=com.sample.model.Event@2d6f4ce0(164)</declarations>
</org.drools.audit.event.ActivationLogEvent>
<org.drools.audit.event.ActivationLogEvent>
  <type>6</type>
  <activationId>Example2 [165]</activationId>
  <rule>Example2</rule>
  <declarations>$newEvent=com.sample.model.Event@466c137c(165)</declarations>
</org.drools.audit.event.ActivationLogEvent>
<org.drools.audit.event.ActivationLogEvent>
  <type>7</type>
  <activationId>Example2 [165]</activationId>
  <rule>Example2</rule>
  <declarations>$newEvent=com.sample.model.Event@466c137c(165)</declarations>
</org.drools.audit.event.ActivationLogEvent>
<org.drools.audit.event.ObjectLogEvent>
  <type>1</type>
  <factId>166</factId>
  <objectToString>com.sample.model.Event@61735602</objectToString>
</org.drools.audit.event.ObjectLogEvent>
<org.drools.audit.event.ActivationLogEvent>
  <type>4</type>
  <activationId>Example [166, 0]</activationId>
  <rule>Example</rule>
  <declarations>$newEvent0=com.sample.model.Event@61735602(166)</declarations>
</org.drools.audit.event.ActivationLogEvent>
<org.drools.audit.event.ActivationLogEvent>
  <type>4</type>
  <activationId>HelloWorld [166, 0]</activationId>
  <rule>HelloWorld</rule>
  <declarations>$newEvent=com.sample.model.Event@61735602(166)</declarations>
</org.drools.audit.event.ActivationLogEvent>
<org.drools.audit.event.ActivationLogEvent>
  <type>6</type>
  <activationId>HelloWorld [166, 0]</activationId>
  <rule>HelloWorld</rule>
  <declarations>$newEvent=com.sample.model.Event@61735602(166)</declarations>
</org.drools.audit.event.ActivationLogEvent>
<org.drools.audit.event.ActivationLogEvent>
  <type>7</type>
  <activationId>HelloWorld [166, 0]</activationId>
  <rule>HelloWorld</rule>
  <declarations>$newEvent=com.sample.model.Event@61735602(166)</declarations>
</org.drools.audit.event.ActivationLogEvent>
<org.drools.audit.event.ActivationLogEvent>
  <type>6</type>
  <activationId>Example [166, 0]</activationId>
  <rule>Example</rule>
  <declarations>$newEvent0=com.sample.model.Event@61735602(166)</declarations>
</org.drools.audit.event.ActivationLogEvent>
<org.drools.audit.event.ActivationLogEvent>
  <type>4</type>
  <activationId>Example2 [167]</activationId>
  <rule>Example2</rule>
  <declarations>$newEvent=com.sample.model.Event@718df055(167)</declarations>
</org.drools.audit.event.ActivationLogEvent>
<org.drools.audit.event.ObjectLogEvent>
  <type>1</type>
  <factId>167</factId>
  <objectToString>com.sample.model.Event@718df055</objectToString>
</org.drools.audit.event.ObjectLogEvent>
<org.drools.audit.event.ActivationLogEvent>
  <type>7</type>
  <activationId>Example [166, 0]</activationId>
  <rule>Example</rule>
  <declarations>$newEvent0=com.sample.model.Event@61735602(166)</declarations>
</org.drools.audit.event.ActivationLogEvent>
<org.drools.audit.event.ActivationLogEvent>
  <type>6</type>
  <activationId>Example2 [167]</activationId>
  <rule>Example2</rule>
  <declarations>$newEvent=com.sample.model.Event@718df055(167)</declarations>
</org.drools.audit.event.ActivationLogEvent>
<org.drools.audit.event.ActivationLogEvent>
  <type>7</type>
  <activationId>Example2 [167]</activationId>
  <rule>Example2</rule>
  <declarations>$newEvent=com.sample.model.Event@718df055(167)</declarations>
</org.drools.audit.event.ActivationLogEvent>
<org.drools.audit.event.ObjectLogEvent>
  <type>1</type>
  <factId>168</factId>
  <objectToString>com.sample.model.Event@1d9d96b1</objectToString>
</org.drools.audit.event.ObjectLogEvent>
<org.drools.audit.event.ActivationLogEvent>
  <type>4</type>
  <activationId>Example [168, 0]</activationId>
  <rule>Example</rule>
  <declarations>$newEvent0=com.sample.model.Event@1d9d96b1(168)</declarations>
</org.drools.audit.event.ActivationLogEvent>
<org.drools.audit.event.ActivationLogEvent>
  <type>4</type>
  <activationId>HelloWorld [168, 0]</activationId>
  <rule>HelloWorld</rule>
  <declarations>$newEvent=com.sample.model.Event@1d9d96b1(168)</declarations>
</org.drools.audit.event.ActivationLogEvent>
<org.drools.audit.event.ActivationLogEvent>
  <type>6</type>
  <activationId>HelloWorld [168, 0]</activationId>
  <rule>HelloWorld</rule>
  <declarations>$newEvent=com.sample.model.Event@1d9d96b1(168)</declarations>
</org.drools.audit.event.ActivationLogEvent>
<org.drools.audit.event.ActivationLogEvent>
  <type>7</type>
  <activationId>HelloWorld [168, 0]</activationId>
  <rule>HelloWorld</rule>
  <declarations>$newEvent=com.sample.model.Event@1d9d96b1(168)</declarations>
</org.drools.audit.event.ActivationLogEvent>
<org.drools.audit.event.ActivationLogEvent>
  <type>6</type>
  <activationId>Example [168, 0]</activationId>
  <rule>Example</rule>
  <declarations>$newEvent0=com.sample.model.Event@1d9d96b1(168)</declarations>
</org.drools.audit.event.ActivationLogEvent>
<org.drools.audit.event.ActivationLogEvent>
  <type>4</type>
  <activationId>Example2 [169]</activationId>
  <rule>Example2</rule>
  <declarations>$newEvent=com.sample.model.Event@215a3a92(169)</declarations>
</org.drools.audit.event.ActivationLogEvent>
<org.drools.audit.event.ObjectLogEvent>
  <type>1</type>
  <factId>169</factId>
  <objectToString>com.sample.model.Event@215a3a92</objectToString>
</org.drools.audit.event.ObjectLogEvent>
<org.drools.audit.event.ActivationLogEvent>
  <type>7</type>
  <activationId>Example [168, 0]</activationId>
  <rule>Example</rule>
  <declarations>$newEvent0=com.sample.model.Event@1d9d96b1(168)</declarations>
</org.drools.audit.event.ActivationLogEvent>
<org.drools.audit.event.ActivationLogEvent>
  <type>6</type>
  <activationId>Example2 [169]</activationId>
  <rule>Example2</rule>
  <declarations>$newEvent=com.sample.model.Event@215a3a92(169)</declarations>
</org.drools.audit.event.ActivationLogEvent>
<org.drools.audit.event.ActivationLogEvent>
  <type>7</type>
  <activationId>Example2 [169]</activationId>
  <rule>Example2</rule>
  <declarations>$newEvent=com.sample.model.Event@215a3a92(169)</declarations>
</org.drools.audit.event.ActivationLogEvent>
<org.drools.audit.event.ObjectLogEvent>
  <type>1</type>
  <factId>170</factId>
  <objectToString>com.sample.model.Event@2abb5859</objectToString>
</org.drools.audit.event.ObjectLogEvent>
<org.drools.audit.event.ActivationLogEvent>
  <type>4</type>
  <activationId>Example [170, 0]</activationId>
  <rule>Example</rule>
  <declarations>$newEvent0=com.sample.model.Event@2abb5859(170)</declarations>
</org.drools.audit.event.ActivationLogEvent>
<org.drools.audit.event.ActivationLogEvent>
  <type>4</type>
  <activationId>HelloWorld [170, 0]</activationId>
  <rule>HelloWorld</rule>
  <declarations>$newEvent=com.sample.model.Event@2abb5859(170)</declarations>
</org.drools.audit.event.ActivationLogEvent>
<org.drools.audit.event.ActivationLogEvent>
  <type>6</type>
  <activationId>HelloWorld [170, 0]</activationId>
  <rule>HelloWorld</rule>
  <declarations>$newEvent=com.sample.model.Event@2abb5859(170)</declarations>
</org.drools.audit.event.ActivationLogEvent>
<org.drools.audit.event.ActivationLogEvent>
  <type>7</type>
  <activationId>HelloWorld [170, 0]</activationId>
  <rule>HelloWorld</rule>
  <declarations>$newEvent=com.sample.model.Event@2abb5859(170)</declarations>
</org.drools.audit.event.ActivationLogEvent>
<org.drools.audit.event.ActivationLogEvent>
  <type>6</type>
  <activationId>Example [170, 0]</activationId>
  <rule>Example</rule>
  <declarations>$newEvent0=com.sample.model.Event@2abb5859(170)</declarations>
</org.drools.audit.event.ActivationLogEvent>
<org.drools.audit.event.ActivationLogEvent>
  <type>4</type>
  <activationId>Example2 [171]</activationId>
  <rule>Example2</rule>
  <declarations>$newEvent=com.sample.model.Event@1c6745b9(171)</declarations>
</org.drools.audit.event.ActivationLogEvent>
<org.drools.audit.event.ObjectLogEvent>
  <type>1</type>
  <factId>171</factId>
  <objectToString>com.sample.model.Event@1c6745b9</objectToString>
</org.drools.audit.event.ObjectLogEvent>
<org.drools.audit.event.ActivationLogEvent>
  <type>7</type>
  <activationId>Example [170, 0]</activationId>
  <rule>Example</rule>
  <declarations>$newEvent0=com.sample.model.Event@2abb5859(170)</declarations>
</org.drools.audit.event.ActivationLogEvent>
<org.drools.audit.event.ActivationLogEvent>
  <type>6</type>
  <activationId>Example2 [171]</activationId>
  <rule>Example2</rule>
  <declarations>$newEvent=com.sample.model.Event@1c6745b9(171)</declarations>
</org.drools.audit.event.ActivationLogEvent>
<org.drools.audit.event.ActivationLogEvent>
  <type>7</type>
  <activationId>Example2 [171]</activationId>
  <rule>Example2</rule>
  <declarations>$newEvent=com.sample.model.Event@1c6745b9(171)</declarations>
</org.drools.audit.event.ActivationLogEvent>
<org.drools.audit.event.ObjectLogEvent>
  <type>1</type>
  <factId>172</factId>
  <objectToString>com.sample.model.Event@40128340</objectToString>
</org.drools.audit.event.ObjectLogEvent>
<org.drools.audit.event.ActivationLogEvent>
  <type>4</type>
  <activationId>Example [172, 0]</activationId>
  <rule>Example</rule>
  <declarations>$newEvent0=com.sample.model.Event@40128340(172)</declarations>
</org.drools.audit.event.ActivationLogEvent>
<org.drools.audit.event.ActivationLogEvent>
  <type>4</type>
  <activationId>HelloWorld [172, 0]</activationId>
  <rule>HelloWorld</rule>
  <declarations>$newEvent=com.sample.model.Event@40128340(172)</declarations>
</org.drools.audit.event.ActivationLogEvent>
<org.drools.audit.event.ActivationLogEvent>
  <type>6</type>
  <activationId>HelloWorld [172, 0]</activationId>
  <rule>HelloWorld</rule>
  <declarations>$newEvent=com.sample.model.Event@40128340(172)</declarations>
</org.drools.audit.event.ActivationLogEvent>
<org.drools.audit.event.ActivationLogEvent>
  <type>7</type>
  <activationId>HelloWorld [172, 0]</activationId>
  <rule>HelloWorld</rule>
  <declarations>$newEvent=com.sample.model.Event@40128340(172)</declarations>
</org.drools.audit.event.ActivationLogEvent>
<org.drools.audit.event.ActivationLogEvent>
  <type>6</type>
  <activationId>Example [172, 0]</activationId>
  <rule>Example</rule>
  <declarations>$newEvent0=com.sample.model.Event@40128340(172)</declarations>
</org.drools.audit.event.ActivationLogEvent>
<org.drools.audit.event.ActivationLogEvent>
  <type>4</type>
  <activationId>Example2 [173]</activationId>
  <rule>Example2</rule>
  <declarations>$newEvent=com.sample.model.Event@43179c1c(173)</declarations>
</org.drools.audit.event.ActivationLogEvent>
<org.drools.audit.event.ObjectLogEvent>
  <type>1</type>
  <factId>173</factId>
  <objectToString>com.sample.model.Event@43179c1c</objectToString>
</org.drools.audit.event.ObjectLogEvent>
<org.drools.audit.event.ActivationLogEvent>
  <type>7</type>
  <activationId>Example [172, 0]</activationId>
  <rule>Example</rule>
  <declarations>$newEvent0=com.sample.model.Event@40128340(172)</declarations>
</org.drools.audit.event.ActivationLogEvent>
<org.drools.audit.event.ActivationLogEvent>
  <type>6</type>
  <activationId>Example2 [173]</activationId>
  <rule>Example2</rule>
  <declarations>$newEvent=com.sample.model.Event@43179c1c(173)</declarations>
</org.drools.audit.event.ActivationLogEvent>
<org.drools.audit.event.ActivationLogEvent>
  <type>7</type>
  <activationId>Example2 [173]</activationId>
  <rule>Example2</rule>
  <declarations>$newEvent=com.sample.model.Event@43179c1c(173)</declarations>
</org.drools.audit.event.ActivationLogEvent>
<org.drools.audit.event.ObjectLogEvent>
  <type>1</type>
  <factId>174</factId>
  <objectToString>com.sample.model.Event@430a14ad</objectToString>
</org.drools.audit.event.ObjectLogEvent>
<org.drools.audit.event.ActivationLogEvent>
  <type>4</type>
  <activationId>Example [174, 0]</activationId>
  <rule>Example</rule>
  <declarations>$newEvent0=com.sample.model.Event@430a14ad(174)</declarations>
</org.drools.audit.event.ActivationLogEvent>
<org.drools.audit.event.ActivationLogEvent>
  <type>4</type>
  <activationId>HelloWorld [174, 0]</activationId>
  <rule>HelloWorld</rule>
  <declarations>$newEvent=com.sample.model.Event@430a14ad(174)</declarations>
</org.drools.audit.event.ActivationLogEvent>
<org.drools.audit.event.ActivationLogEvent>
  <type>6</type>
  <activationId>HelloWorld [174, 0]</activationId>
  <rule>HelloWorld</rule>
  <declarations>$newEvent=com.sample.model.Event@430a14ad(174)</declarations>
</org.drools.audit.event.ActivationLogEvent>
<org.drools.audit.event.ActivationLogEvent>
  <type>7</type>
  <activationId>HelloWorld [174, 0]</activationId>
  <rule>HelloWorld</rule>
  <declarations>$newEvent=com.sample.model.Event@430a14ad(174)</declarations>
</org.drools.audit.event.ActivationLogEvent>
<org.drools.audit.event.ActivationLogEvent>
  <type>6</type>
  <activationId>Example [174, 0]</activationId>
  <rule>Example</rule>
  <declarations>$newEvent0=com.sample.model.Event@430a14ad(174)</declarations>
</org.drools.audit.event.ActivationLogEvent>
<org.drools.audit.event.ActivationLogEvent>
  <type>4</type>
  <activationId>Example2 [175]</activationId>
  <rule>Example2</rule>
  <declarations>$newEvent=com.sample.model.Event@69c1f2c(175)</declarations>
</org.drools.audit.event.ActivationLogEvent>
<org.drools.audit.event.ObjectLogEvent>
  <type>1</type>
  <factId>175</factId>
  <objectToString>com.sample.model.Event@69c1f2c</objectToString>
</org.drools.audit.event.ObjectLogEvent>
<org.drools.audit.event.ActivationLogEvent>
  <type>7</type>
  <activationId>Example [174, 0]</activationId>
  <rule>Example</rule>
  <declarations>$newEvent0=com.sample.model.Event@430a14ad(174)</declarations>
</org.drools.audit.event.ActivationLogEvent>
<org.drools.audit.event.ActivationLogEvent>
  <type>6</type>
  <activationId>Example2 [175]</activationId>
  <rule>Example2</rule>
  <declarations>$newEvent=com.sample.model.Event@69c1f2c(175)</declarations>
</org.drools.audit.event.ActivationLogEvent>
<org.drools.audit.event.ActivationLogEvent>
  <type>7</type>
  <activationId>Example2 [175]</activationId>
  <rule>Example2</rule>
  <declarations>$newEvent=com.sample.model.Event@69c1f2c(175)</declarations>
</org.drools.audit.event.ActivationLogEvent>
<org.drools.audit.event.ObjectLogEvent>
  <type>1</type>
  <factId>176</factId>
  <objectToString>com.sample.model.Event@73c28517</objectToString>
</org.drools.audit.event.ObjectLogEvent>
<org.drools.audit.event.ActivationLogEvent>
  <type>4</type>
  <activationId>Example [176, 0]</activationId>
  <rule>Example</rule>
  <declarations>$newEvent0=com.sample.model.Event@73c28517(176)</declarations>
</org.drools.audit.event.ActivationLogEvent>
<org.drools.audit.event.ActivationLogEvent>
  <type>4</type>
  <activationId>HelloWorld [176, 0]</activationId>
  <rule>HelloWorld</rule>
  <declarations>$newEvent=com.sample.model.Event@73c28517(176)</declarations>
</org.drools.audit.event.ActivationLogEvent>
<org.drools.audit.event.ActivationLogEvent>
  <type>6</type>
  <activationId>HelloWorld [176, 0]</activationId>
  <rule>HelloWorld</rule>
  <declarations>$newEvent=com.sample.model.Event@73c28517(176)</declarations>
</org.drools.audit.event.ActivationLogEvent>
<org.drools.audit.event.ActivationLogEvent>
  <type>7</type>
  <activationId>HelloWorld [176, 0]</activationId>
  <rule>HelloWorld</rule>
  <declarations>$newEvent=com.sample.model.Event@73c28517(176)</declarations>
</org.drools.audit.event.ActivationLogEvent>
<org.drools.audit.event.ActivationLogEvent>
  <type>6</type>
  <activationId>Example [176, 0]</activationId>
  <rule>Example</rule>
  <declarations>$newEvent0=com.sample.model.Event@73c28517(176)</declarations>
</org.drools.audit.event.ActivationLogEvent>
<org.drools.audit.event.ActivationLogEvent>
  <type>4</type>
  <activationId>Example2 [177]</activationId>
  <rule>Example2</rule>
  <declarations>$newEvent=com.sample.model.Event@4cba8fce(177)</declarations>
</org.drools.audit.event.ActivationLogEvent>
<org.drools.audit.event.ObjectLogEvent>
  <type>1</type>
  <factId>177</factId>
  <objectToString>com.sample.model.Event@4cba8fce</objectToString>
</org.drools.audit.event.ObjectLogEvent>
<org.drools.audit.event.ActivationLogEvent>
  <type>7</type>
  <activationId>Example [176, 0]</activationId>
  <rule>Example</rule>
  <declarations>$newEvent0=com.sample.model.Event@73c28517(176)</declarations>
</org.drools.audit.event.ActivationLogEvent>
<org.drools.audit.event.ActivationLogEvent>
  <type>6</type>
  <activationId>Example2 [177]</activationId>
  <rule>Example2</rule>
  <declarations>$newEvent=com.sample.model.Event@4cba8fce(177)</declarations>
</org.drools.audit.event.ActivationLogEvent>
<org.drools.audit.event.ActivationLogEvent>
  <type>7</type>
  <activationId>Example2 [177]</activationId>
  <rule>Example2</rule>
  <declarations>$newEvent=com.sample.model.Event@4cba8fce(177)</declarations>
</org.drools.audit.event.ActivationLogEvent>
<org.drools.audit.event.ActivationLogEvent>
  <type>4</type>
  <activationId>Example [178, 0]</activationId>
  <rule>Example</rule>
  <declarations>$newEvent0=com.sample.model.Event@5130500f(178)</declarations>
</org.drools.audit.event.ActivationLogEvent>
<org.drools.audit.event.ActivationLogEvent>
  <type>4</type>
  <activationId>HelloWorld [178, 0]</activationId>
  <rule>HelloWorld</rule>
  <declarations>$newEvent=com.sample.model.Event@5130500f(178)</declarations>
</org.drools.audit.event.ActivationLogEvent>
<org.drools.audit.event.ActivationLogEvent>
  <type>6</type>
  <activationId>HelloWorld [178, 0]</activationId>
  <rule>HelloWorld</rule>
  <declarations>$newEvent=com.sample.model.Event@5130500f(178)</declarations>
</org.drools.audit.event.ActivationLogEvent>
<org.drools.audit.event.ObjectLogEvent>
  <type>1</type>
  <factId>178</factId>
  <objectToString>com.sample.model.Event@5130500f</objectToString>
</org.drools.audit.event.ObjectLogEvent>
<org.drools.audit.event.ActivationLogEvent>
  <type>7</type>
  <activationId>HelloWorld [178, 0]</activationId>
  <rule>HelloWorld</rule>
  <declarations>$newEvent=com.sample.model.Event@5130500f(178)</declarations>
</org.drools.audit.event.ActivationLogEvent>
<org.drools.audit.event.ActivationLogEvent>
  <type>6</type>
  <activationId>Example [178, 0]</activationId>
  <rule>Example</rule>
  <declarations>$newEvent0=com.sample.model.Event@5130500f(178)</declarations>
</org.drools.audit.event.ActivationLogEvent>
<org.drools.audit.event.ActivationLogEvent>
  <type>4</type>
  <activationId>Example2 [179]</activationId>
  <rule>Example2</rule>
  <declarations>$newEvent=com.sample.model.Event@47d6b049(179)</declarations>
</org.drools.audit.event.ActivationLogEvent>
<org.drools.audit.event.ObjectLogEvent>
  <type>1</type>
  <factId>179</factId>
  <objectToString>com.sample.model.Event@47d6b049</objectToString>
</org.drools.audit.event.ObjectLogEvent>
<org.drools.audit.event.ActivationLogEvent>
  <type>7</type>
  <activationId>Example [178, 0]</activationId>
  <rule>Example</rule>
  <declarations>$newEvent0=com.sample.model.Event@5130500f(178)</declarations>
</org.drools.audit.event.ActivationLogEvent>
<org.drools.audit.event.ActivationLogEvent>
  <type>6</type>
  <activationId>Example2 [179]</activationId>
  <rule>Example2</rule>
  <declarations>$newEvent=com.sample.model.Event@47d6b049(179)</declarations>
</org.drools.audit.event.ActivationLogEvent>
<org.drools.audit.event.ActivationLogEvent>
  <type>7</type>
  <activationId>Example2 [179]</activationId>
  <rule>Example2</rule>
  <declarations>$newEvent=com.sample.model.Event@47d6b049(179)</declarations>
</org.drools.audit.event.ActivationLogEvent>
<org.drools.audit.event.ObjectLogEvent>
  <type>1</type>
  <factId>180</factId>
  <objectToString>com.sample.model.Event@5fcfad77</objectToString>
</org.drools.audit.event.ObjectLogEvent>
<org.drools.audit.event.ActivationLogEvent>
  <type>4</type>
  <activationId>Example [180, 0]</activationId>
  <rule>Example</rule>
  <declarations>$newEvent0=com.sample.model.Event@5fcfad77(180)</declarations>
</org.drools.audit.event.ActivationLogEvent>
<org.drools.audit.event.ActivationLogEvent>
  <type>4</type>
  <activationId>HelloWorld [180, 0]</activationId>
  <rule>HelloWorld</rule>
  <declarations>$newEvent=com.sample.model.Event@5fcfad77(180)</declarations>
</org.drools.audit.event.ActivationLogEvent>
<org.drools.audit.event.ActivationLogEvent>
  <type>6</type>
  <activationId>HelloWorld [180, 0]</activationId>
  <rule>HelloWorld</rule>
  <declarations>$newEvent=com.sample.model.Event@5fcfad77(180)</declarations>
</org.drools.audit.event.ActivationLogEvent>
<org.drools.audit.event.ActivationLogEvent>
  <type>7</type>
  <activationId>HelloWorld [180, 0]</activationId>
  <rule>HelloWorld</rule>
  <declarations>$newEvent=com.sample.model.Event@5fcfad77(180)</declarations>
</org.drools.audit.event.ActivationLogEvent>
<org.drools.audit.event.ActivationLogEvent>
  <type>6</type>
  <activationId>Example [180, 0]</activationId>
  <rule>Example</rule>
  <declarations>$newEvent0=com.sample.model.Event@5fcfad77(180)</declarations>
</org.drools.audit.event.ActivationLogEvent>
<org.drools.audit.event.ActivationLogEvent>
  <type>4</type>
  <activationId>Example2 [181]</activationId>
  <rule>Example2</rule>
  <declarations>$newEvent=com.sample.model.Event@3de3940a(181)</declarations>
</org.drools.audit.event.ActivationLogEvent>
<org.drools.audit.event.ObjectLogEvent>
  <type>1</type>
  <factId>181</factId>
  <objectToString>com.sample.model.Event@3de3940a</objectToString>
</org.drools.audit.event.ObjectLogEvent>
<org.drools.audit.event.ActivationLogEvent>
  <type>7</type>
  <activationId>Example [180, 0]</activationId>
  <rule>Example</rule>
  <declarations>$newEvent0=com.sample.model.Event@5fcfad77(180)</declarations>
</org.drools.audit.event.ActivationLogEvent>
<org.drools.audit.event.ActivationLogEvent>
  <type>6</type>
  <activationId>Example2 [181]</activationId>
  <rule>Example2</rule>
  <declarations>$newEvent=com.sample.model.Event@3de3940a(181)</declarations>
</org.drools.audit.event.ActivationLogEvent>
<org.drools.audit.event.ActivationLogEvent>
  <type>7</type>
  <activationId>Example2 [181]</activationId>
  <rule>Example2</rule>
  <declarations>$newEvent=com.sample.model.Event@3de3940a(181)</declarations>
</org.drools.audit.event.ActivationLogEvent>
<org.drools.audit.event.ObjectLogEvent>
  <type>1</type>
  <factId>182</factId>
  <objectToString>com.sample.model.Event@280c3c44</objectToString>
</org.drools.audit.event.ObjectLogEvent>
<org.drools.audit.event.ActivationLogEvent>
  <type>4</type>
  <activationId>Example [182, 0]</activationId>
  <rule>Example</rule>
  <declarations>$newEvent0=com.sample.model.Event@280c3c44(182)</declarations>
</org.drools.audit.event.ActivationLogEvent>
<org.drools.audit.event.ActivationLogEvent>
  <type>4</type>
  <activationId>HelloWorld [182, 0]</activationId>
  <rule>HelloWorld</rule>
  <declarations>$newEvent=com.sample.model.Event@280c3c44(182)</declarations>
</org.drools.audit.event.ActivationLogEvent>
<org.drools.audit.event.ActivationLogEvent>
  <type>6</type>
  <activationId>Example [182, 0]</activationId>
  <rule>Example</rule>
  <declarations>$newEvent0=com.sample.model.Event@280c3c44(182)</declarations>
</org.drools.audit.event.ActivationLogEvent>
<org.drools.audit.event.ActivationLogEvent>
  <type>4</type>
  <activationId>Example2 [183]</activationId>
  <rule>Example2</rule>
  <declarations>$newEvent=com.sample.model.Event@3b48a8e6(183)</declarations>
</org.drools.audit.event.ActivationLogEvent>
<org.drools.audit.event.ObjectLogEvent>
  <type>1</type>
  <factId>183</factId>
  <objectToString>com.sample.model.Event@3b48a8e6</objectToString>
</org.drools.audit.event.ObjectLogEvent>
<org.drools.audit.event.ActivationLogEvent>
  <type>7</type>
  <activationId>Example [182, 0]</activationId>
  <rule>Example</rule>
  <declarations>$newEvent0=com.sample.model.Event@280c3c44(182)</declarations>
</org.drools.audit.event.ActivationLogEvent>
<org.drools.audit.event.ActivationLogEvent>
  <type>6</type>
  <activationId>Example2 [183]</activationId>
  <rule>Example2</rule>
  <declarations>$newEvent=com.sample.model.Event@3b48a8e6(183)</declarations>
</org.drools.audit.event.ActivationLogEvent>
<org.drools.audit.event.ActivationLogEvent>
  <type>7</type>
  <activationId>Example2 [183]</activationId>
  <rule>Example2</rule>
  <declarations>$newEvent=com.sample.model.Event@3b48a8e6(183)</declarations>
</org.drools.audit.event.ActivationLogEvent>
<org.drools.audit.event.ActivationLogEvent>
  <type>6</type>
  <activationId>HelloWorld [182, 0]</activationId>
  <rule>HelloWorld</rule>
  <declarations>$newEvent=com.sample.model.Event@280c3c44(182)</declarations>
</org.drools.audit.event.ActivationLogEvent>
<org.drools.audit.event.ActivationLogEvent>
  <type>7</type>
  <activationId>HelloWorld [182, 0]</activationId>
  <rule>HelloWorld</rule>
  <declarations>$newEvent=com.sample.model.Event@280c3c44(182)</declarations>
</org.drools.audit.event.ActivationLogEvent>
<org.drools.audit.event.ObjectLogEvent>
  <type>1</type>
  <factId>184</factId>
  <objectToString>com.sample.model.Event@1f48b272</objectToString>
</org.drools.audit.event.ObjectLogEvent>
<org.drools.audit.event.ActivationLogEvent>
  <type>4</type>
  <activationId>Example [184, 0]</activationId>
  <rule>Example</rule>
  <declarations>$newEvent0=com.sample.model.Event@1f48b272(184)</declarations>
</org.drools.audit.event.ActivationLogEvent>
<org.drools.audit.event.ActivationLogEvent>
  <type>4</type>
  <activationId>HelloWorld [184, 0]</activationId>
  <rule>HelloWorld</rule>
  <declarations>$newEvent=com.sample.model.Event@1f48b272(184)</declarations>
</org.drools.audit.event.ActivationLogEvent>
<org.drools.audit.event.ActivationLogEvent>
  <type>6</type>
  <activationId>HelloWorld [184, 0]</activationId>
  <rule>HelloWorld</rule>
  <declarations>$newEvent=com.sample.model.Event@1f48b272(184)</declarations>
</org.drools.audit.event.ActivationLogEvent>
<org.drools.audit.event.ActivationLogEvent>
  <type>7</type>
  <activationId>HelloWorld [184, 0]</activationId>
  <rule>HelloWorld</rule>
  <declarations>$newEvent=com.sample.model.Event@1f48b272(184)</declarations>
</org.drools.audit.event.ActivationLogEvent>
<org.drools.audit.event.ActivationLogEvent>
  <type>6</type>
  <activationId>Example [184, 0]</activationId>
  <rule>Example</rule>
  <declarations>$newEvent0=com.sample.model.Event@1f48b272(184)</declarations>
</org.drools.audit.event.ActivationLogEvent>
<org.drools.audit.event.ActivationLogEvent>
  <type>4</type>
  <activationId>Example2 [185]</activationId>
  <rule>Example2</rule>
  <declarations>$newEvent=com.sample.model.Event@5dbb6a69(185)</declarations>
</org.drools.audit.event.ActivationLogEvent>
<org.drools.audit.event.ObjectLogEvent>
  <type>1</type>
  <factId>185</factId>
  <objectToString>com.sample.model.Event@5dbb6a69</objectToString>
</org.drools.audit.event.ObjectLogEvent>
<org.drools.audit.event.ActivationLogEvent>
  <type>7</type>
  <activationId>Example [184, 0]</activationId>
  <rule>Example</rule>
  <declarations>$newEvent0=com.sample.model.Event@1f48b272(184)</declarations>
</org.drools.audit.event.ActivationLogEvent>
<org.drools.audit.event.ActivationLogEvent>
  <type>6</type>
  <activationId>Example2 [185]</activationId>
  <rule>Example2</rule>
  <declarations>$newEvent=com.sample.model.Event@5dbb6a69(185)</declarations>
</org.drools.audit.event.ActivationLogEvent>
<org.drools.audit.event.ActivationLogEvent>
  <type>7</type>
  <activationId>Example2 [185]</activationId>
  <rule>Example2</rule>
  <declarations>$newEvent=com.sample.model.Event@5dbb6a69(185)</declarations>
</org.drools.audit.event.ActivationLogEvent>
<org.drools.audit.event.ObjectLogEvent>
  <type>1</type>
  <factId>186</factId>
  <objectToString>com.sample.model.Event@3b474392</objectToString>
</org.drools.audit.event.ObjectLogEvent>
<org.drools.audit.event.ActivationLogEvent>
  <type>4</type>
  <activationId>Example [186, 0]</activationId>
  <rule>Example</rule>
  <declarations>$newEvent0=com.sample.model.Event@3b474392(186)</declarations>
</org.drools.audit.event.ActivationLogEvent>
<org.drools.audit.event.ActivationLogEvent>
  <type>4</type>
  <activationId>HelloWorld [186, 0]</activationId>
  <rule>HelloWorld</rule>
  <declarations>$newEvent=com.sample.model.Event@3b474392(186)</declarations>
</org.drools.audit.event.ActivationLogEvent>
<org.drools.audit.event.ActivationLogEvent>
  <type>6</type>
  <activationId>HelloWorld [186, 0]</activationId>
  <rule>HelloWorld</rule>
  <declarations>$newEvent=com.sample.model.Event@3b474392(186)</declarations>
</org.drools.audit.event.ActivationLogEvent>
<org.drools.audit.event.ActivationLogEvent>
  <type>7</type>
  <activationId>HelloWorld [186, 0]</activationId>
  <rule>HelloWorld</rule>
  <declarations>$newEvent=com.sample.model.Event@3b474392(186)</declarations>
</org.drools.audit.event.ActivationLogEvent>
<org.drools.audit.event.ActivationLogEvent>
  <type>6</type>
  <activationId>Example [186, 0]</activationId>
  <rule>Example</rule>
  <declarations>$newEvent0=com.sample.model.Event@3b474392(186)</declarations>
</org.drools.audit.event.ActivationLogEvent>
<org.drools.audit.event.ActivationLogEvent>
  <type>4</type>
  <activationId>Example2 [187]</activationId>
  <rule>Example2</rule>
  <declarations>$newEvent=com.sample.model.Event@173dcf55(187)</declarations>
</org.drools.audit.event.ActivationLogEvent>
<org.drools.audit.event.ObjectLogEvent>
  <type>1</type>
  <factId>187</factId>
  <objectToString>com.sample.model.Event@173dcf55</objectToString>
</org.drools.audit.event.ObjectLogEvent>
<org.drools.audit.event.ActivationLogEvent>
  <type>7</type>
  <activationId>Example [186, 0]</activationId>
  <rule>Example</rule>
  <declarations>$newEvent0=com.sample.model.Event@3b474392(186)</declarations>
</org.drools.audit.event.ActivationLogEvent>
<org.drools.audit.event.ActivationLogEvent>
  <type>6</type>
  <activationId>Example2 [187]</activationId>
  <rule>Example2</rule>
  <declarations>$newEvent=com.sample.model.Event@173dcf55(187)</declarations>
</org.drools.audit.event.ActivationLogEvent>
<org.drools.audit.event.ActivationLogEvent>
  <type>7</type>
  <activationId>Example2 [187]</activationId>
  <rule>Example2</rule>
  <declarations>$newEvent=com.sample.model.Event@173dcf55(187)</declarations>
</org.drools.audit.event.ActivationLogEvent>
<org.drools.audit.event.ObjectLogEvent>
  <type>1</type>
  <factId>188</factId>
  <objectToString>com.sample.model.Event@5af6e15e</objectToString>
</org.drools.audit.event.ObjectLogEvent>
<org.drools.audit.event.ActivationLogEvent>
  <type>4</type>
  <activationId>Example [188, 0]</activationId>
  <rule>Example</rule>
  <declarations>$newEvent0=com.sample.model.Event@5af6e15e(188)</declarations>
</org.drools.audit.event.ActivationLogEvent>
<org.drools.audit.event.ActivationLogEvent>
  <type>4</type>
  <activationId>HelloWorld [188, 0]</activationId>
  <rule>HelloWorld</rule>
  <declarations>$newEvent=com.sample.model.Event@5af6e15e(188)</declarations>
</org.drools.audit.event.ActivationLogEvent>
<org.drools.audit.event.ActivationLogEvent>
  <type>6</type>
  <activationId>HelloWorld [188, 0]</activationId>
  <rule>HelloWorld</rule>
  <declarations>$newEvent=com.sample.model.Event@5af6e15e(188)</declarations>
</org.drools.audit.event.ActivationLogEvent>
<org.drools.audit.event.ActivationLogEvent>
  <type>7</type>
  <activationId>HelloWorld [188, 0]</activationId>
  <rule>HelloWorld</rule>
  <declarations>$newEvent=com.sample.model.Event@5af6e15e(188)</declarations>
</org.drools.audit.event.ActivationLogEvent>
<org.drools.audit.event.ActivationLogEvent>
  <type>6</type>
  <activationId>Example [188, 0]</activationId>
  <rule>Example</rule>
  <declarations>$newEvent0=com.sample.model.Event@5af6e15e(188)</declarations>
</org.drools.audit.event.ActivationLogEvent>
<org.drools.audit.event.ActivationLogEvent>
  <type>4</type>
  <activationId>Example2 [189]</activationId>
  <rule>Example2</rule>
  <declarations>$newEvent=com.sample.model.Event@64610fa(189)</declarations>
</org.drools.audit.event.ActivationLogEvent>
<org.drools.audit.event.ObjectLogEvent>
  <type>1</type>
  <factId>189</factId>
  <objectToString>com.sample.model.Event@64610fa</objectToString>
</org.drools.audit.event.ObjectLogEvent>
<org.drools.audit.event.ActivationLogEvent>
  <type>7</type>
  <activationId>Example [188, 0]</activationId>
  <rule>Example</rule>
  <declarations>$newEvent0=com.sample.model.Event@5af6e15e(188)</declarations>
</org.drools.audit.event.ActivationLogEvent>
<org.drools.audit.event.ActivationLogEvent>
  <type>6</type>
  <activationId>Example2 [189]</activationId>
  <rule>Example2</rule>
  <declarations>$newEvent=com.sample.model.Event@64610fa(189)</declarations>
</org.drools.audit.event.ActivationLogEvent>
<org.drools.audit.event.ActivationLogEvent>
  <type>7</type>
  <activationId>Example2 [189]</activationId>
  <rule>Example2</rule>
  <declarations>$newEvent=com.sample.model.Event@64610fa(189)</declarations>
</org.drools.audit.event.ActivationLogEvent>
<org.drools.audit.event.ObjectLogEvent>
  <type>1</type>
  <factId>190</factId>
  <objectToString>com.sample.model.Event@6204904d</objectToString>
</org.drools.audit.event.ObjectLogEvent>
<org.drools.audit.event.ActivationLogEvent>
  <type>4</type>
  <activationId>Example [190, 0]</activationId>
  <rule>Example</rule>
  <declarations>$newEvent0=com.sample.model.Event@6204904d(190)</declarations>
</org.drools.audit.event.ActivationLogEvent>
<org.drools.audit.event.ActivationLogEvent>
  <type>4</type>
  <activationId>HelloWorld [190, 0]</activationId>
  <rule>HelloWorld</rule>
  <declarations>$newEvent=com.sample.model.Event@6204904d(190)</declarations>
</org.drools.audit.event.ActivationLogEvent>
<org.drools.audit.event.ActivationLogEvent>
  <type>6</type>
  <activationId>HelloWorld [190, 0]</activationId>
  <rule>HelloWorld</rule>
  <declarations>$newEvent=com.sample.model.Event@6204904d(190)</declarations>
</org.drools.audit.event.ActivationLogEvent>
<org.drools.audit.event.ActivationLogEvent>
  <type>7</type>
  <activationId>HelloWorld [190, 0]</activationId>
  <rule>HelloWorld</rule>
  <declarations>$newEvent=com.sample.model.Event@6204904d(190)</declarations>
</org.drools.audit.event.ActivationLogEvent>
<org.drools.audit.event.ActivationLogEvent>
  <type>6</type>
  <activationId>Example [190, 0]</activationId>
  <rule>Example</rule>
  <declarations>$newEvent0=com.sample.model.Event@6204904d(190)</declarations>
</org.drools.audit.event.ActivationLogEvent>
<org.drools.audit.event.ActivationLogEvent>
  <type>4</type>
  <activationId>Example2 [191]</activationId>
  <rule>Example2</rule>
  <declarations>$newEvent=com.sample.model.Event@4c3fe94a(191)</declarations>
</org.drools.audit.event.ActivationLogEvent>
<org.drools.audit.event.ObjectLogEvent>
  <type>1</type>
  <factId>191</factId>
  <objectToString>com.sample.model.Event@4c3fe94a</objectToString>
</org.drools.audit.event.ObjectLogEvent>
<org.drools.audit.event.ActivationLogEvent>
  <type>7</type>
  <activationId>Example [190, 0]</activationId>
  <rule>Example</rule>
  <declarations>$newEvent0=com.sample.model.Event@6204904d(190)</declarations>
</org.drools.audit.event.ActivationLogEvent>
<org.drools.audit.event.ActivationLogEvent>
  <type>6</type>
  <activationId>Example2 [191]</activationId>
  <rule>Example2</rule>
  <declarations>$newEvent=com.sample.model.Event@4c3fe94a(191)</declarations>
</org.drools.audit.event.ActivationLogEvent>
<org.drools.audit.event.ActivationLogEvent>
  <type>7</type>
  <activationId>Example2 [191]</activationId>
  <rule>Example2</rule>
  <declarations>$newEvent=com.sample.model.Event@4c3fe94a(191)</declarations>
</org.drools.audit.event.ActivationLogEvent>
</object-stream>
<org.drools.audit.event.ObjectLogEvent>
  <type>1</type>
  <factId>192</factId>
  <objectToString>com.sample.model.Event@4e668387</objectToString>
</org.drools.audit.event.ObjectLogEvent>
<org.drools.audit.event.ActivationLogEvent>
  <type>4</type>
  <activationId>Example [192, 0]</activationId>
  <rule>Example</rule>
  <declarations>$newEvent0=com.sample.model.Event@4e668387(192)</declarations>
</org.drools.audit.event.ActivationLogEvent>
<org.drools.audit.event.ActivationLogEvent>
  <type>4</type>
  <activationId>HelloWorld [192, 0]</activationId>
  <rule>HelloWorld</rule>
  <declarations>$newEvent=com.sample.model.Event@4e668387(192)</declarations>
</org.drools.audit.event.ActivationLogEvent>
<org.drools.audit.event.ActivationLogEvent>
  <type>6</type>
  <activationId>HelloWorld [192, 0]</activationId>
  <rule>HelloWorld</rule>
  <declarations>$newEvent=com.sample.model.Event@4e668387(192)</declarations>
</org.drools.audit.event.ActivationLogEvent>
<org.drools.audit.event.ActivationLogEvent>
  <type>7</type>
  <activationId>HelloWorld [192, 0]</activationId>
  <rule>HelloWorld</rule>
  <declarations>$newEvent=com.sample.model.Event@4e668387(192)</declarations>
</org.drools.audit.event.ActivationLogEvent>
<org.drools.audit.event.ActivationLogEvent>
  <type>6</type>
  <activationId>Example [192, 0]</activationId>
  <rule>Example</rule>
  <declarations>$newEvent0=com.sample.model.Event@4e668387(192)</declarations>
</org.drools.audit.event.ActivationLogEvent>
<org.drools.audit.event.ActivationLogEvent>
  <type>4</type>
  <activationId>Example2 [193]</activationId>
  <rule>Example2</rule>
  <declarations>$newEvent=com.sample.model.Event@75787005(193)</declarations>
</org.drools.audit.event.ActivationLogEvent>
<org.drools.audit.event.ObjectLogEvent>
  <type>1</type>
  <factId>193</factId>
  <objectToString>com.sample.model.Event@75787005</objectToString>
</org.drools.audit.event.ObjectLogEvent>
<org.drools.audit.event.ActivationLogEvent>
  <type>7</type>
  <activationId>Example [192, 0]</activationId>
  <rule>Example</rule>
  <declarations>$newEvent0=com.sample.model.Event@4e668387(192)</declarations>
</org.drools.audit.event.ActivationLogEvent>
<org.drools.audit.event.ActivationLogEvent>
  <type>6</type>
  <activationId>Example2 [193]</activationId>
  <rule>Example2</rule>
  <declarations>$newEvent=com.sample.model.Event@75787005(193)</declarations>
</org.drools.audit.event.ActivationLogEvent>
<org.drools.audit.event.ActivationLogEvent>
  <type>7</type>
  <activationId>Example2 [193]</activationId>
  <rule>Example2</rule>
  <declarations>$newEvent=com.sample.model.Event@75787005(193)</declarations>
</org.drools.audit.event.ActivationLogEvent>
<org.drools.audit.event.ObjectLogEvent>
  <type>1</type>
  <factId>194</factId>
  <objectToString>com.sample.model.Event@63644028</objectToString>
</org.drools.audit.event.ObjectLogEvent>
<org.drools.audit.event.ActivationLogEvent>
  <type>4</type>
  <activationId>Example [194, 0]</activationId>
  <rule>Example</rule>
  <declarations>$newEvent0=com.sample.model.Event@63644028(194)</declarations>
</org.drools.audit.event.ActivationLogEvent>
<org.drools.audit.event.ActivationLogEvent>
  <type>4</type>
  <activationId>HelloWorld [194, 0]</activationId>
  <rule>HelloWorld</rule>
  <declarations>$newEvent=com.sample.model.Event@63644028(194)</declarations>
</org.drools.audit.event.ActivationLogEvent>
<org.drools.audit.event.ActivationLogEvent>
  <type>6</type>
  <activationId>HelloWorld [194, 0]</activationId>
  <rule>HelloWorld</rule>
  <declarations>$newEvent=com.sample.model.Event@63644028(194)</declarations>
</org.drools.audit.event.ActivationLogEvent>
<org.drools.audit.event.ActivationLogEvent>
  <type>7</type>
  <activationId>HelloWorld [194, 0]</activationId>
  <rule>HelloWorld</rule>
  <declarations>$newEvent=com.sample.model.Event@63644028(194)</declarations>
</org.drools.audit.event.ActivationLogEvent>
<org.drools.audit.event.ActivationLogEvent>
  <type>6</type>
  <activationId>Example [194, 0]</activationId>
  <rule>Example</rule>
  <declarations>$newEvent0=com.sample.model.Event@63644028(194)</declarations>
</org.drools.audit.event.ActivationLogEvent>
<org.drools.audit.event.ActivationLogEvent>
  <type>4</type>
  <activationId>Example2 [195]</activationId>
  <rule>Example2</rule>
  <declarations>$newEvent=com.sample.model.Event@766c570c(195)</declarations>
</org.drools.audit.event.ActivationLogEvent>
<org.drools.audit.event.ObjectLogEvent>
  <type>1</type>
  <factId>195</factId>
  <objectToString>com.sample.model.Event@766c570c</objectToString>
</org.drools.audit.event.ObjectLogEvent>
<org.drools.audit.event.ActivationLogEvent>
  <type>7</type>
  <activationId>Example [194, 0]</activationId>
  <rule>Example</rule>
  <declarations>$newEvent0=com.sample.model.Event@63644028(194)</declarations>
</org.drools.audit.event.ActivationLogEvent>
<org.drools.audit.event.ActivationLogEvent>
  <type>6</type>
  <activationId>Example2 [195]</activationId>
  <rule>Example2</rule>
  <declarations>$newEvent=com.sample.model.Event@766c570c(195)</declarations>
</org.drools.audit.event.ActivationLogEvent>
<org.drools.audit.event.ActivationLogEvent>
  <type>7</type>
  <activationId>Example2 [195]</activationId>
  <rule>Example2</rule>
  <declarations>$newEvent=com.sample.model.Event@766c570c(195)</declarations>
</org.drools.audit.event.ActivationLogEvent>
<org.drools.audit.event.ObjectLogEvent>
  <type>1</type>
  <factId>196</factId>
  <objectToString>com.sample.model.Event@42c71191</objectToString>
</org.drools.audit.event.ObjectLogEvent>
<org.drools.audit.event.ActivationLogEvent>
  <type>4</type>
  <activationId>Example [196, 0]</activationId>
  <rule>Example</rule>
  <declarations>$newEvent0=com.sample.model.Event@42c71191(196)</declarations>
</org.drools.audit.event.ActivationLogEvent>
<org.drools.audit.event.ActivationLogEvent>
  <type>4</type>
  <activationId>HelloWorld [196, 0]</activationId>
  <rule>HelloWorld</rule>
  <declarations>$newEvent=com.sample.model.Event@42c71191(196)</declarations>
</org.drools.audit.event.ActivationLogEvent>
<org.drools.audit.event.ActivationLogEvent>
  <type>6</type>
  <activationId>HelloWorld [196, 0]</activationId>
  <rule>HelloWorld</rule>
  <declarations>$newEvent=com.sample.model.Event@42c71191(196)</declarations>
</org.drools.audit.event.ActivationLogEvent>
<org.drools.audit.event.ActivationLogEvent>
  <type>7</type>
  <activationId>HelloWorld [196, 0]</activationId>
  <rule>HelloWorld</rule>
  <declarations>$newEvent=com.sample.model.Event@42c71191(196)</declarations>
</org.drools.audit.event.ActivationLogEvent>
<org.drools.audit.event.ActivationLogEvent>
  <type>6</type>
  <activationId>Example [196, 0]</activationId>
  <rule>Example</rule>
  <declarations>$newEvent0=com.sample.model.Event@42c71191(196)</declarations>
</org.drools.audit.event.ActivationLogEvent>
<org.drools.audit.event.ActivationLogEvent>
  <type>4</type>
  <activationId>Example2 [197]</activationId>
  <rule>Example2</rule>
  <declarations>$newEvent=com.sample.model.Event@3f610944(197)</declarations>
</org.drools.audit.event.ActivationLogEvent>
<org.drools.audit.event.ObjectLogEvent>
  <type>1</type>
  <factId>197</factId>
  <objectToString>com.sample.model.Event@3f610944</objectToString>
</org.drools.audit.event.ObjectLogEvent>
<org.drools.audit.event.ActivationLogEvent>
  <type>7</type>
  <activationId>Example [196, 0]</activationId>
  <rule>Example</rule>
  <declarations>$newEvent0=com.sample.model.Event@42c71191(196)</declarations>
</org.drools.audit.event.ActivationLogEvent>
<org.drools.audit.event.ActivationLogEvent>
  <type>6</type>
  <activationId>Example2 [197]</activationId>
  <rule>Example2</rule>
  <declarations>$newEvent=com.sample.model.Event@3f610944(197)</declarations>
</org.drools.audit.event.ActivationLogEvent>
<org.drools.audit.event.ActivationLogEvent>
  <type>7</type>
  <activationId>Example2 [197]</activationId>
  <rule>Example2</rule>
  <declarations>$newEvent=com.sample.model.Event@3f610944(197)</declarations>
</org.drools.audit.event.ActivationLogEvent>
<org.drools.audit.event.ObjectLogEvent>
  <type>1</type>
  <factId>198</factId>
  <objectToString>com.sample.model.Event@7ba76fdd</objectToString>
</org.drools.audit.event.ObjectLogEvent>
<org.drools.audit.event.ActivationLogEvent>
  <type>4</type>
  <activationId>Example [198, 0]</activationId>
  <rule>Example</rule>
  <declarations>$newEvent0=com.sample.model.Event@7ba76fdd(198)</declarations>
</org.drools.audit.event.ActivationLogEvent>
<org.drools.audit.event.ActivationLogEvent>
  <type>4</type>
  <activationId>HelloWorld [198, 0]</activationId>
  <rule>HelloWorld</rule>
  <declarations>$newEvent=com.sample.model.Event@7ba76fdd(198)</declarations>
</org.drools.audit.event.ActivationLogEvent>
<org.drools.audit.event.ActivationLogEvent>
  <type>6</type>
  <activationId>HelloWorld [198, 0]</activationId>
  <rule>HelloWorld</rule>
  <declarations>$newEvent=com.sample.model.Event@7ba76fdd(198)</declarations>
</org.drools.audit.event.ActivationLogEvent>
<org.drools.audit.event.ActivationLogEvent>
  <type>7</type>
  <activationId>HelloWorld [198, 0]</activationId>
  <rule>HelloWorld</rule>
  <declarations>$newEvent=com.sample.model.Event@7ba76fdd(198)</declarations>
</org.drools.audit.event.ActivationLogEvent>
<org.drools.audit.event.ActivationLogEvent>
  <type>6</type>
  <activationId>Example [198, 0]</activationId>
  <rule>Example</rule>
  <declarations>$newEvent0=com.sample.model.Event@7ba76fdd(198)</declarations>
</org.drools.audit.event.ActivationLogEvent>
<org.drools.audit.event.ActivationLogEvent>
  <type>4</type>
  <activationId>Example2 [199]</activationId>
  <rule>Example2</rule>
  <declarations>$newEvent=com.sample.model.Event@3afa43e8(199)</declarations>
</org.drools.audit.event.ActivationLogEvent>
<org.drools.audit.event.ObjectLogEvent>
  <type>1</type>
  <factId>199</factId>
  <objectToString>com.sample.model.Event@3afa43e8</objectToString>
</org.drools.audit.event.ObjectLogEvent>
<org.drools.audit.event.ActivationLogEvent>
  <type>7</type>
  <activationId>Example [198, 0]</activationId>
  <rule>Example</rule>
  <declarations>$newEvent0=com.sample.model.Event@7ba76fdd(198)</declarations>
</org.drools.audit.event.ActivationLogEvent>
<org.drools.audit.event.ActivationLogEvent>
  <type>6</type>
  <activationId>Example2 [199]</activationId>
  <rule>Example2</rule>
  <declarations>$newEvent=com.sample.model.Event@3afa43e8(199)</declarations>
</org.drools.audit.event.ActivationLogEvent>
<org.drools.audit.event.ActivationLogEvent>
  <type>7</type>
  <activationId>Example2 [199]</activationId>
  <rule>Example2</rule>
  <declarations>$newEvent=com.sample.model.Event@3afa43e8(199)</declarations>
</org.drools.audit.event.ActivationLogEvent>
<org.drools.audit.event.ObjectLogEvent>
  <type>1</type>
  <factId>200</factId>
  <objectToString>com.sample.model.Event@4805298</objectToString>
</org.drools.audit.event.ObjectLogEvent>
<org.drools.audit.event.ActivationLogEvent>
  <type>4</type>
  <activationId>Example [200, 0]</activationId>
  <rule>Example</rule>
  <declarations>$newEvent0=com.sample.model.Event@4805298(200)</declarations>
</org.drools.audit.event.ActivationLogEvent>
<org.drools.audit.event.ActivationLogEvent>
  <type>4</type>
  <activationId>HelloWorld [200, 0]</activationId>
  <rule>HelloWorld</rule>
  <declarations>$newEvent=com.sample.model.Event@4805298(200)</declarations>
</org.drools.audit.event.ActivationLogEvent>
<org.drools.audit.event.ActivationLogEvent>
  <type>6</type>
  <activationId>HelloWorld [200, 0]</activationId>
  <rule>HelloWorld</rule>
  <declarations>$newEvent=com.sample.model.Event@4805298(200)</declarations>
</org.drools.audit.event.ActivationLogEvent>
<org.drools.audit.event.ActivationLogEvent>
  <type>7</type>
  <activationId>HelloWorld [200, 0]</activationId>
  <rule>HelloWorld</rule>
  <declarations>$newEvent=com.sample.model.Event@4805298(200)</declarations>
</org.drools.audit.event.ActivationLogEvent>
<org.drools.audit.event.ActivationLogEvent>
  <type>6</type>
  <activationId>Example [200, 0]</activationId>
  <rule>Example</rule>
  <declarations>$newEvent0=com.sample.model.Event@4805298(200)</declarations>
</org.drools.audit.event.ActivationLogEvent>
<org.drools.audit.event.ActivationLogEvent>
  <type>4</type>
  <activationId>Example2 [201]</activationId>
  <rule>Example2</rule>
  <declarations>$newEvent=com.sample.model.Event@5b2bc407(201)</declarations>
</org.drools.audit.event.ActivationLogEvent>
<org.drools.audit.event.ObjectLogEvent>
  <type>1</type>
  <factId>201</factId>
  <objectToString>com.sample.model.Event@5b2bc407</objectToString>
</org.drools.audit.event.ObjectLogEvent>
<org.drools.audit.event.ActivationLogEvent>
  <type>7</type>
  <activationId>Example [200, 0]</activationId>
  <rule>Example</rule>
  <declarations>$newEvent0=com.sample.model.Event@4805298(200)</declarations>
</org.drools.audit.event.ActivationLogEvent>
<org.drools.audit.event.ActivationLogEvent>
  <type>6</type>
  <activationId>Example2 [201]</activationId>
  <rule>Example2</rule>
  <declarations>$newEvent=com.sample.model.Event@5b2bc407(201)</declarations>
</org.drools.audit.event.ActivationLogEvent>
<org.drools.audit.event.ActivationLogEvent>
  <type>7</type>
  <activationId>Example2 [201]</activationId>
  <rule>Example2</rule>
  <declarations>$newEvent=com.sample.model.Event@5b2bc407(201)</declarations>
</org.drools.audit.event.ActivationLogEvent>
<org.drools.audit.event.ObjectLogEvent>
  <type>1</type>
  <factId>202</factId>
  <objectToString>com.sample.model.Event@1652d654</objectToString>
</org.drools.audit.event.ObjectLogEvent>
<org.drools.audit.event.ActivationLogEvent>
  <type>4</type>
  <activationId>Example [202, 0]</activationId>
  <rule>Example</rule>
  <declarations>$newEvent0=com.sample.model.Event@1652d654(202)</declarations>
</org.drools.audit.event.ActivationLogEvent>
<org.drools.audit.event.ActivationLogEvent>
  <type>4</type>
  <activationId>HelloWorld [202, 0]</activationId>
  <rule>HelloWorld</rule>
  <declarations>$newEvent=com.sample.model.Event@1652d654(202)</declarations>
</org.drools.audit.event.ActivationLogEvent>
<org.drools.audit.event.ActivationLogEvent>
  <type>6</type>
  <activationId>HelloWorld [202, 0]</activationId>
  <rule>HelloWorld</rule>
  <declarations>$newEvent=com.sample.model.Event@1652d654(202)</declarations>
</org.drools.audit.event.ActivationLogEvent>
<org.drools.audit.event.ActivationLogEvent>
  <type>7</type>
  <activationId>HelloWorld [202, 0]</activationId>
  <rule>HelloWorld</rule>
  <declarations>$newEvent=com.sample.model.Event@1652d654(202)</declarations>
</org.drools.audit.event.ActivationLogEvent>
<org.drools.audit.event.ActivationLogEvent>
  <type>6</type>
  <activationId>Example [202, 0]</activationId>
  <rule>Example</rule>
  <declarations>$newEvent0=com.sample.model.Event@1652d654(202)</declarations>
</org.drools.audit.event.ActivationLogEvent>
<org.drools.audit.event.ActivationLogEvent>
  <type>4</type>
  <activationId>Example2 [203]</activationId>
  <rule>Example2</rule>
  <declarations>$newEvent=com.sample.model.Event@35b284a4(203)</declarations>
</org.drools.audit.event.ActivationLogEvent>
<org.drools.audit.event.ObjectLogEvent>
  <type>1</type>
  <factId>203</factId>
  <objectToString>com.sample.model.Event@35b284a4</objectToString>
</org.drools.audit.event.ObjectLogEvent>
<org.drools.audit.event.ActivationLogEvent>
  <type>7</type>
  <activationId>Example [202, 0]</activationId>
  <rule>Example</rule>
  <declarations>$newEvent0=com.sample.model.Event@1652d654(202)</declarations>
</org.drools.audit.event.ActivationLogEvent>
<org.drools.audit.event.ActivationLogEvent>
  <type>6</type>
  <activationId>Example2 [203]</activationId>
  <rule>Example2</rule>
  <declarations>$newEvent=com.sample.model.Event@35b284a4(203)</declarations>
</org.drools.audit.event.ActivationLogEvent>
<org.drools.audit.event.ActivationLogEvent>
  <type>7</type>
  <activationId>Example2 [203]</activationId>
  <rule>Example2</rule>
  <declarations>$newEvent=com.sample.model.Event@35b284a4(203)</declarations>
</org.drools.audit.event.ActivationLogEvent>
<org.drools.audit.event.ObjectLogEvent>
  <type>1</type>
  <factId>204</factId>
  <objectToString>com.sample.model.Event@5b224686</objectToString>
</org.drools.audit.event.ObjectLogEvent>
<org.drools.audit.event.ActivationLogEvent>
  <type>4</type>
  <activationId>Example [204, 0]</activationId>
  <rule>Example</rule>
  <declarations>$newEvent0=com.sample.model.Event@5b224686(204)</declarations>
</org.drools.audit.event.ActivationLogEvent>
<org.drools.audit.event.ActivationLogEvent>
  <type>4</type>
  <activationId>HelloWorld [204, 0]</activationId>
  <rule>HelloWorld</rule>
  <declarations>$newEvent=com.sample.model.Event@5b224686(204)</declarations>
</org.drools.audit.event.ActivationLogEvent>
<org.drools.audit.event.ActivationLogEvent>
  <type>6</type>
  <activationId>HelloWorld [204, 0]</activationId>
  <rule>HelloWorld</rule>
  <declarations>$newEvent=com.sample.model.Event@5b224686(204)</declarations>
</org.drools.audit.event.ActivationLogEvent>
<org.drools.audit.event.ActivationLogEvent>
  <type>7</type>
  <activationId>HelloWorld [204, 0]</activationId>
  <rule>HelloWorld</rule>
  <declarations>$newEvent=com.sample.model.Event@5b224686(204)</declarations>
</org.drools.audit.event.ActivationLogEvent>
<org.drools.audit.event.ActivationLogEvent>
  <type>6</type>
  <activationId>Example [204, 0]</activationId>
  <rule>Example</rule>
  <declarations>$newEvent0=com.sample.model.Event@5b224686(204)</declarations>
</org.drools.audit.event.ActivationLogEvent>
<org.drools.audit.event.ActivationLogEvent>
  <type>4</type>
  <activationId>Example2 [205]</activationId>
  <rule>Example2</rule>
  <declarations>$newEvent=com.sample.model.Event@6f3f903b(205)</declarations>
</org.drools.audit.event.ActivationLogEvent>
<org.drools.audit.event.ObjectLogEvent>
  <type>1</type>
  <factId>205</factId>
  <objectToString>com.sample.model.Event@6f3f903b</objectToString>
</org.drools.audit.event.ObjectLogEvent>
<org.drools.audit.event.ActivationLogEvent>
  <type>7</type>
  <activationId>Example [204, 0]</activationId>
  <rule>Example</rule>
  <declarations>$newEvent0=com.sample.model.Event@5b224686(204)</declarations>
</org.drools.audit.event.ActivationLogEvent>
<org.drools.audit.event.ActivationLogEvent>
  <type>6</type>
  <activationId>Example2 [205]</activationId>
  <rule>Example2</rule>
  <declarations>$newEvent=com.sample.model.Event@6f3f903b(205)</declarations>
</org.drools.audit.event.ActivationLogEvent>
<org.drools.audit.event.ActivationLogEvent>
  <type>7</type>
  <activationId>Example2 [205]</activationId>
  <rule>Example2</rule>
  <declarations>$newEvent=com.sample.model.Event@6f3f903b(205)</declarations>
</org.drools.audit.event.ActivationLogEvent>
<org.drools.audit.event.ObjectLogEvent>
  <type>1</type>
  <factId>206</factId>
  <objectToString>com.sample.model.Event@36164a8c</objectToString>
</org.drools.audit.event.ObjectLogEvent>
<org.drools.audit.event.ActivationLogEvent>
  <type>4</type>
  <activationId>Example [206, 0]</activationId>
  <rule>Example</rule>
  <declarations>$newEvent0=com.sample.model.Event@36164a8c(206)</declarations>
</org.drools.audit.event.ActivationLogEvent>
<org.drools.audit.event.ActivationLogEvent>
  <type>6</type>
  <activationId>Example [206, 0]</activationId>
  <rule>Example</rule>
  <declarations>$newEvent0=com.sample.model.Event@36164a8c(206)</declarations>
</org.drools.audit.event.ActivationLogEvent>
<org.drools.audit.event.ActivationLogEvent>
  <type>4</type>
  <activationId>HelloWorld [206, 0]</activationId>
  <rule>HelloWorld</rule>
  <declarations>$newEvent=com.sample.model.Event@36164a8c(206)</declarations>
</org.drools.audit.event.ActivationLogEvent>
<org.drools.audit.event.ActivationLogEvent>
  <type>4</type>
  <activationId>Example2 [207]</activationId>
  <rule>Example2</rule>
  <declarations>$newEvent=com.sample.model.Event@71784911(207)</declarations>
</org.drools.audit.event.ActivationLogEvent>
<org.drools.audit.event.ObjectLogEvent>
  <type>1</type>
  <factId>207</factId>
  <objectToString>com.sample.model.Event@71784911</objectToString>
</org.drools.audit.event.ObjectLogEvent>
<org.drools.audit.event.ActivationLogEvent>
  <type>7</type>
  <activationId>Example [206, 0]</activationId>
  <rule>Example</rule>
  <declarations>$newEvent0=com.sample.model.Event@36164a8c(206)</declarations>
</org.drools.audit.event.ActivationLogEvent>
<org.drools.audit.event.ActivationLogEvent>
  <type>6</type>
  <activationId>Example2 [207]</activationId>
  <rule>Example2</rule>
  <declarations>$newEvent=com.sample.model.Event@71784911(207)</declarations>
</org.drools.audit.event.ActivationLogEvent>
<org.drools.audit.event.ActivationLogEvent>
  <type>7</type>
  <activationId>Example2 [207]</activationId>
  <rule>Example2</rule>
  <declarations>$newEvent=com.sample.model.Event@71784911(207)</declarations>
</org.drools.audit.event.ActivationLogEvent>
<org.drools.audit.event.ActivationLogEvent>
  <type>6</type>
  <activationId>HelloWorld [206, 0]</activationId>
  <rule>HelloWorld</rule>
  <declarations>$newEvent=com.sample.model.Event@36164a8c(206)</declarations>
</org.drools.audit.event.ActivationLogEvent>
<org.drools.audit.event.ActivationLogEvent>
  <type>7</type>
  <activationId>HelloWorld [206, 0]</activationId>
  <rule>HelloWorld</rule>
  <declarations>$newEvent=com.sample.model.Event@36164a8c(206)</declarations>
</org.drools.audit.event.ActivationLogEvent>
<org.drools.audit.event.ObjectLogEvent>
  <type>1</type>
  <factId>208</factId>
  <objectToString>com.sample.model.Event@1005354a</objectToString>
</org.drools.audit.event.ObjectLogEvent>
<org.drools.audit.event.ActivationLogEvent>
  <type>4</type>
  <activationId>Example [208, 0]</activationId>
  <rule>Example</rule>
  <declarations>$newEvent0=com.sample.model.Event@1005354a(208)</declarations>
</org.drools.audit.event.ActivationLogEvent>
<org.drools.audit.event.ActivationLogEvent>
  <type>4</type>
  <activationId>HelloWorld [208, 0]</activationId>
  <rule>HelloWorld</rule>
  <declarations>$newEvent=com.sample.model.Event@1005354a(208)</declarations>
</org.drools.audit.event.ActivationLogEvent>
<org.drools.audit.event.ActivationLogEvent>
  <type>6</type>
  <activationId>HelloWorld [208, 0]</activationId>
  <rule>HelloWorld</rule>
  <declarations>$newEvent=com.sample.model.Event@1005354a(208)</declarations>
</org.drools.audit.event.ActivationLogEvent>
<org.drools.audit.event.ActivationLogEvent>
  <type>7</type>
  <activationId>HelloWorld [208, 0]</activationId>
  <rule>HelloWorld</rule>
  <declarations>$newEvent=com.sample.model.Event@1005354a(208)</declarations>
</org.drools.audit.event.ActivationLogEvent>
<org.drools.audit.event.ActivationLogEvent>
  <type>6</type>
  <activationId>Example [208, 0]</activationId>
  <rule>Example</rule>
  <declarations>$newEvent0=com.sample.model.Event@1005354a(208)</declarations>
</org.drools.audit.event.ActivationLogEvent>
<org.drools.audit.event.ActivationLogEvent>
  <type>4</type>
  <activationId>Example2 [209]</activationId>
  <rule>Example2</rule>
  <declarations>$newEvent=com.sample.model.Event@70f16568(209)</declarations>
</org.drools.audit.event.ActivationLogEvent>
<org.drools.audit.event.ObjectLogEvent>
  <type>1</type>
  <factId>209</factId>
  <objectToString>com.sample.model.Event@70f16568</objectToString>
</org.drools.audit.event.ObjectLogEvent>
<org.drools.audit.event.ActivationLogEvent>
  <type>7</type>
  <activationId>Example [208, 0]</activationId>
  <rule>Example</rule>
  <declarations>$newEvent0=com.sample.model.Event@1005354a(208)</declarations>
</org.drools.audit.event.ActivationLogEvent>
<org.drools.audit.event.ActivationLogEvent>
  <type>6</type>
  <activationId>Example2 [209]</activationId>
  <rule>Example2</rule>
  <declarations>$newEvent=com.sample.model.Event@70f16568(209)</declarations>
</org.drools.audit.event.ActivationLogEvent>
<org.drools.audit.event.ActivationLogEvent>
  <type>7</type>
  <activationId>Example2 [209]</activationId>
  <rule>Example2</rule>
  <declarations>$newEvent=com.sample.model.Event@70f16568(209)</declarations>
</org.drools.audit.event.ActivationLogEvent>
<org.drools.audit.event.ObjectLogEvent>
  <type>1</type>
  <factId>210</factId>
  <objectToString>com.sample.model.Event@7838c8c5</objectToString>
</org.drools.audit.event.ObjectLogEvent>
<org.drools.audit.event.ActivationLogEvent>
  <type>4</type>
  <activationId>Example [210, 0]</activationId>
  <rule>Example</rule>
  <declarations>$newEvent0=com.sample.model.Event@7838c8c5(210)</declarations>
</org.drools.audit.event.ActivationLogEvent>
<org.drools.audit.event.ActivationLogEvent>
  <type>4</type>
  <activationId>HelloWorld [210, 0]</activationId>
  <rule>HelloWorld</rule>
  <declarations>$newEvent=com.sample.model.Event@7838c8c5(210)</declarations>
</org.drools.audit.event.ActivationLogEvent>
<org.drools.audit.event.ActivationLogEvent>
  <type>6</type>
  <activationId>HelloWorld [210, 0]</activationId>
  <rule>HelloWorld</rule>
  <declarations>$newEvent=com.sample.model.Event@7838c8c5(210)</declarations>
</org.drools.audit.event.ActivationLogEvent>
<org.drools.audit.event.ActivationLogEvent>
  <type>7</type>
  <activationId>HelloWorld [210, 0]</activationId>
  <rule>HelloWorld</rule>
  <declarations>$newEvent=com.sample.model.Event@7838c8c5(210)</declarations>
</org.drools.audit.event.ActivationLogEvent>
<org.drools.audit.event.ActivationLogEvent>
  <type>6</type>
  <activationId>Example [210, 0]</activationId>
  <rule>Example</rule>
  <declarations>$newEvent0=com.sample.model.Event@7838c8c5(210)</declarations>
</org.drools.audit.event.ActivationLogEvent>
<org.drools.audit.event.ActivationLogEvent>
  <type>4</type>
  <activationId>Example2 [211]</activationId>
  <rule>Example2</rule>
  <declarations>$newEvent=com.sample.model.Event@3f6ff2d9(211)</declarations>
</org.drools.audit.event.ActivationLogEvent>
<org.drools.audit.event.ObjectLogEvent>
  <type>1</type>
  <factId>211</factId>
  <objectToString>com.sample.model.Event@3f6ff2d9</objectToString>
</org.drools.audit.event.ObjectLogEvent>
<org.drools.audit.event.ActivationLogEvent>
  <type>7</type>
  <activationId>Example [210, 0]</activationId>
  <rule>Example</rule>
  <declarations>$newEvent0=com.sample.model.Event@7838c8c5(210)</declarations>
</org.drools.audit.event.ActivationLogEvent>
<org.drools.audit.event.ActivationLogEvent>
  <type>6</type>
  <activationId>Example2 [211]</activationId>
  <rule>Example2</rule>
  <declarations>$newEvent=com.sample.model.Event@3f6ff2d9(211)</declarations>
</org.drools.audit.event.ActivationLogEvent>
<org.drools.audit.event.ActivationLogEvent>
  <type>7</type>
  <activationId>Example2 [211]</activationId>
  <rule>Example2</rule>
  <declarations>$newEvent=com.sample.model.Event@3f6ff2d9(211)</declarations>
</org.drools.audit.event.ActivationLogEvent>
<org.drools.audit.event.ObjectLogEvent>
  <type>1</type>
  <factId>212</factId>
  <objectToString>com.sample.model.Event@4eb0a518</objectToString>
</org.drools.audit.event.ObjectLogEvent>
<org.drools.audit.event.ActivationLogEvent>
  <type>4</type>
  <activationId>Example [212, 0]</activationId>
  <rule>Example</rule>
  <declarations>$newEvent0=com.sample.model.Event@4eb0a518(212)</declarations>
</org.drools.audit.event.ActivationLogEvent>
<org.drools.audit.event.ActivationLogEvent>
  <type>4</type>
  <activationId>HelloWorld [212, 0]</activationId>
  <rule>HelloWorld</rule>
  <declarations>$newEvent=com.sample.model.Event@4eb0a518(212)</declarations>
</org.drools.audit.event.ActivationLogEvent>
<org.drools.audit.event.ActivationLogEvent>
  <type>6</type>
  <activationId>HelloWorld [212, 0]</activationId>
  <rule>HelloWorld</rule>
  <declarations>$newEvent=com.sample.model.Event@4eb0a518(212)</declarations>
</org.drools.audit.event.ActivationLogEvent>
<org.drools.audit.event.ActivationLogEvent>
  <type>7</type>
  <activationId>HelloWorld [212, 0]</activationId>
  <rule>HelloWorld</rule>
  <declarations>$newEvent=com.sample.model.Event@4eb0a518(212)</declarations>
</org.drools.audit.event.ActivationLogEvent>
<org.drools.audit.event.ActivationLogEvent>
  <type>6</type>
  <activationId>Example [212, 0]</activationId>
  <rule>Example</rule>
  <declarations>$newEvent0=com.sample.model.Event@4eb0a518(212)</declarations>
</org.drools.audit.event.ActivationLogEvent>
<org.drools.audit.event.ActivationLogEvent>
  <type>4</type>
  <activationId>Example2 [213]</activationId>
  <rule>Example2</rule>
  <declarations>$newEvent=com.sample.model.Event@261ca3cb(213)</declarations>
</org.drools.audit.event.ActivationLogEvent>
<org.drools.audit.event.ObjectLogEvent>
  <type>1</type>
  <factId>213</factId>
  <objectToString>com.sample.model.Event@261ca3cb</objectToString>
</org.drools.audit.event.ObjectLogEvent>
<org.drools.audit.event.ActivationLogEvent>
  <type>7</type>
  <activationId>Example [212, 0]</activationId>
  <rule>Example</rule>
  <declarations>$newEvent0=com.sample.model.Event@4eb0a518(212)</declarations>
</org.drools.audit.event.ActivationLogEvent>
<org.drools.audit.event.ActivationLogEvent>
  <type>6</type>
  <activationId>Example2 [213]</activationId>
  <rule>Example2</rule>
  <declarations>$newEvent=com.sample.model.Event@261ca3cb(213)</declarations>
</org.drools.audit.event.ActivationLogEvent>
<org.drools.audit.event.ActivationLogEvent>
  <type>7</type>
  <activationId>Example2 [213]</activationId>
  <rule>Example2</rule>
  <declarations>$newEvent=com.sample.model.Event@261ca3cb(213)</declarations>
</org.drools.audit.event.ActivationLogEvent>
<org.drools.audit.event.ObjectLogEvent>
  <type>1</type>
  <factId>214</factId>
  <objectToString>com.sample.model.Event@224577f9</objectToString>
</org.drools.audit.event.ObjectLogEvent>
<org.drools.audit.event.ActivationLogEvent>
  <type>4</type>
  <activationId>Example [214, 0]</activationId>
  <rule>Example</rule>
  <declarations>$newEvent0=com.sample.model.Event@224577f9(214)</declarations>
</org.drools.audit.event.ActivationLogEvent>
<org.drools.audit.event.ActivationLogEvent>
  <type>4</type>
  <activationId>HelloWorld [214, 0]</activationId>
  <rule>HelloWorld</rule>
  <declarations>$newEvent=com.sample.model.Event@224577f9(214)</declarations>
</org.drools.audit.event.ActivationLogEvent>
<org.drools.audit.event.ActivationLogEvent>
  <type>6</type>
  <activationId>HelloWorld [214, 0]</activationId>
  <rule>HelloWorld</rule>
  <declarations>$newEvent=com.sample.model.Event@224577f9(214)</declarations>
</org.drools.audit.event.ActivationLogEvent>
<org.drools.audit.event.ActivationLogEvent>
  <type>7</type>
  <activationId>HelloWorld [214, 0]</activationId>
  <rule>HelloWorld</rule>
  <declarations>$newEvent=com.sample.model.Event@224577f9(214)</declarations>
</org.drools.audit.event.ActivationLogEvent>
<org.drools.audit.event.ActivationLogEvent>
  <type>6</type>
  <activationId>Example [214, 0]</activationId>
  <rule>Example</rule>
  <declarations>$newEvent0=com.sample.model.Event@224577f9(214)</declarations>
</org.drools.audit.event.ActivationLogEvent>
<org.drools.audit.event.ActivationLogEvent>
  <type>4</type>
  <activationId>Example2 [215]</activationId>
  <rule>Example2</rule>
  <declarations>$newEvent=com.sample.model.Event@5f3c6654(215)</declarations>
</org.drools.audit.event.ActivationLogEvent>
<org.drools.audit.event.ObjectLogEvent>
  <type>1</type>
  <factId>215</factId>
  <objectToString>com.sample.model.Event@5f3c6654</objectToString>
</org.drools.audit.event.ObjectLogEvent>
<org.drools.audit.event.ActivationLogEvent>
  <type>7</type>
  <activationId>Example [214, 0]</activationId>
  <rule>Example</rule>
  <declarations>$newEvent0=com.sample.model.Event@224577f9(214)</declarations>
</org.drools.audit.event.ActivationLogEvent>
<org.drools.audit.event.ActivationLogEvent>
  <type>6</type>
  <activationId>Example2 [215]</activationId>
  <rule>Example2</rule>
  <declarations>$newEvent=com.sample.model.Event@5f3c6654(215)</declarations>
</org.drools.audit.event.ActivationLogEvent>
<org.drools.audit.event.ActivationLogEvent>
  <type>7</type>
  <activationId>Example2 [215]</activationId>
  <rule>Example2</rule>
  <declarations>$newEvent=com.sample.model.Event@5f3c6654(215)</declarations>
</org.drools.audit.event.ActivationLogEvent>
<org.drools.audit.event.ObjectLogEvent>
  <type>1</type>
  <factId>216</factId>
  <objectToString>com.sample.model.Event@1c6cc9c</objectToString>
</org.drools.audit.event.ObjectLogEvent>
<org.drools.audit.event.ActivationLogEvent>
  <type>4</type>
  <activationId>Example [216, 0]</activationId>
  <rule>Example</rule>
  <declarations>$newEvent0=com.sample.model.Event@1c6cc9c(216)</declarations>
</org.drools.audit.event.ActivationLogEvent>
<org.drools.audit.event.ActivationLogEvent>
  <type>4</type>
  <activationId>HelloWorld [216, 0]</activationId>
  <rule>HelloWorld</rule>
  <declarations>$newEvent=com.sample.model.Event@1c6cc9c(216)</declarations>
</org.drools.audit.event.ActivationLogEvent>
<org.drools.audit.event.ActivationLogEvent>
  <type>6</type>
  <activationId>HelloWorld [216, 0]</activationId>
  <rule>HelloWorld</rule>
  <declarations>$newEvent=com.sample.model.Event@1c6cc9c(216)</declarations>
</org.drools.audit.event.ActivationLogEvent>
<org.drools.audit.event.ActivationLogEvent>
  <type>7</type>
  <activationId>HelloWorld [216, 0]</activationId>
  <rule>HelloWorld</rule>
  <declarations>$newEvent=com.sample.model.Event@1c6cc9c(216)</declarations>
</org.drools.audit.event.ActivationLogEvent>
<org.drools.audit.event.ActivationLogEvent>
  <type>6</type>
  <activationId>Example [216, 0]</activationId>
  <rule>Example</rule>
  <declarations>$newEvent0=com.sample.model.Event@1c6cc9c(216)</declarations>
</org.drools.audit.event.ActivationLogEvent>
<org.drools.audit.event.ActivationLogEvent>
  <type>4</type>
  <activationId>Example2 [217]</activationId>
  <rule>Example2</rule>
  <declarations>$newEvent=com.sample.model.Event@125c99f(217)</declarations>
</org.drools.audit.event.ActivationLogEvent>
<org.drools.audit.event.ObjectLogEvent>
  <type>1</type>
  <factId>217</factId>
  <objectToString>com.sample.model.Event@125c99f</objectToString>
</org.drools.audit.event.ObjectLogEvent>
<org.drools.audit.event.ActivationLogEvent>
  <type>7</type>
  <activationId>Example [216, 0]</activationId>
  <rule>Example</rule>
  <declarations>$newEvent0=com.sample.model.Event@1c6cc9c(216)</declarations>
</org.drools.audit.event.ActivationLogEvent>
<org.drools.audit.event.ActivationLogEvent>
  <type>6</type>
  <activationId>Example2 [217]</activationId>
  <rule>Example2</rule>
  <declarations>$newEvent=com.sample.model.Event@125c99f(217)</declarations>
</org.drools.audit.event.ActivationLogEvent>
<org.drools.audit.event.ActivationLogEvent>
  <type>7</type>
  <activationId>Example2 [217]</activationId>
  <rule>Example2</rule>
  <declarations>$newEvent=com.sample.model.Event@125c99f(217)</declarations>
</org.drools.audit.event.ActivationLogEvent>
<org.drools.audit.event.ObjectLogEvent>
  <type>1</type>
  <factId>218</factId>
  <objectToString>com.sample.model.Event@57d7e64f</objectToString>
</org.drools.audit.event.ObjectLogEvent>
<org.drools.audit.event.ActivationLogEvent>
  <type>4</type>
  <activationId>Example [218, 0]</activationId>
  <rule>Example</rule>
  <declarations>$newEvent0=com.sample.model.Event@57d7e64f(218)</declarations>
</org.drools.audit.event.ActivationLogEvent>
<org.drools.audit.event.ActivationLogEvent>
  <type>4</type>
  <activationId>HelloWorld [218, 0]</activationId>
  <rule>HelloWorld</rule>
  <declarations>$newEvent=com.sample.model.Event@57d7e64f(218)</declarations>
</org.drools.audit.event.ActivationLogEvent>
<org.drools.audit.event.ActivationLogEvent>
  <type>6</type>
  <activationId>HelloWorld [218, 0]</activationId>
  <rule>HelloWorld</rule>
  <declarations>$newEvent=com.sample.model.Event@57d7e64f(218)</declarations>
</org.drools.audit.event.ActivationLogEvent>
<org.drools.audit.event.ActivationLogEvent>
  <type>7</type>
  <activationId>HelloWorld [218, 0]</activationId>
  <rule>HelloWorld</rule>
  <declarations>$newEvent=com.sample.model.Event@57d7e64f(218)</declarations>
</org.drools.audit.event.ActivationLogEvent>
<org.drools.audit.event.ActivationLogEvent>
  <type>6</type>
  <activationId>Example [218, 0]</activationId>
  <rule>Example</rule>
  <declarations>$newEvent0=com.sample.model.Event@57d7e64f(218)</declarations>
</org.drools.audit.event.ActivationLogEvent>
<org.drools.audit.event.ActivationLogEvent>
  <type>4</type>
  <activationId>Example2 [219]</activationId>
  <rule>Example2</rule>
  <declarations>$newEvent=com.sample.model.Event@1e05b891(219)</declarations>
</org.drools.audit.event.ActivationLogEvent>
<org.drools.audit.event.ObjectLogEvent>
  <type>1</type>
  <factId>219</factId>
  <objectToString>com.sample.model.Event@1e05b891</objectToString>
</org.drools.audit.event.ObjectLogEvent>
<org.drools.audit.event.ActivationLogEvent>
  <type>7</type>
  <activationId>Example [218, 0]</activationId>
  <rule>Example</rule>
  <declarations>$newEvent0=com.sample.model.Event@57d7e64f(218)</declarations>
</org.drools.audit.event.ActivationLogEvent>
<org.drools.audit.event.ActivationLogEvent>
  <type>6</type>
  <activationId>Example2 [219]</activationId>
  <rule>Example2</rule>
  <declarations>$newEvent=com.sample.model.Event@1e05b891(219)</declarations>
</org.drools.audit.event.ActivationLogEvent>
<org.drools.audit.event.ActivationLogEvent>
  <type>7</type>
  <activationId>Example2 [219]</activationId>
  <rule>Example2</rule>
  <declarations>$newEvent=com.sample.model.Event@1e05b891(219)</declarations>
</org.drools.audit.event.ActivationLogEvent>
<org.drools.audit.event.ObjectLogEvent>
  <type>1</type>
  <factId>220</factId>
  <objectToString>com.sample.model.Event@99846fd</objectToString>
</org.drools.audit.event.ObjectLogEvent>
<org.drools.audit.event.ActivationLogEvent>
  <type>4</type>
  <activationId>Example [220, 0]</activationId>
  <rule>Example</rule>
  <declarations>$newEvent0=com.sample.model.Event@99846fd(220)</declarations>
</org.drools.audit.event.ActivationLogEvent>
<org.drools.audit.event.ActivationLogEvent>
  <type>4</type>
  <activationId>HelloWorld [220, 0]</activationId>
  <rule>HelloWorld</rule>
  <declarations>$newEvent=com.sample.model.Event@99846fd(220)</declarations>
</org.drools.audit.event.ActivationLogEvent>
<org.drools.audit.event.ActivationLogEvent>
  <type>6</type>
  <activationId>HelloWorld [220, 0]</activationId>
  <rule>HelloWorld</rule>
  <declarations>$newEvent=com.sample.model.Event@99846fd(220)</declarations>
</org.drools.audit.event.ActivationLogEvent>
<org.drools.audit.event.ActivationLogEvent>
  <type>7</type>
  <activationId>HelloWorld [220, 0]</activationId>
  <rule>HelloWorld</rule>
  <declarations>$newEvent=com.sample.model.Event@99846fd(220)</declarations>
</org.drools.audit.event.ActivationLogEvent>
<org.drools.audit.event.ActivationLogEvent>
  <type>6</type>
  <activationId>Example [220, 0]</activationId>
  <rule>Example</rule>
  <declarations>$newEvent0=com.sample.model.Event@99846fd(220)</declarations>
</org.drools.audit.event.ActivationLogEvent>
<org.drools.audit.event.ActivationLogEvent>
  <type>4</type>
  <activationId>Example2 [221]</activationId>
  <rule>Example2</rule>
  <declarations>$newEvent=com.sample.model.Event@31313e0e(221)</declarations>
</org.drools.audit.event.ActivationLogEvent>
<org.drools.audit.event.ObjectLogEvent>
  <type>1</type>
  <factId>221</factId>
  <objectToString>com.sample.model.Event@31313e0e</objectToString>
</org.drools.audit.event.ObjectLogEvent>
<org.drools.audit.event.ActivationLogEvent>
  <type>7</type>
  <activationId>Example [220, 0]</activationId>
  <rule>Example</rule>
  <declarations>$newEvent0=com.sample.model.Event@99846fd(220)</declarations>
</org.drools.audit.event.ActivationLogEvent>
<org.drools.audit.event.ActivationLogEvent>
  <type>6</type>
  <activationId>Example2 [221]</activationId>
  <rule>Example2</rule>
  <declarations>$newEvent=com.sample.model.Event@31313e0e(221)</declarations>
</org.drools.audit.event.ActivationLogEvent>
<org.drools.audit.event.ActivationLogEvent>
  <type>7</type>
  <activationId>Example2 [221]</activationId>
  <rule>Example2</rule>
  <declarations>$newEvent=com.sample.model.Event@31313e0e(221)</declarations>
</org.drools.audit.event.ActivationLogEvent>
<org.drools.audit.event.ObjectLogEvent>
  <type>1</type>
  <factId>222</factId>
  <objectToString>com.sample.model.Event@17e1225d</objectToString>
</org.drools.audit.event.ObjectLogEvent>
<org.drools.audit.event.ActivationLogEvent>
  <type>4</type>
  <activationId>Example [222, 0]</activationId>
  <rule>Example</rule>
  <declarations>$newEvent0=com.sample.model.Event@17e1225d(222)</declarations>
</org.drools.audit.event.ActivationLogEvent>
<org.drools.audit.event.ActivationLogEvent>
  <type>6</type>
  <activationId>Example [222, 0]</activationId>
  <rule>Example</rule>
  <declarations>$newEvent0=com.sample.model.Event@17e1225d(222)</declarations>
</org.drools.audit.event.ActivationLogEvent>
<org.drools.audit.event.ActivationLogEvent>
  <type>4</type>
  <activationId>HelloWorld [222, 0]</activationId>
  <rule>HelloWorld</rule>
  <declarations>$newEvent=com.sample.model.Event@17e1225d(222)</declarations>
</org.drools.audit.event.ActivationLogEvent>
<org.drools.audit.event.ActivationLogEvent>
  <type>4</type>
  <activationId>Example2 [223]</activationId>
  <rule>Example2</rule>
  <declarations>$newEvent=com.sample.model.Event@3d9713ea(223)</declarations>
</org.drools.audit.event.ActivationLogEvent>
<org.drools.audit.event.ObjectLogEvent>
  <type>1</type>
  <factId>223</factId>
  <objectToString>com.sample.model.Event@3d9713ea</objectToString>
</org.drools.audit.event.ObjectLogEvent>
<org.drools.audit.event.ActivationLogEvent>
  <type>7</type>
  <activationId>Example [222, 0]</activationId>
  <rule>Example</rule>
  <declarations>$newEvent0=com.sample.model.Event@17e1225d(222)</declarations>
</org.drools.audit.event.ActivationLogEvent>
<org.drools.audit.event.ActivationLogEvent>
  <type>6</type>
  <activationId>Example2 [223]</activationId>
  <rule>Example2</rule>
  <declarations>$newEvent=com.sample.model.Event@3d9713ea(223)</declarations>
</org.drools.audit.event.ActivationLogEvent>
<org.drools.audit.event.ActivationLogEvent>
  <type>7</type>
  <activationId>Example2 [223]</activationId>
  <rule>Example2</rule>
  <declarations>$newEvent=com.sample.model.Event@3d9713ea(223)</declarations>
</org.drools.audit.event.ActivationLogEvent>
<org.drools.audit.event.ActivationLogEvent>
  <type>6</type>
  <activationId>HelloWorld [222, 0]</activationId>
  <rule>HelloWorld</rule>
  <declarations>$newEvent=com.sample.model.Event@17e1225d(222)</declarations>
</org.drools.audit.event.ActivationLogEvent>
<org.drools.audit.event.ActivationLogEvent>
  <type>7</type>
  <activationId>HelloWorld [222, 0]</activationId>
  <rule>HelloWorld</rule>
  <declarations>$newEvent=com.sample.model.Event@17e1225d(222)</declarations>
</org.drools.audit.event.ActivationLogEvent>
<org.drools.audit.event.ObjectLogEvent>
  <type>1</type>
  <factId>224</factId>
  <objectToString>com.sample.model.Event@99c873d</objectToString>
</org.drools.audit.event.ObjectLogEvent>
<org.drools.audit.event.ActivationLogEvent>
  <type>4</type>
  <activationId>Example [224, 0]</activationId>
  <rule>Example</rule>
  <declarations>$newEvent0=com.sample.model.Event@99c873d(224)</declarations>
</org.drools.audit.event.ActivationLogEvent>
<org.drools.audit.event.ActivationLogEvent>
  <type>4</type>
  <activationId>HelloWorld [224, 0]</activationId>
  <rule>HelloWorld</rule>
  <declarations>$newEvent=com.sample.model.Event@99c873d(224)</declarations>
</org.drools.audit.event.ActivationLogEvent>
<org.drools.audit.event.ActivationLogEvent>
  <type>6</type>
  <activationId>HelloWorld [224, 0]</activationId>
  <rule>HelloWorld</rule>
  <declarations>$newEvent=com.sample.model.Event@99c873d(224)</declarations>
</org.drools.audit.event.ActivationLogEvent>
<org.drools.audit.event.ActivationLogEvent>
  <type>7</type>
  <activationId>HelloWorld [224, 0]</activationId>
  <rule>HelloWorld</rule>
  <declarations>$newEvent=com.sample.model.Event@99c873d(224)</declarations>
</org.drools.audit.event.ActivationLogEvent>
<org.drools.audit.event.ActivationLogEvent>
  <type>6</type>
  <activationId>Example [224, 0]</activationId>
  <rule>Example</rule>
  <declarations>$newEvent0=com.sample.model.Event@99c873d(224)</declarations>
</org.drools.audit.event.ActivationLogEvent>
<org.drools.audit.event.ActivationLogEvent>
  <type>4</type>
  <activationId>Example2 [225]</activationId>
  <rule>Example2</rule>
  <declarations>$newEvent=com.sample.model.Event@6140c973(225)</declarations>
</org.drools.audit.event.ActivationLogEvent>
<org.drools.audit.event.ObjectLogEvent>
  <type>1</type>
  <factId>225</factId>
  <objectToString>com.sample.model.Event@6140c973</objectToString>
</org.drools.audit.event.ObjectLogEvent>
<org.drools.audit.event.ActivationLogEvent>
  <type>7</type>
  <activationId>Example [224, 0]</activationId>
  <rule>Example</rule>
  <declarations>$newEvent0=com.sample.model.Event@99c873d(224)</declarations>
</org.drools.audit.event.ActivationLogEvent>
<org.drools.audit.event.ActivationLogEvent>
  <type>6</type>
  <activationId>Example2 [225]</activationId>
  <rule>Example2</rule>
  <declarations>$newEvent=com.sample.model.Event@6140c973(225)</declarations>
</org.drools.audit.event.ActivationLogEvent>
<org.drools.audit.event.ActivationLogEvent>
  <type>7</type>
  <activationId>Example2 [225]</activationId>
  <rule>Example2</rule>
  <declarations>$newEvent=com.sample.model.Event@6140c973(225)</declarations>
</org.drools.audit.event.ActivationLogEvent>
<org.drools.audit.event.ObjectLogEvent>
  <type>1</type>
  <factId>226</factId>
  <objectToString>com.sample.model.Event@6469cee6</objectToString>
</org.drools.audit.event.ObjectLogEvent>
<org.drools.audit.event.ActivationLogEvent>
  <type>4</type>
  <activationId>Example [226, 0]</activationId>
  <rule>Example</rule>
  <declarations>$newEvent0=com.sample.model.Event@6469cee6(226)</declarations>
</org.drools.audit.event.ActivationLogEvent>
<org.drools.audit.event.ActivationLogEvent>
  <type>4</type>
  <activationId>HelloWorld [226, 0]</activationId>
  <rule>HelloWorld</rule>
  <declarations>$newEvent=com.sample.model.Event@6469cee6(226)</declarations>
</org.drools.audit.event.ActivationLogEvent>
<org.drools.audit.event.ActivationLogEvent>
  <type>6</type>
  <activationId>HelloWorld [226, 0]</activationId>
  <rule>HelloWorld</rule>
  <declarations>$newEvent=com.sample.model.Event@6469cee6(226)</declarations>
</org.drools.audit.event.ActivationLogEvent>
<org.drools.audit.event.ActivationLogEvent>
  <type>7</type>
  <activationId>HelloWorld [226, 0]</activationId>
  <rule>HelloWorld</rule>
  <declarations>$newEvent=com.sample.model.Event@6469cee6(226)</declarations>
</org.drools.audit.event.ActivationLogEvent>
<org.drools.audit.event.ActivationLogEvent>
  <type>6</type>
  <activationId>Example [226, 0]</activationId>
  <rule>Example</rule>
  <declarations>$newEvent0=com.sample.model.Event@6469cee6(226)</declarations>
</org.drools.audit.event.ActivationLogEvent>
<org.drools.audit.event.ActivationLogEvent>
  <type>4</type>
  <activationId>Example2 [227]</activationId>
  <rule>Example2</rule>
  <declarations>$newEvent=com.sample.model.Event@61f52b85(227)</declarations>
</org.drools.audit.event.ActivationLogEvent>
<org.drools.audit.event.ObjectLogEvent>
  <type>1</type>
  <factId>227</factId>
  <objectToString>com.sample.model.Event@61f52b85</objectToString>
</org.drools.audit.event.ObjectLogEvent>
<org.drools.audit.event.ActivationLogEvent>
  <type>7</type>
  <activationId>Example [226, 0]</activationId>
  <rule>Example</rule>
  <declarations>$newEvent0=com.sample.model.Event@6469cee6(226)</declarations>
</org.drools.audit.event.ActivationLogEvent>
<org.drools.audit.event.ActivationLogEvent>
  <type>6</type>
  <activationId>Example2 [227]</activationId>
  <rule>Example2</rule>
  <declarations>$newEvent=com.sample.model.Event@61f52b85(227)</declarations>
</org.drools.audit.event.ActivationLogEvent>
<org.drools.audit.event.ActivationLogEvent>
  <type>7</type>
  <activationId>Example2 [227]</activationId>
  <rule>Example2</rule>
  <declarations>$newEvent=com.sample.model.Event@61f52b85(227)</declarations>
</org.drools.audit.event.ActivationLogEvent>
<org.drools.audit.event.ObjectLogEvent>
  <type>1</type>
  <factId>228</factId>
  <objectToString>com.sample.model.Event@26fc5b01</objectToString>
</org.drools.audit.event.ObjectLogEvent>
<org.drools.audit.event.ActivationLogEvent>
  <type>4</type>
  <activationId>Example [228, 0]</activationId>
  <rule>Example</rule>
  <declarations>$newEvent0=com.sample.model.Event@26fc5b01(228)</declarations>
</org.drools.audit.event.ActivationLogEvent>
<org.drools.audit.event.ActivationLogEvent>
  <type>4</type>
  <activationId>HelloWorld [228, 0]</activationId>
  <rule>HelloWorld</rule>
  <declarations>$newEvent=com.sample.model.Event@26fc5b01(228)</declarations>
</org.drools.audit.event.ActivationLogEvent>
<org.drools.audit.event.ActivationLogEvent>
  <type>6</type>
  <activationId>HelloWorld [228, 0]</activationId>
  <rule>HelloWorld</rule>
  <declarations>$newEvent=com.sample.model.Event@26fc5b01(228)</declarations>
</org.drools.audit.event.ActivationLogEvent>
<org.drools.audit.event.ActivationLogEvent>
  <type>7</type>
  <activationId>HelloWorld [228, 0]</activationId>
  <rule>HelloWorld</rule>
  <declarations>$newEvent=com.sample.model.Event@26fc5b01(228)</declarations>
</org.drools.audit.event.ActivationLogEvent>
<org.drools.audit.event.ActivationLogEvent>
  <type>6</type>
  <activationId>Example [228, 0]</activationId>
  <rule>Example</rule>
  <declarations>$newEvent0=com.sample.model.Event@26fc5b01(228)</declarations>
</org.drools.audit.event.ActivationLogEvent>
<org.drools.audit.event.ActivationLogEvent>
  <type>4</type>
  <activationId>Example2 [229]</activationId>
  <rule>Example2</rule>
  <declarations>$newEvent=com.sample.model.Event@826b12d(229)</declarations>
</org.drools.audit.event.ActivationLogEvent>
<org.drools.audit.event.ObjectLogEvent>
  <type>1</type>
  <factId>229</factId>
  <objectToString>com.sample.model.Event@826b12d</objectToString>
</org.drools.audit.event.ObjectLogEvent>
<org.drools.audit.event.ActivationLogEvent>
  <type>7</type>
  <activationId>Example [228, 0]</activationId>
  <rule>Example</rule>
  <declarations>$newEvent0=com.sample.model.Event@26fc5b01(228)</declarations>
</org.drools.audit.event.ActivationLogEvent>
<org.drools.audit.event.ActivationLogEvent>
  <type>6</type>
  <activationId>Example2 [229]</activationId>
  <rule>Example2</rule>
  <declarations>$newEvent=com.sample.model.Event@826b12d(229)</declarations>
</org.drools.audit.event.ActivationLogEvent>
<org.drools.audit.event.ActivationLogEvent>
  <type>7</type>
  <activationId>Example2 [229]</activationId>
  <rule>Example2</rule>
  <declarations>$newEvent=com.sample.model.Event@826b12d(229)</declarations>
</org.drools.audit.event.ActivationLogEvent>
<org.drools.audit.event.ObjectLogEvent>
  <type>1</type>
  <factId>230</factId>
  <objectToString>com.sample.model.Event@243a0589</objectToString>
</org.drools.audit.event.ObjectLogEvent>
<org.drools.audit.event.ActivationLogEvent>
  <type>4</type>
  <activationId>Example [230, 0]</activationId>
  <rule>Example</rule>
  <declarations>$newEvent0=com.sample.model.Event@243a0589(230)</declarations>
</org.drools.audit.event.ActivationLogEvent>
<org.drools.audit.event.ActivationLogEvent>
  <type>4</type>
  <activationId>HelloWorld [230, 0]</activationId>
  <rule>HelloWorld</rule>
  <declarations>$newEvent=com.sample.model.Event@243a0589(230)</declarations>
</org.drools.audit.event.ActivationLogEvent>
<org.drools.audit.event.ActivationLogEvent>
  <type>6</type>
  <activationId>HelloWorld [230, 0]</activationId>
  <rule>HelloWorld</rule>
  <declarations>$newEvent=com.sample.model.Event@243a0589(230)</declarations>
</org.drools.audit.event.ActivationLogEvent>
<org.drools.audit.event.ActivationLogEvent>
  <type>7</type>
  <activationId>HelloWorld [230, 0]</activationId>
  <rule>HelloWorld</rule>
  <declarations>$newEvent=com.sample.model.Event@243a0589(230)</declarations>
</org.drools.audit.event.ActivationLogEvent>
<org.drools.audit.event.ActivationLogEvent>
  <type>6</type>
  <activationId>Example [230, 0]</activationId>
  <rule>Example</rule>
  <declarations>$newEvent0=com.sample.model.Event@243a0589(230)</declarations>
</org.drools.audit.event.ActivationLogEvent>
<org.drools.audit.event.ActivationLogEvent>
  <type>4</type>
  <activationId>Example2 [231]</activationId>
  <rule>Example2</rule>
  <declarations>$newEvent=com.sample.model.Event@752a2259(231)</declarations>
</org.drools.audit.event.ActivationLogEvent>
<org.drools.audit.event.ObjectLogEvent>
  <type>1</type>
  <factId>231</factId>
  <objectToString>com.sample.model.Event@752a2259</objectToString>
</org.drools.audit.event.ObjectLogEvent>
<org.drools.audit.event.ActivationLogEvent>
  <type>7</type>
  <activationId>Example [230, 0]</activationId>
  <rule>Example</rule>
  <declarations>$newEvent0=com.sample.model.Event@243a0589(230)</declarations>
</org.drools.audit.event.ActivationLogEvent>
<org.drools.audit.event.ActivationLogEvent>
  <type>6</type>
  <activationId>Example2 [231]</activationId>
  <rule>Example2</rule>
  <declarations>$newEvent=com.sample.model.Event@752a2259(231)</declarations>
</org.drools.audit.event.ActivationLogEvent>
<org.drools.audit.event.ActivationLogEvent>
  <type>7</type>
  <activationId>Example2 [231]</activationId>
  <rule>Example2</rule>
  <declarations>$newEvent=com.sample.model.Event@752a2259(231)</declarations>
</org.drools.audit.event.ActivationLogEvent>
<org.drools.audit.event.ObjectLogEvent>
  <type>1</type>
  <factId>232</factId>
  <objectToString>com.sample.model.Event@21353d27</objectToString>
</org.drools.audit.event.ObjectLogEvent>
<org.drools.audit.event.ActivationLogEvent>
  <type>4</type>
  <activationId>Example [232, 0]</activationId>
  <rule>Example</rule>
  <declarations>$newEvent0=com.sample.model.Event@21353d27(232)</declarations>
</org.drools.audit.event.ActivationLogEvent>
<org.drools.audit.event.ActivationLogEvent>
  <type>4</type>
  <activationId>HelloWorld [232, 0]</activationId>
  <rule>HelloWorld</rule>
  <declarations>$newEvent=com.sample.model.Event@21353d27(232)</declarations>
</org.drools.audit.event.ActivationLogEvent>
<org.drools.audit.event.ActivationLogEvent>
  <type>6</type>
  <activationId>HelloWorld [232, 0]</activationId>
  <rule>HelloWorld</rule>
  <declarations>$newEvent=com.sample.model.Event@21353d27(232)</declarations>
</org.drools.audit.event.ActivationLogEvent>
<org.drools.audit.event.ActivationLogEvent>
  <type>7</type>
  <activationId>HelloWorld [232, 0]</activationId>
  <rule>HelloWorld</rule>
  <declarations>$newEvent=com.sample.model.Event@21353d27(232)</declarations>
</org.drools.audit.event.ActivationLogEvent>
<org.drools.audit.event.ActivationLogEvent>
  <type>6</type>
  <activationId>Example [232, 0]</activationId>
  <rule>Example</rule>
  <declarations>$newEvent0=com.sample.model.Event@21353d27(232)</declarations>
</org.drools.audit.event.ActivationLogEvent>
<org.drools.audit.event.ActivationLogEvent>
  <type>4</type>
  <activationId>Example2 [233]</activationId>
  <rule>Example2</rule>
  <declarations>$newEvent=com.sample.model.Event@65f1a3a8(233)</declarations>
</org.drools.audit.event.ActivationLogEvent>
<org.drools.audit.event.ObjectLogEvent>
  <type>1</type>
  <factId>233</factId>
  <objectToString>com.sample.model.Event@65f1a3a8</objectToString>
</org.drools.audit.event.ObjectLogEvent>
<org.drools.audit.event.ActivationLogEvent>
  <type>7</type>
  <activationId>Example [232, 0]</activationId>
  <rule>Example</rule>
  <declarations>$newEvent0=com.sample.model.Event@21353d27(232)</declarations>
</org.drools.audit.event.ActivationLogEvent>
<org.drools.audit.event.ActivationLogEvent>
  <type>6</type>
  <activationId>Example2 [233]</activationId>
  <rule>Example2</rule>
  <declarations>$newEvent=com.sample.model.Event@65f1a3a8(233)</declarations>
</org.drools.audit.event.ActivationLogEvent>
<org.drools.audit.event.ActivationLogEvent>
  <type>7</type>
  <activationId>Example2 [233]</activationId>
  <rule>Example2</rule>
  <declarations>$newEvent=com.sample.model.Event@65f1a3a8(233)</declarations>
</org.drools.audit.event.ActivationLogEvent>
<org.drools.audit.event.ObjectLogEvent>
  <type>1</type>
  <factId>234</factId>
  <objectToString>com.sample.model.Event@5b2f9ee1</objectToString>
</org.drools.audit.event.ObjectLogEvent>
<org.drools.audit.event.ActivationLogEvent>
  <type>4</type>
  <activationId>Example [234, 0]</activationId>
  <rule>Example</rule>
  <declarations>$newEvent0=com.sample.model.Event@5b2f9ee1(234)</declarations>
</org.drools.audit.event.ActivationLogEvent>
<org.drools.audit.event.ActivationLogEvent>
  <type>4</type>
  <activationId>HelloWorld [234, 0]</activationId>
  <rule>HelloWorld</rule>
  <declarations>$newEvent=com.sample.model.Event@5b2f9ee1(234)</declarations>
</org.drools.audit.event.ActivationLogEvent>
<org.drools.audit.event.ActivationLogEvent>
  <type>6</type>
  <activationId>HelloWorld [234, 0]</activationId>
  <rule>HelloWorld</rule>
  <declarations>$newEvent=com.sample.model.Event@5b2f9ee1(234)</declarations>
</org.drools.audit.event.ActivationLogEvent>
<org.drools.audit.event.ActivationLogEvent>
  <type>7</type>
  <activationId>HelloWorld [234, 0]</activationId>
  <rule>HelloWorld</rule>
  <declarations>$newEvent=com.sample.model.Event@5b2f9ee1(234)</declarations>
</org.drools.audit.event.ActivationLogEvent>
<org.drools.audit.event.ActivationLogEvent>
  <type>6</type>
  <activationId>Example [234, 0]</activationId>
  <rule>Example</rule>
  <declarations>$newEvent0=com.sample.model.Event@5b2f9ee1(234)</declarations>
</org.drools.audit.event.ActivationLogEvent>
<org.drools.audit.event.ActivationLogEvent>
  <type>4</type>
  <activationId>Example2 [235]</activationId>
  <rule>Example2</rule>
  <declarations>$newEvent=com.sample.model.Event@de81d48(235)</declarations>
</org.drools.audit.event.ActivationLogEvent>
<org.drools.audit.event.ObjectLogEvent>
  <type>1</type>
  <factId>235</factId>
  <objectToString>com.sample.model.Event@de81d48</objectToString>
</org.drools.audit.event.ObjectLogEvent>
<org.drools.audit.event.ActivationLogEvent>
  <type>7</type>
  <activationId>Example [234, 0]</activationId>
  <rule>Example</rule>
  <declarations>$newEvent0=com.sample.model.Event@5b2f9ee1(234)</declarations>
</org.drools.audit.event.ActivationLogEvent>
<org.drools.audit.event.ActivationLogEvent>
  <type>6</type>
  <activationId>Example2 [235]</activationId>
  <rule>Example2</rule>
  <declarations>$newEvent=com.sample.model.Event@de81d48(235)</declarations>
</org.drools.audit.event.ActivationLogEvent>
<org.drools.audit.event.ActivationLogEvent>
  <type>7</type>
  <activationId>Example2 [235]</activationId>
  <rule>Example2</rule>
  <declarations>$newEvent=com.sample.model.Event@de81d48(235)</declarations>
</org.drools.audit.event.ActivationLogEvent>
<org.drools.audit.event.ObjectLogEvent>
  <type>1</type>
  <factId>236</factId>
  <objectToString>com.sample.model.Event@1da691a</objectToString>
</org.drools.audit.event.ObjectLogEvent>
<org.drools.audit.event.ActivationLogEvent>
  <type>4</type>
  <activationId>Example [236, 0]</activationId>
  <rule>Example</rule>
  <declarations>$newEvent0=com.sample.model.Event@1da691a(236)</declarations>
</org.drools.audit.event.ActivationLogEvent>
<org.drools.audit.event.ActivationLogEvent>
  <type>4</type>
  <activationId>HelloWorld [236, 0]</activationId>
  <rule>HelloWorld</rule>
  <declarations>$newEvent=com.sample.model.Event@1da691a(236)</declarations>
</org.drools.audit.event.ActivationLogEvent>
<org.drools.audit.event.ActivationLogEvent>
  <type>6</type>
  <activationId>HelloWorld [236, 0]</activationId>
  <rule>HelloWorld</rule>
  <declarations>$newEvent=com.sample.model.Event@1da691a(236)</declarations>
</org.drools.audit.event.ActivationLogEvent>
<org.drools.audit.event.ActivationLogEvent>
  <type>7</type>
  <activationId>HelloWorld [236, 0]</activationId>
  <rule>HelloWorld</rule>
  <declarations>$newEvent=com.sample.model.Event@1da691a(236)</declarations>
</org.drools.audit.event.ActivationLogEvent>
<org.drools.audit.event.ActivationLogEvent>
  <type>6</type>
  <activationId>Example [236, 0]</activationId>
  <rule>Example</rule>
  <declarations>$newEvent0=com.sample.model.Event@1da691a(236)</declarations>
</org.drools.audit.event.ActivationLogEvent>
<org.drools.audit.event.ActivationLogEvent>
  <type>4</type>
  <activationId>Example2 [237]</activationId>
  <rule>Example2</rule>
  <declarations>$newEvent=com.sample.model.Event@36673c9f(237)</declarations>
</org.drools.audit.event.ActivationLogEvent>
<org.drools.audit.event.ObjectLogEvent>
  <type>1</type>
  <factId>237</factId>
  <objectToString>com.sample.model.Event@36673c9f</objectToString>
</org.drools.audit.event.ObjectLogEvent>
<org.drools.audit.event.ActivationLogEvent>
  <type>7</type>
  <activationId>Example [236, 0]</activationId>
  <rule>Example</rule>
  <declarations>$newEvent0=com.sample.model.Event@1da691a(236)</declarations>
</org.drools.audit.event.ActivationLogEvent>
<org.drools.audit.event.ActivationLogEvent>
  <type>6</type>
  <activationId>Example2 [237]</activationId>
  <rule>Example2</rule>
  <declarations>$newEvent=com.sample.model.Event@36673c9f(237)</declarations>
</org.drools.audit.event.ActivationLogEvent>
<org.drools.audit.event.ActivationLogEvent>
  <type>7</type>
  <activationId>Example2 [237]</activationId>
  <rule>Example2</rule>
  <declarations>$newEvent=com.sample.model.Event@36673c9f(237)</declarations>
</org.drools.audit.event.ActivationLogEvent>
<org.drools.audit.event.ObjectLogEvent>
  <type>1</type>
  <factId>238</factId>
  <objectToString>com.sample.model.Event@33bd06a0</objectToString>
</org.drools.audit.event.ObjectLogEvent>
<org.drools.audit.event.ActivationLogEvent>
  <type>4</type>
  <activationId>Example [238, 0]</activationId>
  <rule>Example</rule>
  <declarations>$newEvent0=com.sample.model.Event@33bd06a0(238)</declarations>
</org.drools.audit.event.ActivationLogEvent>
<org.drools.audit.event.ActivationLogEvent>
  <type>4</type>
  <activationId>HelloWorld [238, 0]</activationId>
  <rule>HelloWorld</rule>
  <declarations>$newEvent=com.sample.model.Event@33bd06a0(238)</declarations>
</org.drools.audit.event.ActivationLogEvent>
<org.drools.audit.event.ActivationLogEvent>
  <type>6</type>
  <activationId>HelloWorld [238, 0]</activationId>
  <rule>HelloWorld</rule>
  <declarations>$newEvent=com.sample.model.Event@33bd06a0(238)</declarations>
</org.drools.audit.event.ActivationLogEvent>
<org.drools.audit.event.ActivationLogEvent>
  <type>7</type>
  <activationId>HelloWorld [238, 0]</activationId>
  <rule>HelloWorld</rule>
  <declarations>$newEvent=com.sample.model.Event@33bd06a0(238)</declarations>
</org.drools.audit.event.ActivationLogEvent>
<org.drools.audit.event.ActivationLogEvent>
  <type>6</type>
  <activationId>Example [238, 0]</activationId>
  <rule>Example</rule>
  <declarations>$newEvent0=com.sample.model.Event@33bd06a0(238)</declarations>
</org.drools.audit.event.ActivationLogEvent>
<org.drools.audit.event.ActivationLogEvent>
  <type>4</type>
  <activationId>Example2 [239]</activationId>
  <rule>Example2</rule>
  <declarations>$newEvent=com.sample.model.Event@1901b54e(239)</declarations>
</org.drools.audit.event.ActivationLogEvent>
<org.drools.audit.event.ObjectLogEvent>
  <type>1</type>
  <factId>239</factId>
  <objectToString>com.sample.model.Event@1901b54e</objectToString>
</org.drools.audit.event.ObjectLogEvent>
<org.drools.audit.event.ActivationLogEvent>
  <type>7</type>
  <activationId>Example [238, 0]</activationId>
  <rule>Example</rule>
  <declarations>$newEvent0=com.sample.model.Event@33bd06a0(238)</declarations>
</org.drools.audit.event.ActivationLogEvent>
<org.drools.audit.event.ActivationLogEvent>
  <type>6</type>
  <activationId>Example2 [239]</activationId>
  <rule>Example2</rule>
  <declarations>$newEvent=com.sample.model.Event@1901b54e(239)</declarations>
</org.drools.audit.event.ActivationLogEvent>
<org.drools.audit.event.ActivationLogEvent>
  <type>7</type>
  <activationId>Example2 [239]</activationId>
  <rule>Example2</rule>
  <declarations>$newEvent=com.sample.model.Event@1901b54e(239)</declarations>
</org.drools.audit.event.ActivationLogEvent>
<org.drools.audit.event.ObjectLogEvent>
  <type>1</type>
  <factId>240</factId>
  <objectToString>com.sample.model.Event@58c9e870</objectToString>
</org.drools.audit.event.ObjectLogEvent>
<org.drools.audit.event.ActivationLogEvent>
  <type>4</type>
  <activationId>Example [240, 0]</activationId>
  <rule>Example</rule>
  <declarations>$newEvent0=com.sample.model.Event@58c9e870(240)</declarations>
</org.drools.audit.event.ActivationLogEvent>
<org.drools.audit.event.ActivationLogEvent>
  <type>4</type>
  <activationId>HelloWorld [240, 0]</activationId>
  <rule>HelloWorld</rule>
  <declarations>$newEvent=com.sample.model.Event@58c9e870(240)</declarations>
</org.drools.audit.event.ActivationLogEvent>
<org.drools.audit.event.ActivationLogEvent>
  <type>6</type>
  <activationId>Example [240, 0]</activationId>
  <rule>Example</rule>
  <declarations>$newEvent0=com.sample.model.Event@58c9e870(240)</declarations>
</org.drools.audit.event.ActivationLogEvent>
<org.drools.audit.event.ActivationLogEvent>
  <type>4</type>
  <activationId>Example2 [241]</activationId>
  <rule>Example2</rule>
  <declarations>$newEvent=com.sample.model.Event@2fbb3e9a(241)</declarations>
</org.drools.audit.event.ActivationLogEvent>
<org.drools.audit.event.ObjectLogEvent>
  <type>1</type>
  <factId>241</factId>
  <objectToString>com.sample.model.Event@2fbb3e9a</objectToString>
</org.drools.audit.event.ObjectLogEvent>
<org.drools.audit.event.ActivationLogEvent>
  <type>7</type>
  <activationId>Example [240, 0]</activationId>
  <rule>Example</rule>
  <declarations>$newEvent0=com.sample.model.Event@58c9e870(240)</declarations>
</org.drools.audit.event.ActivationLogEvent>
<org.drools.audit.event.ActivationLogEvent>
  <type>6</type>
  <activationId>Example2 [241]</activationId>
  <rule>Example2</rule>
  <declarations>$newEvent=com.sample.model.Event@2fbb3e9a(241)</declarations>
</org.drools.audit.event.ActivationLogEvent>
<org.drools.audit.event.ActivationLogEvent>
  <type>7</type>
  <activationId>Example2 [241]</activationId>
  <rule>Example2</rule>
  <declarations>$newEvent=com.sample.model.Event@2fbb3e9a(241)</declarations>
</org.drools.audit.event.ActivationLogEvent>
<org.drools.audit.event.ActivationLogEvent>
  <type>6</type>
  <activationId>HelloWorld [240, 0]</activationId>
  <rule>HelloWorld</rule>
  <declarations>$newEvent=com.sample.model.Event@58c9e870(240)</declarations>
</org.drools.audit.event.ActivationLogEvent>
<org.drools.audit.event.ActivationLogEvent>
  <type>7</type>
  <activationId>HelloWorld [240, 0]</activationId>
  <rule>HelloWorld</rule>
  <declarations>$newEvent=com.sample.model.Event@58c9e870(240)</declarations>
</org.drools.audit.event.ActivationLogEvent>
<org.drools.audit.event.ObjectLogEvent>
  <type>1</type>
  <factId>242</factId>
  <objectToString>com.sample.model.Event@2e0b08f1</objectToString>
</org.drools.audit.event.ObjectLogEvent>
<org.drools.audit.event.ActivationLogEvent>
  <type>4</type>
  <activationId>Example [242, 0]</activationId>
  <rule>Example</rule>
  <declarations>$newEvent0=com.sample.model.Event@2e0b08f1(242)</declarations>
</org.drools.audit.event.ActivationLogEvent>
<org.drools.audit.event.ActivationLogEvent>
  <type>4</type>
  <activationId>HelloWorld [242, 0]</activationId>
  <rule>HelloWorld</rule>
  <declarations>$newEvent=com.sample.model.Event@2e0b08f1(242)</declarations>
</org.drools.audit.event.ActivationLogEvent>
<org.drools.audit.event.ActivationLogEvent>
  <type>6</type>
  <activationId>HelloWorld [242, 0]</activationId>
  <rule>HelloWorld</rule>
  <declarations>$newEvent=com.sample.model.Event@2e0b08f1(242)</declarations>
</org.drools.audit.event.ActivationLogEvent>
<org.drools.audit.event.ActivationLogEvent>
  <type>7</type>
  <activationId>HelloWorld [242, 0]</activationId>
  <rule>HelloWorld</rule>
  <declarations>$newEvent=com.sample.model.Event@2e0b08f1(242)</declarations>
</org.drools.audit.event.ActivationLogEvent>
<org.drools.audit.event.ActivationLogEvent>
  <type>6</type>
  <activationId>Example [242, 0]</activationId>
  <rule>Example</rule>
  <declarations>$newEvent0=com.sample.model.Event@2e0b08f1(242)</declarations>
</org.drools.audit.event.ActivationLogEvent>
<org.drools.audit.event.ActivationLogEvent>
  <type>4</type>
  <activationId>Example2 [243]</activationId>
  <rule>Example2</rule>
  <declarations>$newEvent=com.sample.model.Event@67ee75a5(243)</declarations>
</org.drools.audit.event.ActivationLogEvent>
<org.drools.audit.event.ObjectLogEvent>
  <type>1</type>
  <factId>243</factId>
  <objectToString>com.sample.model.Event@67ee75a5</objectToString>
</org.drools.audit.event.ObjectLogEvent>
<org.drools.audit.event.ActivationLogEvent>
  <type>7</type>
  <activationId>Example [242, 0]</activationId>
  <rule>Example</rule>
  <declarations>$newEvent0=com.sample.model.Event@2e0b08f1(242)</declarations>
</org.drools.audit.event.ActivationLogEvent>
<org.drools.audit.event.ActivationLogEvent>
  <type>6</type>
  <activationId>Example2 [243]</activationId>
  <rule>Example2</rule>
  <declarations>$newEvent=com.sample.model.Event@67ee75a5(243)</declarations>
</org.drools.audit.event.ActivationLogEvent>
<org.drools.audit.event.ActivationLogEvent>
  <type>7</type>
  <activationId>Example2 [243]</activationId>
  <rule>Example2</rule>
  <declarations>$newEvent=com.sample.model.Event@67ee75a5(243)</declarations>
</org.drools.audit.event.ActivationLogEvent>
<org.drools.audit.event.ObjectLogEvent>
  <type>1</type>
  <factId>244</factId>
  <objectToString>com.sample.model.Event@586dd8f1</objectToString>
</org.drools.audit.event.ObjectLogEvent>
<org.drools.audit.event.ActivationLogEvent>
  <type>4</type>
  <activationId>Example [244, 0]</activationId>
  <rule>Example</rule>
  <declarations>$newEvent0=com.sample.model.Event@586dd8f1(244)</declarations>
</org.drools.audit.event.ActivationLogEvent>
<org.drools.audit.event.ActivationLogEvent>
  <type>4</type>
  <activationId>HelloWorld [244, 0]</activationId>
  <rule>HelloWorld</rule>
  <declarations>$newEvent=com.sample.model.Event@586dd8f1(244)</declarations>
</org.drools.audit.event.ActivationLogEvent>
<org.drools.audit.event.ActivationLogEvent>
  <type>6</type>
  <activationId>HelloWorld [244, 0]</activationId>
  <rule>HelloWorld</rule>
  <declarations>$newEvent=com.sample.model.Event@586dd8f1(244)</declarations>
</org.drools.audit.event.ActivationLogEvent>
<org.drools.audit.event.ActivationLogEvent>
  <type>7</type>
  <activationId>HelloWorld [244, 0]</activationId>
  <rule>HelloWorld</rule>
  <declarations>$newEvent=com.sample.model.Event@586dd8f1(244)</declarations>
</org.drools.audit.event.ActivationLogEvent>
<org.drools.audit.event.ActivationLogEvent>
  <type>6</type>
  <activationId>Example [244, 0]</activationId>
  <rule>Example</rule>
  <declarations>$newEvent0=com.sample.model.Event@586dd8f1(244)</declarations>
</org.drools.audit.event.ActivationLogEvent>
<org.drools.audit.event.ActivationLogEvent>
  <type>4</type>
  <activationId>Example2 [245]</activationId>
  <rule>Example2</rule>
  <declarations>$newEvent=com.sample.model.Event@17a7905e(245)</declarations>
</org.drools.audit.event.ActivationLogEvent>
<org.drools.audit.event.ObjectLogEvent>
  <type>1</type>
  <factId>245</factId>
  <objectToString>com.sample.model.Event@17a7905e</objectToString>
</org.drools.audit.event.ObjectLogEvent>
<org.drools.audit.event.ActivationLogEvent>
  <type>7</type>
  <activationId>Example [244, 0]</activationId>
  <rule>Example</rule>
  <declarations>$newEvent0=com.sample.model.Event@586dd8f1(244)</declarations>
</org.drools.audit.event.ActivationLogEvent>
<org.drools.audit.event.ActivationLogEvent>
  <type>6</type>
  <activationId>Example2 [245]</activationId>
  <rule>Example2</rule>
  <declarations>$newEvent=com.sample.model.Event@17a7905e(245)</declarations>
</org.drools.audit.event.ActivationLogEvent>
<org.drools.audit.event.ActivationLogEvent>
  <type>7</type>
  <activationId>Example2 [245]</activationId>
  <rule>Example2</rule>
  <declarations>$newEvent=com.sample.model.Event@17a7905e(245)</declarations>
</org.drools.audit.event.ActivationLogEvent>
<org.drools.audit.event.ObjectLogEvent>
  <type>1</type>
  <factId>246</factId>
  <objectToString>com.sample.model.Event@79f71773</objectToString>
</org.drools.audit.event.ObjectLogEvent>
<org.drools.audit.event.ActivationLogEvent>
  <type>4</type>
  <activationId>Example [246, 0]</activationId>
  <rule>Example</rule>
  <declarations>$newEvent0=com.sample.model.Event@79f71773(246)</declarations>
</org.drools.audit.event.ActivationLogEvent>
<org.drools.audit.event.ActivationLogEvent>
  <type>4</type>
  <activationId>HelloWorld [246, 0]</activationId>
  <rule>HelloWorld</rule>
  <declarations>$newEvent=com.sample.model.Event@79f71773(246)</declarations>
</org.drools.audit.event.ActivationLogEvent>
<org.drools.audit.event.ActivationLogEvent>
  <type>6</type>
  <activationId>HelloWorld [246, 0]</activationId>
  <rule>HelloWorld</rule>
  <declarations>$newEvent=com.sample.model.Event@79f71773(246)</declarations>
</org.drools.audit.event.ActivationLogEvent>
<org.drools.audit.event.ActivationLogEvent>
  <type>7</type>
  <activationId>HelloWorld [246, 0]</activationId>
  <rule>HelloWorld</rule>
  <declarations>$newEvent=com.sample.model.Event@79f71773(246)</declarations>
</org.drools.audit.event.ActivationLogEvent>
<org.drools.audit.event.ActivationLogEvent>
  <type>6</type>
  <activationId>Example [246, 0]</activationId>
  <rule>Example</rule>
  <declarations>$newEvent0=com.sample.model.Event@79f71773(246)</declarations>
</org.drools.audit.event.ActivationLogEvent>
<org.drools.audit.event.ActivationLogEvent>
  <type>4</type>
  <activationId>Example2 [247]</activationId>
  <rule>Example2</rule>
  <declarations>$newEvent=com.sample.model.Event@271a2576(247)</declarations>
</org.drools.audit.event.ActivationLogEvent>
<org.drools.audit.event.ObjectLogEvent>
  <type>1</type>
  <factId>247</factId>
  <objectToString>com.sample.model.Event@271a2576</objectToString>
</org.drools.audit.event.ObjectLogEvent>
<org.drools.audit.event.ActivationLogEvent>
  <type>7</type>
  <activationId>Example [246, 0]</activationId>
  <rule>Example</rule>
  <declarations>$newEvent0=com.sample.model.Event@79f71773(246)</declarations>
</org.drools.audit.event.ActivationLogEvent>
<org.drools.audit.event.ActivationLogEvent>
  <type>6</type>
  <activationId>Example2 [247]</activationId>
  <rule>Example2</rule>
  <declarations>$newEvent=com.sample.model.Event@271a2576(247)</declarations>
</org.drools.audit.event.ActivationLogEvent>
<org.drools.audit.event.ActivationLogEvent>
  <type>7</type>
  <activationId>Example2 [247]</activationId>
  <rule>Example2</rule>
  <declarations>$newEvent=com.sample.model.Event@271a2576(247)</declarations>
</org.drools.audit.event.ActivationLogEvent>
<org.drools.audit.event.ObjectLogEvent>
  <type>1</type>
  <factId>248</factId>
  <objectToString>com.sample.model.Event@25917a08</objectToString>
</org.drools.audit.event.ObjectLogEvent>
<org.drools.audit.event.ActivationLogEvent>
  <type>4</type>
  <activationId>Example [248, 0]</activationId>
  <rule>Example</rule>
  <declarations>$newEvent0=com.sample.model.Event@25917a08(248)</declarations>
</org.drools.audit.event.ActivationLogEvent>
<org.drools.audit.event.ActivationLogEvent>
  <type>4</type>
  <activationId>HelloWorld [248, 0]</activationId>
  <rule>HelloWorld</rule>
  <declarations>$newEvent=com.sample.model.Event@25917a08(248)</declarations>
</org.drools.audit.event.ActivationLogEvent>
<org.drools.audit.event.ActivationLogEvent>
  <type>6</type>
  <activationId>HelloWorld [248, 0]</activationId>
  <rule>HelloWorld</rule>
  <declarations>$newEvent=com.sample.model.Event@25917a08(248)</declarations>
</org.drools.audit.event.ActivationLogEvent>
<org.drools.audit.event.ActivationLogEvent>
  <type>7</type>
  <activationId>HelloWorld [248, 0]</activationId>
  <rule>HelloWorld</rule>
  <declarations>$newEvent=com.sample.model.Event@25917a08(248)</declarations>
</org.drools.audit.event.ActivationLogEvent>
<org.drools.audit.event.ActivationLogEvent>
  <type>6</type>
  <activationId>Example [248, 0]</activationId>
  <rule>Example</rule>
  <declarations>$newEvent0=com.sample.model.Event@25917a08(248)</declarations>
</org.drools.audit.event.ActivationLogEvent>
<org.drools.audit.event.ActivationLogEvent>
  <type>4</type>
  <activationId>Example2 [249]</activationId>
  <rule>Example2</rule>
  <declarations>$newEvent=com.sample.model.Event@5b3ac14d(249)</declarations>
</org.drools.audit.event.ActivationLogEvent>
<org.drools.audit.event.ObjectLogEvent>
  <type>1</type>
  <factId>249</factId>
  <objectToString>com.sample.model.Event@5b3ac14d</objectToString>
</org.drools.audit.event.ObjectLogEvent>
<org.drools.audit.event.ActivationLogEvent>
  <type>7</type>
  <activationId>Example [248, 0]</activationId>
  <rule>Example</rule>
  <declarations>$newEvent0=com.sample.model.Event@25917a08(248)</declarations>
</org.drools.audit.event.ActivationLogEvent>
<org.drools.audit.event.ActivationLogEvent>
  <type>6</type>
  <activationId>Example2 [249]</activationId>
  <rule>Example2</rule>
  <declarations>$newEvent=com.sample.model.Event@5b3ac14d(249)</declarations>
</org.drools.audit.event.ActivationLogEvent>
<org.drools.audit.event.ActivationLogEvent>
  <type>7</type>
  <activationId>Example2 [249]</activationId>
  <rule>Example2</rule>
  <declarations>$newEvent=com.sample.model.Event@5b3ac14d(249)</declarations>
</org.drools.audit.event.ActivationLogEvent>
<org.drools.audit.event.ObjectLogEvent>
  <type>1</type>
  <factId>250</factId>
  <objectToString>com.sample.model.Event@6e68d505</objectToString>
</org.drools.audit.event.ObjectLogEvent>
<org.drools.audit.event.ActivationLogEvent>
  <type>4</type>
  <activationId>Example [250, 0]</activationId>
  <rule>Example</rule>
  <declarations>$newEvent0=com.sample.model.Event@6e68d505(250)</declarations>
</org.drools.audit.event.ActivationLogEvent>
<org.drools.audit.event.ActivationLogEvent>
  <type>4</type>
  <activationId>HelloWorld [250, 0]</activationId>
  <rule>HelloWorld</rule>
  <declarations>$newEvent=com.sample.model.Event@6e68d505(250)</declarations>
</org.drools.audit.event.ActivationLogEvent>
<org.drools.audit.event.ActivationLogEvent>
  <type>6</type>
  <activationId>HelloWorld [250, 0]</activationId>
  <rule>HelloWorld</rule>
  <declarations>$newEvent=com.sample.model.Event@6e68d505(250)</declarations>
</org.drools.audit.event.ActivationLogEvent>
<org.drools.audit.event.ActivationLogEvent>
  <type>7</type>
  <activationId>HelloWorld [250, 0]</activationId>
  <rule>HelloWorld</rule>
  <declarations>$newEvent=com.sample.model.Event@6e68d505(250)</declarations>
</org.drools.audit.event.ActivationLogEvent>
<org.drools.audit.event.ActivationLogEvent>
  <type>6</type>
  <activationId>Example [250, 0]</activationId>
  <rule>Example</rule>
  <declarations>$newEvent0=com.sample.model.Event@6e68d505(250)</declarations>
</org.drools.audit.event.ActivationLogEvent>
<org.drools.audit.event.ActivationLogEvent>
  <type>4</type>
  <activationId>Example2 [251]</activationId>
  <rule>Example2</rule>
  <declarations>$newEvent=com.sample.model.Event@21a79071(251)</declarations>
</org.drools.audit.event.ActivationLogEvent>
<org.drools.audit.event.ObjectLogEvent>
  <type>1</type>
  <factId>251</factId>
  <objectToString>com.sample.model.Event@21a79071</objectToString>
</org.drools.audit.event.ObjectLogEvent>
<org.drools.audit.event.ActivationLogEvent>
  <type>7</type>
  <activationId>Example [250, 0]</activationId>
  <rule>Example</rule>
  <declarations>$newEvent0=com.sample.model.Event@6e68d505(250)</declarations>
</org.drools.audit.event.ActivationLogEvent>
<org.drools.audit.event.ActivationLogEvent>
  <type>6</type>
  <activationId>Example2 [251]</activationId>
  <rule>Example2</rule>
  <declarations>$newEvent=com.sample.model.Event@21a79071(251)</declarations>
</org.drools.audit.event.ActivationLogEvent>
<org.drools.audit.event.ActivationLogEvent>
  <type>7</type>
  <activationId>Example2 [251]</activationId>
  <rule>Example2</rule>
  <declarations>$newEvent=com.sample.model.Event@21a79071(251)</declarations>
</org.drools.audit.event.ActivationLogEvent>
<org.drools.audit.event.ObjectLogEvent>
  <type>1</type>
  <factId>252</factId>
  <objectToString>com.sample.model.Event@7ffbfbf9</objectToString>
</org.drools.audit.event.ObjectLogEvent>
<org.drools.audit.event.ActivationLogEvent>
  <type>4</type>
  <activationId>Example [252, 0]</activationId>
  <rule>Example</rule>
  <declarations>$newEvent0=com.sample.model.Event@7ffbfbf9(252)</declarations>
</org.drools.audit.event.ActivationLogEvent>
<org.drools.audit.event.ActivationLogEvent>
  <type>6</type>
  <activationId>Example [252, 0]</activationId>
  <rule>Example</rule>
  <declarations>$newEvent0=com.sample.model.Event@7ffbfbf9(252)</declarations>
</org.drools.audit.event.ActivationLogEvent>
<org.drools.audit.event.ActivationLogEvent>
  <type>4</type>
  <activationId>HelloWorld [252, 0]</activationId>
  <rule>HelloWorld</rule>
  <declarations>$newEvent=com.sample.model.Event@7ffbfbf9(252)</declarations>
</org.drools.audit.event.ActivationLogEvent>
<org.drools.audit.event.ActivationLogEvent>
  <type>4</type>
  <activationId>Example2 [253]</activationId>
  <rule>Example2</rule>
  <declarations>$newEvent=com.sample.model.Event@785bda13(253)</declarations>
</org.drools.audit.event.ActivationLogEvent>
<org.drools.audit.event.ObjectLogEvent>
  <type>1</type>
  <factId>253</factId>
  <objectToString>com.sample.model.Event@785bda13</objectToString>
</org.drools.audit.event.ObjectLogEvent>
<org.drools.audit.event.ActivationLogEvent>
  <type>7</type>
  <activationId>Example [252, 0]</activationId>
  <rule>Example</rule>
  <declarations>$newEvent0=com.sample.model.Event@7ffbfbf9(252)</declarations>
</org.drools.audit.event.ActivationLogEvent>
<org.drools.audit.event.ActivationLogEvent>
  <type>6</type>
  <activationId>Example2 [253]</activationId>
  <rule>Example2</rule>
  <declarations>$newEvent=com.sample.model.Event@785bda13(253)</declarations>
</org.drools.audit.event.ActivationLogEvent>
<org.drools.audit.event.ActivationLogEvent>
  <type>7</type>
  <activationId>Example2 [253]</activationId>
  <rule>Example2</rule>
  <declarations>$newEvent=com.sample.model.Event@785bda13(253)</declarations>
</org.drools.audit.event.ActivationLogEvent>
<org.drools.audit.event.ActivationLogEvent>
  <type>6</type>
  <activationId>HelloWorld [252, 0]</activationId>
  <rule>HelloWorld</rule>
  <declarations>$newEvent=com.sample.model.Event@7ffbfbf9(252)</declarations>
</org.drools.audit.event.ActivationLogEvent>
<org.drools.audit.event.ActivationLogEvent>
  <type>7</type>
  <activationId>HelloWorld [252, 0]</activationId>
  <rule>HelloWorld</rule>
  <declarations>$newEvent=com.sample.model.Event@7ffbfbf9(252)</declarations>
</org.drools.audit.event.ActivationLogEvent>
<org.drools.audit.event.ObjectLogEvent>
  <type>1</type>
  <factId>254</factId>
  <objectToString>com.sample.model.Event@564a5320</objectToString>
</org.drools.audit.event.ObjectLogEvent>
<org.drools.audit.event.ActivationLogEvent>
  <type>4</type>
  <activationId>Example [254, 0]</activationId>
  <rule>Example</rule>
  <declarations>$newEvent0=com.sample.model.Event@564a5320(254)</declarations>
</org.drools.audit.event.ActivationLogEvent>
<org.drools.audit.event.ActivationLogEvent>
  <type>4</type>
  <activationId>HelloWorld [254, 0]</activationId>
  <rule>HelloWorld</rule>
  <declarations>$newEvent=com.sample.model.Event@564a5320(254)</declarations>
</org.drools.audit.event.ActivationLogEvent>
<org.drools.audit.event.ActivationLogEvent>
  <type>6</type>
  <activationId>HelloWorld [254, 0]</activationId>
  <rule>HelloWorld</rule>
  <declarations>$newEvent=com.sample.model.Event@564a5320(254)</declarations>
</org.drools.audit.event.ActivationLogEvent>
<org.drools.audit.event.ActivationLogEvent>
  <type>7</type>
  <activationId>HelloWorld [254, 0]</activationId>
  <rule>HelloWorld</rule>
  <declarations>$newEvent=com.sample.model.Event@564a5320(254)</declarations>
</org.drools.audit.event.ActivationLogEvent>
<org.drools.audit.event.ActivationLogEvent>
  <type>6</type>
  <activationId>Example [254, 0]</activationId>
  <rule>Example</rule>
  <declarations>$newEvent0=com.sample.model.Event@564a5320(254)</declarations>
</org.drools.audit.event.ActivationLogEvent>
<org.drools.audit.event.ActivationLogEvent>
  <type>4</type>
  <activationId>Example2 [255]</activationId>
  <rule>Example2</rule>
  <declarations>$newEvent=com.sample.model.Event@1ae73783(255)</declarations>
</org.drools.audit.event.ActivationLogEvent>
<org.drools.audit.event.ObjectLogEvent>
  <type>1</type>
  <factId>255</factId>
  <objectToString>com.sample.model.Event@1ae73783</objectToString>
</org.drools.audit.event.ObjectLogEvent>
<org.drools.audit.event.ActivationLogEvent>
  <type>7</type>
  <activationId>Example [254, 0]</activationId>
  <rule>Example</rule>
  <declarations>$newEvent0=com.sample.model.Event@564a5320(254)</declarations>
</org.drools.audit.event.ActivationLogEvent>
<org.drools.audit.event.ActivationLogEvent>
  <type>6</type>
  <activationId>Example2 [255]</activationId>
  <rule>Example2</rule>
  <declarations>$newEvent=com.sample.model.Event@1ae73783(255)</declarations>
</org.drools.audit.event.ActivationLogEvent>
<org.drools.audit.event.ActivationLogEvent>
  <type>7</type>
  <activationId>Example2 [255]</activationId>
  <rule>Example2</rule>
  <declarations>$newEvent=com.sample.model.Event@1ae73783(255)</declarations>
</org.drools.audit.event.ActivationLogEvent>
<org.drools.audit.event.ObjectLogEvent>
  <type>1</type>
  <factId>256</factId>
  <objectToString>com.sample.model.Event@41ed8741</objectToString>
</org.drools.audit.event.ObjectLogEvent>
<org.drools.audit.event.ActivationLogEvent>
  <type>4</type>
  <activationId>Example [256, 0]</activationId>
  <rule>Example</rule>
  <declarations>$newEvent0=com.sample.model.Event@41ed8741(256)</declarations>
</org.drools.audit.event.ActivationLogEvent>
<org.drools.audit.event.ActivationLogEvent>
  <type>4</type>
  <activationId>HelloWorld [256, 0]</activationId>
  <rule>HelloWorld</rule>
  <declarations>$newEvent=com.sample.model.Event@41ed8741(256)</declarations>
</org.drools.audit.event.ActivationLogEvent>
<org.drools.audit.event.ActivationLogEvent>
  <type>6</type>
  <activationId>HelloWorld [256, 0]</activationId>
  <rule>HelloWorld</rule>
  <declarations>$newEvent=com.sample.model.Event@41ed8741(256)</declarations>
</org.drools.audit.event.ActivationLogEvent>
<org.drools.audit.event.ActivationLogEvent>
  <type>7</type>
  <activationId>HelloWorld [256, 0]</activationId>
  <rule>HelloWorld</rule>
  <declarations>$newEvent=com.sample.model.Event@41ed8741(256)</declarations>
</org.drools.audit.event.ActivationLogEvent>
<org.drools.audit.event.ActivationLogEvent>
  <type>6</type>
  <activationId>Example [256, 0]</activationId>
  <rule>Example</rule>
  <declarations>$newEvent0=com.sample.model.Event@41ed8741(256)</declarations>
</org.drools.audit.event.ActivationLogEvent>
<org.drools.audit.event.ActivationLogEvent>
  <type>4</type>
  <activationId>Example2 [257]</activationId>
  <rule>Example2</rule>
  <declarations>$newEvent=com.sample.model.Event@a431693(257)</declarations>
</org.drools.audit.event.ActivationLogEvent>
<org.drools.audit.event.ObjectLogEvent>
  <type>1</type>
  <factId>257</factId>
  <objectToString>com.sample.model.Event@a431693</objectToString>
</org.drools.audit.event.ObjectLogEvent>
<org.drools.audit.event.ActivationLogEvent>
  <type>7</type>
  <activationId>Example [256, 0]</activationId>
  <rule>Example</rule>
  <declarations>$newEvent0=com.sample.model.Event@41ed8741(256)</declarations>
</org.drools.audit.event.ActivationLogEvent>
<org.drools.audit.event.ActivationLogEvent>
  <type>6</type>
  <activationId>Example2 [257]</activationId>
  <rule>Example2</rule>
  <declarations>$newEvent=com.sample.model.Event@a431693(257)</declarations>
</org.drools.audit.event.ActivationLogEvent>
<org.drools.audit.event.ActivationLogEvent>
  <type>7</type>
  <activationId>Example2 [257]</activationId>
  <rule>Example2</rule>
  <declarations>$newEvent=com.sample.model.Event@a431693(257)</declarations>
</org.drools.audit.event.ActivationLogEvent>
<org.drools.audit.event.ObjectLogEvent>
  <type>1</type>
  <factId>258</factId>
  <objectToString>com.sample.model.Event@3a7f1228</objectToString>
</org.drools.audit.event.ObjectLogEvent>
<org.drools.audit.event.ActivationLogEvent>
  <type>4</type>
  <activationId>Example [258, 0]</activationId>
  <rule>Example</rule>
  <declarations>$newEvent0=com.sample.model.Event@3a7f1228(258)</declarations>
</org.drools.audit.event.ActivationLogEvent>
<org.drools.audit.event.ActivationLogEvent>
  <type>4</type>
  <activationId>HelloWorld [258, 0]</activationId>
  <rule>HelloWorld</rule>
  <declarations>$newEvent=com.sample.model.Event@3a7f1228(258)</declarations>
</org.drools.audit.event.ActivationLogEvent>
<org.drools.audit.event.ActivationLogEvent>
  <type>6</type>
  <activationId>HelloWorld [258, 0]</activationId>
  <rule>HelloWorld</rule>
  <declarations>$newEvent=com.sample.model.Event@3a7f1228(258)</declarations>
</org.drools.audit.event.ActivationLogEvent>
<org.drools.audit.event.ActivationLogEvent>
  <type>7</type>
  <activationId>HelloWorld [258, 0]</activationId>
  <rule>HelloWorld</rule>
  <declarations>$newEvent=com.sample.model.Event@3a7f1228(258)</declarations>
</org.drools.audit.event.ActivationLogEvent>
<org.drools.audit.event.ActivationLogEvent>
  <type>6</type>
  <activationId>Example [258, 0]</activationId>
  <rule>Example</rule>
  <declarations>$newEvent0=com.sample.model.Event@3a7f1228(258)</declarations>
</org.drools.audit.event.ActivationLogEvent>
<org.drools.audit.event.ActivationLogEvent>
  <type>4</type>
  <activationId>Example2 [259]</activationId>
  <rule>Example2</rule>
  <declarations>$newEvent=com.sample.model.Event@10def14f(259)</declarations>
</org.drools.audit.event.ActivationLogEvent>
<org.drools.audit.event.ObjectLogEvent>
  <type>1</type>
  <factId>259</factId>
  <objectToString>com.sample.model.Event@10def14f</objectToString>
</org.drools.audit.event.ObjectLogEvent>
<org.drools.audit.event.ActivationLogEvent>
  <type>7</type>
  <activationId>Example [258, 0]</activationId>
  <rule>Example</rule>
  <declarations>$newEvent0=com.sample.model.Event@3a7f1228(258)</declarations>
</org.drools.audit.event.ActivationLogEvent>
<org.drools.audit.event.ActivationLogEvent>
  <type>6</type>
  <activationId>Example2 [259]</activationId>
  <rule>Example2</rule>
  <declarations>$newEvent=com.sample.model.Event@10def14f(259)</declarations>
</org.drools.audit.event.ActivationLogEvent>
<org.drools.audit.event.ActivationLogEvent>
  <type>7</type>
  <activationId>Example2 [259]</activationId>
  <rule>Example2</rule>
  <declarations>$newEvent=com.sample.model.Event@10def14f(259)</declarations>
</org.drools.audit.event.ActivationLogEvent>
<org.drools.audit.event.ObjectLogEvent>
  <type>1</type>
  <factId>260</factId>
  <objectToString>com.sample.model.Event@1cb48230</objectToString>
</org.drools.audit.event.ObjectLogEvent>
<org.drools.audit.event.ActivationLogEvent>
  <type>4</type>
  <activationId>Example [260, 0]</activationId>
  <rule>Example</rule>
  <declarations>$newEvent0=com.sample.model.Event@1cb48230(260)</declarations>
</org.drools.audit.event.ActivationLogEvent>
<org.drools.audit.event.ActivationLogEvent>
  <type>4</type>
  <activationId>HelloWorld [260, 0]</activationId>
  <rule>HelloWorld</rule>
  <declarations>$newEvent=com.sample.model.Event@1cb48230(260)</declarations>
</org.drools.audit.event.ActivationLogEvent>
<org.drools.audit.event.ActivationLogEvent>
  <type>6</type>
  <activationId>HelloWorld [260, 0]</activationId>
  <rule>HelloWorld</rule>
  <declarations>$newEvent=com.sample.model.Event@1cb48230(260)</declarations>
</org.drools.audit.event.ActivationLogEvent>
<org.drools.audit.event.ActivationLogEvent>
  <type>7</type>
  <activationId>HelloWorld [260, 0]</activationId>
  <rule>HelloWorld</rule>
  <declarations>$newEvent=com.sample.model.Event@1cb48230(260)</declarations>
</org.drools.audit.event.ActivationLogEvent>
<org.drools.audit.event.ActivationLogEvent>
  <type>6</type>
  <activationId>Example [260, 0]</activationId>
  <rule>Example</rule>
  <declarations>$newEvent0=com.sample.model.Event@1cb48230(260)</declarations>
</org.drools.audit.event.ActivationLogEvent>
<org.drools.audit.event.ActivationLogEvent>
  <type>4</type>
  <activationId>Example2 [261]</activationId>
  <rule>Example2</rule>
  <declarations>$newEvent=com.sample.model.Event@43540a77(261)</declarations>
</org.drools.audit.event.ActivationLogEvent>
<org.drools.audit.event.ObjectLogEvent>
  <type>1</type>
  <factId>261</factId>
  <objectToString>com.sample.model.Event@43540a77</objectToString>
</org.drools.audit.event.ObjectLogEvent>
<org.drools.audit.event.ActivationLogEvent>
  <type>7</type>
  <activationId>Example [260, 0]</activationId>
  <rule>Example</rule>
  <declarations>$newEvent0=com.sample.model.Event@1cb48230(260)</declarations>
</org.drools.audit.event.ActivationLogEvent>
<org.drools.audit.event.ActivationLogEvent>
  <type>6</type>
  <activationId>Example2 [261]</activationId>
  <rule>Example2</rule>
  <declarations>$newEvent=com.sample.model.Event@43540a77(261)</declarations>
</org.drools.audit.event.ActivationLogEvent>
<org.drools.audit.event.ActivationLogEvent>
  <type>7</type>
  <activationId>Example2 [261]</activationId>
  <rule>Example2</rule>
  <declarations>$newEvent=com.sample.model.Event@43540a77(261)</declarations>
</org.drools.audit.event.ActivationLogEvent>
<org.drools.audit.event.ObjectLogEvent>
  <type>1</type>
  <factId>262</factId>
  <objectToString>com.sample.model.Event@427b2d29</objectToString>
</org.drools.audit.event.ObjectLogEvent>
<org.drools.audit.event.ActivationLogEvent>
  <type>4</type>
  <activationId>Example [262, 0]</activationId>
  <rule>Example</rule>
  <declarations>$newEvent0=com.sample.model.Event@427b2d29(262)</declarations>
</org.drools.audit.event.ActivationLogEvent>
<org.drools.audit.event.ActivationLogEvent>
  <type>4</type>
  <activationId>HelloWorld [262, 0]</activationId>
  <rule>HelloWorld</rule>
  <declarations>$newEvent=com.sample.model.Event@427b2d29(262)</declarations>
</org.drools.audit.event.ActivationLogEvent>
<org.drools.audit.event.ActivationLogEvent>
  <type>6</type>
  <activationId>HelloWorld [262, 0]</activationId>
  <rule>HelloWorld</rule>
  <declarations>$newEvent=com.sample.model.Event@427b2d29(262)</declarations>
</org.drools.audit.event.ActivationLogEvent>
<org.drools.audit.event.ActivationLogEvent>
  <type>7</type>
  <activationId>HelloWorld [262, 0]</activationId>
  <rule>HelloWorld</rule>
  <declarations>$newEvent=com.sample.model.Event@427b2d29(262)</declarations>
</org.drools.audit.event.ActivationLogEvent>
<org.drools.audit.event.ActivationLogEvent>
  <type>6</type>
  <activationId>Example [262, 0]</activationId>
  <rule>Example</rule>
  <declarations>$newEvent0=com.sample.model.Event@427b2d29(262)</declarations>
</org.drools.audit.event.ActivationLogEvent>
<org.drools.audit.event.ActivationLogEvent>
  <type>4</type>
  <activationId>Example2 [263]</activationId>
  <rule>Example2</rule>
  <declarations>$newEvent=com.sample.model.Event@573577ca(263)</declarations>
</org.drools.audit.event.ActivationLogEvent>
<org.drools.audit.event.ObjectLogEvent>
  <type>1</type>
  <factId>263</factId>
  <objectToString>com.sample.model.Event@573577ca</objectToString>
</org.drools.audit.event.ObjectLogEvent>
<org.drools.audit.event.ActivationLogEvent>
  <type>7</type>
  <activationId>Example [262, 0]</activationId>
  <rule>Example</rule>
  <declarations>$newEvent0=com.sample.model.Event@427b2d29(262)</declarations>
</org.drools.audit.event.ActivationLogEvent>
<org.drools.audit.event.ActivationLogEvent>
  <type>6</type>
  <activationId>Example2 [263]</activationId>
  <rule>Example2</rule>
  <declarations>$newEvent=com.sample.model.Event@573577ca(263)</declarations>
</org.drools.audit.event.ActivationLogEvent>
<org.drools.audit.event.ActivationLogEvent>
  <type>7</type>
  <activationId>Example2 [263]</activationId>
  <rule>Example2</rule>
  <declarations>$newEvent=com.sample.model.Event@573577ca(263)</declarations>
</org.drools.audit.event.ActivationLogEvent>
<org.drools.audit.event.ObjectLogEvent>
  <type>1</type>
  <factId>264</factId>
  <objectToString>com.sample.model.Event@774b9b80</objectToString>
</org.drools.audit.event.ObjectLogEvent>
<org.drools.audit.event.ActivationLogEvent>
  <type>4</type>
  <activationId>Example [264, 0]</activationId>
  <rule>Example</rule>
  <declarations>$newEvent0=com.sample.model.Event@774b9b80(264)</declarations>
</org.drools.audit.event.ActivationLogEvent>
<org.drools.audit.event.ActivationLogEvent>
  <type>4</type>
  <activationId>HelloWorld [264, 0]</activationId>
  <rule>HelloWorld</rule>
  <declarations>$newEvent=com.sample.model.Event@774b9b80(264)</declarations>
</org.drools.audit.event.ActivationLogEvent>
<org.drools.audit.event.ActivationLogEvent>
  <type>6</type>
  <activationId>HelloWorld [264, 0]</activationId>
  <rule>HelloWorld</rule>
  <declarations>$newEvent=com.sample.model.Event@774b9b80(264)</declarations>
</org.drools.audit.event.ActivationLogEvent>
<org.drools.audit.event.ActivationLogEvent>
  <type>7</type>
  <activationId>HelloWorld [264, 0]</activationId>
  <rule>HelloWorld</rule>
  <declarations>$newEvent=com.sample.model.Event@774b9b80(264)</declarations>
</org.drools.audit.event.ActivationLogEvent>
<org.drools.audit.event.ActivationLogEvent>
  <type>6</type>
  <activationId>Example [264, 0]</activationId>
  <rule>Example</rule>
  <declarations>$newEvent0=com.sample.model.Event@774b9b80(264)</declarations>
</org.drools.audit.event.ActivationLogEvent>
<org.drools.audit.event.ActivationLogEvent>
  <type>4</type>
  <activationId>Example2 [265]</activationId>
  <rule>Example2</rule>
  <declarations>$newEvent=com.sample.model.Event@7c198046(265)</declarations>
</org.drools.audit.event.ActivationLogEvent>
<org.drools.audit.event.ObjectLogEvent>
  <type>1</type>
  <factId>265</factId>
  <objectToString>com.sample.model.Event@7c198046</objectToString>
</org.drools.audit.event.ObjectLogEvent>
<org.drools.audit.event.ActivationLogEvent>
  <type>7</type>
  <activationId>Example [264, 0]</activationId>
  <rule>Example</rule>
  <declarations>$newEvent0=com.sample.model.Event@774b9b80(264)</declarations>
</org.drools.audit.event.ActivationLogEvent>
<org.drools.audit.event.ActivationLogEvent>
  <type>6</type>
  <activationId>Example2 [265]</activationId>
  <rule>Example2</rule>
  <declarations>$newEvent=com.sample.model.Event@7c198046(265)</declarations>
</org.drools.audit.event.ActivationLogEvent>
<org.drools.audit.event.ActivationLogEvent>
  <type>7</type>
  <activationId>Example2 [265]</activationId>
  <rule>Example2</rule>
  <declarations>$newEvent=com.sample.model.Event@7c198046(265)</declarations>
</org.drools.audit.event.ActivationLogEvent>
<org.drools.audit.event.ObjectLogEvent>
  <type>1</type>
  <factId>266</factId>
  <objectToString>com.sample.model.Event@6e34b350</objectToString>
</org.drools.audit.event.ObjectLogEvent>
<org.drools.audit.event.ActivationLogEvent>
  <type>4</type>
  <activationId>Example [266, 0]</activationId>
  <rule>Example</rule>
  <declarations>$newEvent0=com.sample.model.Event@6e34b350(266)</declarations>
</org.drools.audit.event.ActivationLogEvent>
<org.drools.audit.event.ActivationLogEvent>
  <type>4</type>
  <activationId>HelloWorld [266, 0]</activationId>
  <rule>HelloWorld</rule>
  <declarations>$newEvent=com.sample.model.Event@6e34b350(266)</declarations>
</org.drools.audit.event.ActivationLogEvent>
<org.drools.audit.event.ActivationLogEvent>
  <type>6</type>
  <activationId>HelloWorld [266, 0]</activationId>
  <rule>HelloWorld</rule>
  <declarations>$newEvent=com.sample.model.Event@6e34b350(266)</declarations>
</org.drools.audit.event.ActivationLogEvent>
<org.drools.audit.event.ActivationLogEvent>
  <type>7</type>
  <activationId>HelloWorld [266, 0]</activationId>
  <rule>HelloWorld</rule>
  <declarations>$newEvent=com.sample.model.Event@6e34b350(266)</declarations>
</org.drools.audit.event.ActivationLogEvent>
<org.drools.audit.event.ActivationLogEvent>
  <type>6</type>
  <activationId>Example [266, 0]</activationId>
  <rule>Example</rule>
  <declarations>$newEvent0=com.sample.model.Event@6e34b350(266)</declarations>
</org.drools.audit.event.ActivationLogEvent>
<org.drools.audit.event.ActivationLogEvent>
  <type>4</type>
  <activationId>Example2 [267]</activationId>
  <rule>Example2</rule>
  <declarations>$newEvent=com.sample.model.Event@239bf795(267)</declarations>
</org.drools.audit.event.ActivationLogEvent>
<org.drools.audit.event.ObjectLogEvent>
  <type>1</type>
  <factId>267</factId>
  <objectToString>com.sample.model.Event@239bf795</objectToString>
</org.drools.audit.event.ObjectLogEvent>
<org.drools.audit.event.ActivationLogEvent>
  <type>7</type>
  <activationId>Example [266, 0]</activationId>
  <rule>Example</rule>
  <declarations>$newEvent0=com.sample.model.Event@6e34b350(266)</declarations>
</org.drools.audit.event.ActivationLogEvent>
<org.drools.audit.event.ActivationLogEvent>
  <type>6</type>
  <activationId>Example2 [267]</activationId>
  <rule>Example2</rule>
  <declarations>$newEvent=com.sample.model.Event@239bf795(267)</declarations>
</org.drools.audit.event.ActivationLogEvent>
<org.drools.audit.event.ActivationLogEvent>
  <type>7</type>
  <activationId>Example2 [267]</activationId>
  <rule>Example2</rule>
  <declarations>$newEvent=com.sample.model.Event@239bf795(267)</declarations>
</org.drools.audit.event.ActivationLogEvent>
<org.drools.audit.event.ObjectLogEvent>
  <type>1</type>
  <factId>268</factId>
  <objectToString>com.sample.model.Event@549b6976</objectToString>
</org.drools.audit.event.ObjectLogEvent>
<org.drools.audit.event.ActivationLogEvent>
  <type>4</type>
  <activationId>Example [268, 0]</activationId>
  <rule>Example</rule>
  <declarations>$newEvent0=com.sample.model.Event@549b6976(268)</declarations>
</org.drools.audit.event.ActivationLogEvent>
<org.drools.audit.event.ActivationLogEvent>
  <type>4</type>
  <activationId>HelloWorld [268, 0]</activationId>
  <rule>HelloWorld</rule>
  <declarations>$newEvent=com.sample.model.Event@549b6976(268)</declarations>
</org.drools.audit.event.ActivationLogEvent>
<org.drools.audit.event.ActivationLogEvent>
  <type>6</type>
  <activationId>HelloWorld [268, 0]</activationId>
  <rule>HelloWorld</rule>
  <declarations>$newEvent=com.sample.model.Event@549b6976(268)</declarations>
</org.drools.audit.event.ActivationLogEvent>
<org.drools.audit.event.ActivationLogEvent>
  <type>7</type>
  <activationId>HelloWorld [268, 0]</activationId>
  <rule>HelloWorld</rule>
  <declarations>$newEvent=com.sample.model.Event@549b6976(268)</declarations>
</org.drools.audit.event.ActivationLogEvent>
<org.drools.audit.event.ActivationLogEvent>
  <type>6</type>
  <activationId>Example [268, 0]</activationId>
  <rule>Example</rule>
  <declarations>$newEvent0=com.sample.model.Event@549b6976(268)</declarations>
</org.drools.audit.event.ActivationLogEvent>
<org.drools.audit.event.ActivationLogEvent>
  <type>4</type>
  <activationId>Example2 [269]</activationId>
  <rule>Example2</rule>
  <declarations>$newEvent=com.sample.model.Event@6ff80c0e(269)</declarations>
</org.drools.audit.event.ActivationLogEvent>
<org.drools.audit.event.ObjectLogEvent>
  <type>1</type>
  <factId>269</factId>
  <objectToString>com.sample.model.Event@6ff80c0e</objectToString>
</org.drools.audit.event.ObjectLogEvent>
<org.drools.audit.event.ActivationLogEvent>
  <type>7</type>
  <activationId>Example [268, 0]</activationId>
  <rule>Example</rule>
  <declarations>$newEvent0=com.sample.model.Event@549b6976(268)</declarations>
</org.drools.audit.event.ActivationLogEvent>
<org.drools.audit.event.ActivationLogEvent>
  <type>6</type>
  <activationId>Example2 [269]</activationId>
  <rule>Example2</rule>
  <declarations>$newEvent=com.sample.model.Event@6ff80c0e(269)</declarations>
</org.drools.audit.event.ActivationLogEvent>
<org.drools.audit.event.ActivationLogEvent>
  <type>7</type>
  <activationId>Example2 [269]</activationId>
  <rule>Example2</rule>
  <declarations>$newEvent=com.sample.model.Event@6ff80c0e(269)</declarations>
</org.drools.audit.event.ActivationLogEvent>
<org.drools.audit.event.ObjectLogEvent>
  <type>1</type>
  <factId>270</factId>
  <objectToString>com.sample.model.Event@5dfa490</objectToString>
</org.drools.audit.event.ObjectLogEvent>
<org.drools.audit.event.ActivationLogEvent>
  <type>4</type>
  <activationId>Example [270, 0]</activationId>
  <rule>Example</rule>
  <declarations>$newEvent0=com.sample.model.Event@5dfa490(270)</declarations>
</org.drools.audit.event.ActivationLogEvent>
<org.drools.audit.event.ActivationLogEvent>
  <type>4</type>
  <activationId>HelloWorld [270, 0]</activationId>
  <rule>HelloWorld</rule>
  <declarations>$newEvent=com.sample.model.Event@5dfa490(270)</declarations>
</org.drools.audit.event.ActivationLogEvent>
<org.drools.audit.event.ActivationLogEvent>
  <type>6</type>
  <activationId>HelloWorld [270, 0]</activationId>
  <rule>HelloWorld</rule>
  <declarations>$newEvent=com.sample.model.Event@5dfa490(270)</declarations>
</org.drools.audit.event.ActivationLogEvent>
<org.drools.audit.event.ActivationLogEvent>
  <type>7</type>
  <activationId>HelloWorld [270, 0]</activationId>
  <rule>HelloWorld</rule>
  <declarations>$newEvent=com.sample.model.Event@5dfa490(270)</declarations>
</org.drools.audit.event.ActivationLogEvent>
<org.drools.audit.event.ActivationLogEvent>
  <type>6</type>
  <activationId>Example [270, 0]</activationId>
  <rule>Example</rule>
  <declarations>$newEvent0=com.sample.model.Event@5dfa490(270)</declarations>
</org.drools.audit.event.ActivationLogEvent>
<org.drools.audit.event.ActivationLogEvent>
  <type>4</type>
  <activationId>Example2 [271]</activationId>
  <rule>Example2</rule>
  <declarations>$newEvent=com.sample.model.Event@43f854bd(271)</declarations>
</org.drools.audit.event.ActivationLogEvent>
<org.drools.audit.event.ObjectLogEvent>
  <type>1</type>
  <factId>271</factId>
  <objectToString>com.sample.model.Event@43f854bd</objectToString>
</org.drools.audit.event.ObjectLogEvent>
<org.drools.audit.event.ActivationLogEvent>
  <type>7</type>
  <activationId>Example [270, 0]</activationId>
  <rule>Example</rule>
  <declarations>$newEvent0=com.sample.model.Event@5dfa490(270)</declarations>
</org.drools.audit.event.ActivationLogEvent>
<org.drools.audit.event.ActivationLogEvent>
  <type>6</type>
  <activationId>Example2 [271]</activationId>
  <rule>Example2</rule>
  <declarations>$newEvent=com.sample.model.Event@43f854bd(271)</declarations>
</org.drools.audit.event.ActivationLogEvent>
<org.drools.audit.event.ActivationLogEvent>
  <type>7</type>
  <activationId>Example2 [271]</activationId>
  <rule>Example2</rule>
  <declarations>$newEvent=com.sample.model.Event@43f854bd(271)</declarations>
</org.drools.audit.event.ActivationLogEvent>
<org.drools.audit.event.ObjectLogEvent>
  <type>1</type>
  <factId>272</factId>
  <objectToString>com.sample.model.Event@64836727</objectToString>
</org.drools.audit.event.ObjectLogEvent>
<org.drools.audit.event.ActivationLogEvent>
  <type>4</type>
  <activationId>Example [272, 0]</activationId>
  <rule>Example</rule>
  <declarations>$newEvent0=com.sample.model.Event@64836727(272)</declarations>
</org.drools.audit.event.ActivationLogEvent>
<org.drools.audit.event.ActivationLogEvent>
  <type>4</type>
  <activationId>HelloWorld [272, 0]</activationId>
  <rule>HelloWorld</rule>
  <declarations>$newEvent=com.sample.model.Event@64836727(272)</declarations>
</org.drools.audit.event.ActivationLogEvent>
<org.drools.audit.event.ActivationLogEvent>
  <type>6</type>
  <activationId>HelloWorld [272, 0]</activationId>
  <rule>HelloWorld</rule>
  <declarations>$newEvent=com.sample.model.Event@64836727(272)</declarations>
</org.drools.audit.event.ActivationLogEvent>
<org.drools.audit.event.ActivationLogEvent>
  <type>7</type>
  <activationId>HelloWorld [272, 0]</activationId>
  <rule>HelloWorld</rule>
  <declarations>$newEvent=com.sample.model.Event@64836727(272)</declarations>
</org.drools.audit.event.ActivationLogEvent>
<org.drools.audit.event.ActivationLogEvent>
  <type>6</type>
  <activationId>Example [272, 0]</activationId>
  <rule>Example</rule>
  <declarations>$newEvent0=com.sample.model.Event@64836727(272)</declarations>
</org.drools.audit.event.ActivationLogEvent>
<org.drools.audit.event.ActivationLogEvent>
  <type>4</type>
  <activationId>Example2 [273]</activationId>
  <rule>Example2</rule>
  <declarations>$newEvent=com.sample.model.Event@1ce59895(273)</declarations>
</org.drools.audit.event.ActivationLogEvent>
<org.drools.audit.event.ObjectLogEvent>
  <type>1</type>
  <factId>273</factId>
  <objectToString>com.sample.model.Event@1ce59895</objectToString>
</org.drools.audit.event.ObjectLogEvent>
<org.drools.audit.event.ActivationLogEvent>
  <type>7</type>
  <activationId>Example [272, 0]</activationId>
  <rule>Example</rule>
  <declarations>$newEvent0=com.sample.model.Event@64836727(272)</declarations>
</org.drools.audit.event.ActivationLogEvent>
<org.drools.audit.event.ActivationLogEvent>
  <type>6</type>
  <activationId>Example2 [273]</activationId>
  <rule>Example2</rule>
  <declarations>$newEvent=com.sample.model.Event@1ce59895(273)</declarations>
</org.drools.audit.event.ActivationLogEvent>
<org.drools.audit.event.ActivationLogEvent>
  <type>7</type>
  <activationId>Example2 [273]</activationId>
  <rule>Example2</rule>
  <declarations>$newEvent=com.sample.model.Event@1ce59895(273)</declarations>
</org.drools.audit.event.ActivationLogEvent>
<org.drools.audit.event.ObjectLogEvent>
  <type>1</type>
  <factId>274</factId>
  <objectToString>com.sample.model.Event@25846d05</objectToString>
</org.drools.audit.event.ObjectLogEvent>
<org.drools.audit.event.ActivationLogEvent>
  <type>4</type>
  <activationId>Example [274, 0]</activationId>
  <rule>Example</rule>
  <declarations>$newEvent0=com.sample.model.Event@25846d05(274)</declarations>
</org.drools.audit.event.ActivationLogEvent>
<org.drools.audit.event.ActivationLogEvent>
  <type>4</type>
  <activationId>HelloWorld [274, 0]</activationId>
  <rule>HelloWorld</rule>
  <declarations>$newEvent=com.sample.model.Event@25846d05(274)</declarations>
</org.drools.audit.event.ActivationLogEvent>
<org.drools.audit.event.ActivationLogEvent>
  <type>6</type>
  <activationId>HelloWorld [274, 0]</activationId>
  <rule>HelloWorld</rule>
  <declarations>$newEvent=com.sample.model.Event@25846d05(274)</declarations>
</org.drools.audit.event.ActivationLogEvent>
<org.drools.audit.event.ActivationLogEvent>
  <type>7</type>
  <activationId>HelloWorld [274, 0]</activationId>
  <rule>HelloWorld</rule>
  <declarations>$newEvent=com.sample.model.Event@25846d05(274)</declarations>
</org.drools.audit.event.ActivationLogEvent>
<org.drools.audit.event.ActivationLogEvent>
  <type>6</type>
  <activationId>Example [274, 0]</activationId>
  <rule>Example</rule>
  <declarations>$newEvent0=com.sample.model.Event@25846d05(274)</declarations>
</org.drools.audit.event.ActivationLogEvent>
<org.drools.audit.event.ActivationLogEvent>
  <type>4</type>
  <activationId>Example2 [275]</activationId>
  <rule>Example2</rule>
  <declarations>$newEvent=com.sample.model.Event@19117681(275)</declarations>
</org.drools.audit.event.ActivationLogEvent>
<org.drools.audit.event.ObjectLogEvent>
  <type>1</type>
  <factId>275</factId>
  <objectToString>com.sample.model.Event@19117681</objectToString>
</org.drools.audit.event.ObjectLogEvent>
<org.drools.audit.event.ActivationLogEvent>
  <type>7</type>
  <activationId>Example [274, 0]</activationId>
  <rule>Example</rule>
  <declarations>$newEvent0=com.sample.model.Event@25846d05(274)</declarations>
</org.drools.audit.event.ActivationLogEvent>
<org.drools.audit.event.ActivationLogEvent>
  <type>6</type>
  <activationId>Example2 [275]</activationId>
  <rule>Example2</rule>
  <declarations>$newEvent=com.sample.model.Event@19117681(275)</declarations>
</org.drools.audit.event.ActivationLogEvent>
<org.drools.audit.event.ActivationLogEvent>
  <type>7</type>
  <activationId>Example2 [275]</activationId>
  <rule>Example2</rule>
  <declarations>$newEvent=com.sample.model.Event@19117681(275)</declarations>
</org.drools.audit.event.ActivationLogEvent>
<org.drools.audit.event.ObjectLogEvent>
  <type>1</type>
  <factId>276</factId>
  <objectToString>com.sample.model.Event@497b1c02</objectToString>
</org.drools.audit.event.ObjectLogEvent>
<org.drools.audit.event.ActivationLogEvent>
  <type>4</type>
  <activationId>Example [276, 0]</activationId>
  <rule>Example</rule>
  <declarations>$newEvent0=com.sample.model.Event@497b1c02(276)</declarations>
</org.drools.audit.event.ActivationLogEvent>
<org.drools.audit.event.ActivationLogEvent>
  <type>4</type>
  <activationId>HelloWorld [276, 0]</activationId>
  <rule>HelloWorld</rule>
  <declarations>$newEvent=com.sample.model.Event@497b1c02(276)</declarations>
</org.drools.audit.event.ActivationLogEvent>
<org.drools.audit.event.ActivationLogEvent>
  <type>6</type>
  <activationId>HelloWorld [276, 0]</activationId>
  <rule>HelloWorld</rule>
  <declarations>$newEvent=com.sample.model.Event@497b1c02(276)</declarations>
</org.drools.audit.event.ActivationLogEvent>
<org.drools.audit.event.ActivationLogEvent>
  <type>7</type>
  <activationId>HelloWorld [276, 0]</activationId>
  <rule>HelloWorld</rule>
  <declarations>$newEvent=com.sample.model.Event@497b1c02(276)</declarations>
</org.drools.audit.event.ActivationLogEvent>
<org.drools.audit.event.ActivationLogEvent>
  <type>6</type>
  <activationId>Example [276, 0]</activationId>
  <rule>Example</rule>
  <declarations>$newEvent0=com.sample.model.Event@497b1c02(276)</declarations>
</org.drools.audit.event.ActivationLogEvent>
<org.drools.audit.event.ActivationLogEvent>
  <type>4</type>
  <activationId>Example2 [277]</activationId>
  <rule>Example2</rule>
  <declarations>$newEvent=com.sample.model.Event@2494310b(277)</declarations>
</org.drools.audit.event.ActivationLogEvent>
<org.drools.audit.event.ObjectLogEvent>
  <type>1</type>
  <factId>277</factId>
  <objectToString>com.sample.model.Event@2494310b</objectToString>
</org.drools.audit.event.ObjectLogEvent>
<org.drools.audit.event.ActivationLogEvent>
  <type>7</type>
  <activationId>Example [276, 0]</activationId>
  <rule>Example</rule>
  <declarations>$newEvent0=com.sample.model.Event@497b1c02(276)</declarations>
</org.drools.audit.event.ActivationLogEvent>
<org.drools.audit.event.ActivationLogEvent>
  <type>6</type>
  <activationId>Example2 [277]</activationId>
  <rule>Example2</rule>
  <declarations>$newEvent=com.sample.model.Event@2494310b(277)</declarations>
</org.drools.audit.event.ActivationLogEvent>
<org.drools.audit.event.ActivationLogEvent>
  <type>7</type>
  <activationId>Example2 [277]</activationId>
  <rule>Example2</rule>
  <declarations>$newEvent=com.sample.model.Event@2494310b(277)</declarations>
</org.drools.audit.event.ActivationLogEvent>
<org.drools.audit.event.ObjectLogEvent>
  <type>1</type>
  <factId>278</factId>
  <objectToString>com.sample.model.Event@7d1fdbef</objectToString>
</org.drools.audit.event.ObjectLogEvent>
<org.drools.audit.event.ActivationLogEvent>
  <type>4</type>
  <activationId>Example [278, 0]</activationId>
  <rule>Example</rule>
  <declarations>$newEvent0=com.sample.model.Event@7d1fdbef(278)</declarations>
</org.drools.audit.event.ActivationLogEvent>
<org.drools.audit.event.ActivationLogEvent>
  <type>4</type>
  <activationId>HelloWorld [278, 0]</activationId>
  <rule>HelloWorld</rule>
  <declarations>$newEvent=com.sample.model.Event@7d1fdbef(278)</declarations>
</org.drools.audit.event.ActivationLogEvent>
<org.drools.audit.event.ActivationLogEvent>
  <type>6</type>
  <activationId>HelloWorld [278, 0]</activationId>
  <rule>HelloWorld</rule>
  <declarations>$newEvent=com.sample.model.Event@7d1fdbef(278)</declarations>
</org.drools.audit.event.ActivationLogEvent>
<org.drools.audit.event.ActivationLogEvent>
  <type>7</type>
  <activationId>HelloWorld [278, 0]</activationId>
  <rule>HelloWorld</rule>
  <declarations>$newEvent=com.sample.model.Event@7d1fdbef(278)</declarations>
</org.drools.audit.event.ActivationLogEvent>
<org.drools.audit.event.ActivationLogEvent>
  <type>6</type>
  <activationId>Example [278, 0]</activationId>
  <rule>Example</rule>
  <declarations>$newEvent0=com.sample.model.Event@7d1fdbef(278)</declarations>
</org.drools.audit.event.ActivationLogEvent>
<org.drools.audit.event.ActivationLogEvent>
  <type>4</type>
  <activationId>Example2 [279]</activationId>
  <rule>Example2</rule>
  <declarations>$newEvent=com.sample.model.Event@5d11985e(279)</declarations>
</org.drools.audit.event.ActivationLogEvent>
<org.drools.audit.event.ObjectLogEvent>
  <type>1</type>
  <factId>279</factId>
  <objectToString>com.sample.model.Event@5d11985e</objectToString>
</org.drools.audit.event.ObjectLogEvent>
<org.drools.audit.event.ActivationLogEvent>
  <type>7</type>
  <activationId>Example [278, 0]</activationId>
  <rule>Example</rule>
  <declarations>$newEvent0=com.sample.model.Event@7d1fdbef(278)</declarations>
</org.drools.audit.event.ActivationLogEvent>
<org.drools.audit.event.ActivationLogEvent>
  <type>6</type>
  <activationId>Example2 [279]</activationId>
  <rule>Example2</rule>
  <declarations>$newEvent=com.sample.model.Event@5d11985e(279)</declarations>
</org.drools.audit.event.ActivationLogEvent>
<org.drools.audit.event.ActivationLogEvent>
  <type>7</type>
  <activationId>Example2 [279]</activationId>
  <rule>Example2</rule>
  <declarations>$newEvent=com.sample.model.Event@5d11985e(279)</declarations>
</org.drools.audit.event.ActivationLogEvent>
<org.drools.audit.event.ObjectLogEvent>
  <type>1</type>
  <factId>280</factId>
  <objectToString>com.sample.model.Event@2e2a730e</objectToString>
</org.drools.audit.event.ObjectLogEvent>
<org.drools.audit.event.ActivationLogEvent>
  <type>4</type>
  <activationId>Example [280, 0]</activationId>
  <rule>Example</rule>
  <declarations>$newEvent0=com.sample.model.Event@2e2a730e(280)</declarations>
</org.drools.audit.event.ActivationLogEvent>
<org.drools.audit.event.ActivationLogEvent>
  <type>4</type>
  <activationId>HelloWorld [280, 0]</activationId>
  <rule>HelloWorld</rule>
  <declarations>$newEvent=com.sample.model.Event@2e2a730e(280)</declarations>
</org.drools.audit.event.ActivationLogEvent>
<org.drools.audit.event.ActivationLogEvent>
  <type>6</type>
  <activationId>HelloWorld [280, 0]</activationId>
  <rule>HelloWorld</rule>
  <declarations>$newEvent=com.sample.model.Event@2e2a730e(280)</declarations>
</org.drools.audit.event.ActivationLogEvent>
<org.drools.audit.event.ActivationLogEvent>
  <type>7</type>
  <activationId>HelloWorld [280, 0]</activationId>
  <rule>HelloWorld</rule>
  <declarations>$newEvent=com.sample.model.Event@2e2a730e(280)</declarations>
</org.drools.audit.event.ActivationLogEvent>
<org.drools.audit.event.ActivationLogEvent>
  <type>6</type>
  <activationId>Example [280, 0]</activationId>
  <rule>Example</rule>
  <declarations>$newEvent0=com.sample.model.Event@2e2a730e(280)</declarations>
</org.drools.audit.event.ActivationLogEvent>
<org.drools.audit.event.ActivationLogEvent>
  <type>4</type>
  <activationId>Example2 [281]</activationId>
  <rule>Example2</rule>
  <declarations>$newEvent=com.sample.model.Event@27ce0eca(281)</declarations>
</org.drools.audit.event.ActivationLogEvent>
<org.drools.audit.event.ObjectLogEvent>
  <type>1</type>
  <factId>281</factId>
  <objectToString>com.sample.model.Event@27ce0eca</objectToString>
</org.drools.audit.event.ObjectLogEvent>
<org.drools.audit.event.ActivationLogEvent>
  <type>7</type>
  <activationId>Example [280, 0]</activationId>
  <rule>Example</rule>
  <declarations>$newEvent0=com.sample.model.Event@2e2a730e(280)</declarations>
</org.drools.audit.event.ActivationLogEvent>
<org.drools.audit.event.ActivationLogEvent>
  <type>6</type>
  <activationId>Example2 [281]</activationId>
  <rule>Example2</rule>
  <declarations>$newEvent=com.sample.model.Event@27ce0eca(281)</declarations>
</org.drools.audit.event.ActivationLogEvent>
<org.drools.audit.event.ActivationLogEvent>
  <type>7</type>
  <activationId>Example2 [281]</activationId>
  <rule>Example2</rule>
  <declarations>$newEvent=com.sample.model.Event@27ce0eca(281)</declarations>
</org.drools.audit.event.ActivationLogEvent>
<org.drools.audit.event.ObjectLogEvent>
  <type>1</type>
  <factId>282</factId>
  <objectToString>com.sample.model.Event@492d0430</objectToString>
</org.drools.audit.event.ObjectLogEvent>
<org.drools.audit.event.ActivationLogEvent>
  <type>4</type>
  <activationId>Example [282, 0]</activationId>
  <rule>Example</rule>
  <declarations>$newEvent0=com.sample.model.Event@492d0430(282)</declarations>
</org.drools.audit.event.ActivationLogEvent>
<org.drools.audit.event.ActivationLogEvent>
  <type>6</type>
  <activationId>Example [282, 0]</activationId>
  <rule>Example</rule>
  <declarations>$newEvent0=com.sample.model.Event@492d0430(282)</declarations>
</org.drools.audit.event.ActivationLogEvent>
<org.drools.audit.event.ActivationLogEvent>
  <type>4</type>
  <activationId>HelloWorld [282, 0]</activationId>
  <rule>HelloWorld</rule>
  <declarations>$newEvent=com.sample.model.Event@492d0430(282)</declarations>
</org.drools.audit.event.ActivationLogEvent>
<org.drools.audit.event.ActivationLogEvent>
  <type>4</type>
  <activationId>Example2 [283]</activationId>
  <rule>Example2</rule>
  <declarations>$newEvent=com.sample.model.Event@2a6e10d8(283)</declarations>
</org.drools.audit.event.ActivationLogEvent>
<org.drools.audit.event.ObjectLogEvent>
  <type>1</type>
  <factId>283</factId>
  <objectToString>com.sample.model.Event@2a6e10d8</objectToString>
</org.drools.audit.event.ObjectLogEvent>
<org.drools.audit.event.ActivationLogEvent>
  <type>7</type>
  <activationId>Example [282, 0]</activationId>
  <rule>Example</rule>
  <declarations>$newEvent0=com.sample.model.Event@492d0430(282)</declarations>
</org.drools.audit.event.ActivationLogEvent>
<org.drools.audit.event.ActivationLogEvent>
  <type>6</type>
  <activationId>Example2 [283]</activationId>
  <rule>Example2</rule>
  <declarations>$newEvent=com.sample.model.Event@2a6e10d8(283)</declarations>
</org.drools.audit.event.ActivationLogEvent>
<org.drools.audit.event.ActivationLogEvent>
  <type>7</type>
  <activationId>Example2 [283]</activationId>
  <rule>Example2</rule>
  <declarations>$newEvent=com.sample.model.Event@2a6e10d8(283)</declarations>
</org.drools.audit.event.ActivationLogEvent>
<org.drools.audit.event.ActivationLogEvent>
  <type>6</type>
  <activationId>HelloWorld [282, 0]</activationId>
  <rule>HelloWorld</rule>
  <declarations>$newEvent=com.sample.model.Event@492d0430(282)</declarations>
</org.drools.audit.event.ActivationLogEvent>
<org.drools.audit.event.ActivationLogEvent>
  <type>7</type>
  <activationId>HelloWorld [282, 0]</activationId>
  <rule>HelloWorld</rule>
  <declarations>$newEvent=com.sample.model.Event@492d0430(282)</declarations>
</org.drools.audit.event.ActivationLogEvent>
<org.drools.audit.event.ObjectLogEvent>
  <type>1</type>
  <factId>284</factId>
  <objectToString>com.sample.model.Event@2013eaab</objectToString>
</org.drools.audit.event.ObjectLogEvent>
<org.drools.audit.event.ActivationLogEvent>
  <type>4</type>
  <activationId>Example [284, 0]</activationId>
  <rule>Example</rule>
  <declarations>$newEvent0=com.sample.model.Event@2013eaab(284)</declarations>
</org.drools.audit.event.ActivationLogEvent>
<org.drools.audit.event.ActivationLogEvent>
  <type>4</type>
  <activationId>HelloWorld [284, 0]</activationId>
  <rule>HelloWorld</rule>
  <declarations>$newEvent=com.sample.model.Event@2013eaab(284)</declarations>
</org.drools.audit.event.ActivationLogEvent>
<org.drools.audit.event.ActivationLogEvent>
  <type>6</type>
  <activationId>HelloWorld [284, 0]</activationId>
  <rule>HelloWorld</rule>
  <declarations>$newEvent=com.sample.model.Event@2013eaab(284)</declarations>
</org.drools.audit.event.ActivationLogEvent>
<org.drools.audit.event.ActivationLogEvent>
  <type>7</type>
  <activationId>HelloWorld [284, 0]</activationId>
  <rule>HelloWorld</rule>
  <declarations>$newEvent=com.sample.model.Event@2013eaab(284)</declarations>
</org.drools.audit.event.ActivationLogEvent>
<org.drools.audit.event.ActivationLogEvent>
  <type>6</type>
  <activationId>Example [284, 0]</activationId>
  <rule>Example</rule>
  <declarations>$newEvent0=com.sample.model.Event@2013eaab(284)</declarations>
</org.drools.audit.event.ActivationLogEvent>
<org.drools.audit.event.ActivationLogEvent>
  <type>4</type>
  <activationId>Example2 [285]</activationId>
  <rule>Example2</rule>
  <declarations>$newEvent=com.sample.model.Event@1514d662(285)</declarations>
</org.drools.audit.event.ActivationLogEvent>
<org.drools.audit.event.ObjectLogEvent>
  <type>1</type>
  <factId>285</factId>
  <objectToString>com.sample.model.Event@1514d662</objectToString>
</org.drools.audit.event.ObjectLogEvent>
<org.drools.audit.event.ActivationLogEvent>
  <type>7</type>
  <activationId>Example [284, 0]</activationId>
  <rule>Example</rule>
  <declarations>$newEvent0=com.sample.model.Event@2013eaab(284)</declarations>
</org.drools.audit.event.ActivationLogEvent>
<org.drools.audit.event.ActivationLogEvent>
  <type>6</type>
  <activationId>Example2 [285]</activationId>
  <rule>Example2</rule>
  <declarations>$newEvent=com.sample.model.Event@1514d662(285)</declarations>
</org.drools.audit.event.ActivationLogEvent>
<org.drools.audit.event.ActivationLogEvent>
  <type>7</type>
  <activationId>Example2 [285]</activationId>
  <rule>Example2</rule>
  <declarations>$newEvent=com.sample.model.Event@1514d662(285)</declarations>
</org.drools.audit.event.ActivationLogEvent>
<org.drools.audit.event.ObjectLogEvent>
  <type>1</type>
  <factId>286</factId>
  <objectToString>com.sample.model.Event@b06c6be</objectToString>
</org.drools.audit.event.ObjectLogEvent>
<org.drools.audit.event.ActivationLogEvent>
  <type>4</type>
  <activationId>Example [286, 0]</activationId>
  <rule>Example</rule>
  <declarations>$newEvent0=com.sample.model.Event@b06c6be(286)</declarations>
</org.drools.audit.event.ActivationLogEvent>
<org.drools.audit.event.ActivationLogEvent>
  <type>4</type>
  <activationId>HelloWorld [286, 0]</activationId>
  <rule>HelloWorld</rule>
  <declarations>$newEvent=com.sample.model.Event@b06c6be(286)</declarations>
</org.drools.audit.event.ActivationLogEvent>
<org.drools.audit.event.ActivationLogEvent>
  <type>6</type>
  <activationId>HelloWorld [286, 0]</activationId>
  <rule>HelloWorld</rule>
  <declarations>$newEvent=com.sample.model.Event@b06c6be(286)</declarations>
</org.drools.audit.event.ActivationLogEvent>
<org.drools.audit.event.ActivationLogEvent>
  <type>7</type>
  <activationId>HelloWorld [286, 0]</activationId>
  <rule>HelloWorld</rule>
  <declarations>$newEvent=com.sample.model.Event@b06c6be(286)</declarations>
</org.drools.audit.event.ActivationLogEvent>
<org.drools.audit.event.ActivationLogEvent>
  <type>6</type>
  <activationId>Example [286, 0]</activationId>
  <rule>Example</rule>
  <declarations>$newEvent0=com.sample.model.Event@b06c6be(286)</declarations>
</org.drools.audit.event.ActivationLogEvent>
<org.drools.audit.event.ActivationLogEvent>
  <type>4</type>
  <activationId>Example2 [287]</activationId>
  <rule>Example2</rule>
  <declarations>$newEvent=com.sample.model.Event@6eaf721d(287)</declarations>
</org.drools.audit.event.ActivationLogEvent>
<org.drools.audit.event.ObjectLogEvent>
  <type>1</type>
  <factId>287</factId>
  <objectToString>com.sample.model.Event@6eaf721d</objectToString>
</org.drools.audit.event.ObjectLogEvent>
<org.drools.audit.event.ActivationLogEvent>
  <type>7</type>
  <activationId>Example [286, 0]</activationId>
  <rule>Example</rule>
  <declarations>$newEvent0=com.sample.model.Event@b06c6be(286)</declarations>
</org.drools.audit.event.ActivationLogEvent>
<org.drools.audit.event.ActivationLogEvent>
  <type>6</type>
  <activationId>Example2 [287]</activationId>
  <rule>Example2</rule>
  <declarations>$newEvent=com.sample.model.Event@6eaf721d(287)</declarations>
</org.drools.audit.event.ActivationLogEvent>
<org.drools.audit.event.ActivationLogEvent>
  <type>7</type>
  <activationId>Example2 [287]</activationId>
  <rule>Example2</rule>
  <declarations>$newEvent=com.sample.model.Event@6eaf721d(287)</declarations>
</org.drools.audit.event.ActivationLogEvent>
<org.drools.audit.event.ObjectLogEvent>
  <type>1</type>
  <factId>288</factId>
  <objectToString>com.sample.model.Event@406d06b0</objectToString>
</org.drools.audit.event.ObjectLogEvent>
<org.drools.audit.event.ActivationLogEvent>
  <type>4</type>
  <activationId>Example [288, 0]</activationId>
  <rule>Example</rule>
  <declarations>$newEvent0=com.sample.model.Event@406d06b0(288)</declarations>
</org.drools.audit.event.ActivationLogEvent>
<org.drools.audit.event.ActivationLogEvent>
  <type>6</type>
  <activationId>Example [288, 0]</activationId>
  <rule>Example</rule>
  <declarations>$newEvent0=com.sample.model.Event@406d06b0(288)</declarations>
</org.drools.audit.event.ActivationLogEvent>
<org.drools.audit.event.ActivationLogEvent>
  <type>4</type>
  <activationId>HelloWorld [288, 0]</activationId>
  <rule>HelloWorld</rule>
  <declarations>$newEvent=com.sample.model.Event@406d06b0(288)</declarations>
</org.drools.audit.event.ActivationLogEvent>
<org.drools.audit.event.ActivationLogEvent>
  <type>4</type>
  <activationId>Example2 [289]</activationId>
  <rule>Example2</rule>
  <declarations>$newEvent=com.sample.model.Event@35d22ddb(289)</declarations>
</org.drools.audit.event.ActivationLogEvent>
<org.drools.audit.event.ObjectLogEvent>
  <type>1</type>
  <factId>289</factId>
  <objectToString>com.sample.model.Event@35d22ddb</objectToString>
</org.drools.audit.event.ObjectLogEvent>
<org.drools.audit.event.ActivationLogEvent>
  <type>7</type>
  <activationId>Example [288, 0]</activationId>
  <rule>Example</rule>
  <declarations>$newEvent0=com.sample.model.Event@406d06b0(288)</declarations>
</org.drools.audit.event.ActivationLogEvent>
<org.drools.audit.event.ActivationLogEvent>
  <type>6</type>
  <activationId>Example2 [289]</activationId>
  <rule>Example2</rule>
  <declarations>$newEvent=com.sample.model.Event@35d22ddb(289)</declarations>
</org.drools.audit.event.ActivationLogEvent>
<org.drools.audit.event.ActivationLogEvent>
  <type>7</type>
  <activationId>Example2 [289]</activationId>
  <rule>Example2</rule>
  <declarations>$newEvent=com.sample.model.Event@35d22ddb(289)</declarations>
</org.drools.audit.event.ActivationLogEvent>
<org.drools.audit.event.ActivationLogEvent>
  <type>6</type>
  <activationId>HelloWorld [288, 0]</activationId>
  <rule>HelloWorld</rule>
  <declarations>$newEvent=com.sample.model.Event@406d06b0(288)</declarations>
</org.drools.audit.event.ActivationLogEvent>
<org.drools.audit.event.ActivationLogEvent>
  <type>7</type>
  <activationId>HelloWorld [288, 0]</activationId>
  <rule>HelloWorld</rule>
  <declarations>$newEvent=com.sample.model.Event@406d06b0(288)</declarations>
</org.drools.audit.event.ActivationLogEvent>
<org.drools.audit.event.ObjectLogEvent>
  <type>1</type>
  <factId>290</factId>
  <objectToString>com.sample.model.Event@79c0a077</objectToString>
</org.drools.audit.event.ObjectLogEvent>
<org.drools.audit.event.ActivationLogEvent>
  <type>4</type>
  <activationId>Example [290, 0]</activationId>
  <rule>Example</rule>
  <declarations>$newEvent0=com.sample.model.Event@79c0a077(290)</declarations>
</org.drools.audit.event.ActivationLogEvent>
<org.drools.audit.event.ActivationLogEvent>
  <type>4</type>
  <activationId>HelloWorld [290, 0]</activationId>
  <rule>HelloWorld</rule>
  <declarations>$newEvent=com.sample.model.Event@79c0a077(290)</declarations>
</org.drools.audit.event.ActivationLogEvent>
<org.drools.audit.event.ActivationLogEvent>
  <type>6</type>
  <activationId>HelloWorld [290, 0]</activationId>
  <rule>HelloWorld</rule>
  <declarations>$newEvent=com.sample.model.Event@79c0a077(290)</declarations>
</org.drools.audit.event.ActivationLogEvent>
<org.drools.audit.event.ActivationLogEvent>
  <type>7</type>
  <activationId>HelloWorld [290, 0]</activationId>
  <rule>HelloWorld</rule>
  <declarations>$newEvent=com.sample.model.Event@79c0a077(290)</declarations>
</org.drools.audit.event.ActivationLogEvent>
<org.drools.audit.event.ActivationLogEvent>
  <type>6</type>
  <activationId>Example [290, 0]</activationId>
  <rule>Example</rule>
  <declarations>$newEvent0=com.sample.model.Event@79c0a077(290)</declarations>
</org.drools.audit.event.ActivationLogEvent>
<org.drools.audit.event.ActivationLogEvent>
  <type>4</type>
  <activationId>Example2 [291]</activationId>
  <rule>Example2</rule>
  <declarations>$newEvent=com.sample.model.Event@662fe032(291)</declarations>
</org.drools.audit.event.ActivationLogEvent>
<org.drools.audit.event.ObjectLogEvent>
  <type>1</type>
  <factId>291</factId>
  <objectToString>com.sample.model.Event@662fe032</objectToString>
</org.drools.audit.event.ObjectLogEvent>
<org.drools.audit.event.ActivationLogEvent>
  <type>7</type>
  <activationId>Example [290, 0]</activationId>
  <rule>Example</rule>
  <declarations>$newEvent0=com.sample.model.Event@79c0a077(290)</declarations>
</org.drools.audit.event.ActivationLogEvent>
<org.drools.audit.event.ActivationLogEvent>
  <type>6</type>
  <activationId>Example2 [291]</activationId>
  <rule>Example2</rule>
  <declarations>$newEvent=com.sample.model.Event@662fe032(291)</declarations>
</org.drools.audit.event.ActivationLogEvent>
<org.drools.audit.event.ActivationLogEvent>
  <type>7</type>
  <activationId>Example2 [291]</activationId>
  <rule>Example2</rule>
  <declarations>$newEvent=com.sample.model.Event@662fe032(291)</declarations>
</org.drools.audit.event.ActivationLogEvent>
<org.drools.audit.event.ObjectLogEvent>
  <type>1</type>
  <factId>292</factId>
  <objectToString>com.sample.model.Event@51282707</objectToString>
</org.drools.audit.event.ObjectLogEvent>
<org.drools.audit.event.ActivationLogEvent>
  <type>4</type>
  <activationId>Example [292, 0]</activationId>
  <rule>Example</rule>
  <declarations>$newEvent0=com.sample.model.Event@51282707(292)</declarations>
</org.drools.audit.event.ActivationLogEvent>
<org.drools.audit.event.ActivationLogEvent>
  <type>4</type>
  <activationId>HelloWorld [292, 0]</activationId>
  <rule>HelloWorld</rule>
  <declarations>$newEvent=com.sample.model.Event@51282707(292)</declarations>
</org.drools.audit.event.ActivationLogEvent>
<org.drools.audit.event.ActivationLogEvent>
  <type>6</type>
  <activationId>HelloWorld [292, 0]</activationId>
  <rule>HelloWorld</rule>
  <declarations>$newEvent=com.sample.model.Event@51282707(292)</declarations>
</org.drools.audit.event.ActivationLogEvent>
<org.drools.audit.event.ActivationLogEvent>
  <type>7</type>
  <activationId>HelloWorld [292, 0]</activationId>
  <rule>HelloWorld</rule>
  <declarations>$newEvent=com.sample.model.Event@51282707(292)</declarations>
</org.drools.audit.event.ActivationLogEvent>
<org.drools.audit.event.ActivationLogEvent>
  <type>6</type>
  <activationId>Example [292, 0]</activationId>
  <rule>Example</rule>
  <declarations>$newEvent0=com.sample.model.Event@51282707(292)</declarations>
</org.drools.audit.event.ActivationLogEvent>
<org.drools.audit.event.ActivationLogEvent>
  <type>4</type>
  <activationId>Example2 [293]</activationId>
  <rule>Example2</rule>
  <declarations>$newEvent=com.sample.model.Event@1a2b2cf8(293)</declarations>
</org.drools.audit.event.ActivationLogEvent>
<org.drools.audit.event.ObjectLogEvent>
  <type>1</type>
  <factId>293</factId>
  <objectToString>com.sample.model.Event@1a2b2cf8</objectToString>
</org.drools.audit.event.ObjectLogEvent>
<org.drools.audit.event.ActivationLogEvent>
  <type>7</type>
  <activationId>Example [292, 0]</activationId>
  <rule>Example</rule>
  <declarations>$newEvent0=com.sample.model.Event@51282707(292)</declarations>
</org.drools.audit.event.ActivationLogEvent>
<org.drools.audit.event.ActivationLogEvent>
  <type>6</type>
  <activationId>Example2 [293]</activationId>
  <rule>Example2</rule>
  <declarations>$newEvent=com.sample.model.Event@1a2b2cf8(293)</declarations>
</org.drools.audit.event.ActivationLogEvent>
<org.drools.audit.event.ActivationLogEvent>
  <type>7</type>
  <activationId>Example2 [293]</activationId>
  <rule>Example2</rule>
  <declarations>$newEvent=com.sample.model.Event@1a2b2cf8(293)</declarations>
</org.drools.audit.event.ActivationLogEvent>
<org.drools.audit.event.ObjectLogEvent>
  <type>1</type>
  <factId>294</factId>
  <objectToString>com.sample.model.Event@8955b34</objectToString>
</org.drools.audit.event.ObjectLogEvent>
<org.drools.audit.event.ActivationLogEvent>
  <type>4</type>
  <activationId>Example [294, 0]</activationId>
  <rule>Example</rule>
  <declarations>$newEvent0=com.sample.model.Event@8955b34(294)</declarations>
</org.drools.audit.event.ActivationLogEvent>
<org.drools.audit.event.ActivationLogEvent>
  <type>4</type>
  <activationId>HelloWorld [294, 0]</activationId>
  <rule>HelloWorld</rule>
  <declarations>$newEvent=com.sample.model.Event@8955b34(294)</declarations>
</org.drools.audit.event.ActivationLogEvent>
<org.drools.audit.event.ActivationLogEvent>
  <type>6</type>
  <activationId>HelloWorld [294, 0]</activationId>
  <rule>HelloWorld</rule>
  <declarations>$newEvent=com.sample.model.Event@8955b34(294)</declarations>
</org.drools.audit.event.ActivationLogEvent>
<org.drools.audit.event.ActivationLogEvent>
  <type>7</type>
  <activationId>HelloWorld [294, 0]</activationId>
  <rule>HelloWorld</rule>
  <declarations>$newEvent=com.sample.model.Event@8955b34(294)</declarations>
</org.drools.audit.event.ActivationLogEvent>
<org.drools.audit.event.ActivationLogEvent>
  <type>6</type>
  <activationId>Example [294, 0]</activationId>
  <rule>Example</rule>
  <declarations>$newEvent0=com.sample.model.Event@8955b34(294)</declarations>
</org.drools.audit.event.ActivationLogEvent>
<org.drools.audit.event.ActivationLogEvent>
  <type>4</type>
  <activationId>Example2 [295]</activationId>
  <rule>Example2</rule>
  <declarations>$newEvent=com.sample.model.Event@69ddad02(295)</declarations>
</org.drools.audit.event.ActivationLogEvent>
<org.drools.audit.event.ObjectLogEvent>
  <type>1</type>
  <factId>295</factId>
  <objectToString>com.sample.model.Event@69ddad02</objectToString>
</org.drools.audit.event.ObjectLogEvent>
<org.drools.audit.event.ActivationLogEvent>
  <type>7</type>
  <activationId>Example [294, 0]</activationId>
  <rule>Example</rule>
  <declarations>$newEvent0=com.sample.model.Event@8955b34(294)</declarations>
</org.drools.audit.event.ActivationLogEvent>
<org.drools.audit.event.ActivationLogEvent>
  <type>6</type>
  <activationId>Example2 [295]</activationId>
  <rule>Example2</rule>
  <declarations>$newEvent=com.sample.model.Event@69ddad02(295)</declarations>
</org.drools.audit.event.ActivationLogEvent>
<org.drools.audit.event.ActivationLogEvent>
  <type>7</type>
  <activationId>Example2 [295]</activationId>
  <rule>Example2</rule>
  <declarations>$newEvent=com.sample.model.Event@69ddad02(295)</declarations>
</org.drools.audit.event.ActivationLogEvent>
<org.drools.audit.event.ObjectLogEvent>
  <type>1</type>
  <factId>296</factId>
  <objectToString>com.sample.model.Event@5889949a</objectToString>
</org.drools.audit.event.ObjectLogEvent>
<org.drools.audit.event.ActivationLogEvent>
  <type>4</type>
  <activationId>Example [296, 0]</activationId>
  <rule>Example</rule>
  <declarations>$newEvent0=com.sample.model.Event@5889949a(296)</declarations>
</org.drools.audit.event.ActivationLogEvent>
<org.drools.audit.event.ActivationLogEvent>
  <type>4</type>
  <activationId>HelloWorld [296, 0]</activationId>
  <rule>HelloWorld</rule>
  <declarations>$newEvent=com.sample.model.Event@5889949a(296)</declarations>
</org.drools.audit.event.ActivationLogEvent>
<org.drools.audit.event.ActivationLogEvent>
  <type>6</type>
  <activationId>HelloWorld [296, 0]</activationId>
  <rule>HelloWorld</rule>
  <declarations>$newEvent=com.sample.model.Event@5889949a(296)</declarations>
</org.drools.audit.event.ActivationLogEvent>
<org.drools.audit.event.ActivationLogEvent>
  <type>7</type>
  <activationId>HelloWorld [296, 0]</activationId>
  <rule>HelloWorld</rule>
  <declarations>$newEvent=com.sample.model.Event@5889949a(296)</declarations>
</org.drools.audit.event.ActivationLogEvent>
<org.drools.audit.event.ActivationLogEvent>
  <type>6</type>
  <activationId>Example [296, 0]</activationId>
  <rule>Example</rule>
  <declarations>$newEvent0=com.sample.model.Event@5889949a(296)</declarations>
</org.drools.audit.event.ActivationLogEvent>
<org.drools.audit.event.ActivationLogEvent>
  <type>4</type>
  <activationId>Example2 [297]</activationId>
  <rule>Example2</rule>
  <declarations>$newEvent=com.sample.model.Event@69912a56(297)</declarations>
</org.drools.audit.event.ActivationLogEvent>
<org.drools.audit.event.ObjectLogEvent>
  <type>1</type>
  <factId>297</factId>
  <objectToString>com.sample.model.Event@69912a56</objectToString>
</org.drools.audit.event.ObjectLogEvent>
<org.drools.audit.event.ActivationLogEvent>
  <type>7</type>
  <activationId>Example [296, 0]</activationId>
  <rule>Example</rule>
  <declarations>$newEvent0=com.sample.model.Event@5889949a(296)</declarations>
</org.drools.audit.event.ActivationLogEvent>
<org.drools.audit.event.ActivationLogEvent>
  <type>6</type>
  <activationId>Example2 [297]</activationId>
  <rule>Example2</rule>
  <declarations>$newEvent=com.sample.model.Event@69912a56(297)</declarations>
</org.drools.audit.event.ActivationLogEvent>
<org.drools.audit.event.ActivationLogEvent>
  <type>7</type>
  <activationId>Example2 [297]</activationId>
  <rule>Example2</rule>
  <declarations>$newEvent=com.sample.model.Event@69912a56(297)</declarations>
</org.drools.audit.event.ActivationLogEvent>
<org.drools.audit.event.ObjectLogEvent>
  <type>1</type>
  <factId>298</factId>
  <objectToString>com.sample.model.Event@288d539f</objectToString>
</org.drools.audit.event.ObjectLogEvent>
<org.drools.audit.event.ActivationLogEvent>
  <type>4</type>
  <activationId>Example [298, 0]</activationId>
  <rule>Example</rule>
  <declarations>$newEvent0=com.sample.model.Event@288d539f(298)</declarations>
</org.drools.audit.event.ActivationLogEvent>
<org.drools.audit.event.ActivationLogEvent>
  <type>6</type>
  <activationId>Example [298, 0]</activationId>
  <rule>Example</rule>
  <declarations>$newEvent0=com.sample.model.Event@288d539f(298)</declarations>
</org.drools.audit.event.ActivationLogEvent>
<org.drools.audit.event.ActivationLogEvent>
  <type>4</type>
  <activationId>HelloWorld [298, 0]</activationId>
  <rule>HelloWorld</rule>
  <declarations>$newEvent=com.sample.model.Event@288d539f(298)</declarations>
</org.drools.audit.event.ActivationLogEvent>
<org.drools.audit.event.ActivationLogEvent>
  <type>4</type>
  <activationId>Example2 [299]</activationId>
  <rule>Example2</rule>
  <declarations>$newEvent=com.sample.model.Event@566d0085(299)</declarations>
</org.drools.audit.event.ActivationLogEvent>
<org.drools.audit.event.ObjectLogEvent>
  <type>1</type>
  <factId>299</factId>
  <objectToString>com.sample.model.Event@566d0085</objectToString>
</org.drools.audit.event.ObjectLogEvent>
<org.drools.audit.event.ActivationLogEvent>
  <type>7</type>
  <activationId>Example [298, 0]</activationId>
  <rule>Example</rule>
  <declarations>$newEvent0=com.sample.model.Event@288d539f(298)</declarations>
</org.drools.audit.event.ActivationLogEvent>
<org.drools.audit.event.ActivationLogEvent>
  <type>6</type>
  <activationId>Example2 [299]</activationId>
  <rule>Example2</rule>
  <declarations>$newEvent=com.sample.model.Event@566d0085(299)</declarations>
</org.drools.audit.event.ActivationLogEvent>
<org.drools.audit.event.ActivationLogEvent>
  <type>7</type>
  <activationId>Example2 [299]</activationId>
  <rule>Example2</rule>
  <declarations>$newEvent=com.sample.model.Event@566d0085(299)</declarations>
</org.drools.audit.event.ActivationLogEvent>
<org.drools.audit.event.ActivationLogEvent>
  <type>6</type>
  <activationId>HelloWorld [298, 0]</activationId>
  <rule>HelloWorld</rule>
  <declarations>$newEvent=com.sample.model.Event@288d539f(298)</declarations>
</org.drools.audit.event.ActivationLogEvent>
<org.drools.audit.event.ActivationLogEvent>
  <type>7</type>
  <activationId>HelloWorld [298, 0]</activationId>
  <rule>HelloWorld</rule>
  <declarations>$newEvent=com.sample.model.Event@288d539f(298)</declarations>
</org.drools.audit.event.ActivationLogEvent>
<org.drools.audit.event.ObjectLogEvent>
  <type>1</type>
  <factId>300</factId>
  <objectToString>com.sample.model.Event@e3d4817</objectToString>
</org.drools.audit.event.ObjectLogEvent>
<org.drools.audit.event.ActivationLogEvent>
  <type>4</type>
  <activationId>Example [300, 0]</activationId>
  <rule>Example</rule>
  <declarations>$newEvent0=com.sample.model.Event@e3d4817(300)</declarations>
</org.drools.audit.event.ActivationLogEvent>
<org.drools.audit.event.ActivationLogEvent>
  <type>4</type>
  <activationId>HelloWorld [300, 0]</activationId>
  <rule>HelloWorld</rule>
  <declarations>$newEvent=com.sample.model.Event@e3d4817(300)</declarations>
</org.drools.audit.event.ActivationLogEvent>
<org.drools.audit.event.ActivationLogEvent>
  <type>6</type>
  <activationId>HelloWorld [300, 0]</activationId>
  <rule>HelloWorld</rule>
  <declarations>$newEvent=com.sample.model.Event@e3d4817(300)</declarations>
</org.drools.audit.event.ActivationLogEvent>
<org.drools.audit.event.ActivationLogEvent>
  <type>7</type>
  <activationId>HelloWorld [300, 0]</activationId>
  <rule>HelloWorld</rule>
  <declarations>$newEvent=com.sample.model.Event@e3d4817(300)</declarations>
</org.drools.audit.event.ActivationLogEvent>
<org.drools.audit.event.ActivationLogEvent>
  <type>6</type>
  <activationId>Example [300, 0]</activationId>
  <rule>Example</rule>
  <declarations>$newEvent0=com.sample.model.Event@e3d4817(300)</declarations>
</org.drools.audit.event.ActivationLogEvent>
<org.drools.audit.event.ActivationLogEvent>
  <type>4</type>
  <activationId>Example2 [301]</activationId>
  <rule>Example2</rule>
  <declarations>$newEvent=com.sample.model.Event@7f1f91ac(301)</declarations>
</org.drools.audit.event.ActivationLogEvent>
<org.drools.audit.event.ObjectLogEvent>
  <type>1</type>
  <factId>301</factId>
  <objectToString>com.sample.model.Event@7f1f91ac</objectToString>
</org.drools.audit.event.ObjectLogEvent>
<org.drools.audit.event.ActivationLogEvent>
  <type>7</type>
  <activationId>Example [300, 0]</activationId>
  <rule>Example</rule>
  <declarations>$newEvent0=com.sample.model.Event@e3d4817(300)</declarations>
</org.drools.audit.event.ActivationLogEvent>
<org.drools.audit.event.ActivationLogEvent>
  <type>6</type>
  <activationId>Example2 [301]</activationId>
  <rule>Example2</rule>
  <declarations>$newEvent=com.sample.model.Event@7f1f91ac(301)</declarations>
</org.drools.audit.event.ActivationLogEvent>
<org.drools.audit.event.ActivationLogEvent>
  <type>7</type>
  <activationId>Example2 [301]</activationId>
  <rule>Example2</rule>
  <declarations>$newEvent=com.sample.model.Event@7f1f91ac(301)</declarations>
</org.drools.audit.event.ActivationLogEvent>
<org.drools.audit.event.ObjectLogEvent>
  <type>1</type>
  <factId>302</factId>
  <objectToString>com.sample.model.Event@7194f467</objectToString>
</org.drools.audit.event.ObjectLogEvent>
<org.drools.audit.event.ActivationLogEvent>
  <type>4</type>
  <activationId>Example [302, 0]</activationId>
  <rule>Example</rule>
  <declarations>$newEvent0=com.sample.model.Event@7194f467(302)</declarations>
</org.drools.audit.event.ActivationLogEvent>
<org.drools.audit.event.ActivationLogEvent>
  <type>4</type>
  <activationId>HelloWorld [302, 0]</activationId>
  <rule>HelloWorld</rule>
  <declarations>$newEvent=com.sample.model.Event@7194f467(302)</declarations>
</org.drools.audit.event.ActivationLogEvent>
<org.drools.audit.event.ActivationLogEvent>
  <type>6</type>
  <activationId>Example [302, 0]</activationId>
  <rule>Example</rule>
  <declarations>$newEvent0=com.sample.model.Event@7194f467(302)</declarations>
</org.drools.audit.event.ActivationLogEvent>
<org.drools.audit.event.ActivationLogEvent>
  <type>4</type>
  <activationId>Example2 [303]</activationId>
  <rule>Example2</rule>
  <declarations>$newEvent=com.sample.model.Event@6a39d072(303)</declarations>
</org.drools.audit.event.ActivationLogEvent>
<org.drools.audit.event.ObjectLogEvent>
  <type>1</type>
  <factId>303</factId>
  <objectToString>com.sample.model.Event@6a39d072</objectToString>
</org.drools.audit.event.ObjectLogEvent>
<org.drools.audit.event.ActivationLogEvent>
  <type>7</type>
  <activationId>Example [302, 0]</activationId>
  <rule>Example</rule>
  <declarations>$newEvent0=com.sample.model.Event@7194f467(302)</declarations>
</org.drools.audit.event.ActivationLogEvent>
<org.drools.audit.event.ActivationLogEvent>
  <type>6</type>
  <activationId>Example2 [303]</activationId>
  <rule>Example2</rule>
  <declarations>$newEvent=com.sample.model.Event@6a39d072(303)</declarations>
</org.drools.audit.event.ActivationLogEvent>
<org.drools.audit.event.ActivationLogEvent>
  <type>7</type>
  <activationId>Example2 [303]</activationId>
  <rule>Example2</rule>
  <declarations>$newEvent=com.sample.model.Event@6a39d072(303)</declarations>
</org.drools.audit.event.ActivationLogEvent>
<org.drools.audit.event.ActivationLogEvent>
  <type>6</type>
  <activationId>HelloWorld [302, 0]</activationId>
  <rule>HelloWorld</rule>
  <declarations>$newEvent=com.sample.model.Event@7194f467(302)</declarations>
</org.drools.audit.event.ActivationLogEvent>
<org.drools.audit.event.ActivationLogEvent>
  <type>7</type>
  <activationId>HelloWorld [302, 0]</activationId>
  <rule>HelloWorld</rule>
  <declarations>$newEvent=com.sample.model.Event@7194f467(302)</declarations>
</org.drools.audit.event.ActivationLogEvent>
<org.drools.audit.event.ObjectLogEvent>
  <type>1</type>
  <factId>304</factId>
  <objectToString>com.sample.model.Event@79a422d9</objectToString>
</org.drools.audit.event.ObjectLogEvent>
<org.drools.audit.event.ActivationLogEvent>
  <type>4</type>
  <activationId>Example [304, 0]</activationId>
  <rule>Example</rule>
  <declarations>$newEvent0=com.sample.model.Event@79a422d9(304)</declarations>
</org.drools.audit.event.ActivationLogEvent>
<org.drools.audit.event.ActivationLogEvent>
  <type>6</type>
  <activationId>Example [304, 0]</activationId>
  <rule>Example</rule>
  <declarations>$newEvent0=com.sample.model.Event@79a422d9(304)</declarations>
</org.drools.audit.event.ActivationLogEvent>
<org.drools.audit.event.ActivationLogEvent>
  <type>4</type>
  <activationId>HelloWorld [304, 0]</activationId>
  <rule>HelloWorld</rule>
  <declarations>$newEvent=com.sample.model.Event@79a422d9(304)</declarations>
</org.drools.audit.event.ActivationLogEvent>
<org.drools.audit.event.ActivationLogEvent>
  <type>4</type>
  <activationId>Example2 [305]</activationId>
  <rule>Example2</rule>
  <declarations>$newEvent=com.sample.model.Event@6ec12f3(305)</declarations>
</org.drools.audit.event.ActivationLogEvent>
<org.drools.audit.event.ObjectLogEvent>
  <type>1</type>
  <factId>305</factId>
  <objectToString>com.sample.model.Event@6ec12f3</objectToString>
</org.drools.audit.event.ObjectLogEvent>
<org.drools.audit.event.ActivationLogEvent>
  <type>7</type>
  <activationId>Example [304, 0]</activationId>
  <rule>Example</rule>
  <declarations>$newEvent0=com.sample.model.Event@79a422d9(304)</declarations>
</org.drools.audit.event.ActivationLogEvent>
<org.drools.audit.event.ActivationLogEvent>
  <type>6</type>
  <activationId>Example2 [305]</activationId>
  <rule>Example2</rule>
  <declarations>$newEvent=com.sample.model.Event@6ec12f3(305)</declarations>
</org.drools.audit.event.ActivationLogEvent>
<org.drools.audit.event.ActivationLogEvent>
  <type>7</type>
  <activationId>Example2 [305]</activationId>
  <rule>Example2</rule>
  <declarations>$newEvent=com.sample.model.Event@6ec12f3(305)</declarations>
</org.drools.audit.event.ActivationLogEvent>
<org.drools.audit.event.ActivationLogEvent>
  <type>6</type>
  <activationId>HelloWorld [304, 0]</activationId>
  <rule>HelloWorld</rule>
  <declarations>$newEvent=com.sample.model.Event@79a422d9(304)</declarations>
</org.drools.audit.event.ActivationLogEvent>
<org.drools.audit.event.ActivationLogEvent>
  <type>7</type>
  <activationId>HelloWorld [304, 0]</activationId>
  <rule>HelloWorld</rule>
  <declarations>$newEvent=com.sample.model.Event@79a422d9(304)</declarations>
</org.drools.audit.event.ActivationLogEvent>
<org.drools.audit.event.ObjectLogEvent>
  <type>1</type>
  <factId>306</factId>
  <objectToString>com.sample.model.Event@74d01311</objectToString>
</org.drools.audit.event.ObjectLogEvent>
<org.drools.audit.event.ActivationLogEvent>
  <type>4</type>
  <activationId>Example [306, 0]</activationId>
  <rule>Example</rule>
  <declarations>$newEvent0=com.sample.model.Event@74d01311(306)</declarations>
</org.drools.audit.event.ActivationLogEvent>
<org.drools.audit.event.ActivationLogEvent>
  <type>4</type>
  <activationId>HelloWorld [306, 0]</activationId>
  <rule>HelloWorld</rule>
  <declarations>$newEvent=com.sample.model.Event@74d01311(306)</declarations>
</org.drools.audit.event.ActivationLogEvent>
<org.drools.audit.event.ActivationLogEvent>
  <type>6</type>
  <activationId>HelloWorld [306, 0]</activationId>
  <rule>HelloWorld</rule>
  <declarations>$newEvent=com.sample.model.Event@74d01311(306)</declarations>
</org.drools.audit.event.ActivationLogEvent>
<org.drools.audit.event.ActivationLogEvent>
  <type>7</type>
  <activationId>HelloWorld [306, 0]</activationId>
  <rule>HelloWorld</rule>
  <declarations>$newEvent=com.sample.model.Event@74d01311(306)</declarations>
</org.drools.audit.event.ActivationLogEvent>
<org.drools.audit.event.ActivationLogEvent>
  <type>6</type>
  <activationId>Example [306, 0]</activationId>
  <rule>Example</rule>
  <declarations>$newEvent0=com.sample.model.Event@74d01311(306)</declarations>
</org.drools.audit.event.ActivationLogEvent>
<org.drools.audit.event.ActivationLogEvent>
  <type>4</type>
  <activationId>Example2 [307]</activationId>
  <rule>Example2</rule>
  <declarations>$newEvent=com.sample.model.Event@2bc7510d(307)</declarations>
</org.drools.audit.event.ActivationLogEvent>
<org.drools.audit.event.ObjectLogEvent>
  <type>1</type>
  <factId>307</factId>
  <objectToString>com.sample.model.Event@2bc7510d</objectToString>
</org.drools.audit.event.ObjectLogEvent>
<org.drools.audit.event.ActivationLogEvent>
  <type>7</type>
  <activationId>Example [306, 0]</activationId>
  <rule>Example</rule>
  <declarations>$newEvent0=com.sample.model.Event@74d01311(306)</declarations>
</org.drools.audit.event.ActivationLogEvent>
<org.drools.audit.event.ActivationLogEvent>
  <type>6</type>
  <activationId>Example2 [307]</activationId>
  <rule>Example2</rule>
  <declarations>$newEvent=com.sample.model.Event@2bc7510d(307)</declarations>
</org.drools.audit.event.ActivationLogEvent>
<org.drools.audit.event.ActivationLogEvent>
  <type>7</type>
  <activationId>Example2 [307]</activationId>
  <rule>Example2</rule>
  <declarations>$newEvent=com.sample.model.Event@2bc7510d(307)</declarations>
</org.drools.audit.event.ActivationLogEvent>
<org.drools.audit.event.ObjectLogEvent>
  <type>1</type>
  <factId>308</factId>
  <objectToString>com.sample.model.Event@2a9a42ef</objectToString>
</org.drools.audit.event.ObjectLogEvent>
<org.drools.audit.event.ActivationLogEvent>
  <type>4</type>
  <activationId>Example [308, 0]</activationId>
  <rule>Example</rule>
  <declarations>$newEvent0=com.sample.model.Event@2a9a42ef(308)</declarations>
</org.drools.audit.event.ActivationLogEvent>
<org.drools.audit.event.ActivationLogEvent>
  <type>4</type>
  <activationId>HelloWorld [308, 0]</activationId>
  <rule>HelloWorld</rule>
  <declarations>$newEvent=com.sample.model.Event@2a9a42ef(308)</declarations>
</org.drools.audit.event.ActivationLogEvent>
<org.drools.audit.event.ActivationLogEvent>
  <type>6</type>
  <activationId>HelloWorld [308, 0]</activationId>
  <rule>HelloWorld</rule>
  <declarations>$newEvent=com.sample.model.Event@2a9a42ef(308)</declarations>
</org.drools.audit.event.ActivationLogEvent>
<org.drools.audit.event.ActivationLogEvent>
  <type>7</type>
  <activationId>HelloWorld [308, 0]</activationId>
  <rule>HelloWorld</rule>
  <declarations>$newEvent=com.sample.model.Event@2a9a42ef(308)</declarations>
</org.drools.audit.event.ActivationLogEvent>
<org.drools.audit.event.ActivationLogEvent>
  <type>6</type>
  <activationId>Example [308, 0]</activationId>
  <rule>Example</rule>
  <declarations>$newEvent0=com.sample.model.Event@2a9a42ef(308)</declarations>
</org.drools.audit.event.ActivationLogEvent>
<org.drools.audit.event.ActivationLogEvent>
  <type>4</type>
  <activationId>Example2 [309]</activationId>
  <rule>Example2</rule>
  <declarations>$newEvent=com.sample.model.Event@77c7bee2(309)</declarations>
</org.drools.audit.event.ActivationLogEvent>
<org.drools.audit.event.ObjectLogEvent>
  <type>1</type>
  <factId>309</factId>
  <objectToString>com.sample.model.Event@77c7bee2</objectToString>
</org.drools.audit.event.ObjectLogEvent>
<org.drools.audit.event.ActivationLogEvent>
  <type>7</type>
  <activationId>Example [308, 0]</activationId>
  <rule>Example</rule>
  <declarations>$newEvent0=com.sample.model.Event@2a9a42ef(308)</declarations>
</org.drools.audit.event.ActivationLogEvent>
<org.drools.audit.event.ActivationLogEvent>
  <type>6</type>
  <activationId>Example2 [309]</activationId>
  <rule>Example2</rule>
  <declarations>$newEvent=com.sample.model.Event@77c7bee2(309)</declarations>
</org.drools.audit.event.ActivationLogEvent>
<org.drools.audit.event.ActivationLogEvent>
  <type>7</type>
  <activationId>Example2 [309]</activationId>
  <rule>Example2</rule>
  <declarations>$newEvent=com.sample.model.Event@77c7bee2(309)</declarations>
</org.drools.audit.event.ActivationLogEvent>
<org.drools.audit.event.ObjectLogEvent>
  <type>1</type>
  <factId>310</factId>
  <objectToString>com.sample.model.Event@5ac524dd</objectToString>
</org.drools.audit.event.ObjectLogEvent>
<org.drools.audit.event.ActivationLogEvent>
  <type>4</type>
  <activationId>Example [310, 0]</activationId>
  <rule>Example</rule>
  <declarations>$newEvent0=com.sample.model.Event@5ac524dd(310)</declarations>
</org.drools.audit.event.ActivationLogEvent>
<org.drools.audit.event.ActivationLogEvent>
  <type>4</type>
  <activationId>HelloWorld [310, 0]</activationId>
  <rule>HelloWorld</rule>
  <declarations>$newEvent=com.sample.model.Event@5ac524dd(310)</declarations>
</org.drools.audit.event.ActivationLogEvent>
<org.drools.audit.event.ActivationLogEvent>
  <type>6</type>
  <activationId>HelloWorld [310, 0]</activationId>
  <rule>HelloWorld</rule>
  <declarations>$newEvent=com.sample.model.Event@5ac524dd(310)</declarations>
</org.drools.audit.event.ActivationLogEvent>
<org.drools.audit.event.ActivationLogEvent>
  <type>7</type>
  <activationId>HelloWorld [310, 0]</activationId>
  <rule>HelloWorld</rule>
  <declarations>$newEvent=com.sample.model.Event@5ac524dd(310)</declarations>
</org.drools.audit.event.ActivationLogEvent>
<org.drools.audit.event.ActivationLogEvent>
  <type>6</type>
  <activationId>Example [310, 0]</activationId>
  <rule>Example</rule>
  <declarations>$newEvent0=com.sample.model.Event@5ac524dd(310)</declarations>
</org.drools.audit.event.ActivationLogEvent>
<org.drools.audit.event.ActivationLogEvent>
  <type>4</type>
  <activationId>Example2 [311]</activationId>
  <rule>Example2</rule>
  <declarations>$newEvent=com.sample.model.Event@4aa0560e(311)</declarations>
</org.drools.audit.event.ActivationLogEvent>
<org.drools.audit.event.ObjectLogEvent>
  <type>1</type>
  <factId>311</factId>
  <objectToString>com.sample.model.Event@4aa0560e</objectToString>
</org.drools.audit.event.ObjectLogEvent>
<org.drools.audit.event.ActivationLogEvent>
  <type>7</type>
  <activationId>Example [310, 0]</activationId>
  <rule>Example</rule>
  <declarations>$newEvent0=com.sample.model.Event@5ac524dd(310)</declarations>
</org.drools.audit.event.ActivationLogEvent>
<org.drools.audit.event.ActivationLogEvent>
  <type>6</type>
  <activationId>Example2 [311]</activationId>
  <rule>Example2</rule>
  <declarations>$newEvent=com.sample.model.Event@4aa0560e(311)</declarations>
</org.drools.audit.event.ActivationLogEvent>
<org.drools.audit.event.ActivationLogEvent>
  <type>7</type>
  <activationId>Example2 [311]</activationId>
  <rule>Example2</rule>
  <declarations>$newEvent=com.sample.model.Event@4aa0560e(311)</declarations>
</org.drools.audit.event.ActivationLogEvent>
<org.drools.audit.event.ObjectLogEvent>
  <type>1</type>
  <factId>312</factId>
  <objectToString>com.sample.model.Event@6471d768</objectToString>
</org.drools.audit.event.ObjectLogEvent>
<org.drools.audit.event.ActivationLogEvent>
  <type>4</type>
  <activationId>Example [312, 0]</activationId>
  <rule>Example</rule>
  <declarations>$newEvent0=com.sample.model.Event@6471d768(312)</declarations>
</org.drools.audit.event.ActivationLogEvent>
<org.drools.audit.event.ActivationLogEvent>
  <type>4</type>
  <activationId>HelloWorld [312, 0]</activationId>
  <rule>HelloWorld</rule>
  <declarations>$newEvent=com.sample.model.Event@6471d768(312)</declarations>
</org.drools.audit.event.ActivationLogEvent>
<org.drools.audit.event.ActivationLogEvent>
  <type>6</type>
  <activationId>HelloWorld [312, 0]</activationId>
  <rule>HelloWorld</rule>
  <declarations>$newEvent=com.sample.model.Event@6471d768(312)</declarations>
</org.drools.audit.event.ActivationLogEvent>
<org.drools.audit.event.ActivationLogEvent>
  <type>7</type>
  <activationId>HelloWorld [312, 0]</activationId>
  <rule>HelloWorld</rule>
  <declarations>$newEvent=com.sample.model.Event@6471d768(312)</declarations>
</org.drools.audit.event.ActivationLogEvent>
<org.drools.audit.event.ActivationLogEvent>
  <type>6</type>
  <activationId>Example [312, 0]</activationId>
  <rule>Example</rule>
  <declarations>$newEvent0=com.sample.model.Event@6471d768(312)</declarations>
</org.drools.audit.event.ActivationLogEvent>
<org.drools.audit.event.ActivationLogEvent>
  <type>4</type>
  <activationId>Example2 [313]</activationId>
  <rule>Example2</rule>
  <declarations>$newEvent=com.sample.model.Event@781fb069(313)</declarations>
</org.drools.audit.event.ActivationLogEvent>
<org.drools.audit.event.ObjectLogEvent>
  <type>1</type>
  <factId>313</factId>
  <objectToString>com.sample.model.Event@781fb069</objectToString>
</org.drools.audit.event.ObjectLogEvent>
<org.drools.audit.event.ActivationLogEvent>
  <type>7</type>
  <activationId>Example [312, 0]</activationId>
  <rule>Example</rule>
  <declarations>$newEvent0=com.sample.model.Event@6471d768(312)</declarations>
</org.drools.audit.event.ActivationLogEvent>
<org.drools.audit.event.ActivationLogEvent>
  <type>6</type>
  <activationId>Example2 [313]</activationId>
  <rule>Example2</rule>
  <declarations>$newEvent=com.sample.model.Event@781fb069(313)</declarations>
</org.drools.audit.event.ActivationLogEvent>
<org.drools.audit.event.ActivationLogEvent>
  <type>7</type>
  <activationId>Example2 [313]</activationId>
  <rule>Example2</rule>
  <declarations>$newEvent=com.sample.model.Event@781fb069(313)</declarations>
</org.drools.audit.event.ActivationLogEvent>
<org.drools.audit.event.ObjectLogEvent>
  <type>1</type>
  <factId>314</factId>
  <objectToString>com.sample.model.Event@6876fb1b</objectToString>
</org.drools.audit.event.ObjectLogEvent>
<org.drools.audit.event.ActivationLogEvent>
  <type>4</type>
  <activationId>Example [314, 0]</activationId>
  <rule>Example</rule>
  <declarations>$newEvent0=com.sample.model.Event@6876fb1b(314)</declarations>
</org.drools.audit.event.ActivationLogEvent>
<org.drools.audit.event.ActivationLogEvent>
  <type>4</type>
  <activationId>HelloWorld [314, 0]</activationId>
  <rule>HelloWorld</rule>
  <declarations>$newEvent=com.sample.model.Event@6876fb1b(314)</declarations>
</org.drools.audit.event.ActivationLogEvent>
<org.drools.audit.event.ActivationLogEvent>
  <type>6</type>
  <activationId>HelloWorld [314, 0]</activationId>
  <rule>HelloWorld</rule>
  <declarations>$newEvent=com.sample.model.Event@6876fb1b(314)</declarations>
</org.drools.audit.event.ActivationLogEvent>
<org.drools.audit.event.ActivationLogEvent>
  <type>7</type>
  <activationId>HelloWorld [314, 0]</activationId>
  <rule>HelloWorld</rule>
  <declarations>$newEvent=com.sample.model.Event@6876fb1b(314)</declarations>
</org.drools.audit.event.ActivationLogEvent>
<org.drools.audit.event.ActivationLogEvent>
  <type>6</type>
  <activationId>Example [314, 0]</activationId>
  <rule>Example</rule>
  <declarations>$newEvent0=com.sample.model.Event@6876fb1b(314)</declarations>
</org.drools.audit.event.ActivationLogEvent>
<org.drools.audit.event.ActivationLogEvent>
  <type>4</type>
  <activationId>Example2 [315]</activationId>
  <rule>Example2</rule>
  <declarations>$newEvent=com.sample.model.Event@733638d4(315)</declarations>
</org.drools.audit.event.ActivationLogEvent>
<org.drools.audit.event.ObjectLogEvent>
  <type>1</type>
  <factId>315</factId>
  <objectToString>com.sample.model.Event@733638d4</objectToString>
</org.drools.audit.event.ObjectLogEvent>
<org.drools.audit.event.ActivationLogEvent>
  <type>7</type>
  <activationId>Example [314, 0]</activationId>
  <rule>Example</rule>
  <declarations>$newEvent0=com.sample.model.Event@6876fb1b(314)</declarations>
</org.drools.audit.event.ActivationLogEvent>
<org.drools.audit.event.ActivationLogEvent>
  <type>6</type>
  <activationId>Example2 [315]</activationId>
  <rule>Example2</rule>
  <declarations>$newEvent=com.sample.model.Event@733638d4(315)</declarations>
</org.drools.audit.event.ActivationLogEvent>
<org.drools.audit.event.ActivationLogEvent>
  <type>7</type>
  <activationId>Example2 [315]</activationId>
  <rule>Example2</rule>
  <declarations>$newEvent=com.sample.model.Event@733638d4(315)</declarations>
</org.drools.audit.event.ActivationLogEvent>
<org.drools.audit.event.ObjectLogEvent>
  <type>1</type>
  <factId>316</factId>
  <objectToString>com.sample.model.Event@6ccd2163</objectToString>
</org.drools.audit.event.ObjectLogEvent>
<org.drools.audit.event.ActivationLogEvent>
  <type>4</type>
  <activationId>Example [316, 0]</activationId>
  <rule>Example</rule>
  <declarations>$newEvent0=com.sample.model.Event@6ccd2163(316)</declarations>
</org.drools.audit.event.ActivationLogEvent>
<org.drools.audit.event.ActivationLogEvent>
  <type>4</type>
  <activationId>HelloWorld [316, 0]</activationId>
  <rule>HelloWorld</rule>
  <declarations>$newEvent=com.sample.model.Event@6ccd2163(316)</declarations>
</org.drools.audit.event.ActivationLogEvent>
<org.drools.audit.event.ActivationLogEvent>
  <type>6</type>
  <activationId>HelloWorld [316, 0]</activationId>
  <rule>HelloWorld</rule>
  <declarations>$newEvent=com.sample.model.Event@6ccd2163(316)</declarations>
</org.drools.audit.event.ActivationLogEvent>
<org.drools.audit.event.ActivationLogEvent>
  <type>7</type>
  <activationId>HelloWorld [316, 0]</activationId>
  <rule>HelloWorld</rule>
  <declarations>$newEvent=com.sample.model.Event@6ccd2163(316)</declarations>
</org.drools.audit.event.ActivationLogEvent>
<org.drools.audit.event.ActivationLogEvent>
  <type>6</type>
  <activationId>Example [316, 0]</activationId>
  <rule>Example</rule>
  <declarations>$newEvent0=com.sample.model.Event@6ccd2163(316)</declarations>
</org.drools.audit.event.ActivationLogEvent>
<org.drools.audit.event.ActivationLogEvent>
  <type>4</type>
  <activationId>Example2 [317]</activationId>
  <rule>Example2</rule>
  <declarations>$newEvent=com.sample.model.Event@dbe996d(317)</declarations>
</org.drools.audit.event.ActivationLogEvent>
<org.drools.audit.event.ObjectLogEvent>
  <type>1</type>
  <factId>317</factId>
  <objectToString>com.sample.model.Event@dbe996d</objectToString>
</org.drools.audit.event.ObjectLogEvent>
<org.drools.audit.event.ActivationLogEvent>
  <type>7</type>
  <activationId>Example [316, 0]</activationId>
  <rule>Example</rule>
  <declarations>$newEvent0=com.sample.model.Event@6ccd2163(316)</declarations>
</org.drools.audit.event.ActivationLogEvent>
<org.drools.audit.event.ActivationLogEvent>
  <type>6</type>
  <activationId>Example2 [317]</activationId>
  <rule>Example2</rule>
  <declarations>$newEvent=com.sample.model.Event@dbe996d(317)</declarations>
</org.drools.audit.event.ActivationLogEvent>
<org.drools.audit.event.ActivationLogEvent>
  <type>7</type>
  <activationId>Example2 [317]</activationId>
  <rule>Example2</rule>
  <declarations>$newEvent=com.sample.model.Event@dbe996d(317)</declarations>
</org.drools.audit.event.ActivationLogEvent>
<org.drools.audit.event.ObjectLogEvent>
  <type>1</type>
  <factId>318</factId>
  <objectToString>com.sample.model.Event@5c4aca27</objectToString>
</org.drools.audit.event.ObjectLogEvent>
<org.drools.audit.event.ActivationLogEvent>
  <type>4</type>
  <activationId>Example [318, 0]</activationId>
  <rule>Example</rule>
  <declarations>$newEvent0=com.sample.model.Event@5c4aca27(318)</declarations>
</org.drools.audit.event.ActivationLogEvent>
<org.drools.audit.event.ActivationLogEvent>
  <type>4</type>
  <activationId>HelloWorld [318, 0]</activationId>
  <rule>HelloWorld</rule>
  <declarations>$newEvent=com.sample.model.Event@5c4aca27(318)</declarations>
</org.drools.audit.event.ActivationLogEvent>
<org.drools.audit.event.ActivationLogEvent>
  <type>6</type>
  <activationId>HelloWorld [318, 0]</activationId>
  <rule>HelloWorld</rule>
  <declarations>$newEvent=com.sample.model.Event@5c4aca27(318)</declarations>
</org.drools.audit.event.ActivationLogEvent>
<org.drools.audit.event.ActivationLogEvent>
  <type>7</type>
  <activationId>HelloWorld [318, 0]</activationId>
  <rule>HelloWorld</rule>
  <declarations>$newEvent=com.sample.model.Event@5c4aca27(318)</declarations>
</org.drools.audit.event.ActivationLogEvent>
<org.drools.audit.event.ActivationLogEvent>
  <type>6</type>
  <activationId>Example [318, 0]</activationId>
  <rule>Example</rule>
  <declarations>$newEvent0=com.sample.model.Event@5c4aca27(318)</declarations>
</org.drools.audit.event.ActivationLogEvent>
<org.drools.audit.event.ActivationLogEvent>
  <type>4</type>
  <activationId>Example2 [319]</activationId>
  <rule>Example2</rule>
  <declarations>$newEvent=com.sample.model.Event@4cf2f585(319)</declarations>
</org.drools.audit.event.ActivationLogEvent>
<org.drools.audit.event.ObjectLogEvent>
  <type>1</type>
  <factId>319</factId>
  <objectToString>com.sample.model.Event@4cf2f585</objectToString>
</org.drools.audit.event.ObjectLogEvent>
<org.drools.audit.event.ActivationLogEvent>
  <type>7</type>
  <activationId>Example [318, 0]</activationId>
  <rule>Example</rule>
  <declarations>$newEvent0=com.sample.model.Event@5c4aca27(318)</declarations>
</org.drools.audit.event.ActivationLogEvent>
<org.drools.audit.event.ActivationLogEvent>
  <type>6</type>
  <activationId>Example2 [319]</activationId>
  <rule>Example2</rule>
  <declarations>$newEvent=com.sample.model.Event@4cf2f585(319)</declarations>
</org.drools.audit.event.ActivationLogEvent>
<org.drools.audit.event.ActivationLogEvent>
  <type>7</type>
  <activationId>Example2 [319]</activationId>
  <rule>Example2</rule>
  <declarations>$newEvent=com.sample.model.Event@4cf2f585(319)</declarations>
</org.drools.audit.event.ActivationLogEvent>
<org.drools.audit.event.ObjectLogEvent>
  <type>1</type>
  <factId>320</factId>
  <objectToString>com.sample.model.Event@62d5163a</objectToString>
</org.drools.audit.event.ObjectLogEvent>
<org.drools.audit.event.ActivationLogEvent>
  <type>4</type>
  <activationId>Example [320, 0]</activationId>
  <rule>Example</rule>
  <declarations>$newEvent0=com.sample.model.Event@62d5163a(320)</declarations>
</org.drools.audit.event.ActivationLogEvent>
<org.drools.audit.event.ActivationLogEvent>
  <type>4</type>
  <activationId>HelloWorld [320, 0]</activationId>
  <rule>HelloWorld</rule>
  <declarations>$newEvent=com.sample.model.Event@62d5163a(320)</declarations>
</org.drools.audit.event.ActivationLogEvent>
<org.drools.audit.event.ActivationLogEvent>
  <type>6</type>
  <activationId>HelloWorld [320, 0]</activationId>
  <rule>HelloWorld</rule>
  <declarations>$newEvent=com.sample.model.Event@62d5163a(320)</declarations>
</org.drools.audit.event.ActivationLogEvent>
<org.drools.audit.event.ActivationLogEvent>
  <type>7</type>
  <activationId>HelloWorld [320, 0]</activationId>
  <rule>HelloWorld</rule>
  <declarations>$newEvent=com.sample.model.Event@62d5163a(320)</declarations>
</org.drools.audit.event.ActivationLogEvent>
<org.drools.audit.event.ActivationLogEvent>
  <type>6</type>
  <activationId>Example [320, 0]</activationId>
  <rule>Example</rule>
  <declarations>$newEvent0=com.sample.model.Event@62d5163a(320)</declarations>
</org.drools.audit.event.ActivationLogEvent>
<org.drools.audit.event.ActivationLogEvent>
  <type>4</type>
  <activationId>Example2 [321]</activationId>
  <rule>Example2</rule>
  <declarations>$newEvent=com.sample.model.Event@131f1d25(321)</declarations>
</org.drools.audit.event.ActivationLogEvent>
<org.drools.audit.event.ObjectLogEvent>
  <type>1</type>
  <factId>321</factId>
  <objectToString>com.sample.model.Event@131f1d25</objectToString>
</org.drools.audit.event.ObjectLogEvent>
<org.drools.audit.event.ActivationLogEvent>
  <type>7</type>
  <activationId>Example [320, 0]</activationId>
  <rule>Example</rule>
  <declarations>$newEvent0=com.sample.model.Event@62d5163a(320)</declarations>
</org.drools.audit.event.ActivationLogEvent>
<org.drools.audit.event.ActivationLogEvent>
  <type>6</type>
  <activationId>Example2 [321]</activationId>
  <rule>Example2</rule>
  <declarations>$newEvent=com.sample.model.Event@131f1d25(321)</declarations>
</org.drools.audit.event.ActivationLogEvent>
<org.drools.audit.event.ActivationLogEvent>
  <type>7</type>
  <activationId>Example2 [321]</activationId>
  <rule>Example2</rule>
  <declarations>$newEvent=com.sample.model.Event@131f1d25(321)</declarations>
</org.drools.audit.event.ActivationLogEvent>
<org.drools.audit.event.ObjectLogEvent>
  <type>1</type>
  <factId>322</factId>
  <objectToString>com.sample.model.Event@5fb271f1</objectToString>
</org.drools.audit.event.ObjectLogEvent>
<org.drools.audit.event.ActivationLogEvent>
  <type>4</type>
  <activationId>Example [322, 0]</activationId>
  <rule>Example</rule>
  <declarations>$newEvent0=com.sample.model.Event@5fb271f1(322)</declarations>
</org.drools.audit.event.ActivationLogEvent>
<org.drools.audit.event.ActivationLogEvent>
  <type>4</type>
  <activationId>HelloWorld [322, 0]</activationId>
  <rule>HelloWorld</rule>
  <declarations>$newEvent=com.sample.model.Event@5fb271f1(322)</declarations>
</org.drools.audit.event.ActivationLogEvent>
<org.drools.audit.event.ActivationLogEvent>
  <type>6</type>
  <activationId>HelloWorld [322, 0]</activationId>
  <rule>HelloWorld</rule>
  <declarations>$newEvent=com.sample.model.Event@5fb271f1(322)</declarations>
</org.drools.audit.event.ActivationLogEvent>
<org.drools.audit.event.ActivationLogEvent>
  <type>7</type>
  <activationId>HelloWorld [322, 0]</activationId>
  <rule>HelloWorld</rule>
  <declarations>$newEvent=com.sample.model.Event@5fb271f1(322)</declarations>
</org.drools.audit.event.ActivationLogEvent>
<org.drools.audit.event.ActivationLogEvent>
  <type>6</type>
  <activationId>Example [322, 0]</activationId>
  <rule>Example</rule>
  <declarations>$newEvent0=com.sample.model.Event@5fb271f1(322)</declarations>
</org.drools.audit.event.ActivationLogEvent>
<org.drools.audit.event.ActivationLogEvent>
  <type>4</type>
  <activationId>Example2 [323]</activationId>
  <rule>Example2</rule>
  <declarations>$newEvent=com.sample.model.Event@60da5686(323)</declarations>
</org.drools.audit.event.ActivationLogEvent>
<org.drools.audit.event.ObjectLogEvent>
  <type>1</type>
  <factId>323</factId>
  <objectToString>com.sample.model.Event@60da5686</objectToString>
</org.drools.audit.event.ObjectLogEvent>
<org.drools.audit.event.ActivationLogEvent>
  <type>7</type>
  <activationId>Example [322, 0]</activationId>
  <rule>Example</rule>
  <declarations>$newEvent0=com.sample.model.Event@5fb271f1(322)</declarations>
</org.drools.audit.event.ActivationLogEvent>
<org.drools.audit.event.ActivationLogEvent>
  <type>6</type>
  <activationId>Example2 [323]</activationId>
  <rule>Example2</rule>
  <declarations>$newEvent=com.sample.model.Event@60da5686(323)</declarations>
</org.drools.audit.event.ActivationLogEvent>
<org.drools.audit.event.ActivationLogEvent>
  <type>7</type>
  <activationId>Example2 [323]</activationId>
  <rule>Example2</rule>
  <declarations>$newEvent=com.sample.model.Event@60da5686(323)</declarations>
</org.drools.audit.event.ActivationLogEvent>
<org.drools.audit.event.ObjectLogEvent>
  <type>1</type>
  <factId>324</factId>
  <objectToString>com.sample.model.Event@1e66a917</objectToString>
</org.drools.audit.event.ObjectLogEvent>
<org.drools.audit.event.ActivationLogEvent>
  <type>4</type>
  <activationId>Example [324, 0]</activationId>
  <rule>Example</rule>
  <declarations>$newEvent0=com.sample.model.Event@1e66a917(324)</declarations>
</org.drools.audit.event.ActivationLogEvent>
<org.drools.audit.event.ActivationLogEvent>
  <type>4</type>
  <activationId>HelloWorld [324, 0]</activationId>
  <rule>HelloWorld</rule>
  <declarations>$newEvent=com.sample.model.Event@1e66a917(324)</declarations>
</org.drools.audit.event.ActivationLogEvent>
<org.drools.audit.event.ActivationLogEvent>
  <type>6</type>
  <activationId>HelloWorld [324, 0]</activationId>
  <rule>HelloWorld</rule>
  <declarations>$newEvent=com.sample.model.Event@1e66a917(324)</declarations>
</org.drools.audit.event.ActivationLogEvent>
<org.drools.audit.event.ActivationLogEvent>
  <type>7</type>
  <activationId>HelloWorld [324, 0]</activationId>
  <rule>HelloWorld</rule>
  <declarations>$newEvent=com.sample.model.Event@1e66a917(324)</declarations>
</org.drools.audit.event.ActivationLogEvent>
<org.drools.audit.event.ActivationLogEvent>
  <type>6</type>
  <activationId>Example [324, 0]</activationId>
  <rule>Example</rule>
  <declarations>$newEvent0=com.sample.model.Event@1e66a917(324)</declarations>
</org.drools.audit.event.ActivationLogEvent>
<org.drools.audit.event.ActivationLogEvent>
  <type>4</type>
  <activationId>Example2 [325]</activationId>
  <rule>Example2</rule>
  <declarations>$newEvent=com.sample.model.Event@2e2e1b6c(325)</declarations>
</org.drools.audit.event.ActivationLogEvent>
<org.drools.audit.event.ObjectLogEvent>
  <type>1</type>
  <factId>325</factId>
  <objectToString>com.sample.model.Event@2e2e1b6c</objectToString>
</org.drools.audit.event.ObjectLogEvent>
<org.drools.audit.event.ActivationLogEvent>
  <type>7</type>
  <activationId>Example [324, 0]</activationId>
  <rule>Example</rule>
  <declarations>$newEvent0=com.sample.model.Event@1e66a917(324)</declarations>
</org.drools.audit.event.ActivationLogEvent>
<org.drools.audit.event.ActivationLogEvent>
  <type>6</type>
  <activationId>Example2 [325]</activationId>
  <rule>Example2</rule>
  <declarations>$newEvent=com.sample.model.Event@2e2e1b6c(325)</declarations>
</org.drools.audit.event.ActivationLogEvent>
<org.drools.audit.event.ActivationLogEvent>
  <type>7</type>
  <activationId>Example2 [325]</activationId>
  <rule>Example2</rule>
  <declarations>$newEvent=com.sample.model.Event@2e2e1b6c(325)</declarations>
</org.drools.audit.event.ActivationLogEvent>
<org.drools.audit.event.ObjectLogEvent>
  <type>1</type>
  <factId>326</factId>
  <objectToString>com.sample.model.Event@550a6723</objectToString>
</org.drools.audit.event.ObjectLogEvent>
<org.drools.audit.event.ActivationLogEvent>
  <type>4</type>
  <activationId>Example [326, 0]</activationId>
  <rule>Example</rule>
  <declarations>$newEvent0=com.sample.model.Event@550a6723(326)</declarations>
</org.drools.audit.event.ActivationLogEvent>
<org.drools.audit.event.ActivationLogEvent>
  <type>4</type>
  <activationId>HelloWorld [326, 0]</activationId>
  <rule>HelloWorld</rule>
  <declarations>$newEvent=com.sample.model.Event@550a6723(326)</declarations>
</org.drools.audit.event.ActivationLogEvent>
<org.drools.audit.event.ActivationLogEvent>
  <type>6</type>
  <activationId>HelloWorld [326, 0]</activationId>
  <rule>HelloWorld</rule>
  <declarations>$newEvent=com.sample.model.Event@550a6723(326)</declarations>
</org.drools.audit.event.ActivationLogEvent>
<org.drools.audit.event.ActivationLogEvent>
  <type>7</type>
  <activationId>HelloWorld [326, 0]</activationId>
  <rule>HelloWorld</rule>
  <declarations>$newEvent=com.sample.model.Event@550a6723(326)</declarations>
</org.drools.audit.event.ActivationLogEvent>
<org.drools.audit.event.ActivationLogEvent>
  <type>6</type>
  <activationId>Example [326, 0]</activationId>
  <rule>Example</rule>
  <declarations>$newEvent0=com.sample.model.Event@550a6723(326)</declarations>
</org.drools.audit.event.ActivationLogEvent>
<org.drools.audit.event.ActivationLogEvent>
  <type>4</type>
  <activationId>Example2 [327]</activationId>
  <rule>Example2</rule>
  <declarations>$newEvent=com.sample.model.Event@5c9aa764(327)</declarations>
</org.drools.audit.event.ActivationLogEvent>
<org.drools.audit.event.ObjectLogEvent>
  <type>1</type>
  <factId>327</factId>
  <objectToString>com.sample.model.Event@5c9aa764</objectToString>
</org.drools.audit.event.ObjectLogEvent>
<org.drools.audit.event.ActivationLogEvent>
  <type>7</type>
  <activationId>Example [326, 0]</activationId>
  <rule>Example</rule>
  <declarations>$newEvent0=com.sample.model.Event@550a6723(326)</declarations>
</org.drools.audit.event.ActivationLogEvent>
<org.drools.audit.event.ActivationLogEvent>
  <type>6</type>
  <activationId>Example2 [327]</activationId>
  <rule>Example2</rule>
  <declarations>$newEvent=com.sample.model.Event@5c9aa764(327)</declarations>
</org.drools.audit.event.ActivationLogEvent>
<org.drools.audit.event.ActivationLogEvent>
  <type>7</type>
  <activationId>Example2 [327]</activationId>
  <rule>Example2</rule>
  <declarations>$newEvent=com.sample.model.Event@5c9aa764(327)</declarations>
</org.drools.audit.event.ActivationLogEvent>
<org.drools.audit.event.ObjectLogEvent>
  <type>1</type>
  <factId>328</factId>
  <objectToString>com.sample.model.Event@2d63c5bb</objectToString>
</org.drools.audit.event.ObjectLogEvent>
<org.drools.audit.event.ActivationLogEvent>
  <type>4</type>
  <activationId>Example [328, 0]</activationId>
  <rule>Example</rule>
  <declarations>$newEvent0=com.sample.model.Event@2d63c5bb(328)</declarations>
</org.drools.audit.event.ActivationLogEvent>
<org.drools.audit.event.ActivationLogEvent>
  <type>4</type>
  <activationId>HelloWorld [328, 0]</activationId>
  <rule>HelloWorld</rule>
  <declarations>$newEvent=com.sample.model.Event@2d63c5bb(328)</declarations>
</org.drools.audit.event.ActivationLogEvent>
<org.drools.audit.event.ActivationLogEvent>
  <type>6</type>
  <activationId>HelloWorld [328, 0]</activationId>
  <rule>HelloWorld</rule>
  <declarations>$newEvent=com.sample.model.Event@2d63c5bb(328)</declarations>
</org.drools.audit.event.ActivationLogEvent>
<org.drools.audit.event.ActivationLogEvent>
  <type>7</type>
  <activationId>HelloWorld [328, 0]</activationId>
  <rule>HelloWorld</rule>
  <declarations>$newEvent=com.sample.model.Event@2d63c5bb(328)</declarations>
</org.drools.audit.event.ActivationLogEvent>
<org.drools.audit.event.ActivationLogEvent>
  <type>6</type>
  <activationId>Example [328, 0]</activationId>
  <rule>Example</rule>
  <declarations>$newEvent0=com.sample.model.Event@2d63c5bb(328)</declarations>
</org.drools.audit.event.ActivationLogEvent>
<org.drools.audit.event.ActivationLogEvent>
  <type>4</type>
  <activationId>Example2 [329]</activationId>
  <rule>Example2</rule>
  <declarations>$newEvent=com.sample.model.Event@5603f377(329)</declarations>
</org.drools.audit.event.ActivationLogEvent>
<org.drools.audit.event.ObjectLogEvent>
  <type>1</type>
  <factId>329</factId>
  <objectToString>com.sample.model.Event@5603f377</objectToString>
</org.drools.audit.event.ObjectLogEvent>
<org.drools.audit.event.ActivationLogEvent>
  <type>7</type>
  <activationId>Example [328, 0]</activationId>
  <rule>Example</rule>
  <declarations>$newEvent0=com.sample.model.Event@2d63c5bb(328)</declarations>
</org.drools.audit.event.ActivationLogEvent>
<org.drools.audit.event.ActivationLogEvent>
  <type>6</type>
  <activationId>Example2 [329]</activationId>
  <rule>Example2</rule>
  <declarations>$newEvent=com.sample.model.Event@5603f377(329)</declarations>
</org.drools.audit.event.ActivationLogEvent>
<org.drools.audit.event.ActivationLogEvent>
  <type>7</type>
  <activationId>Example2 [329]</activationId>
  <rule>Example2</rule>
  <declarations>$newEvent=com.sample.model.Event@5603f377(329)</declarations>
</org.drools.audit.event.ActivationLogEvent>
<org.drools.audit.event.ObjectLogEvent>
  <type>1</type>
  <factId>330</factId>
  <objectToString>com.sample.model.Event@1d6535bf</objectToString>
</org.drools.audit.event.ObjectLogEvent>
<org.drools.audit.event.ActivationLogEvent>
  <type>4</type>
  <activationId>Example [330, 0]</activationId>
  <rule>Example</rule>
  <declarations>$newEvent0=com.sample.model.Event@1d6535bf(330)</declarations>
</org.drools.audit.event.ActivationLogEvent>
<org.drools.audit.event.ActivationLogEvent>
  <type>4</type>
  <activationId>HelloWorld [330, 0]</activationId>
  <rule>HelloWorld</rule>
  <declarations>$newEvent=com.sample.model.Event@1d6535bf(330)</declarations>
</org.drools.audit.event.ActivationLogEvent>
<org.drools.audit.event.ActivationLogEvent>
  <type>6</type>
  <activationId>HelloWorld [330, 0]</activationId>
  <rule>HelloWorld</rule>
  <declarations>$newEvent=com.sample.model.Event@1d6535bf(330)</declarations>
</org.drools.audit.event.ActivationLogEvent>
<org.drools.audit.event.ActivationLogEvent>
  <type>7</type>
  <activationId>HelloWorld [330, 0]</activationId>
  <rule>HelloWorld</rule>
  <declarations>$newEvent=com.sample.model.Event@1d6535bf(330)</declarations>
</org.drools.audit.event.ActivationLogEvent>
<org.drools.audit.event.ActivationLogEvent>
  <type>6</type>
  <activationId>Example [330, 0]</activationId>
  <rule>Example</rule>
  <declarations>$newEvent0=com.sample.model.Event@1d6535bf(330)</declarations>
</org.drools.audit.event.ActivationLogEvent>
<org.drools.audit.event.ActivationLogEvent>
  <type>4</type>
  <activationId>Example2 [331]</activationId>
  <rule>Example2</rule>
  <declarations>$newEvent=com.sample.model.Event@5fab9dac(331)</declarations>
</org.drools.audit.event.ActivationLogEvent>
<org.drools.audit.event.ObjectLogEvent>
  <type>1</type>
  <factId>331</factId>
  <objectToString>com.sample.model.Event@5fab9dac</objectToString>
</org.drools.audit.event.ObjectLogEvent>
<org.drools.audit.event.ActivationLogEvent>
  <type>7</type>
  <activationId>Example [330, 0]</activationId>
  <rule>Example</rule>
  <declarations>$newEvent0=com.sample.model.Event@1d6535bf(330)</declarations>
</org.drools.audit.event.ActivationLogEvent>
<org.drools.audit.event.ActivationLogEvent>
  <type>6</type>
  <activationId>Example2 [331]</activationId>
  <rule>Example2</rule>
  <declarations>$newEvent=com.sample.model.Event@5fab9dac(331)</declarations>
</org.drools.audit.event.ActivationLogEvent>
<org.drools.audit.event.ActivationLogEvent>
  <type>7</type>
  <activationId>Example2 [331]</activationId>
  <rule>Example2</rule>
  <declarations>$newEvent=com.sample.model.Event@5fab9dac(331)</declarations>
</org.drools.audit.event.ActivationLogEvent>
<org.drools.audit.event.ObjectLogEvent>
  <type>1</type>
  <factId>332</factId>
  <objectToString>com.sample.model.Event@7bfcb845</objectToString>
</org.drools.audit.event.ObjectLogEvent>
<org.drools.audit.event.ActivationLogEvent>
  <type>4</type>
  <activationId>Example [332, 0]</activationId>
  <rule>Example</rule>
  <declarations>$newEvent0=com.sample.model.Event@7bfcb845(332)</declarations>
</org.drools.audit.event.ActivationLogEvent>
<org.drools.audit.event.ActivationLogEvent>
  <type>4</type>
  <activationId>HelloWorld [332, 0]</activationId>
  <rule>HelloWorld</rule>
  <declarations>$newEvent=com.sample.model.Event@7bfcb845(332)</declarations>
</org.drools.audit.event.ActivationLogEvent>
<org.drools.audit.event.ActivationLogEvent>
  <type>6</type>
  <activationId>HelloWorld [332, 0]</activationId>
  <rule>HelloWorld</rule>
  <declarations>$newEvent=com.sample.model.Event@7bfcb845(332)</declarations>
</org.drools.audit.event.ActivationLogEvent>
<org.drools.audit.event.ActivationLogEvent>
  <type>7</type>
  <activationId>HelloWorld [332, 0]</activationId>
  <rule>HelloWorld</rule>
  <declarations>$newEvent=com.sample.model.Event@7bfcb845(332)</declarations>
</org.drools.audit.event.ActivationLogEvent>
<org.drools.audit.event.ActivationLogEvent>
  <type>6</type>
  <activationId>Example [332, 0]</activationId>
  <rule>Example</rule>
  <declarations>$newEvent0=com.sample.model.Event@7bfcb845(332)</declarations>
</org.drools.audit.event.ActivationLogEvent>
<org.drools.audit.event.ActivationLogEvent>
  <type>4</type>
  <activationId>Example2 [333]</activationId>
  <rule>Example2</rule>
  <declarations>$newEvent=com.sample.model.Event@64a63599(333)</declarations>
</org.drools.audit.event.ActivationLogEvent>
<org.drools.audit.event.ObjectLogEvent>
  <type>1</type>
  <factId>333</factId>
  <objectToString>com.sample.model.Event@64a63599</objectToString>
</org.drools.audit.event.ObjectLogEvent>
<org.drools.audit.event.ActivationLogEvent>
  <type>7</type>
  <activationId>Example [332, 0]</activationId>
  <rule>Example</rule>
  <declarations>$newEvent0=com.sample.model.Event@7bfcb845(332)</declarations>
</org.drools.audit.event.ActivationLogEvent>
<org.drools.audit.event.ActivationLogEvent>
  <type>6</type>
  <activationId>Example2 [333]</activationId>
  <rule>Example2</rule>
  <declarations>$newEvent=com.sample.model.Event@64a63599(333)</declarations>
</org.drools.audit.event.ActivationLogEvent>
<org.drools.audit.event.ActivationLogEvent>
  <type>7</type>
  <activationId>Example2 [333]</activationId>
  <rule>Example2</rule>
  <declarations>$newEvent=com.sample.model.Event@64a63599(333)</declarations>
</org.drools.audit.event.ActivationLogEvent>
<org.drools.audit.event.ObjectLogEvent>
  <type>1</type>
  <factId>334</factId>
  <objectToString>com.sample.model.Event@5c09036e</objectToString>
</org.drools.audit.event.ObjectLogEvent>
<org.drools.audit.event.ActivationLogEvent>
  <type>4</type>
  <activationId>Example [334, 0]</activationId>
  <rule>Example</rule>
  <declarations>$newEvent0=com.sample.model.Event@5c09036e(334)</declarations>
</org.drools.audit.event.ActivationLogEvent>
<org.drools.audit.event.ActivationLogEvent>
  <type>4</type>
  <activationId>HelloWorld [334, 0]</activationId>
  <rule>HelloWorld</rule>
  <declarations>$newEvent=com.sample.model.Event@5c09036e(334)</declarations>
</org.drools.audit.event.ActivationLogEvent>
<org.drools.audit.event.ActivationLogEvent>
  <type>6</type>
  <activationId>HelloWorld [334, 0]</activationId>
  <rule>HelloWorld</rule>
  <declarations>$newEvent=com.sample.model.Event@5c09036e(334)</declarations>
</org.drools.audit.event.ActivationLogEvent>
<org.drools.audit.event.ActivationLogEvent>
  <type>7</type>
  <activationId>HelloWorld [334, 0]</activationId>
  <rule>HelloWorld</rule>
  <declarations>$newEvent=com.sample.model.Event@5c09036e(334)</declarations>
</org.drools.audit.event.ActivationLogEvent>
<org.drools.audit.event.ActivationLogEvent>
  <type>6</type>
  <activationId>Example [334, 0]</activationId>
  <rule>Example</rule>
  <declarations>$newEvent0=com.sample.model.Event@5c09036e(334)</declarations>
</org.drools.audit.event.ActivationLogEvent>
<org.drools.audit.event.ActivationLogEvent>
  <type>4</type>
  <activationId>Example2 [335]</activationId>
  <rule>Example2</rule>
  <declarations>$newEvent=com.sample.model.Event@7952506e(335)</declarations>
</org.drools.audit.event.ActivationLogEvent>
<org.drools.audit.event.ObjectLogEvent>
  <type>1</type>
  <factId>335</factId>
  <objectToString>com.sample.model.Event@7952506e</objectToString>
</org.drools.audit.event.ObjectLogEvent>
<org.drools.audit.event.ActivationLogEvent>
  <type>7</type>
  <activationId>Example [334, 0]</activationId>
  <rule>Example</rule>
  <declarations>$newEvent0=com.sample.model.Event@5c09036e(334)</declarations>
</org.drools.audit.event.ActivationLogEvent>
<org.drools.audit.event.ActivationLogEvent>
  <type>6</type>
  <activationId>Example2 [335]</activationId>
  <rule>Example2</rule>
  <declarations>$newEvent=com.sample.model.Event@7952506e(335)</declarations>
</org.drools.audit.event.ActivationLogEvent>
<org.drools.audit.event.ActivationLogEvent>
  <type>7</type>
  <activationId>Example2 [335]</activationId>
  <rule>Example2</rule>
  <declarations>$newEvent=com.sample.model.Event@7952506e(335)</declarations>
</org.drools.audit.event.ActivationLogEvent>
<org.drools.audit.event.ObjectLogEvent>
  <type>1</type>
  <factId>336</factId>
  <objectToString>com.sample.model.Event@b1ea3fc</objectToString>
</org.drools.audit.event.ObjectLogEvent>
<org.drools.audit.event.ActivationLogEvent>
  <type>4</type>
  <activationId>Example [336, 0]</activationId>
  <rule>Example</rule>
  <declarations>$newEvent0=com.sample.model.Event@b1ea3fc(336)</declarations>
</org.drools.audit.event.ActivationLogEvent>
<org.drools.audit.event.ActivationLogEvent>
  <type>4</type>
  <activationId>HelloWorld [336, 0]</activationId>
  <rule>HelloWorld</rule>
  <declarations>$newEvent=com.sample.model.Event@b1ea3fc(336)</declarations>
</org.drools.audit.event.ActivationLogEvent>
<org.drools.audit.event.ActivationLogEvent>
  <type>6</type>
  <activationId>HelloWorld [336, 0]</activationId>
  <rule>HelloWorld</rule>
  <declarations>$newEvent=com.sample.model.Event@b1ea3fc(336)</declarations>
</org.drools.audit.event.ActivationLogEvent>
<org.drools.audit.event.ActivationLogEvent>
  <type>7</type>
  <activationId>HelloWorld [336, 0]</activationId>
  <rule>HelloWorld</rule>
  <declarations>$newEvent=com.sample.model.Event@b1ea3fc(336)</declarations>
</org.drools.audit.event.ActivationLogEvent>
<org.drools.audit.event.ActivationLogEvent>
  <type>6</type>
  <activationId>Example [336, 0]</activationId>
  <rule>Example</rule>
  <declarations>$newEvent0=com.sample.model.Event@b1ea3fc(336)</declarations>
</org.drools.audit.event.ActivationLogEvent>
<org.drools.audit.event.ActivationLogEvent>
  <type>4</type>
  <activationId>Example2 [337]</activationId>
  <rule>Example2</rule>
  <declarations>$newEvent=com.sample.model.Event@3f1de914(337)</declarations>
</org.drools.audit.event.ActivationLogEvent>
<org.drools.audit.event.ObjectLogEvent>
  <type>1</type>
  <factId>337</factId>
  <objectToString>com.sample.model.Event@3f1de914</objectToString>
</org.drools.audit.event.ObjectLogEvent>
<org.drools.audit.event.ActivationLogEvent>
  <type>7</type>
  <activationId>Example [336, 0]</activationId>
  <rule>Example</rule>
  <declarations>$newEvent0=com.sample.model.Event@b1ea3fc(336)</declarations>
</org.drools.audit.event.ActivationLogEvent>
<org.drools.audit.event.ActivationLogEvent>
  <type>6</type>
  <activationId>Example2 [337]</activationId>
  <rule>Example2</rule>
  <declarations>$newEvent=com.sample.model.Event@3f1de914(337)</declarations>
</org.drools.audit.event.ActivationLogEvent>
<org.drools.audit.event.ActivationLogEvent>
  <type>7</type>
  <activationId>Example2 [337]</activationId>
  <rule>Example2</rule>
  <declarations>$newEvent=com.sample.model.Event@3f1de914(337)</declarations>
</org.drools.audit.event.ActivationLogEvent>
<org.drools.audit.event.ObjectLogEvent>
  <type>1</type>
  <factId>338</factId>
  <objectToString>com.sample.model.Event@44b1406b</objectToString>
</org.drools.audit.event.ObjectLogEvent>
<org.drools.audit.event.ActivationLogEvent>
  <type>4</type>
  <activationId>Example [338, 0]</activationId>
  <rule>Example</rule>
  <declarations>$newEvent0=com.sample.model.Event@44b1406b(338)</declarations>
</org.drools.audit.event.ActivationLogEvent>
<org.drools.audit.event.ActivationLogEvent>
  <type>6</type>
  <activationId>Example [338, 0]</activationId>
  <rule>Example</rule>
  <declarations>$newEvent0=com.sample.model.Event@44b1406b(338)</declarations>
</org.drools.audit.event.ActivationLogEvent>
<org.drools.audit.event.ActivationLogEvent>
  <type>4</type>
  <activationId>HelloWorld [338, 0]</activationId>
  <rule>HelloWorld</rule>
  <declarations>$newEvent=com.sample.model.Event@44b1406b(338)</declarations>
</org.drools.audit.event.ActivationLogEvent>
<org.drools.audit.event.ActivationLogEvent>
  <type>4</type>
  <activationId>Example2 [339]</activationId>
  <rule>Example2</rule>
  <declarations>$newEvent=com.sample.model.Event@50fc5408(339)</declarations>
</org.drools.audit.event.ActivationLogEvent>
<org.drools.audit.event.ObjectLogEvent>
  <type>1</type>
  <factId>339</factId>
  <objectToString>com.sample.model.Event@50fc5408</objectToString>
</org.drools.audit.event.ObjectLogEvent>
<org.drools.audit.event.ActivationLogEvent>
  <type>7</type>
  <activationId>Example [338, 0]</activationId>
  <rule>Example</rule>
  <declarations>$newEvent0=com.sample.model.Event@44b1406b(338)</declarations>
</org.drools.audit.event.ActivationLogEvent>
<org.drools.audit.event.ActivationLogEvent>
  <type>6</type>
  <activationId>Example2 [339]</activationId>
  <rule>Example2</rule>
  <declarations>$newEvent=com.sample.model.Event@50fc5408(339)</declarations>
</org.drools.audit.event.ActivationLogEvent>
<org.drools.audit.event.ActivationLogEvent>
  <type>7</type>
  <activationId>Example2 [339]</activationId>
  <rule>Example2</rule>
  <declarations>$newEvent=com.sample.model.Event@50fc5408(339)</declarations>
</org.drools.audit.event.ActivationLogEvent>
<org.drools.audit.event.ActivationLogEvent>
  <type>6</type>
  <activationId>HelloWorld [338, 0]</activationId>
  <rule>HelloWorld</rule>
  <declarations>$newEvent=com.sample.model.Event@44b1406b(338)</declarations>
</org.drools.audit.event.ActivationLogEvent>
<org.drools.audit.event.ActivationLogEvent>
  <type>7</type>
  <activationId>HelloWorld [338, 0]</activationId>
  <rule>HelloWorld</rule>
  <declarations>$newEvent=com.sample.model.Event@44b1406b(338)</declarations>
</org.drools.audit.event.ActivationLogEvent>
<org.drools.audit.event.ObjectLogEvent>
  <type>1</type>
  <factId>340</factId>
  <objectToString>com.sample.model.Event@65f102c1</objectToString>
</org.drools.audit.event.ObjectLogEvent>
<org.drools.audit.event.ActivationLogEvent>
  <type>4</type>
  <activationId>Example [340, 0]</activationId>
  <rule>Example</rule>
  <declarations>$newEvent0=com.sample.model.Event@65f102c1(340)</declarations>
</org.drools.audit.event.ActivationLogEvent>
<org.drools.audit.event.ActivationLogEvent>
  <type>4</type>
  <activationId>HelloWorld [340, 0]</activationId>
  <rule>HelloWorld</rule>
  <declarations>$newEvent=com.sample.model.Event@65f102c1(340)</declarations>
</org.drools.audit.event.ActivationLogEvent>
<org.drools.audit.event.ActivationLogEvent>
  <type>6</type>
  <activationId>HelloWorld [340, 0]</activationId>
  <rule>HelloWorld</rule>
  <declarations>$newEvent=com.sample.model.Event@65f102c1(340)</declarations>
</org.drools.audit.event.ActivationLogEvent>
<org.drools.audit.event.ActivationLogEvent>
  <type>7</type>
  <activationId>HelloWorld [340, 0]</activationId>
  <rule>HelloWorld</rule>
  <declarations>$newEvent=com.sample.model.Event@65f102c1(340)</declarations>
</org.drools.audit.event.ActivationLogEvent>
<org.drools.audit.event.ActivationLogEvent>
  <type>6</type>
  <activationId>Example [340, 0]</activationId>
  <rule>Example</rule>
  <declarations>$newEvent0=com.sample.model.Event@65f102c1(340)</declarations>
</org.drools.audit.event.ActivationLogEvent>
<org.drools.audit.event.ActivationLogEvent>
  <type>4</type>
  <activationId>Example2 [341]</activationId>
  <rule>Example2</rule>
  <declarations>$newEvent=com.sample.model.Event@7d420fea(341)</declarations>
</org.drools.audit.event.ActivationLogEvent>
<org.drools.audit.event.ObjectLogEvent>
  <type>1</type>
  <factId>341</factId>
  <objectToString>com.sample.model.Event@7d420fea</objectToString>
</org.drools.audit.event.ObjectLogEvent>
<org.drools.audit.event.ActivationLogEvent>
  <type>7</type>
  <activationId>Example [340, 0]</activationId>
  <rule>Example</rule>
  <declarations>$newEvent0=com.sample.model.Event@65f102c1(340)</declarations>
</org.drools.audit.event.ActivationLogEvent>
<org.drools.audit.event.ActivationLogEvent>
  <type>6</type>
  <activationId>Example2 [341]</activationId>
  <rule>Example2</rule>
  <declarations>$newEvent=com.sample.model.Event@7d420fea(341)</declarations>
</org.drools.audit.event.ActivationLogEvent>
<org.drools.audit.event.ActivationLogEvent>
  <type>7</type>
  <activationId>Example2 [341]</activationId>
  <rule>Example2</rule>
  <declarations>$newEvent=com.sample.model.Event@7d420fea(341)</declarations>
</org.drools.audit.event.ActivationLogEvent>
<org.drools.audit.event.ObjectLogEvent>
  <type>1</type>
  <factId>342</factId>
  <objectToString>com.sample.model.Event@7c230be4</objectToString>
</org.drools.audit.event.ObjectLogEvent>
<org.drools.audit.event.ActivationLogEvent>
  <type>4</type>
  <activationId>Example [342, 0]</activationId>
  <rule>Example</rule>
  <declarations>$newEvent0=com.sample.model.Event@7c230be4(342)</declarations>
</org.drools.audit.event.ActivationLogEvent>
<org.drools.audit.event.ActivationLogEvent>
  <type>4</type>
  <activationId>HelloWorld [342, 0]</activationId>
  <rule>HelloWorld</rule>
  <declarations>$newEvent=com.sample.model.Event@7c230be4(342)</declarations>
</org.drools.audit.event.ActivationLogEvent>
<org.drools.audit.event.ActivationLogEvent>
  <type>6</type>
  <activationId>HelloWorld [342, 0]</activationId>
  <rule>HelloWorld</rule>
  <declarations>$newEvent=com.sample.model.Event@7c230be4(342)</declarations>
</org.drools.audit.event.ActivationLogEvent>
<org.drools.audit.event.ActivationLogEvent>
  <type>7</type>
  <activationId>HelloWorld [342, 0]</activationId>
  <rule>HelloWorld</rule>
  <declarations>$newEvent=com.sample.model.Event@7c230be4(342)</declarations>
</org.drools.audit.event.ActivationLogEvent>
<org.drools.audit.event.ActivationLogEvent>
  <type>6</type>
  <activationId>Example [342, 0]</activationId>
  <rule>Example</rule>
  <declarations>$newEvent0=com.sample.model.Event@7c230be4(342)</declarations>
</org.drools.audit.event.ActivationLogEvent>
<org.drools.audit.event.ActivationLogEvent>
  <type>4</type>
  <activationId>Example2 [343]</activationId>
  <rule>Example2</rule>
  <declarations>$newEvent=com.sample.model.Event@e9bfee2(343)</declarations>
</org.drools.audit.event.ActivationLogEvent>
<org.drools.audit.event.ObjectLogEvent>
  <type>1</type>
  <factId>343</factId>
  <objectToString>com.sample.model.Event@e9bfee2</objectToString>
</org.drools.audit.event.ObjectLogEvent>
<org.drools.audit.event.ActivationLogEvent>
  <type>7</type>
  <activationId>Example [342, 0]</activationId>
  <rule>Example</rule>
  <declarations>$newEvent0=com.sample.model.Event@7c230be4(342)</declarations>
</org.drools.audit.event.ActivationLogEvent>
<org.drools.audit.event.ActivationLogEvent>
  <type>6</type>
  <activationId>Example2 [343]</activationId>
  <rule>Example2</rule>
  <declarations>$newEvent=com.sample.model.Event@e9bfee2(343)</declarations>
</org.drools.audit.event.ActivationLogEvent>
<org.drools.audit.event.ActivationLogEvent>
  <type>7</type>
  <activationId>Example2 [343]</activationId>
  <rule>Example2</rule>
  <declarations>$newEvent=com.sample.model.Event@e9bfee2(343)</declarations>
</org.drools.audit.event.ActivationLogEvent>
<org.drools.audit.event.ObjectLogEvent>
  <type>1</type>
  <factId>344</factId>
  <objectToString>com.sample.model.Event@237aaeec</objectToString>
</org.drools.audit.event.ObjectLogEvent>
<org.drools.audit.event.ActivationLogEvent>
  <type>4</type>
  <activationId>Example [344, 0]</activationId>
  <rule>Example</rule>
  <declarations>$newEvent0=com.sample.model.Event@237aaeec(344)</declarations>
</org.drools.audit.event.ActivationLogEvent>
<org.drools.audit.event.ActivationLogEvent>
  <type>4</type>
  <activationId>HelloWorld [344, 0]</activationId>
  <rule>HelloWorld</rule>
  <declarations>$newEvent=com.sample.model.Event@237aaeec(344)</declarations>
</org.drools.audit.event.ActivationLogEvent>
<org.drools.audit.event.ActivationLogEvent>
  <type>6</type>
  <activationId>HelloWorld [344, 0]</activationId>
  <rule>HelloWorld</rule>
  <declarations>$newEvent=com.sample.model.Event@237aaeec(344)</declarations>
</org.drools.audit.event.ActivationLogEvent>
<org.drools.audit.event.ActivationLogEvent>
  <type>7</type>
  <activationId>HelloWorld [344, 0]</activationId>
  <rule>HelloWorld</rule>
  <declarations>$newEvent=com.sample.model.Event@237aaeec(344)</declarations>
</org.drools.audit.event.ActivationLogEvent>
<org.drools.audit.event.ActivationLogEvent>
  <type>6</type>
  <activationId>Example [344, 0]</activationId>
  <rule>Example</rule>
  <declarations>$newEvent0=com.sample.model.Event@237aaeec(344)</declarations>
</org.drools.audit.event.ActivationLogEvent>
<org.drools.audit.event.ActivationLogEvent>
  <type>4</type>
  <activationId>Example2 [345]</activationId>
  <rule>Example2</rule>
  <declarations>$newEvent=com.sample.model.Event@3012db7c(345)</declarations>
</org.drools.audit.event.ActivationLogEvent>
<org.drools.audit.event.ObjectLogEvent>
  <type>1</type>
  <factId>345</factId>
  <objectToString>com.sample.model.Event@3012db7c</objectToString>
</org.drools.audit.event.ObjectLogEvent>
<org.drools.audit.event.ActivationLogEvent>
  <type>7</type>
  <activationId>Example [344, 0]</activationId>
  <rule>Example</rule>
  <declarations>$newEvent0=com.sample.model.Event@237aaeec(344)</declarations>
</org.drools.audit.event.ActivationLogEvent>
<org.drools.audit.event.ActivationLogEvent>
  <type>6</type>
  <activationId>Example2 [345]</activationId>
  <rule>Example2</rule>
  <declarations>$newEvent=com.sample.model.Event@3012db7c(345)</declarations>
</org.drools.audit.event.ActivationLogEvent>
<org.drools.audit.event.ActivationLogEvent>
  <type>7</type>
  <activationId>Example2 [345]</activationId>
  <rule>Example2</rule>
  <declarations>$newEvent=com.sample.model.Event@3012db7c(345)</declarations>
</org.drools.audit.event.ActivationLogEvent>
<org.drools.audit.event.ObjectLogEvent>
  <type>1</type>
  <factId>346</factId>
  <objectToString>com.sample.model.Event@2607c28c</objectToString>
</org.drools.audit.event.ObjectLogEvent>
<org.drools.audit.event.ActivationLogEvent>
  <type>4</type>
  <activationId>Example [346, 0]</activationId>
  <rule>Example</rule>
  <declarations>$newEvent0=com.sample.model.Event@2607c28c(346)</declarations>
</org.drools.audit.event.ActivationLogEvent>
<org.drools.audit.event.ActivationLogEvent>
  <type>4</type>
  <activationId>HelloWorld [346, 0]</activationId>
  <rule>HelloWorld</rule>
  <declarations>$newEvent=com.sample.model.Event@2607c28c(346)</declarations>
</org.drools.audit.event.ActivationLogEvent>
<org.drools.audit.event.ActivationLogEvent>
  <type>6</type>
  <activationId>Example [346, 0]</activationId>
  <rule>Example</rule>
  <declarations>$newEvent0=com.sample.model.Event@2607c28c(346)</declarations>
</org.drools.audit.event.ActivationLogEvent>
<org.drools.audit.event.ActivationLogEvent>
  <type>4</type>
  <activationId>Example2 [347]</activationId>
  <rule>Example2</rule>
  <declarations>$newEvent=com.sample.model.Event@477588d5(347)</declarations>
</org.drools.audit.event.ActivationLogEvent>
<org.drools.audit.event.ObjectLogEvent>
  <type>1</type>
  <factId>347</factId>
  <objectToString>com.sample.model.Event@477588d5</objectToString>
</org.drools.audit.event.ObjectLogEvent>
<org.drools.audit.event.ActivationLogEvent>
  <type>7</type>
  <activationId>Example [346, 0]</activationId>
  <rule>Example</rule>
  <declarations>$newEvent0=com.sample.model.Event@2607c28c(346)</declarations>
</org.drools.audit.event.ActivationLogEvent>
<org.drools.audit.event.ActivationLogEvent>
  <type>6</type>
  <activationId>Example2 [347]</activationId>
  <rule>Example2</rule>
  <declarations>$newEvent=com.sample.model.Event@477588d5(347)</declarations>
</org.drools.audit.event.ActivationLogEvent>
<org.drools.audit.event.ActivationLogEvent>
  <type>7</type>
  <activationId>Example2 [347]</activationId>
  <rule>Example2</rule>
  <declarations>$newEvent=com.sample.model.Event@477588d5(347)</declarations>
</org.drools.audit.event.ActivationLogEvent>
<org.drools.audit.event.ActivationLogEvent>
  <type>6</type>
  <activationId>HelloWorld [346, 0]</activationId>
  <rule>HelloWorld</rule>
  <declarations>$newEvent=com.sample.model.Event@2607c28c(346)</declarations>
</org.drools.audit.event.ActivationLogEvent>
<org.drools.audit.event.ActivationLogEvent>
  <type>7</type>
  <activationId>HelloWorld [346, 0]</activationId>
  <rule>HelloWorld</rule>
  <declarations>$newEvent=com.sample.model.Event@2607c28c(346)</declarations>
</org.drools.audit.event.ActivationLogEvent>
<org.drools.audit.event.ObjectLogEvent>
  <type>1</type>
  <factId>348</factId>
  <objectToString>com.sample.model.Event@756a7c99</objectToString>
</org.drools.audit.event.ObjectLogEvent>
<org.drools.audit.event.ActivationLogEvent>
  <type>4</type>
  <activationId>Example [348, 0]</activationId>
  <rule>Example</rule>
  <declarations>$newEvent0=com.sample.model.Event@756a7c99(348)</declarations>
</org.drools.audit.event.ActivationLogEvent>
<org.drools.audit.event.ActivationLogEvent>
  <type>4</type>
  <activationId>HelloWorld [348, 0]</activationId>
  <rule>HelloWorld</rule>
  <declarations>$newEvent=com.sample.model.Event@756a7c99(348)</declarations>
</org.drools.audit.event.ActivationLogEvent>
<org.drools.audit.event.ActivationLogEvent>
  <type>6</type>
  <activationId>HelloWorld [348, 0]</activationId>
  <rule>HelloWorld</rule>
  <declarations>$newEvent=com.sample.model.Event@756a7c99(348)</declarations>
</org.drools.audit.event.ActivationLogEvent>
<org.drools.audit.event.ActivationLogEvent>
  <type>7</type>
  <activationId>HelloWorld [348, 0]</activationId>
  <rule>HelloWorld</rule>
  <declarations>$newEvent=com.sample.model.Event@756a7c99(348)</declarations>
</org.drools.audit.event.ActivationLogEvent>
<org.drools.audit.event.ActivationLogEvent>
  <type>6</type>
  <activationId>Example [348, 0]</activationId>
  <rule>Example</rule>
  <declarations>$newEvent0=com.sample.model.Event@756a7c99(348)</declarations>
</org.drools.audit.event.ActivationLogEvent>
<org.drools.audit.event.ActivationLogEvent>
  <type>4</type>
  <activationId>Example2 [349]</activationId>
  <rule>Example2</rule>
  <declarations>$newEvent=com.sample.model.Event@70d1c9b5(349)</declarations>
</org.drools.audit.event.ActivationLogEvent>
<org.drools.audit.event.ObjectLogEvent>
  <type>1</type>
  <factId>349</factId>
  <objectToString>com.sample.model.Event@70d1c9b5</objectToString>
</org.drools.audit.event.ObjectLogEvent>
<org.drools.audit.event.ActivationLogEvent>
  <type>7</type>
  <activationId>Example [348, 0]</activationId>
  <rule>Example</rule>
  <declarations>$newEvent0=com.sample.model.Event@756a7c99(348)</declarations>
</org.drools.audit.event.ActivationLogEvent>
<org.drools.audit.event.ActivationLogEvent>
  <type>6</type>
  <activationId>Example2 [349]</activationId>
  <rule>Example2</rule>
  <declarations>$newEvent=com.sample.model.Event@70d1c9b5(349)</declarations>
</org.drools.audit.event.ActivationLogEvent>
<org.drools.audit.event.ActivationLogEvent>
  <type>7</type>
  <activationId>Example2 [349]</activationId>
  <rule>Example2</rule>
  <declarations>$newEvent=com.sample.model.Event@70d1c9b5(349)</declarations>
</org.drools.audit.event.ActivationLogEvent>
<org.drools.audit.event.ObjectLogEvent>
  <type>1</type>
  <factId>350</factId>
  <objectToString>com.sample.model.Event@5d11c3f0</objectToString>
</org.drools.audit.event.ObjectLogEvent>
<org.drools.audit.event.ActivationLogEvent>
  <type>4</type>
  <activationId>Example [350, 0]</activationId>
  <rule>Example</rule>
  <declarations>$newEvent0=com.sample.model.Event@5d11c3f0(350)</declarations>
</org.drools.audit.event.ActivationLogEvent>
<org.drools.audit.event.ActivationLogEvent>
  <type>4</type>
  <activationId>HelloWorld [350, 0]</activationId>
  <rule>HelloWorld</rule>
  <declarations>$newEvent=com.sample.model.Event@5d11c3f0(350)</declarations>
</org.drools.audit.event.ActivationLogEvent>
<org.drools.audit.event.ActivationLogEvent>
  <type>6</type>
  <activationId>HelloWorld [350, 0]</activationId>
  <rule>HelloWorld</rule>
  <declarations>$newEvent=com.sample.model.Event@5d11c3f0(350)</declarations>
</org.drools.audit.event.ActivationLogEvent>
<org.drools.audit.event.ActivationLogEvent>
  <type>7</type>
  <activationId>HelloWorld [350, 0]</activationId>
  <rule>HelloWorld</rule>
  <declarations>$newEvent=com.sample.model.Event@5d11c3f0(350)</declarations>
</org.drools.audit.event.ActivationLogEvent>
<org.drools.audit.event.ActivationLogEvent>
  <type>6</type>
  <activationId>Example [350, 0]</activationId>
  <rule>Example</rule>
  <declarations>$newEvent0=com.sample.model.Event@5d11c3f0(350)</declarations>
</org.drools.audit.event.ActivationLogEvent>
<org.drools.audit.event.ActivationLogEvent>
  <type>4</type>
  <activationId>Example2 [351]</activationId>
  <rule>Example2</rule>
  <declarations>$newEvent=com.sample.model.Event@7afbd1fc(351)</declarations>
</org.drools.audit.event.ActivationLogEvent>
<org.drools.audit.event.ObjectLogEvent>
  <type>1</type>
  <factId>351</factId>
  <objectToString>com.sample.model.Event@7afbd1fc</objectToString>
</org.drools.audit.event.ObjectLogEvent>
<org.drools.audit.event.ActivationLogEvent>
  <type>7</type>
  <activationId>Example [350, 0]</activationId>
  <rule>Example</rule>
  <declarations>$newEvent0=com.sample.model.Event@5d11c3f0(350)</declarations>
</org.drools.audit.event.ActivationLogEvent>
<org.drools.audit.event.ActivationLogEvent>
  <type>6</type>
  <activationId>Example2 [351]</activationId>
  <rule>Example2</rule>
  <declarations>$newEvent=com.sample.model.Event@7afbd1fc(351)</declarations>
</org.drools.audit.event.ActivationLogEvent>
<org.drools.audit.event.ActivationLogEvent>
  <type>7</type>
  <activationId>Example2 [351]</activationId>
  <rule>Example2</rule>
  <declarations>$newEvent=com.sample.model.Event@7afbd1fc(351)</declarations>
</org.drools.audit.event.ActivationLogEvent>
<org.drools.audit.event.ObjectLogEvent>
  <type>1</type>
  <factId>352</factId>
  <objectToString>com.sample.model.Event@2a973678</objectToString>
</org.drools.audit.event.ObjectLogEvent>
<org.drools.audit.event.ActivationLogEvent>
  <type>4</type>
  <activationId>Example [352, 0]</activationId>
  <rule>Example</rule>
  <declarations>$newEvent0=com.sample.model.Event@2a973678(352)</declarations>
</org.drools.audit.event.ActivationLogEvent>
<org.drools.audit.event.ActivationLogEvent>
  <type>4</type>
  <activationId>HelloWorld [352, 0]</activationId>
  <rule>HelloWorld</rule>
  <declarations>$newEvent=com.sample.model.Event@2a973678(352)</declarations>
</org.drools.audit.event.ActivationLogEvent>
<org.drools.audit.event.ActivationLogEvent>
  <type>6</type>
  <activationId>HelloWorld [352, 0]</activationId>
  <rule>HelloWorld</rule>
  <declarations>$newEvent=com.sample.model.Event@2a973678(352)</declarations>
</org.drools.audit.event.ActivationLogEvent>
<org.drools.audit.event.ActivationLogEvent>
  <type>7</type>
  <activationId>HelloWorld [352, 0]</activationId>
  <rule>HelloWorld</rule>
  <declarations>$newEvent=com.sample.model.Event@2a973678(352)</declarations>
</org.drools.audit.event.ActivationLogEvent>
<org.drools.audit.event.ActivationLogEvent>
  <type>6</type>
  <activationId>Example [352, 0]</activationId>
  <rule>Example</rule>
  <declarations>$newEvent0=com.sample.model.Event@2a973678(352)</declarations>
</org.drools.audit.event.ActivationLogEvent>
<org.drools.audit.event.ActivationLogEvent>
  <type>4</type>
  <activationId>Example2 [353]</activationId>
  <rule>Example2</rule>
  <declarations>$newEvent=com.sample.model.Event@689ba632(353)</declarations>
</org.drools.audit.event.ActivationLogEvent>
<org.drools.audit.event.ObjectLogEvent>
  <type>1</type>
  <factId>353</factId>
  <objectToString>com.sample.model.Event@689ba632</objectToString>
</org.drools.audit.event.ObjectLogEvent>
<org.drools.audit.event.ActivationLogEvent>
  <type>7</type>
  <activationId>Example [352, 0]</activationId>
  <rule>Example</rule>
  <declarations>$newEvent0=com.sample.model.Event@2a973678(352)</declarations>
</org.drools.audit.event.ActivationLogEvent>
<org.drools.audit.event.ActivationLogEvent>
  <type>6</type>
  <activationId>Example2 [353]</activationId>
  <rule>Example2</rule>
  <declarations>$newEvent=com.sample.model.Event@689ba632(353)</declarations>
</org.drools.audit.event.ActivationLogEvent>
<org.drools.audit.event.ActivationLogEvent>
  <type>7</type>
  <activationId>Example2 [353]</activationId>
  <rule>Example2</rule>
  <declarations>$newEvent=com.sample.model.Event@689ba632(353)</declarations>
</org.drools.audit.event.ActivationLogEvent>
<org.drools.audit.event.ObjectLogEvent>
  <type>1</type>
  <factId>354</factId>
  <objectToString>com.sample.model.Event@7960c21a</objectToString>
</org.drools.audit.event.ObjectLogEvent>
<org.drools.audit.event.ActivationLogEvent>
  <type>4</type>
  <activationId>Example [354, 0]</activationId>
  <rule>Example</rule>
  <declarations>$newEvent0=com.sample.model.Event@7960c21a(354)</declarations>
</org.drools.audit.event.ActivationLogEvent>
<org.drools.audit.event.ActivationLogEvent>
  <type>4</type>
  <activationId>HelloWorld [354, 0]</activationId>
  <rule>HelloWorld</rule>
  <declarations>$newEvent=com.sample.model.Event@7960c21a(354)</declarations>
</org.drools.audit.event.ActivationLogEvent>
<org.drools.audit.event.ActivationLogEvent>
  <type>6</type>
  <activationId>HelloWorld [354, 0]</activationId>
  <rule>HelloWorld</rule>
  <declarations>$newEvent=com.sample.model.Event@7960c21a(354)</declarations>
</org.drools.audit.event.ActivationLogEvent>
<org.drools.audit.event.ActivationLogEvent>
  <type>7</type>
  <activationId>HelloWorld [354, 0]</activationId>
  <rule>HelloWorld</rule>
  <declarations>$newEvent=com.sample.model.Event@7960c21a(354)</declarations>
</org.drools.audit.event.ActivationLogEvent>
<org.drools.audit.event.ActivationLogEvent>
  <type>6</type>
  <activationId>Example [354, 0]</activationId>
  <rule>Example</rule>
  <declarations>$newEvent0=com.sample.model.Event@7960c21a(354)</declarations>
</org.drools.audit.event.ActivationLogEvent>
<org.drools.audit.event.ActivationLogEvent>
  <type>4</type>
  <activationId>Example2 [355]</activationId>
  <rule>Example2</rule>
  <declarations>$newEvent=com.sample.model.Event@21c3dc66(355)</declarations>
</org.drools.audit.event.ActivationLogEvent>
<org.drools.audit.event.ObjectLogEvent>
  <type>1</type>
  <factId>355</factId>
  <objectToString>com.sample.model.Event@21c3dc66</objectToString>
</org.drools.audit.event.ObjectLogEvent>
<org.drools.audit.event.ActivationLogEvent>
  <type>7</type>
  <activationId>Example [354, 0]</activationId>
  <rule>Example</rule>
  <declarations>$newEvent0=com.sample.model.Event@7960c21a(354)</declarations>
</org.drools.audit.event.ActivationLogEvent>
<org.drools.audit.event.ActivationLogEvent>
  <type>6</type>
  <activationId>Example2 [355]</activationId>
  <rule>Example2</rule>
  <declarations>$newEvent=com.sample.model.Event@21c3dc66(355)</declarations>
</org.drools.audit.event.ActivationLogEvent>
<org.drools.audit.event.ActivationLogEvent>
  <type>7</type>
  <activationId>Example2 [355]</activationId>
  <rule>Example2</rule>
  <declarations>$newEvent=com.sample.model.Event@21c3dc66(355)</declarations>
</org.drools.audit.event.ActivationLogEvent>
<org.drools.audit.event.ObjectLogEvent>
  <type>1</type>
  <factId>356</factId>
  <objectToString>com.sample.model.Event@41babddb</objectToString>
</org.drools.audit.event.ObjectLogEvent>
<org.drools.audit.event.ActivationLogEvent>
  <type>4</type>
  <activationId>Example [356, 0]</activationId>
  <rule>Example</rule>
  <declarations>$newEvent0=com.sample.model.Event@41babddb(356)</declarations>
</org.drools.audit.event.ActivationLogEvent>
<org.drools.audit.event.ActivationLogEvent>
  <type>4</type>
  <activationId>HelloWorld [356, 0]</activationId>
  <rule>HelloWorld</rule>
  <declarations>$newEvent=com.sample.model.Event@41babddb(356)</declarations>
</org.drools.audit.event.ActivationLogEvent>
<org.drools.audit.event.ActivationLogEvent>
  <type>6</type>
  <activationId>HelloWorld [356, 0]</activationId>
  <rule>HelloWorld</rule>
  <declarations>$newEvent=com.sample.model.Event@41babddb(356)</declarations>
</org.drools.audit.event.ActivationLogEvent>
<org.drools.audit.event.ActivationLogEvent>
  <type>7</type>
  <activationId>HelloWorld [356, 0]</activationId>
  <rule>HelloWorld</rule>
  <declarations>$newEvent=com.sample.model.Event@41babddb(356)</declarations>
</org.drools.audit.event.ActivationLogEvent>
<org.drools.audit.event.ActivationLogEvent>
  <type>6</type>
  <activationId>Example [356, 0]</activationId>
  <rule>Example</rule>
  <declarations>$newEvent0=com.sample.model.Event@41babddb(356)</declarations>
</org.drools.audit.event.ActivationLogEvent>
<org.drools.audit.event.ActivationLogEvent>
  <type>4</type>
  <activationId>Example2 [357]</activationId>
  <rule>Example2</rule>
  <declarations>$newEvent=com.sample.model.Event@1d87b360(357)</declarations>
</org.drools.audit.event.ActivationLogEvent>
<org.drools.audit.event.ObjectLogEvent>
  <type>1</type>
  <factId>357</factId>
  <objectToString>com.sample.model.Event@1d87b360</objectToString>
</org.drools.audit.event.ObjectLogEvent>
<org.drools.audit.event.ActivationLogEvent>
  <type>7</type>
  <activationId>Example [356, 0]</activationId>
  <rule>Example</rule>
  <declarations>$newEvent0=com.sample.model.Event@41babddb(356)</declarations>
</org.drools.audit.event.ActivationLogEvent>
<org.drools.audit.event.ActivationLogEvent>
  <type>6</type>
  <activationId>Example2 [357]</activationId>
  <rule>Example2</rule>
  <declarations>$newEvent=com.sample.model.Event@1d87b360(357)</declarations>
</org.drools.audit.event.ActivationLogEvent>
<org.drools.audit.event.ActivationLogEvent>
  <type>7</type>
  <activationId>Example2 [357]</activationId>
  <rule>Example2</rule>
  <declarations>$newEvent=com.sample.model.Event@1d87b360(357)</declarations>
</org.drools.audit.event.ActivationLogEvent>
<org.drools.audit.event.ObjectLogEvent>
  <type>1</type>
  <factId>358</factId>
  <objectToString>com.sample.model.Event@381172c5</objectToString>
</org.drools.audit.event.ObjectLogEvent>
<org.drools.audit.event.ActivationLogEvent>
  <type>4</type>
  <activationId>Example [358, 0]</activationId>
  <rule>Example</rule>
  <declarations>$newEvent0=com.sample.model.Event@381172c5(358)</declarations>
</org.drools.audit.event.ActivationLogEvent>
<org.drools.audit.event.ActivationLogEvent>
  <type>4</type>
  <activationId>HelloWorld [358, 0]</activationId>
  <rule>HelloWorld</rule>
  <declarations>$newEvent=com.sample.model.Event@381172c5(358)</declarations>
</org.drools.audit.event.ActivationLogEvent>
<org.drools.audit.event.ActivationLogEvent>
  <type>6</type>
  <activationId>Example [358, 0]</activationId>
  <rule>Example</rule>
  <declarations>$newEvent0=com.sample.model.Event@381172c5(358)</declarations>
</org.drools.audit.event.ActivationLogEvent>
<org.drools.audit.event.ActivationLogEvent>
  <type>4</type>
  <activationId>Example2 [359]</activationId>
  <rule>Example2</rule>
  <declarations>$newEvent=com.sample.model.Event@1860045(359)</declarations>
</org.drools.audit.event.ActivationLogEvent>
<org.drools.audit.event.ObjectLogEvent>
  <type>1</type>
  <factId>359</factId>
  <objectToString>com.sample.model.Event@1860045</objectToString>
</org.drools.audit.event.ObjectLogEvent>
<org.drools.audit.event.ActivationLogEvent>
  <type>7</type>
  <activationId>Example [358, 0]</activationId>
  <rule>Example</rule>
  <declarations>$newEvent0=com.sample.model.Event@381172c5(358)</declarations>
</org.drools.audit.event.ActivationLogEvent>
<org.drools.audit.event.ActivationLogEvent>
  <type>6</type>
  <activationId>Example2 [359]</activationId>
  <rule>Example2</rule>
  <declarations>$newEvent=com.sample.model.Event@1860045(359)</declarations>
</org.drools.audit.event.ActivationLogEvent>
<org.drools.audit.event.ActivationLogEvent>
  <type>7</type>
  <activationId>Example2 [359]</activationId>
  <rule>Example2</rule>
  <declarations>$newEvent=com.sample.model.Event@1860045(359)</declarations>
</org.drools.audit.event.ActivationLogEvent>
<org.drools.audit.event.ActivationLogEvent>
  <type>6</type>
  <activationId>HelloWorld [358, 0]</activationId>
  <rule>HelloWorld</rule>
  <declarations>$newEvent=com.sample.model.Event@381172c5(358)</declarations>
</org.drools.audit.event.ActivationLogEvent>
<org.drools.audit.event.ActivationLogEvent>
  <type>7</type>
  <activationId>HelloWorld [358, 0]</activationId>
  <rule>HelloWorld</rule>
  <declarations>$newEvent=com.sample.model.Event@381172c5(358)</declarations>
</org.drools.audit.event.ActivationLogEvent>
<org.drools.audit.event.ObjectLogEvent>
  <type>1</type>
  <factId>360</factId>
  <objectToString>com.sample.model.Event@47bb2cb</objectToString>
</org.drools.audit.event.ObjectLogEvent>
<org.drools.audit.event.ActivationLogEvent>
  <type>4</type>
  <activationId>Example [360, 0]</activationId>
  <rule>Example</rule>
  <declarations>$newEvent0=com.sample.model.Event@47bb2cb(360)</declarations>
</org.drools.audit.event.ActivationLogEvent>
<org.drools.audit.event.ActivationLogEvent>
  <type>4</type>
  <activationId>HelloWorld [360, 0]</activationId>
  <rule>HelloWorld</rule>
  <declarations>$newEvent=com.sample.model.Event@47bb2cb(360)</declarations>
</org.drools.audit.event.ActivationLogEvent>
<org.drools.audit.event.ActivationLogEvent>
  <type>6</type>
  <activationId>HelloWorld [360, 0]</activationId>
  <rule>HelloWorld</rule>
  <declarations>$newEvent=com.sample.model.Event@47bb2cb(360)</declarations>
</org.drools.audit.event.ActivationLogEvent>
<org.drools.audit.event.ActivationLogEvent>
  <type>7</type>
  <activationId>HelloWorld [360, 0]</activationId>
  <rule>HelloWorld</rule>
  <declarations>$newEvent=com.sample.model.Event@47bb2cb(360)</declarations>
</org.drools.audit.event.ActivationLogEvent>
<org.drools.audit.event.ActivationLogEvent>
  <type>6</type>
  <activationId>Example [360, 0]</activationId>
  <rule>Example</rule>
  <declarations>$newEvent0=com.sample.model.Event@47bb2cb(360)</declarations>
</org.drools.audit.event.ActivationLogEvent>
<org.drools.audit.event.ActivationLogEvent>
  <type>4</type>
  <activationId>Example2 [361]</activationId>
  <rule>Example2</rule>
  <declarations>$newEvent=com.sample.model.Event@653e4653(361)</declarations>
</org.drools.audit.event.ActivationLogEvent>
<org.drools.audit.event.ObjectLogEvent>
  <type>1</type>
  <factId>361</factId>
  <objectToString>com.sample.model.Event@653e4653</objectToString>
</org.drools.audit.event.ObjectLogEvent>
<org.drools.audit.event.ActivationLogEvent>
  <type>7</type>
  <activationId>Example [360, 0]</activationId>
  <rule>Example</rule>
  <declarations>$newEvent0=com.sample.model.Event@47bb2cb(360)</declarations>
</org.drools.audit.event.ActivationLogEvent>
<org.drools.audit.event.ActivationLogEvent>
  <type>6</type>
  <activationId>Example2 [361]</activationId>
  <rule>Example2</rule>
  <declarations>$newEvent=com.sample.model.Event@653e4653(361)</declarations>
</org.drools.audit.event.ActivationLogEvent>
<org.drools.audit.event.ActivationLogEvent>
  <type>7</type>
  <activationId>Example2 [361]</activationId>
  <rule>Example2</rule>
  <declarations>$newEvent=com.sample.model.Event@653e4653(361)</declarations>
</org.drools.audit.event.ActivationLogEvent>
<org.drools.audit.event.ObjectLogEvent>
  <type>1</type>
  <factId>362</factId>
  <objectToString>com.sample.model.Event@5b7b2712</objectToString>
</org.drools.audit.event.ObjectLogEvent>
<org.drools.audit.event.ActivationLogEvent>
  <type>4</type>
  <activationId>Example [362, 0]</activationId>
  <rule>Example</rule>
  <declarations>$newEvent0=com.sample.model.Event@5b7b2712(362)</declarations>
</org.drools.audit.event.ActivationLogEvent>
<org.drools.audit.event.ActivationLogEvent>
  <type>4</type>
  <activationId>HelloWorld [362, 0]</activationId>
  <rule>HelloWorld</rule>
  <declarations>$newEvent=com.sample.model.Event@5b7b2712(362)</declarations>
</org.drools.audit.event.ActivationLogEvent>
<org.drools.audit.event.ActivationLogEvent>
  <type>6</type>
  <activationId>HelloWorld [362, 0]</activationId>
  <rule>HelloWorld</rule>
  <declarations>$newEvent=com.sample.model.Event@5b7b2712(362)</declarations>
</org.drools.audit.event.ActivationLogEvent>
<org.drools.audit.event.ActivationLogEvent>
  <type>7</type>
  <activationId>HelloWorld [362, 0]</activationId>
  <rule>HelloWorld</rule>
  <declarations>$newEvent=com.sample.model.Event@5b7b2712(362)</declarations>
</org.drools.audit.event.ActivationLogEvent>
<org.drools.audit.event.ActivationLogEvent>
  <type>6</type>
  <activationId>Example [362, 0]</activationId>
  <rule>Example</rule>
  <declarations>$newEvent0=com.sample.model.Event@5b7b2712(362)</declarations>
</org.drools.audit.event.ActivationLogEvent>
<org.drools.audit.event.ActivationLogEvent>
  <type>4</type>
  <activationId>Example2 [363]</activationId>
  <rule>Example2</rule>
  <declarations>$newEvent=com.sample.model.Event@5ade5cd9(363)</declarations>
</org.drools.audit.event.ActivationLogEvent>
<org.drools.audit.event.ObjectLogEvent>
  <type>1</type>
  <factId>363</factId>
  <objectToString>com.sample.model.Event@5ade5cd9</objectToString>
</org.drools.audit.event.ObjectLogEvent>
<org.drools.audit.event.ActivationLogEvent>
  <type>7</type>
  <activationId>Example [362, 0]</activationId>
  <rule>Example</rule>
  <declarations>$newEvent0=com.sample.model.Event@5b7b2712(362)</declarations>
</org.drools.audit.event.ActivationLogEvent>
<org.drools.audit.event.ActivationLogEvent>
  <type>6</type>
  <activationId>Example2 [363]</activationId>
  <rule>Example2</rule>
  <declarations>$newEvent=com.sample.model.Event@5ade5cd9(363)</declarations>
</org.drools.audit.event.ActivationLogEvent>
<org.drools.audit.event.ActivationLogEvent>
  <type>7</type>
  <activationId>Example2 [363]</activationId>
  <rule>Example2</rule>
  <declarations>$newEvent=com.sample.model.Event@5ade5cd9(363)</declarations>
</org.drools.audit.event.ActivationLogEvent>
<org.drools.audit.event.ObjectLogEvent>
  <type>1</type>
  <factId>364</factId>
  <objectToString>com.sample.model.Event@3ca1d92a</objectToString>
</org.drools.audit.event.ObjectLogEvent>
<org.drools.audit.event.ActivationLogEvent>
  <type>4</type>
  <activationId>Example [364, 0]</activationId>
  <rule>Example</rule>
  <declarations>$newEvent0=com.sample.model.Event@3ca1d92a(364)</declarations>
</org.drools.audit.event.ActivationLogEvent>
<org.drools.audit.event.ActivationLogEvent>
  <type>4</type>
  <activationId>HelloWorld [364, 0]</activationId>
  <rule>HelloWorld</rule>
  <declarations>$newEvent=com.sample.model.Event@3ca1d92a(364)</declarations>
</org.drools.audit.event.ActivationLogEvent>
<org.drools.audit.event.ActivationLogEvent>
  <type>6</type>
  <activationId>HelloWorld [364, 0]</activationId>
  <rule>HelloWorld</rule>
  <declarations>$newEvent=com.sample.model.Event@3ca1d92a(364)</declarations>
</org.drools.audit.event.ActivationLogEvent>
<org.drools.audit.event.ActivationLogEvent>
  <type>7</type>
  <activationId>HelloWorld [364, 0]</activationId>
  <rule>HelloWorld</rule>
  <declarations>$newEvent=com.sample.model.Event@3ca1d92a(364)</declarations>
</org.drools.audit.event.ActivationLogEvent>
<org.drools.audit.event.ActivationLogEvent>
  <type>6</type>
  <activationId>Example [364, 0]</activationId>
  <rule>Example</rule>
  <declarations>$newEvent0=com.sample.model.Event@3ca1d92a(364)</declarations>
</org.drools.audit.event.ActivationLogEvent>
<org.drools.audit.event.ActivationLogEvent>
  <type>4</type>
  <activationId>Example2 [365]</activationId>
  <rule>Example2</rule>
  <declarations>$newEvent=com.sample.model.Event@70a6aa31(365)</declarations>
</org.drools.audit.event.ActivationLogEvent>
<org.drools.audit.event.ObjectLogEvent>
  <type>1</type>
  <factId>365</factId>
  <objectToString>com.sample.model.Event@70a6aa31</objectToString>
</org.drools.audit.event.ObjectLogEvent>
<org.drools.audit.event.ActivationLogEvent>
  <type>7</type>
  <activationId>Example [364, 0]</activationId>
  <rule>Example</rule>
  <declarations>$newEvent0=com.sample.model.Event@3ca1d92a(364)</declarations>
</org.drools.audit.event.ActivationLogEvent>
<org.drools.audit.event.ActivationLogEvent>
  <type>6</type>
  <activationId>Example2 [365]</activationId>
  <rule>Example2</rule>
  <declarations>$newEvent=com.sample.model.Event@70a6aa31(365)</declarations>
</org.drools.audit.event.ActivationLogEvent>
<org.drools.audit.event.ActivationLogEvent>
  <type>7</type>
  <activationId>Example2 [365]</activationId>
  <rule>Example2</rule>
  <declarations>$newEvent=com.sample.model.Event@70a6aa31(365)</declarations>
</org.drools.audit.event.ActivationLogEvent>
<org.drools.audit.event.ObjectLogEvent>
  <type>1</type>
  <factId>366</factId>
  <objectToString>com.sample.model.Event@4defb0be</objectToString>
</org.drools.audit.event.ObjectLogEvent>
<org.drools.audit.event.ActivationLogEvent>
  <type>4</type>
  <activationId>Example [366, 0]</activationId>
  <rule>Example</rule>
  <declarations>$newEvent0=com.sample.model.Event@4defb0be(366)</declarations>
</org.drools.audit.event.ActivationLogEvent>
<org.drools.audit.event.ActivationLogEvent>
  <type>4</type>
  <activationId>HelloWorld [366, 0]</activationId>
  <rule>HelloWorld</rule>
  <declarations>$newEvent=com.sample.model.Event@4defb0be(366)</declarations>
</org.drools.audit.event.ActivationLogEvent>
<org.drools.audit.event.ActivationLogEvent>
  <type>6</type>
  <activationId>HelloWorld [366, 0]</activationId>
  <rule>HelloWorld</rule>
  <declarations>$newEvent=com.sample.model.Event@4defb0be(366)</declarations>
</org.drools.audit.event.ActivationLogEvent>
<org.drools.audit.event.ActivationLogEvent>
  <type>7</type>
  <activationId>HelloWorld [366, 0]</activationId>
  <rule>HelloWorld</rule>
  <declarations>$newEvent=com.sample.model.Event@4defb0be(366)</declarations>
</org.drools.audit.event.ActivationLogEvent>
<org.drools.audit.event.ActivationLogEvent>
  <type>6</type>
  <activationId>Example [366, 0]</activationId>
  <rule>Example</rule>
  <declarations>$newEvent0=com.sample.model.Event@4defb0be(366)</declarations>
</org.drools.audit.event.ActivationLogEvent>
<org.drools.audit.event.ActivationLogEvent>
  <type>4</type>
  <activationId>Example2 [367]</activationId>
  <rule>Example2</rule>
  <declarations>$newEvent=com.sample.model.Event@55c4d594(367)</declarations>
</org.drools.audit.event.ActivationLogEvent>
<org.drools.audit.event.ObjectLogEvent>
  <type>1</type>
  <factId>367</factId>
  <objectToString>com.sample.model.Event@55c4d594</objectToString>
</org.drools.audit.event.ObjectLogEvent>
<org.drools.audit.event.ActivationLogEvent>
  <type>7</type>
  <activationId>Example [366, 0]</activationId>
  <rule>Example</rule>
  <declarations>$newEvent0=com.sample.model.Event@4defb0be(366)</declarations>
</org.drools.audit.event.ActivationLogEvent>
<org.drools.audit.event.ActivationLogEvent>
  <type>6</type>
  <activationId>Example2 [367]</activationId>
  <rule>Example2</rule>
  <declarations>$newEvent=com.sample.model.Event@55c4d594(367)</declarations>
</org.drools.audit.event.ActivationLogEvent>
<org.drools.audit.event.ActivationLogEvent>
  <type>7</type>
  <activationId>Example2 [367]</activationId>
  <rule>Example2</rule>
  <declarations>$newEvent=com.sample.model.Event@55c4d594(367)</declarations>
</org.drools.audit.event.ActivationLogEvent>
<org.drools.audit.event.ObjectLogEvent>
  <type>1</type>
  <factId>368</factId>
  <objectToString>com.sample.model.Event@6da21389</objectToString>
</org.drools.audit.event.ObjectLogEvent>
<org.drools.audit.event.ActivationLogEvent>
  <type>4</type>
  <activationId>Example [368, 0]</activationId>
  <rule>Example</rule>
  <declarations>$newEvent0=com.sample.model.Event@6da21389(368)</declarations>
</org.drools.audit.event.ActivationLogEvent>
<org.drools.audit.event.ActivationLogEvent>
  <type>4</type>
  <activationId>HelloWorld [368, 0]</activationId>
  <rule>HelloWorld</rule>
  <declarations>$newEvent=com.sample.model.Event@6da21389(368)</declarations>
</org.drools.audit.event.ActivationLogEvent>
<org.drools.audit.event.ActivationLogEvent>
  <type>6</type>
  <activationId>HelloWorld [368, 0]</activationId>
  <rule>HelloWorld</rule>
  <declarations>$newEvent=com.sample.model.Event@6da21389(368)</declarations>
</org.drools.audit.event.ActivationLogEvent>
<org.drools.audit.event.ActivationLogEvent>
  <type>7</type>
  <activationId>HelloWorld [368, 0]</activationId>
  <rule>HelloWorld</rule>
  <declarations>$newEvent=com.sample.model.Event@6da21389(368)</declarations>
</org.drools.audit.event.ActivationLogEvent>
<org.drools.audit.event.ActivationLogEvent>
  <type>6</type>
  <activationId>Example [368, 0]</activationId>
  <rule>Example</rule>
  <declarations>$newEvent0=com.sample.model.Event@6da21389(368)</declarations>
</org.drools.audit.event.ActivationLogEvent>
<org.drools.audit.event.ActivationLogEvent>
  <type>4</type>
  <activationId>Example2 [369]</activationId>
  <rule>Example2</rule>
  <declarations>$newEvent=com.sample.model.Event@60f32dde(369)</declarations>
</org.drools.audit.event.ActivationLogEvent>
<org.drools.audit.event.ObjectLogEvent>
  <type>1</type>
  <factId>369</factId>
  <objectToString>com.sample.model.Event@60f32dde</objectToString>
</org.drools.audit.event.ObjectLogEvent>
<org.drools.audit.event.ActivationLogEvent>
  <type>7</type>
  <activationId>Example [368, 0]</activationId>
  <rule>Example</rule>
  <declarations>$newEvent0=com.sample.model.Event@6da21389(368)</declarations>
</org.drools.audit.event.ActivationLogEvent>
<org.drools.audit.event.ActivationLogEvent>
  <type>6</type>
  <activationId>Example2 [369]</activationId>
  <rule>Example2</rule>
  <declarations>$newEvent=com.sample.model.Event@60f32dde(369)</declarations>
</org.drools.audit.event.ActivationLogEvent>
<org.drools.audit.event.ActivationLogEvent>
  <type>7</type>
  <activationId>Example2 [369]</activationId>
  <rule>Example2</rule>
  <declarations>$newEvent=com.sample.model.Event@60f32dde(369)</declarations>
</org.drools.audit.event.ActivationLogEvent>
<org.drools.audit.event.ObjectLogEvent>
  <type>1</type>
  <factId>370</factId>
  <objectToString>com.sample.model.Event@7d487b8b</objectToString>
</org.drools.audit.event.ObjectLogEvent>
<org.drools.audit.event.ActivationLogEvent>
  <type>4</type>
  <activationId>Example [370, 0]</activationId>
  <rule>Example</rule>
  <declarations>$newEvent0=com.sample.model.Event@7d487b8b(370)</declarations>
</org.drools.audit.event.ActivationLogEvent>
<org.drools.audit.event.ActivationLogEvent>
  <type>4</type>
  <activationId>HelloWorld [370, 0]</activationId>
  <rule>HelloWorld</rule>
  <declarations>$newEvent=com.sample.model.Event@7d487b8b(370)</declarations>
</org.drools.audit.event.ActivationLogEvent>
<org.drools.audit.event.ActivationLogEvent>
  <type>6</type>
  <activationId>HelloWorld [370, 0]</activationId>
  <rule>HelloWorld</rule>
  <declarations>$newEvent=com.sample.model.Event@7d487b8b(370)</declarations>
</org.drools.audit.event.ActivationLogEvent>
<org.drools.audit.event.ActivationLogEvent>
  <type>7</type>
  <activationId>HelloWorld [370, 0]</activationId>
  <rule>HelloWorld</rule>
  <declarations>$newEvent=com.sample.model.Event@7d487b8b(370)</declarations>
</org.drools.audit.event.ActivationLogEvent>
<org.drools.audit.event.ActivationLogEvent>
  <type>6</type>
  <activationId>Example [370, 0]</activationId>
  <rule>Example</rule>
  <declarations>$newEvent0=com.sample.model.Event@7d487b8b(370)</declarations>
</org.drools.audit.event.ActivationLogEvent>
<org.drools.audit.event.ActivationLogEvent>
  <type>4</type>
  <activationId>Example2 [371]</activationId>
  <rule>Example2</rule>
  <declarations>$newEvent=com.sample.model.Event@63e68a2b(371)</declarations>
</org.drools.audit.event.ActivationLogEvent>
<org.drools.audit.event.ObjectLogEvent>
  <type>1</type>
  <factId>371</factId>
  <objectToString>com.sample.model.Event@63e68a2b</objectToString>
</org.drools.audit.event.ObjectLogEvent>
<org.drools.audit.event.ActivationLogEvent>
  <type>7</type>
  <activationId>Example [370, 0]</activationId>
  <rule>Example</rule>
  <declarations>$newEvent0=com.sample.model.Event@7d487b8b(370)</declarations>
</org.drools.audit.event.ActivationLogEvent>
<org.drools.audit.event.ActivationLogEvent>
  <type>6</type>
  <activationId>Example2 [371]</activationId>
  <rule>Example2</rule>
  <declarations>$newEvent=com.sample.model.Event@63e68a2b(371)</declarations>
</org.drools.audit.event.ActivationLogEvent>
<org.drools.audit.event.ActivationLogEvent>
  <type>7</type>
  <activationId>Example2 [371]</activationId>
  <rule>Example2</rule>
  <declarations>$newEvent=com.sample.model.Event@63e68a2b(371)</declarations>
</org.drools.audit.event.ActivationLogEvent>
<org.drools.audit.event.ObjectLogEvent>
  <type>1</type>
  <factId>372</factId>
  <objectToString>com.sample.model.Event@3479404a</objectToString>
</org.drools.audit.event.ObjectLogEvent>
<org.drools.audit.event.ActivationLogEvent>
  <type>4</type>
  <activationId>Example [372, 0]</activationId>
  <rule>Example</rule>
  <declarations>$newEvent0=com.sample.model.Event@3479404a(372)</declarations>
</org.drools.audit.event.ActivationLogEvent>
<org.drools.audit.event.ActivationLogEvent>
  <type>4</type>
  <activationId>HelloWorld [372, 0]</activationId>
  <rule>HelloWorld</rule>
  <declarations>$newEvent=com.sample.model.Event@3479404a(372)</declarations>
</org.drools.audit.event.ActivationLogEvent>
<org.drools.audit.event.ActivationLogEvent>
  <type>6</type>
  <activationId>HelloWorld [372, 0]</activationId>
  <rule>HelloWorld</rule>
  <declarations>$newEvent=com.sample.model.Event@3479404a(372)</declarations>
</org.drools.audit.event.ActivationLogEvent>
<org.drools.audit.event.ActivationLogEvent>
  <type>7</type>
  <activationId>HelloWorld [372, 0]</activationId>
  <rule>HelloWorld</rule>
  <declarations>$newEvent=com.sample.model.Event@3479404a(372)</declarations>
</org.drools.audit.event.ActivationLogEvent>
<org.drools.audit.event.ActivationLogEvent>
  <type>6</type>
  <activationId>Example [372, 0]</activationId>
  <rule>Example</rule>
  <declarations>$newEvent0=com.sample.model.Event@3479404a(372)</declarations>
</org.drools.audit.event.ActivationLogEvent>
<org.drools.audit.event.ActivationLogEvent>
  <type>4</type>
  <activationId>Example2 [373]</activationId>
  <rule>Example2</rule>
  <declarations>$newEvent=com.sample.model.Event@43794494(373)</declarations>
</org.drools.audit.event.ActivationLogEvent>
<org.drools.audit.event.ObjectLogEvent>
  <type>1</type>
  <factId>373</factId>
  <objectToString>com.sample.model.Event@43794494</objectToString>
</org.drools.audit.event.ObjectLogEvent>
<org.drools.audit.event.ActivationLogEvent>
  <type>7</type>
  <activationId>Example [372, 0]</activationId>
  <rule>Example</rule>
  <declarations>$newEvent0=com.sample.model.Event@3479404a(372)</declarations>
</org.drools.audit.event.ActivationLogEvent>
<org.drools.audit.event.ActivationLogEvent>
  <type>6</type>
  <activationId>Example2 [373]</activationId>
  <rule>Example2</rule>
  <declarations>$newEvent=com.sample.model.Event@43794494(373)</declarations>
</org.drools.audit.event.ActivationLogEvent>
<org.drools.audit.event.ActivationLogEvent>
  <type>7</type>
  <activationId>Example2 [373]</activationId>
  <rule>Example2</rule>
  <declarations>$newEvent=com.sample.model.Event@43794494(373)</declarations>
</org.drools.audit.event.ActivationLogEvent>
</object-stream>
<org.drools.audit.event.ObjectLogEvent>
  <type>1</type>
  <factId>374</factId>
  <objectToString>com.sample.model.Event@2453f89f</objectToString>
</org.drools.audit.event.ObjectLogEvent>
<org.drools.audit.event.ActivationLogEvent>
  <type>4</type>
  <activationId>Example [374, 0]</activationId>
  <rule>Example</rule>
  <declarations>$newEvent0=com.sample.model.Event@2453f89f(374)</declarations>
</org.drools.audit.event.ActivationLogEvent>
<org.drools.audit.event.ActivationLogEvent>
  <type>4</type>
  <activationId>HelloWorld [374, 0]</activationId>
  <rule>HelloWorld</rule>
  <declarations>$newEvent=com.sample.model.Event@2453f89f(374)</declarations>
</org.drools.audit.event.ActivationLogEvent>
<org.drools.audit.event.ActivationLogEvent>
  <type>6</type>
  <activationId>HelloWorld [374, 0]</activationId>
  <rule>HelloWorld</rule>
  <declarations>$newEvent=com.sample.model.Event@2453f89f(374)</declarations>
</org.drools.audit.event.ActivationLogEvent>
<org.drools.audit.event.ActivationLogEvent>
  <type>7</type>
  <activationId>HelloWorld [374, 0]</activationId>
  <rule>HelloWorld</rule>
  <declarations>$newEvent=com.sample.model.Event@2453f89f(374)</declarations>
</org.drools.audit.event.ActivationLogEvent>
<org.drools.audit.event.ActivationLogEvent>
  <type>6</type>
  <activationId>Example [374, 0]</activationId>
  <rule>Example</rule>
  <declarations>$newEvent0=com.sample.model.Event@2453f89f(374)</declarations>
</org.drools.audit.event.ActivationLogEvent>
<org.drools.audit.event.ActivationLogEvent>
  <type>4</type>
  <activationId>Example2 [375]</activationId>
  <rule>Example2</rule>
  <declarations>$newEvent=com.sample.model.Event@3125fe1(375)</declarations>
</org.drools.audit.event.ActivationLogEvent>
<org.drools.audit.event.ObjectLogEvent>
  <type>1</type>
  <factId>375</factId>
  <objectToString>com.sample.model.Event@3125fe1</objectToString>
</org.drools.audit.event.ObjectLogEvent>
<org.drools.audit.event.ActivationLogEvent>
  <type>7</type>
  <activationId>Example [374, 0]</activationId>
  <rule>Example</rule>
  <declarations>$newEvent0=com.sample.model.Event@2453f89f(374)</declarations>
</org.drools.audit.event.ActivationLogEvent>
<org.drools.audit.event.ActivationLogEvent>
  <type>6</type>
  <activationId>Example2 [375]</activationId>
  <rule>Example2</rule>
  <declarations>$newEvent=com.sample.model.Event@3125fe1(375)</declarations>
</org.drools.audit.event.ActivationLogEvent>
<org.drools.audit.event.ActivationLogEvent>
  <type>7</type>
  <activationId>Example2 [375]</activationId>
  <rule>Example2</rule>
  <declarations>$newEvent=com.sample.model.Event@3125fe1(375)</declarations>
</org.drools.audit.event.ActivationLogEvent>
<org.drools.audit.event.ObjectLogEvent>
  <type>1</type>
  <factId>376</factId>
  <objectToString>com.sample.model.Event@2b54ae5a</objectToString>
</org.drools.audit.event.ObjectLogEvent>
<org.drools.audit.event.ActivationLogEvent>
  <type>4</type>
  <activationId>Example [376, 0]</activationId>
  <rule>Example</rule>
  <declarations>$newEvent0=com.sample.model.Event@2b54ae5a(376)</declarations>
</org.drools.audit.event.ActivationLogEvent>
<org.drools.audit.event.ActivationLogEvent>
  <type>4</type>
  <activationId>HelloWorld [376, 0]</activationId>
  <rule>HelloWorld</rule>
  <declarations>$newEvent=com.sample.model.Event@2b54ae5a(376)</declarations>
</org.drools.audit.event.ActivationLogEvent>
<org.drools.audit.event.ActivationLogEvent>
  <type>6</type>
  <activationId>HelloWorld [376, 0]</activationId>
  <rule>HelloWorld</rule>
  <declarations>$newEvent=com.sample.model.Event@2b54ae5a(376)</declarations>
</org.drools.audit.event.ActivationLogEvent>
<org.drools.audit.event.ActivationLogEvent>
  <type>7</type>
  <activationId>HelloWorld [376, 0]</activationId>
  <rule>HelloWorld</rule>
  <declarations>$newEvent=com.sample.model.Event@2b54ae5a(376)</declarations>
</org.drools.audit.event.ActivationLogEvent>
<org.drools.audit.event.ActivationLogEvent>
  <type>6</type>
  <activationId>Example [376, 0]</activationId>
  <rule>Example</rule>
  <declarations>$newEvent0=com.sample.model.Event@2b54ae5a(376)</declarations>
</org.drools.audit.event.ActivationLogEvent>
<org.drools.audit.event.ActivationLogEvent>
  <type>4</type>
  <activationId>Example2 [377]</activationId>
  <rule>Example2</rule>
  <declarations>$newEvent=com.sample.model.Event@5f27a20c(377)</declarations>
</org.drools.audit.event.ActivationLogEvent>
<org.drools.audit.event.ObjectLogEvent>
  <type>1</type>
  <factId>377</factId>
  <objectToString>com.sample.model.Event@5f27a20c</objectToString>
</org.drools.audit.event.ObjectLogEvent>
<org.drools.audit.event.ActivationLogEvent>
  <type>7</type>
  <activationId>Example [376, 0]</activationId>
  <rule>Example</rule>
  <declarations>$newEvent0=com.sample.model.Event@2b54ae5a(376)</declarations>
</org.drools.audit.event.ActivationLogEvent>
<org.drools.audit.event.ActivationLogEvent>
  <type>6</type>
  <activationId>Example2 [377]</activationId>
  <rule>Example2</rule>
  <declarations>$newEvent=com.sample.model.Event@5f27a20c(377)</declarations>
</org.drools.audit.event.ActivationLogEvent>
<org.drools.audit.event.ActivationLogEvent>
  <type>7</type>
  <activationId>Example2 [377]</activationId>
  <rule>Example2</rule>
  <declarations>$newEvent=com.sample.model.Event@5f27a20c(377)</declarations>
</org.drools.audit.event.ActivationLogEvent>
<org.drools.audit.event.ObjectLogEvent>
  <type>1</type>
  <factId>378</factId>
  <objectToString>com.sample.model.Event@7bc5b828</objectToString>
</org.drools.audit.event.ObjectLogEvent>
<org.drools.audit.event.ActivationLogEvent>
  <type>4</type>
  <activationId>Example [378, 0]</activationId>
  <rule>Example</rule>
  <declarations>$newEvent0=com.sample.model.Event@7bc5b828(378)</declarations>
</org.drools.audit.event.ActivationLogEvent>
<org.drools.audit.event.ActivationLogEvent>
  <type>4</type>
  <activationId>HelloWorld [378, 0]</activationId>
  <rule>HelloWorld</rule>
  <declarations>$newEvent=com.sample.model.Event@7bc5b828(378)</declarations>
</org.drools.audit.event.ActivationLogEvent>
<org.drools.audit.event.ActivationLogEvent>
  <type>6</type>
  <activationId>HelloWorld [378, 0]</activationId>
  <rule>HelloWorld</rule>
  <declarations>$newEvent=com.sample.model.Event@7bc5b828(378)</declarations>
</org.drools.audit.event.ActivationLogEvent>
<org.drools.audit.event.ActivationLogEvent>
  <type>7</type>
  <activationId>HelloWorld [378, 0]</activationId>
  <rule>HelloWorld</rule>
  <declarations>$newEvent=com.sample.model.Event@7bc5b828(378)</declarations>
</org.drools.audit.event.ActivationLogEvent>
<org.drools.audit.event.ActivationLogEvent>
  <type>6</type>
  <activationId>Example [378, 0]</activationId>
  <rule>Example</rule>
  <declarations>$newEvent0=com.sample.model.Event@7bc5b828(378)</declarations>
</org.drools.audit.event.ActivationLogEvent>
<org.drools.audit.event.ActivationLogEvent>
  <type>4</type>
  <activationId>Example2 [379]</activationId>
  <rule>Example2</rule>
  <declarations>$newEvent=com.sample.model.Event@52934c3b(379)</declarations>
</org.drools.audit.event.ActivationLogEvent>
<org.drools.audit.event.ObjectLogEvent>
  <type>1</type>
  <factId>379</factId>
  <objectToString>com.sample.model.Event@52934c3b</objectToString>
</org.drools.audit.event.ObjectLogEvent>
<org.drools.audit.event.ActivationLogEvent>
  <type>7</type>
  <activationId>Example [378, 0]</activationId>
  <rule>Example</rule>
  <declarations>$newEvent0=com.sample.model.Event@7bc5b828(378)</declarations>
</org.drools.audit.event.ActivationLogEvent>
<org.drools.audit.event.ActivationLogEvent>
  <type>6</type>
  <activationId>Example2 [379]</activationId>
  <rule>Example2</rule>
  <declarations>$newEvent=com.sample.model.Event@52934c3b(379)</declarations>
</org.drools.audit.event.ActivationLogEvent>
<org.drools.audit.event.ActivationLogEvent>
  <type>7</type>
  <activationId>Example2 [379]</activationId>
  <rule>Example2</rule>
  <declarations>$newEvent=com.sample.model.Event@52934c3b(379)</declarations>
</org.drools.audit.event.ActivationLogEvent>
<org.drools.audit.event.ObjectLogEvent>
  <type>1</type>
  <factId>380</factId>
  <objectToString>com.sample.model.Event@4471dfd7</objectToString>
</org.drools.audit.event.ObjectLogEvent>
<org.drools.audit.event.ActivationLogEvent>
  <type>4</type>
  <activationId>Example [380, 0]</activationId>
  <rule>Example</rule>
  <declarations>$newEvent0=com.sample.model.Event@4471dfd7(380)</declarations>
</org.drools.audit.event.ActivationLogEvent>
<org.drools.audit.event.ActivationLogEvent>
  <type>4</type>
  <activationId>HelloWorld [380, 0]</activationId>
  <rule>HelloWorld</rule>
  <declarations>$newEvent=com.sample.model.Event@4471dfd7(380)</declarations>
</org.drools.audit.event.ActivationLogEvent>
<org.drools.audit.event.ActivationLogEvent>
  <type>6</type>
  <activationId>HelloWorld [380, 0]</activationId>
  <rule>HelloWorld</rule>
  <declarations>$newEvent=com.sample.model.Event@4471dfd7(380)</declarations>
</org.drools.audit.event.ActivationLogEvent>
<org.drools.audit.event.ActivationLogEvent>
  <type>7</type>
  <activationId>HelloWorld [380, 0]</activationId>
  <rule>HelloWorld</rule>
  <declarations>$newEvent=com.sample.model.Event@4471dfd7(380)</declarations>
</org.drools.audit.event.ActivationLogEvent>
<org.drools.audit.event.ActivationLogEvent>
  <type>6</type>
  <activationId>Example [380, 0]</activationId>
  <rule>Example</rule>
  <declarations>$newEvent0=com.sample.model.Event@4471dfd7(380)</declarations>
</org.drools.audit.event.ActivationLogEvent>
<org.drools.audit.event.ActivationLogEvent>
  <type>4</type>
  <activationId>Example2 [381]</activationId>
  <rule>Example2</rule>
  <declarations>$newEvent=com.sample.model.Event@52a53948(381)</declarations>
</org.drools.audit.event.ActivationLogEvent>
<org.drools.audit.event.ObjectLogEvent>
  <type>1</type>
  <factId>381</factId>
  <objectToString>com.sample.model.Event@52a53948</objectToString>
</org.drools.audit.event.ObjectLogEvent>
<org.drools.audit.event.ActivationLogEvent>
  <type>7</type>
  <activationId>Example [380, 0]</activationId>
  <rule>Example</rule>
  <declarations>$newEvent0=com.sample.model.Event@4471dfd7(380)</declarations>
</org.drools.audit.event.ActivationLogEvent>
<org.drools.audit.event.ActivationLogEvent>
  <type>6</type>
  <activationId>Example2 [381]</activationId>
  <rule>Example2</rule>
  <declarations>$newEvent=com.sample.model.Event@52a53948(381)</declarations>
</org.drools.audit.event.ActivationLogEvent>
<org.drools.audit.event.ActivationLogEvent>
  <type>7</type>
  <activationId>Example2 [381]</activationId>
  <rule>Example2</rule>
  <declarations>$newEvent=com.sample.model.Event@52a53948(381)</declarations>
</org.drools.audit.event.ActivationLogEvent>
<org.drools.audit.event.ObjectLogEvent>
  <type>1</type>
  <factId>382</factId>
  <objectToString>com.sample.model.Event@5d53d05b</objectToString>
</org.drools.audit.event.ObjectLogEvent>
<org.drools.audit.event.ActivationLogEvent>
  <type>4</type>
  <activationId>Example [382, 0]</activationId>
  <rule>Example</rule>
  <declarations>$newEvent0=com.sample.model.Event@5d53d05b(382)</declarations>
</org.drools.audit.event.ActivationLogEvent>
<org.drools.audit.event.ActivationLogEvent>
  <type>4</type>
  <activationId>HelloWorld [382, 0]</activationId>
  <rule>HelloWorld</rule>
  <declarations>$newEvent=com.sample.model.Event@5d53d05b(382)</declarations>
</org.drools.audit.event.ActivationLogEvent>
<org.drools.audit.event.ActivationLogEvent>
  <type>6</type>
  <activationId>HelloWorld [382, 0]</activationId>
  <rule>HelloWorld</rule>
  <declarations>$newEvent=com.sample.model.Event@5d53d05b(382)</declarations>
</org.drools.audit.event.ActivationLogEvent>
<org.drools.audit.event.ActivationLogEvent>
  <type>7</type>
  <activationId>HelloWorld [382, 0]</activationId>
  <rule>HelloWorld</rule>
  <declarations>$newEvent=com.sample.model.Event@5d53d05b(382)</declarations>
</org.drools.audit.event.ActivationLogEvent>
<org.drools.audit.event.ActivationLogEvent>
  <type>6</type>
  <activationId>Example [382, 0]</activationId>
  <rule>Example</rule>
  <declarations>$newEvent0=com.sample.model.Event@5d53d05b(382)</declarations>
</org.drools.audit.event.ActivationLogEvent>
<org.drools.audit.event.ActivationLogEvent>
  <type>4</type>
  <activationId>Example2 [383]</activationId>
  <rule>Example2</rule>
  <declarations>$newEvent=com.sample.model.Event@417470d0(383)</declarations>
</org.drools.audit.event.ActivationLogEvent>
<org.drools.audit.event.ObjectLogEvent>
  <type>1</type>
  <factId>383</factId>
  <objectToString>com.sample.model.Event@417470d0</objectToString>
</org.drools.audit.event.ObjectLogEvent>
<org.drools.audit.event.ActivationLogEvent>
  <type>7</type>
  <activationId>Example [382, 0]</activationId>
  <rule>Example</rule>
  <declarations>$newEvent0=com.sample.model.Event@5d53d05b(382)</declarations>
</org.drools.audit.event.ActivationLogEvent>
<org.drools.audit.event.ActivationLogEvent>
  <type>6</type>
  <activationId>Example2 [383]</activationId>
  <rule>Example2</rule>
  <declarations>$newEvent=com.sample.model.Event@417470d0(383)</declarations>
</org.drools.audit.event.ActivationLogEvent>
<org.drools.audit.event.ActivationLogEvent>
  <type>7</type>
  <activationId>Example2 [383]</activationId>
  <rule>Example2</rule>
  <declarations>$newEvent=com.sample.model.Event@417470d0(383)</declarations>
</org.drools.audit.event.ActivationLogEvent>
<org.drools.audit.event.ObjectLogEvent>
  <type>1</type>
  <factId>384</factId>
  <objectToString>com.sample.model.Event@439a8942</objectToString>
</org.drools.audit.event.ObjectLogEvent>
<org.drools.audit.event.ActivationLogEvent>
  <type>4</type>
  <activationId>Example [384, 0]</activationId>
  <rule>Example</rule>
  <declarations>$newEvent0=com.sample.model.Event@439a8942(384)</declarations>
</org.drools.audit.event.ActivationLogEvent>
<org.drools.audit.event.ActivationLogEvent>
  <type>4</type>
  <activationId>HelloWorld [384, 0]</activationId>
  <rule>HelloWorld</rule>
  <declarations>$newEvent=com.sample.model.Event@439a8942(384)</declarations>
</org.drools.audit.event.ActivationLogEvent>
<org.drools.audit.event.ActivationLogEvent>
  <type>6</type>
  <activationId>HelloWorld [384, 0]</activationId>
  <rule>HelloWorld</rule>
  <declarations>$newEvent=com.sample.model.Event@439a8942(384)</declarations>
</org.drools.audit.event.ActivationLogEvent>
<org.drools.audit.event.ActivationLogEvent>
  <type>7</type>
  <activationId>HelloWorld [384, 0]</activationId>
  <rule>HelloWorld</rule>
  <declarations>$newEvent=com.sample.model.Event@439a8942(384)</declarations>
</org.drools.audit.event.ActivationLogEvent>
<org.drools.audit.event.ActivationLogEvent>
  <type>6</type>
  <activationId>Example [384, 0]</activationId>
  <rule>Example</rule>
  <declarations>$newEvent0=com.sample.model.Event@439a8942(384)</declarations>
</org.drools.audit.event.ActivationLogEvent>
<org.drools.audit.event.ActivationLogEvent>
  <type>4</type>
  <activationId>Example2 [385]</activationId>
  <rule>Example2</rule>
  <declarations>$newEvent=com.sample.model.Event@da4a1c9(385)</declarations>
</org.drools.audit.event.ActivationLogEvent>
<org.drools.audit.event.ObjectLogEvent>
  <type>1</type>
  <factId>385</factId>
  <objectToString>com.sample.model.Event@da4a1c9</objectToString>
</org.drools.audit.event.ObjectLogEvent>
<org.drools.audit.event.ActivationLogEvent>
  <type>7</type>
  <activationId>Example [384, 0]</activationId>
  <rule>Example</rule>
  <declarations>$newEvent0=com.sample.model.Event@439a8942(384)</declarations>
</org.drools.audit.event.ActivationLogEvent>
<org.drools.audit.event.ActivationLogEvent>
  <type>6</type>
  <activationId>Example2 [385]</activationId>
  <rule>Example2</rule>
  <declarations>$newEvent=com.sample.model.Event@da4a1c9(385)</declarations>
</org.drools.audit.event.ActivationLogEvent>
<org.drools.audit.event.ActivationLogEvent>
  <type>7</type>
  <activationId>Example2 [385]</activationId>
  <rule>Example2</rule>
  <declarations>$newEvent=com.sample.model.Event@da4a1c9(385)</declarations>
</org.drools.audit.event.ActivationLogEvent>
<org.drools.audit.event.ObjectLogEvent>
  <type>1</type>
  <factId>386</factId>
  <objectToString>com.sample.model.Event@33799a1e</objectToString>
</org.drools.audit.event.ObjectLogEvent>
<org.drools.audit.event.ActivationLogEvent>
  <type>4</type>
  <activationId>Example [386, 0]</activationId>
  <rule>Example</rule>
  <declarations>$newEvent0=com.sample.model.Event@33799a1e(386)</declarations>
</org.drools.audit.event.ActivationLogEvent>
<org.drools.audit.event.ActivationLogEvent>
  <type>6</type>
  <activationId>Example [386, 0]</activationId>
  <rule>Example</rule>
  <declarations>$newEvent0=com.sample.model.Event@33799a1e(386)</declarations>
</org.drools.audit.event.ActivationLogEvent>
<org.drools.audit.event.ActivationLogEvent>
  <type>4</type>
  <activationId>HelloWorld [386, 0]</activationId>
  <rule>HelloWorld</rule>
  <declarations>$newEvent=com.sample.model.Event@33799a1e(386)</declarations>
</org.drools.audit.event.ActivationLogEvent>
<org.drools.audit.event.ActivationLogEvent>
  <type>4</type>
  <activationId>Example2 [387]</activationId>
  <rule>Example2</rule>
  <declarations>$newEvent=com.sample.model.Event@747541f8(387)</declarations>
</org.drools.audit.event.ActivationLogEvent>
<org.drools.audit.event.ObjectLogEvent>
  <type>1</type>
  <factId>387</factId>
  <objectToString>com.sample.model.Event@747541f8</objectToString>
</org.drools.audit.event.ObjectLogEvent>
<org.drools.audit.event.ActivationLogEvent>
  <type>7</type>
  <activationId>Example [386, 0]</activationId>
  <rule>Example</rule>
  <declarations>$newEvent0=com.sample.model.Event@33799a1e(386)</declarations>
</org.drools.audit.event.ActivationLogEvent>
<org.drools.audit.event.ActivationLogEvent>
  <type>6</type>
  <activationId>Example2 [387]</activationId>
  <rule>Example2</rule>
  <declarations>$newEvent=com.sample.model.Event@747541f8(387)</declarations>
</org.drools.audit.event.ActivationLogEvent>
<org.drools.audit.event.ActivationLogEvent>
  <type>7</type>
  <activationId>Example2 [387]</activationId>
  <rule>Example2</rule>
  <declarations>$newEvent=com.sample.model.Event@747541f8(387)</declarations>
</org.drools.audit.event.ActivationLogEvent>
<org.drools.audit.event.ActivationLogEvent>
  <type>6</type>
  <activationId>HelloWorld [386, 0]</activationId>
  <rule>HelloWorld</rule>
  <declarations>$newEvent=com.sample.model.Event@33799a1e(386)</declarations>
</org.drools.audit.event.ActivationLogEvent>
<org.drools.audit.event.ActivationLogEvent>
  <type>7</type>
  <activationId>HelloWorld [386, 0]</activationId>
  <rule>HelloWorld</rule>
  <declarations>$newEvent=com.sample.model.Event@33799a1e(386)</declarations>
</org.drools.audit.event.ActivationLogEvent>
<org.drools.audit.event.ObjectLogEvent>
  <type>1</type>
  <factId>388</factId>
  <objectToString>com.sample.model.Event@3e3e3c83</objectToString>
</org.drools.audit.event.ObjectLogEvent>
<org.drools.audit.event.ActivationLogEvent>
  <type>4</type>
  <activationId>Example [388, 0]</activationId>
  <rule>Example</rule>
  <declarations>$newEvent0=com.sample.model.Event@3e3e3c83(388)</declarations>
</org.drools.audit.event.ActivationLogEvent>
<org.drools.audit.event.ActivationLogEvent>
  <type>4</type>
  <activationId>HelloWorld [388, 0]</activationId>
  <rule>HelloWorld</rule>
  <declarations>$newEvent=com.sample.model.Event@3e3e3c83(388)</declarations>
</org.drools.audit.event.ActivationLogEvent>
<org.drools.audit.event.ActivationLogEvent>
  <type>6</type>
  <activationId>HelloWorld [388, 0]</activationId>
  <rule>HelloWorld</rule>
  <declarations>$newEvent=com.sample.model.Event@3e3e3c83(388)</declarations>
</org.drools.audit.event.ActivationLogEvent>
<org.drools.audit.event.ActivationLogEvent>
  <type>7</type>
  <activationId>HelloWorld [388, 0]</activationId>
  <rule>HelloWorld</rule>
  <declarations>$newEvent=com.sample.model.Event@3e3e3c83(388)</declarations>
</org.drools.audit.event.ActivationLogEvent>
<org.drools.audit.event.ActivationLogEvent>
  <type>6</type>
  <activationId>Example [388, 0]</activationId>
  <rule>Example</rule>
  <declarations>$newEvent0=com.sample.model.Event@3e3e3c83(388)</declarations>
</org.drools.audit.event.ActivationLogEvent>
<org.drools.audit.event.ActivationLogEvent>
  <type>4</type>
  <activationId>Example2 [389]</activationId>
  <rule>Example2</rule>
  <declarations>$newEvent=com.sample.model.Event@67f6dc61(389)</declarations>
</org.drools.audit.event.ActivationLogEvent>
<org.drools.audit.event.ObjectLogEvent>
  <type>1</type>
  <factId>389</factId>
  <objectToString>com.sample.model.Event@67f6dc61</objectToString>
</org.drools.audit.event.ObjectLogEvent>
<org.drools.audit.event.ActivationLogEvent>
  <type>7</type>
  <activationId>Example [388, 0]</activationId>
  <rule>Example</rule>
  <declarations>$newEvent0=com.sample.model.Event@3e3e3c83(388)</declarations>
</org.drools.audit.event.ActivationLogEvent>
<org.drools.audit.event.ActivationLogEvent>
  <type>6</type>
  <activationId>Example2 [389]</activationId>
  <rule>Example2</rule>
  <declarations>$newEvent=com.sample.model.Event@67f6dc61(389)</declarations>
</org.drools.audit.event.ActivationLogEvent>
<org.drools.audit.event.ActivationLogEvent>
  <type>7</type>
  <activationId>Example2 [389]</activationId>
  <rule>Example2</rule>
  <declarations>$newEvent=com.sample.model.Event@67f6dc61(389)</declarations>
</org.drools.audit.event.ActivationLogEvent>
<org.drools.audit.event.ObjectLogEvent>
  <type>1</type>
  <factId>390</factId>
  <objectToString>com.sample.model.Event@7ffe9999</objectToString>
</org.drools.audit.event.ObjectLogEvent>
<org.drools.audit.event.ActivationLogEvent>
  <type>4</type>
  <activationId>Example [390, 0]</activationId>
  <rule>Example</rule>
  <declarations>$newEvent0=com.sample.model.Event@7ffe9999(390)</declarations>
</org.drools.audit.event.ActivationLogEvent>
<org.drools.audit.event.ActivationLogEvent>
  <type>4</type>
  <activationId>HelloWorld [390, 0]</activationId>
  <rule>HelloWorld</rule>
  <declarations>$newEvent=com.sample.model.Event@7ffe9999(390)</declarations>
</org.drools.audit.event.ActivationLogEvent>
<org.drools.audit.event.ActivationLogEvent>
  <type>6</type>
  <activationId>HelloWorld [390, 0]</activationId>
  <rule>HelloWorld</rule>
  <declarations>$newEvent=com.sample.model.Event@7ffe9999(390)</declarations>
</org.drools.audit.event.ActivationLogEvent>
<org.drools.audit.event.ActivationLogEvent>
  <type>7</type>
  <activationId>HelloWorld [390, 0]</activationId>
  <rule>HelloWorld</rule>
  <declarations>$newEvent=com.sample.model.Event@7ffe9999(390)</declarations>
</org.drools.audit.event.ActivationLogEvent>
<org.drools.audit.event.ActivationLogEvent>
  <type>6</type>
  <activationId>Example [390, 0]</activationId>
  <rule>Example</rule>
  <declarations>$newEvent0=com.sample.model.Event@7ffe9999(390)</declarations>
</org.drools.audit.event.ActivationLogEvent>
<org.drools.audit.event.ActivationLogEvent>
  <type>4</type>
  <activationId>Example2 [391]</activationId>
  <rule>Example2</rule>
  <declarations>$newEvent=com.sample.model.Event@34374ed5(391)</declarations>
</org.drools.audit.event.ActivationLogEvent>
<org.drools.audit.event.ObjectLogEvent>
  <type>1</type>
  <factId>391</factId>
  <objectToString>com.sample.model.Event@34374ed5</objectToString>
</org.drools.audit.event.ObjectLogEvent>
<org.drools.audit.event.ActivationLogEvent>
  <type>7</type>
  <activationId>Example [390, 0]</activationId>
  <rule>Example</rule>
  <declarations>$newEvent0=com.sample.model.Event@7ffe9999(390)</declarations>
</org.drools.audit.event.ActivationLogEvent>
<org.drools.audit.event.ActivationLogEvent>
  <type>6</type>
  <activationId>Example2 [391]</activationId>
  <rule>Example2</rule>
  <declarations>$newEvent=com.sample.model.Event@34374ed5(391)</declarations>
</org.drools.audit.event.ActivationLogEvent>
<org.drools.audit.event.ActivationLogEvent>
  <type>7</type>
  <activationId>Example2 [391]</activationId>
  <rule>Example2</rule>
  <declarations>$newEvent=com.sample.model.Event@34374ed5(391)</declarations>
</org.drools.audit.event.ActivationLogEvent>
<org.drools.audit.event.ObjectLogEvent>
  <type>1</type>
  <factId>392</factId>
  <objectToString>com.sample.model.Event@1b189cbb</objectToString>
</org.drools.audit.event.ObjectLogEvent>
<org.drools.audit.event.ActivationLogEvent>
  <type>4</type>
  <activationId>Example [392, 0]</activationId>
  <rule>Example</rule>
  <declarations>$newEvent0=com.sample.model.Event@1b189cbb(392)</declarations>
</org.drools.audit.event.ActivationLogEvent>
<org.drools.audit.event.ActivationLogEvent>
  <type>4</type>
  <activationId>HelloWorld [392, 0]</activationId>
  <rule>HelloWorld</rule>
  <declarations>$newEvent=com.sample.model.Event@1b189cbb(392)</declarations>
</org.drools.audit.event.ActivationLogEvent>
<org.drools.audit.event.ActivationLogEvent>
  <type>6</type>
  <activationId>HelloWorld [392, 0]</activationId>
  <rule>HelloWorld</rule>
  <declarations>$newEvent=com.sample.model.Event@1b189cbb(392)</declarations>
</org.drools.audit.event.ActivationLogEvent>
<org.drools.audit.event.ActivationLogEvent>
  <type>7</type>
  <activationId>HelloWorld [392, 0]</activationId>
  <rule>HelloWorld</rule>
  <declarations>$newEvent=com.sample.model.Event@1b189cbb(392)</declarations>
</org.drools.audit.event.ActivationLogEvent>
<org.drools.audit.event.ActivationLogEvent>
  <type>6</type>
  <activationId>Example [392, 0]</activationId>
  <rule>Example</rule>
  <declarations>$newEvent0=com.sample.model.Event@1b189cbb(392)</declarations>
</org.drools.audit.event.ActivationLogEvent>
<org.drools.audit.event.ActivationLogEvent>
  <type>4</type>
  <activationId>Example2 [393]</activationId>
  <rule>Example2</rule>
  <declarations>$newEvent=com.sample.model.Event@4d905742(393)</declarations>
</org.drools.audit.event.ActivationLogEvent>
<org.drools.audit.event.ObjectLogEvent>
  <type>1</type>
  <factId>393</factId>
  <objectToString>com.sample.model.Event@4d905742</objectToString>
</org.drools.audit.event.ObjectLogEvent>
<org.drools.audit.event.ActivationLogEvent>
  <type>7</type>
  <activationId>Example [392, 0]</activationId>
  <rule>Example</rule>
  <declarations>$newEvent0=com.sample.model.Event@1b189cbb(392)</declarations>
</org.drools.audit.event.ActivationLogEvent>
<org.drools.audit.event.ActivationLogEvent>
  <type>6</type>
  <activationId>Example2 [393]</activationId>
  <rule>Example2</rule>
  <declarations>$newEvent=com.sample.model.Event@4d905742(393)</declarations>
</org.drools.audit.event.ActivationLogEvent>
<org.drools.audit.event.ActivationLogEvent>
  <type>7</type>
  <activationId>Example2 [393]</activationId>
  <rule>Example2</rule>
  <declarations>$newEvent=com.sample.model.Event@4d905742(393)</declarations>
</org.drools.audit.event.ActivationLogEvent>
<org.drools.audit.event.ObjectLogEvent>
  <type>1</type>
  <factId>394</factId>
  <objectToString>com.sample.model.Event@3f50d5d6</objectToString>
</org.drools.audit.event.ObjectLogEvent>
<org.drools.audit.event.ActivationLogEvent>
  <type>4</type>
  <activationId>Example [394, 0]</activationId>
  <rule>Example</rule>
  <declarations>$newEvent0=com.sample.model.Event@3f50d5d6(394)</declarations>
</org.drools.audit.event.ActivationLogEvent>
<org.drools.audit.event.ActivationLogEvent>
  <type>4</type>
  <activationId>HelloWorld [394, 0]</activationId>
  <rule>HelloWorld</rule>
  <declarations>$newEvent=com.sample.model.Event@3f50d5d6(394)</declarations>
</org.drools.audit.event.ActivationLogEvent>
<org.drools.audit.event.ActivationLogEvent>
  <type>6</type>
  <activationId>HelloWorld [394, 0]</activationId>
  <rule>HelloWorld</rule>
  <declarations>$newEvent=com.sample.model.Event@3f50d5d6(394)</declarations>
</org.drools.audit.event.ActivationLogEvent>
<org.drools.audit.event.ActivationLogEvent>
  <type>7</type>
  <activationId>HelloWorld [394, 0]</activationId>
  <rule>HelloWorld</rule>
  <declarations>$newEvent=com.sample.model.Event@3f50d5d6(394)</declarations>
</org.drools.audit.event.ActivationLogEvent>
<org.drools.audit.event.ActivationLogEvent>
  <type>6</type>
  <activationId>Example [394, 0]</activationId>
  <rule>Example</rule>
  <declarations>$newEvent0=com.sample.model.Event@3f50d5d6(394)</declarations>
</org.drools.audit.event.ActivationLogEvent>
<org.drools.audit.event.ActivationLogEvent>
  <type>4</type>
  <activationId>Example2 [395]</activationId>
  <rule>Example2</rule>
  <declarations>$newEvent=com.sample.model.Event@14c3dd7e(395)</declarations>
</org.drools.audit.event.ActivationLogEvent>
<org.drools.audit.event.ObjectLogEvent>
  <type>1</type>
  <factId>395</factId>
  <objectToString>com.sample.model.Event@14c3dd7e</objectToString>
</org.drools.audit.event.ObjectLogEvent>
<org.drools.audit.event.ActivationLogEvent>
  <type>7</type>
  <activationId>Example [394, 0]</activationId>
  <rule>Example</rule>
  <declarations>$newEvent0=com.sample.model.Event@3f50d5d6(394)</declarations>
</org.drools.audit.event.ActivationLogEvent>
<org.drools.audit.event.ActivationLogEvent>
  <type>6</type>
  <activationId>Example2 [395]</activationId>
  <rule>Example2</rule>
  <declarations>$newEvent=com.sample.model.Event@14c3dd7e(395)</declarations>
</org.drools.audit.event.ActivationLogEvent>
<org.drools.audit.event.ActivationLogEvent>
  <type>7</type>
  <activationId>Example2 [395]</activationId>
  <rule>Example2</rule>
  <declarations>$newEvent=com.sample.model.Event@14c3dd7e(395)</declarations>
</org.drools.audit.event.ActivationLogEvent>
<org.drools.audit.event.ObjectLogEvent>
  <type>1</type>
  <factId>396</factId>
  <objectToString>com.sample.model.Event@470285d8</objectToString>
</org.drools.audit.event.ObjectLogEvent>
<org.drools.audit.event.ActivationLogEvent>
  <type>4</type>
  <activationId>Example [396, 0]</activationId>
  <rule>Example</rule>
  <declarations>$newEvent0=com.sample.model.Event@470285d8(396)</declarations>
</org.drools.audit.event.ActivationLogEvent>
<org.drools.audit.event.ActivationLogEvent>
  <type>4</type>
  <activationId>HelloWorld [396, 0]</activationId>
  <rule>HelloWorld</rule>
  <declarations>$newEvent=com.sample.model.Event@470285d8(396)</declarations>
</org.drools.audit.event.ActivationLogEvent>
<org.drools.audit.event.ActivationLogEvent>
  <type>6</type>
  <activationId>HelloWorld [396, 0]</activationId>
  <rule>HelloWorld</rule>
  <declarations>$newEvent=com.sample.model.Event@470285d8(396)</declarations>
</org.drools.audit.event.ActivationLogEvent>
<org.drools.audit.event.ActivationLogEvent>
  <type>7</type>
  <activationId>HelloWorld [396, 0]</activationId>
  <rule>HelloWorld</rule>
  <declarations>$newEvent=com.sample.model.Event@470285d8(396)</declarations>
</org.drools.audit.event.ActivationLogEvent>
<org.drools.audit.event.ActivationLogEvent>
  <type>6</type>
  <activationId>Example [396, 0]</activationId>
  <rule>Example</rule>
  <declarations>$newEvent0=com.sample.model.Event@470285d8(396)</declarations>
</org.drools.audit.event.ActivationLogEvent>
<org.drools.audit.event.ActivationLogEvent>
  <type>4</type>
  <activationId>Example2 [397]</activationId>
  <rule>Example2</rule>
  <declarations>$newEvent=com.sample.model.Event@76a14c53(397)</declarations>
</org.drools.audit.event.ActivationLogEvent>
<org.drools.audit.event.ObjectLogEvent>
  <type>1</type>
  <factId>397</factId>
  <objectToString>com.sample.model.Event@76a14c53</objectToString>
</org.drools.audit.event.ObjectLogEvent>
<org.drools.audit.event.ActivationLogEvent>
  <type>7</type>
  <activationId>Example [396, 0]</activationId>
  <rule>Example</rule>
  <declarations>$newEvent0=com.sample.model.Event@470285d8(396)</declarations>
</org.drools.audit.event.ActivationLogEvent>
<org.drools.audit.event.ActivationLogEvent>
  <type>6</type>
  <activationId>Example2 [397]</activationId>
  <rule>Example2</rule>
  <declarations>$newEvent=com.sample.model.Event@76a14c53(397)</declarations>
</org.drools.audit.event.ActivationLogEvent>
<org.drools.audit.event.ActivationLogEvent>
  <type>7</type>
  <activationId>Example2 [397]</activationId>
  <rule>Example2</rule>
  <declarations>$newEvent=com.sample.model.Event@76a14c53(397)</declarations>
</org.drools.audit.event.ActivationLogEvent>
<org.drools.audit.event.ObjectLogEvent>
  <type>1</type>
  <factId>398</factId>
  <objectToString>com.sample.model.Event@579a19fd</objectToString>
</org.drools.audit.event.ObjectLogEvent>
<org.drools.audit.event.ActivationLogEvent>
  <type>4</type>
  <activationId>Example [398, 0]</activationId>
  <rule>Example</rule>
  <declarations>$newEvent0=com.sample.model.Event@579a19fd(398)</declarations>
</org.drools.audit.event.ActivationLogEvent>
<org.drools.audit.event.ActivationLogEvent>
  <type>4</type>
  <activationId>HelloWorld [398, 0]</activationId>
  <rule>HelloWorld</rule>
  <declarations>$newEvent=com.sample.model.Event@579a19fd(398)</declarations>
</org.drools.audit.event.ActivationLogEvent>
<org.drools.audit.event.ActivationLogEvent>
  <type>6</type>
  <activationId>HelloWorld [398, 0]</activationId>
  <rule>HelloWorld</rule>
  <declarations>$newEvent=com.sample.model.Event@579a19fd(398)</declarations>
</org.drools.audit.event.ActivationLogEvent>
<org.drools.audit.event.ActivationLogEvent>
  <type>7</type>
  <activationId>HelloWorld [398, 0]</activationId>
  <rule>HelloWorld</rule>
  <declarations>$newEvent=com.sample.model.Event@579a19fd(398)</declarations>
</org.drools.audit.event.ActivationLogEvent>
<org.drools.audit.event.ActivationLogEvent>
  <type>6</type>
  <activationId>Example [398, 0]</activationId>
  <rule>Example</rule>
  <declarations>$newEvent0=com.sample.model.Event@579a19fd(398)</declarations>
</org.drools.audit.event.ActivationLogEvent>
<org.drools.audit.event.ActivationLogEvent>
  <type>4</type>
  <activationId>Example2 [399]</activationId>
  <rule>Example2</rule>
  <declarations>$newEvent=com.sample.model.Event@76f9aa66(399)</declarations>
</org.drools.audit.event.ActivationLogEvent>
<org.drools.audit.event.ObjectLogEvent>
  <type>1</type>
  <factId>399</factId>
  <objectToString>com.sample.model.Event@76f9aa66</objectToString>
</org.drools.audit.event.ObjectLogEvent>
<org.drools.audit.event.ActivationLogEvent>
  <type>7</type>
  <activationId>Example [398, 0]</activationId>
  <rule>Example</rule>
  <declarations>$newEvent0=com.sample.model.Event@579a19fd(398)</declarations>
</org.drools.audit.event.ActivationLogEvent>
<org.drools.audit.event.ActivationLogEvent>
  <type>6</type>
  <activationId>Example2 [399]</activationId>
  <rule>Example2</rule>
  <declarations>$newEvent=com.sample.model.Event@76f9aa66(399)</declarations>
</org.drools.audit.event.ActivationLogEvent>
<org.drools.audit.event.ActivationLogEvent>
  <type>7</type>
  <activationId>Example2 [399]</activationId>
  <rule>Example2</rule>
  <declarations>$newEvent=com.sample.model.Event@76f9aa66(399)</declarations>
</org.drools.audit.event.ActivationLogEvent>
<org.drools.audit.event.ObjectLogEvent>
  <type>1</type>
  <factId>400</factId>
  <objectToString>com.sample.model.Event@1224b90</objectToString>
</org.drools.audit.event.ObjectLogEvent>
<org.drools.audit.event.ActivationLogEvent>
  <type>4</type>
  <activationId>Example [400, 0]</activationId>
  <rule>Example</rule>
  <declarations>$newEvent0=com.sample.model.Event@1224b90(400)</declarations>
</org.drools.audit.event.ActivationLogEvent>
<org.drools.audit.event.ActivationLogEvent>
  <type>6</type>
  <activationId>Example [400, 0]</activationId>
  <rule>Example</rule>
  <declarations>$newEvent0=com.sample.model.Event@1224b90(400)</declarations>
</org.drools.audit.event.ActivationLogEvent>
<org.drools.audit.event.ActivationLogEvent>
  <type>4</type>
  <activationId>HelloWorld [400, 0]</activationId>
  <rule>HelloWorld</rule>
  <declarations>$newEvent=com.sample.model.Event@1224b90(400)</declarations>
</org.drools.audit.event.ActivationLogEvent>
<org.drools.audit.event.ActivationLogEvent>
  <type>4</type>
  <activationId>Example2 [401]</activationId>
  <rule>Example2</rule>
  <declarations>$newEvent=com.sample.model.Event@728edb84(401)</declarations>
</org.drools.audit.event.ActivationLogEvent>
<org.drools.audit.event.ObjectLogEvent>
  <type>1</type>
  <factId>401</factId>
  <objectToString>com.sample.model.Event@728edb84</objectToString>
</org.drools.audit.event.ObjectLogEvent>
<org.drools.audit.event.ActivationLogEvent>
  <type>7</type>
  <activationId>Example [400, 0]</activationId>
  <rule>Example</rule>
  <declarations>$newEvent0=com.sample.model.Event@1224b90(400)</declarations>
</org.drools.audit.event.ActivationLogEvent>
<org.drools.audit.event.ActivationLogEvent>
  <type>6</type>
  <activationId>Example2 [401]</activationId>
  <rule>Example2</rule>
  <declarations>$newEvent=com.sample.model.Event@728edb84(401)</declarations>
</org.drools.audit.event.ActivationLogEvent>
<org.drools.audit.event.ActivationLogEvent>
  <type>7</type>
  <activationId>Example2 [401]</activationId>
  <rule>Example2</rule>
  <declarations>$newEvent=com.sample.model.Event@728edb84(401)</declarations>
</org.drools.audit.event.ActivationLogEvent>
<org.drools.audit.event.ActivationLogEvent>
  <type>6</type>
  <activationId>HelloWorld [400, 0]</activationId>
  <rule>HelloWorld</rule>
  <declarations>$newEvent=com.sample.model.Event@1224b90(400)</declarations>
</org.drools.audit.event.ActivationLogEvent>
<org.drools.audit.event.ActivationLogEvent>
  <type>7</type>
  <activationId>HelloWorld [400, 0]</activationId>
  <rule>HelloWorld</rule>
  <declarations>$newEvent=com.sample.model.Event@1224b90(400)</declarations>
</org.drools.audit.event.ActivationLogEvent>
<org.drools.audit.event.ObjectLogEvent>
  <type>1</type>
  <factId>402</factId>
  <objectToString>com.sample.model.Event@edf1de</objectToString>
</org.drools.audit.event.ObjectLogEvent>
<org.drools.audit.event.ActivationLogEvent>
  <type>4</type>
  <activationId>Example [402, 0]</activationId>
  <rule>Example</rule>
  <declarations>$newEvent0=com.sample.model.Event@edf1de(402)</declarations>
</org.drools.audit.event.ActivationLogEvent>
<org.drools.audit.event.ActivationLogEvent>
  <type>4</type>
  <activationId>HelloWorld [402, 0]</activationId>
  <rule>HelloWorld</rule>
  <declarations>$newEvent=com.sample.model.Event@edf1de(402)</declarations>
</org.drools.audit.event.ActivationLogEvent>
<org.drools.audit.event.ActivationLogEvent>
  <type>6</type>
  <activationId>HelloWorld [402, 0]</activationId>
  <rule>HelloWorld</rule>
  <declarations>$newEvent=com.sample.model.Event@edf1de(402)</declarations>
</org.drools.audit.event.ActivationLogEvent>
<org.drools.audit.event.ActivationLogEvent>
  <type>7</type>
  <activationId>HelloWorld [402, 0]</activationId>
  <rule>HelloWorld</rule>
  <declarations>$newEvent=com.sample.model.Event@edf1de(402)</declarations>
</org.drools.audit.event.ActivationLogEvent>
<org.drools.audit.event.ActivationLogEvent>
  <type>6</type>
  <activationId>Example [402, 0]</activationId>
  <rule>Example</rule>
  <declarations>$newEvent0=com.sample.model.Event@edf1de(402)</declarations>
</org.drools.audit.event.ActivationLogEvent>
<org.drools.audit.event.ActivationLogEvent>
  <type>4</type>
  <activationId>Example2 [403]</activationId>
  <rule>Example2</rule>
  <declarations>$newEvent=com.sample.model.Event@5a2264c(403)</declarations>
</org.drools.audit.event.ActivationLogEvent>
<org.drools.audit.event.ObjectLogEvent>
  <type>1</type>
  <factId>403</factId>
  <objectToString>com.sample.model.Event@5a2264c</objectToString>
</org.drools.audit.event.ObjectLogEvent>
<org.drools.audit.event.ActivationLogEvent>
  <type>7</type>
  <activationId>Example [402, 0]</activationId>
  <rule>Example</rule>
  <declarations>$newEvent0=com.sample.model.Event@edf1de(402)</declarations>
</org.drools.audit.event.ActivationLogEvent>
<org.drools.audit.event.ActivationLogEvent>
  <type>6</type>
  <activationId>Example2 [403]</activationId>
  <rule>Example2</rule>
  <declarations>$newEvent=com.sample.model.Event@5a2264c(403)</declarations>
</org.drools.audit.event.ActivationLogEvent>
<org.drools.audit.event.ActivationLogEvent>
  <type>7</type>
  <activationId>Example2 [403]</activationId>
  <rule>Example2</rule>
  <declarations>$newEvent=com.sample.model.Event@5a2264c(403)</declarations>
</org.drools.audit.event.ActivationLogEvent>
<org.drools.audit.event.ObjectLogEvent>
  <type>1</type>
  <factId>404</factId>
  <objectToString>com.sample.model.Event@58804a77</objectToString>
</org.drools.audit.event.ObjectLogEvent>
<org.drools.audit.event.ActivationLogEvent>
  <type>4</type>
  <activationId>Example [404, 0]</activationId>
  <rule>Example</rule>
  <declarations>$newEvent0=com.sample.model.Event@58804a77(404)</declarations>
</org.drools.audit.event.ActivationLogEvent>
<org.drools.audit.event.ActivationLogEvent>
  <type>4</type>
  <activationId>HelloWorld [404, 0]</activationId>
  <rule>HelloWorld</rule>
  <declarations>$newEvent=com.sample.model.Event@58804a77(404)</declarations>
</org.drools.audit.event.ActivationLogEvent>
<org.drools.audit.event.ActivationLogEvent>
  <type>6</type>
  <activationId>HelloWorld [404, 0]</activationId>
  <rule>HelloWorld</rule>
  <declarations>$newEvent=com.sample.model.Event@58804a77(404)</declarations>
</org.drools.audit.event.ActivationLogEvent>
<org.drools.audit.event.ActivationLogEvent>
  <type>7</type>
  <activationId>HelloWorld [404, 0]</activationId>
  <rule>HelloWorld</rule>
  <declarations>$newEvent=com.sample.model.Event@58804a77(404)</declarations>
</org.drools.audit.event.ActivationLogEvent>
<org.drools.audit.event.ActivationLogEvent>
  <type>6</type>
  <activationId>Example [404, 0]</activationId>
  <rule>Example</rule>
  <declarations>$newEvent0=com.sample.model.Event@58804a77(404)</declarations>
</org.drools.audit.event.ActivationLogEvent>
<org.drools.audit.event.ActivationLogEvent>
  <type>4</type>
  <activationId>Example2 [405]</activationId>
  <rule>Example2</rule>
  <declarations>$newEvent=com.sample.model.Event@1cc33893(405)</declarations>
</org.drools.audit.event.ActivationLogEvent>
<org.drools.audit.event.ObjectLogEvent>
  <type>1</type>
  <factId>405</factId>
  <objectToString>com.sample.model.Event@1cc33893</objectToString>
</org.drools.audit.event.ObjectLogEvent>
<org.drools.audit.event.ActivationLogEvent>
  <type>7</type>
  <activationId>Example [404, 0]</activationId>
  <rule>Example</rule>
  <declarations>$newEvent0=com.sample.model.Event@58804a77(404)</declarations>
</org.drools.audit.event.ActivationLogEvent>
<org.drools.audit.event.ActivationLogEvent>
  <type>6</type>
  <activationId>Example2 [405]</activationId>
  <rule>Example2</rule>
  <declarations>$newEvent=com.sample.model.Event@1cc33893(405)</declarations>
</org.drools.audit.event.ActivationLogEvent>
<org.drools.audit.event.ActivationLogEvent>
  <type>7</type>
  <activationId>Example2 [405]</activationId>
  <rule>Example2</rule>
  <declarations>$newEvent=com.sample.model.Event@1cc33893(405)</declarations>
</org.drools.audit.event.ActivationLogEvent>
<org.drools.audit.event.ObjectLogEvent>
  <type>1</type>
  <factId>406</factId>
  <objectToString>com.sample.model.Event@54b749a5</objectToString>
</org.drools.audit.event.ObjectLogEvent>
<org.drools.audit.event.ActivationLogEvent>
  <type>4</type>
  <activationId>Example [406, 0]</activationId>
  <rule>Example</rule>
  <declarations>$newEvent0=com.sample.model.Event@54b749a5(406)</declarations>
</org.drools.audit.event.ActivationLogEvent>
<org.drools.audit.event.ActivationLogEvent>
  <type>4</type>
  <activationId>HelloWorld [406, 0]</activationId>
  <rule>HelloWorld</rule>
  <declarations>$newEvent=com.sample.model.Event@54b749a5(406)</declarations>
</org.drools.audit.event.ActivationLogEvent>
<org.drools.audit.event.ActivationLogEvent>
  <type>6</type>
  <activationId>HelloWorld [406, 0]</activationId>
  <rule>HelloWorld</rule>
  <declarations>$newEvent=com.sample.model.Event@54b749a5(406)</declarations>
</org.drools.audit.event.ActivationLogEvent>
<org.drools.audit.event.ActivationLogEvent>
  <type>7</type>
  <activationId>HelloWorld [406, 0]</activationId>
  <rule>HelloWorld</rule>
  <declarations>$newEvent=com.sample.model.Event@54b749a5(406)</declarations>
</org.drools.audit.event.ActivationLogEvent>
<org.drools.audit.event.ActivationLogEvent>
  <type>6</type>
  <activationId>Example [406, 0]</activationId>
  <rule>Example</rule>
  <declarations>$newEvent0=com.sample.model.Event@54b749a5(406)</declarations>
</org.drools.audit.event.ActivationLogEvent>
<org.drools.audit.event.ActivationLogEvent>
  <type>4</type>
  <activationId>Example2 [407]</activationId>
  <rule>Example2</rule>
  <declarations>$newEvent=com.sample.model.Event@324e68fb(407)</declarations>
</org.drools.audit.event.ActivationLogEvent>
<org.drools.audit.event.ObjectLogEvent>
  <type>1</type>
  <factId>407</factId>
  <objectToString>com.sample.model.Event@324e68fb</objectToString>
</org.drools.audit.event.ObjectLogEvent>
<org.drools.audit.event.ActivationLogEvent>
  <type>7</type>
  <activationId>Example [406, 0]</activationId>
  <rule>Example</rule>
  <declarations>$newEvent0=com.sample.model.Event@54b749a5(406)</declarations>
</org.drools.audit.event.ActivationLogEvent>
<org.drools.audit.event.ActivationLogEvent>
  <type>6</type>
  <activationId>Example2 [407]</activationId>
  <rule>Example2</rule>
  <declarations>$newEvent=com.sample.model.Event@324e68fb(407)</declarations>
</org.drools.audit.event.ActivationLogEvent>
<org.drools.audit.event.ActivationLogEvent>
  <type>7</type>
  <activationId>Example2 [407]</activationId>
  <rule>Example2</rule>
  <declarations>$newEvent=com.sample.model.Event@324e68fb(407)</declarations>
</org.drools.audit.event.ActivationLogEvent>
<org.drools.audit.event.ObjectLogEvent>
  <type>1</type>
  <factId>408</factId>
  <objectToString>com.sample.model.Event@39ce508a</objectToString>
</org.drools.audit.event.ObjectLogEvent>
<org.drools.audit.event.ActivationLogEvent>
  <type>4</type>
  <activationId>Example [408, 0]</activationId>
  <rule>Example</rule>
  <declarations>$newEvent0=com.sample.model.Event@39ce508a(408)</declarations>
</org.drools.audit.event.ActivationLogEvent>
<org.drools.audit.event.ActivationLogEvent>
  <type>4</type>
  <activationId>HelloWorld [408, 0]</activationId>
  <rule>HelloWorld</rule>
  <declarations>$newEvent=com.sample.model.Event@39ce508a(408)</declarations>
</org.drools.audit.event.ActivationLogEvent>
<org.drools.audit.event.ActivationLogEvent>
  <type>6</type>
  <activationId>HelloWorld [408, 0]</activationId>
  <rule>HelloWorld</rule>
  <declarations>$newEvent=com.sample.model.Event@39ce508a(408)</declarations>
</org.drools.audit.event.ActivationLogEvent>
<org.drools.audit.event.ActivationLogEvent>
  <type>7</type>
  <activationId>HelloWorld [408, 0]</activationId>
  <rule>HelloWorld</rule>
  <declarations>$newEvent=com.sample.model.Event@39ce508a(408)</declarations>
</org.drools.audit.event.ActivationLogEvent>
<org.drools.audit.event.ActivationLogEvent>
  <type>6</type>
  <activationId>Example [408, 0]</activationId>
  <rule>Example</rule>
  <declarations>$newEvent0=com.sample.model.Event@39ce508a(408)</declarations>
</org.drools.audit.event.ActivationLogEvent>
<org.drools.audit.event.ActivationLogEvent>
  <type>4</type>
  <activationId>Example2 [409]</activationId>
  <rule>Example2</rule>
  <declarations>$newEvent=com.sample.model.Event@246f9f88(409)</declarations>
</org.drools.audit.event.ActivationLogEvent>
<org.drools.audit.event.ObjectLogEvent>
  <type>1</type>
  <factId>409</factId>
  <objectToString>com.sample.model.Event@246f9f88</objectToString>
</org.drools.audit.event.ObjectLogEvent>
<org.drools.audit.event.ActivationLogEvent>
  <type>7</type>
  <activationId>Example [408, 0]</activationId>
  <rule>Example</rule>
  <declarations>$newEvent0=com.sample.model.Event@39ce508a(408)</declarations>
</org.drools.audit.event.ActivationLogEvent>
<org.drools.audit.event.ActivationLogEvent>
  <type>6</type>
  <activationId>Example2 [409]</activationId>
  <rule>Example2</rule>
  <declarations>$newEvent=com.sample.model.Event@246f9f88(409)</declarations>
</org.drools.audit.event.ActivationLogEvent>
<org.drools.audit.event.ActivationLogEvent>
  <type>7</type>
  <activationId>Example2 [409]</activationId>
  <rule>Example2</rule>
  <declarations>$newEvent=com.sample.model.Event@246f9f88(409)</declarations>
</org.drools.audit.event.ActivationLogEvent>
<org.drools.audit.event.ObjectLogEvent>
  <type>1</type>
  <factId>410</factId>
  <objectToString>com.sample.model.Event@1c52ac68</objectToString>
</org.drools.audit.event.ObjectLogEvent>
<org.drools.audit.event.ActivationLogEvent>
  <type>4</type>
  <activationId>Example [410, 0]</activationId>
  <rule>Example</rule>
  <declarations>$newEvent0=com.sample.model.Event@1c52ac68(410)</declarations>
</org.drools.audit.event.ActivationLogEvent>
<org.drools.audit.event.ActivationLogEvent>
  <type>4</type>
  <activationId>HelloWorld [410, 0]</activationId>
  <rule>HelloWorld</rule>
  <declarations>$newEvent=com.sample.model.Event@1c52ac68(410)</declarations>
</org.drools.audit.event.ActivationLogEvent>
<org.drools.audit.event.ActivationLogEvent>
  <type>6</type>
  <activationId>HelloWorld [410, 0]</activationId>
  <rule>HelloWorld</rule>
  <declarations>$newEvent=com.sample.model.Event@1c52ac68(410)</declarations>
</org.drools.audit.event.ActivationLogEvent>
<org.drools.audit.event.ActivationLogEvent>
  <type>7</type>
  <activationId>HelloWorld [410, 0]</activationId>
  <rule>HelloWorld</rule>
  <declarations>$newEvent=com.sample.model.Event@1c52ac68(410)</declarations>
</org.drools.audit.event.ActivationLogEvent>
<org.drools.audit.event.ActivationLogEvent>
  <type>6</type>
  <activationId>Example [410, 0]</activationId>
  <rule>Example</rule>
  <declarations>$newEvent0=com.sample.model.Event@1c52ac68(410)</declarations>
</org.drools.audit.event.ActivationLogEvent>
<org.drools.audit.event.ActivationLogEvent>
  <type>4</type>
  <activationId>Example2 [411]</activationId>
  <rule>Example2</rule>
  <declarations>$newEvent=com.sample.model.Event@78d9ab8(411)</declarations>
</org.drools.audit.event.ActivationLogEvent>
<org.drools.audit.event.ObjectLogEvent>
  <type>1</type>
  <factId>411</factId>
  <objectToString>com.sample.model.Event@78d9ab8</objectToString>
</org.drools.audit.event.ObjectLogEvent>
<org.drools.audit.event.ActivationLogEvent>
  <type>7</type>
  <activationId>Example [410, 0]</activationId>
  <rule>Example</rule>
  <declarations>$newEvent0=com.sample.model.Event@1c52ac68(410)</declarations>
</org.drools.audit.event.ActivationLogEvent>
<org.drools.audit.event.ActivationLogEvent>
  <type>6</type>
  <activationId>Example2 [411]</activationId>
  <rule>Example2</rule>
  <declarations>$newEvent=com.sample.model.Event@78d9ab8(411)</declarations>
</org.drools.audit.event.ActivationLogEvent>
<org.drools.audit.event.ActivationLogEvent>
  <type>7</type>
  <activationId>Example2 [411]</activationId>
  <rule>Example2</rule>
  <declarations>$newEvent=com.sample.model.Event@78d9ab8(411)</declarations>
</org.drools.audit.event.ActivationLogEvent>
<org.drools.audit.event.ObjectLogEvent>
  <type>1</type>
  <factId>412</factId>
  <objectToString>com.sample.model.Event@61a8a9e7</objectToString>
</org.drools.audit.event.ObjectLogEvent>
<org.drools.audit.event.ActivationLogEvent>
  <type>4</type>
  <activationId>Example [412, 0]</activationId>
  <rule>Example</rule>
  <declarations>$newEvent0=com.sample.model.Event@61a8a9e7(412)</declarations>
</org.drools.audit.event.ActivationLogEvent>
<org.drools.audit.event.ActivationLogEvent>
  <type>4</type>
  <activationId>HelloWorld [412, 0]</activationId>
  <rule>HelloWorld</rule>
  <declarations>$newEvent=com.sample.model.Event@61a8a9e7(412)</declarations>
</org.drools.audit.event.ActivationLogEvent>
<org.drools.audit.event.ActivationLogEvent>
  <type>6</type>
  <activationId>HelloWorld [412, 0]</activationId>
  <rule>HelloWorld</rule>
  <declarations>$newEvent=com.sample.model.Event@61a8a9e7(412)</declarations>
</org.drools.audit.event.ActivationLogEvent>
<org.drools.audit.event.ActivationLogEvent>
  <type>7</type>
  <activationId>HelloWorld [412, 0]</activationId>
  <rule>HelloWorld</rule>
  <declarations>$newEvent=com.sample.model.Event@61a8a9e7(412)</declarations>
</org.drools.audit.event.ActivationLogEvent>
<org.drools.audit.event.ActivationLogEvent>
  <type>6</type>
  <activationId>Example [412, 0]</activationId>
  <rule>Example</rule>
  <declarations>$newEvent0=com.sample.model.Event@61a8a9e7(412)</declarations>
</org.drools.audit.event.ActivationLogEvent>
<org.drools.audit.event.ActivationLogEvent>
  <type>4</type>
  <activationId>Example2 [413]</activationId>
  <rule>Example2</rule>
  <declarations>$newEvent=com.sample.model.Event@2a38d0a8(413)</declarations>
</org.drools.audit.event.ActivationLogEvent>
<org.drools.audit.event.ObjectLogEvent>
  <type>1</type>
  <factId>413</factId>
  <objectToString>com.sample.model.Event@2a38d0a8</objectToString>
</org.drools.audit.event.ObjectLogEvent>
<org.drools.audit.event.ActivationLogEvent>
  <type>7</type>
  <activationId>Example [412, 0]</activationId>
  <rule>Example</rule>
  <declarations>$newEvent0=com.sample.model.Event@61a8a9e7(412)</declarations>
</org.drools.audit.event.ActivationLogEvent>
<org.drools.audit.event.ActivationLogEvent>
  <type>6</type>
  <activationId>Example2 [413]</activationId>
  <rule>Example2</rule>
  <declarations>$newEvent=com.sample.model.Event@2a38d0a8(413)</declarations>
</org.drools.audit.event.ActivationLogEvent>
<org.drools.audit.event.ActivationLogEvent>
  <type>7</type>
  <activationId>Example2 [413]</activationId>
  <rule>Example2</rule>
  <declarations>$newEvent=com.sample.model.Event@2a38d0a8(413)</declarations>
</org.drools.audit.event.ActivationLogEvent>
<org.drools.audit.event.ObjectLogEvent>
  <type>1</type>
  <factId>414</factId>
  <objectToString>com.sample.model.Event@10c042ab</objectToString>
</org.drools.audit.event.ObjectLogEvent>
<org.drools.audit.event.ActivationLogEvent>
  <type>4</type>
  <activationId>Example [414, 0]</activationId>
  <rule>Example</rule>
  <declarations>$newEvent0=com.sample.model.Event@10c042ab(414)</declarations>
</org.drools.audit.event.ActivationLogEvent>
<org.drools.audit.event.ActivationLogEvent>
  <type>4</type>
  <activationId>HelloWorld [414, 0]</activationId>
  <rule>HelloWorld</rule>
  <declarations>$newEvent=com.sample.model.Event@10c042ab(414)</declarations>
</org.drools.audit.event.ActivationLogEvent>
<org.drools.audit.event.ActivationLogEvent>
  <type>6</type>
  <activationId>HelloWorld [414, 0]</activationId>
  <rule>HelloWorld</rule>
  <declarations>$newEvent=com.sample.model.Event@10c042ab(414)</declarations>
</org.drools.audit.event.ActivationLogEvent>
<org.drools.audit.event.ActivationLogEvent>
  <type>7</type>
  <activationId>HelloWorld [414, 0]</activationId>
  <rule>HelloWorld</rule>
  <declarations>$newEvent=com.sample.model.Event@10c042ab(414)</declarations>
</org.drools.audit.event.ActivationLogEvent>
<org.drools.audit.event.ActivationLogEvent>
  <type>6</type>
  <activationId>Example [414, 0]</activationId>
  <rule>Example</rule>
  <declarations>$newEvent0=com.sample.model.Event@10c042ab(414)</declarations>
</org.drools.audit.event.ActivationLogEvent>
<org.drools.audit.event.ActivationLogEvent>
  <type>4</type>
  <activationId>Example2 [415]</activationId>
  <rule>Example2</rule>
  <declarations>$newEvent=com.sample.model.Event@413f9276(415)</declarations>
</org.drools.audit.event.ActivationLogEvent>
<org.drools.audit.event.ObjectLogEvent>
  <type>1</type>
  <factId>415</factId>
  <objectToString>com.sample.model.Event@413f9276</objectToString>
</org.drools.audit.event.ObjectLogEvent>
<org.drools.audit.event.ActivationLogEvent>
  <type>7</type>
  <activationId>Example [414, 0]</activationId>
  <rule>Example</rule>
  <declarations>$newEvent0=com.sample.model.Event@10c042ab(414)</declarations>
</org.drools.audit.event.ActivationLogEvent>
<org.drools.audit.event.ActivationLogEvent>
  <type>6</type>
  <activationId>Example2 [415]</activationId>
  <rule>Example2</rule>
  <declarations>$newEvent=com.sample.model.Event@413f9276(415)</declarations>
</org.drools.audit.event.ActivationLogEvent>
<org.drools.audit.event.ActivationLogEvent>
  <type>7</type>
  <activationId>Example2 [415]</activationId>
  <rule>Example2</rule>
  <declarations>$newEvent=com.sample.model.Event@413f9276(415)</declarations>
</org.drools.audit.event.ActivationLogEvent>
<org.drools.audit.event.ObjectLogEvent>
  <type>1</type>
  <factId>416</factId>
  <objectToString>com.sample.model.Event@34a8a271</objectToString>
</org.drools.audit.event.ObjectLogEvent>
<org.drools.audit.event.ActivationLogEvent>
  <type>4</type>
  <activationId>Example [416, 0]</activationId>
  <rule>Example</rule>
  <declarations>$newEvent0=com.sample.model.Event@34a8a271(416)</declarations>
</org.drools.audit.event.ActivationLogEvent>
<org.drools.audit.event.ActivationLogEvent>
  <type>4</type>
  <activationId>HelloWorld [416, 0]</activationId>
  <rule>HelloWorld</rule>
  <declarations>$newEvent=com.sample.model.Event@34a8a271(416)</declarations>
</org.drools.audit.event.ActivationLogEvent>
<org.drools.audit.event.ActivationLogEvent>
  <type>6</type>
  <activationId>HelloWorld [416, 0]</activationId>
  <rule>HelloWorld</rule>
  <declarations>$newEvent=com.sample.model.Event@34a8a271(416)</declarations>
</org.drools.audit.event.ActivationLogEvent>
<org.drools.audit.event.ActivationLogEvent>
  <type>7</type>
  <activationId>HelloWorld [416, 0]</activationId>
  <rule>HelloWorld</rule>
  <declarations>$newEvent=com.sample.model.Event@34a8a271(416)</declarations>
</org.drools.audit.event.ActivationLogEvent>
<org.drools.audit.event.ActivationLogEvent>
  <type>6</type>
  <activationId>Example [416, 0]</activationId>
  <rule>Example</rule>
  <declarations>$newEvent0=com.sample.model.Event@34a8a271(416)</declarations>
</org.drools.audit.event.ActivationLogEvent>
<org.drools.audit.event.ActivationLogEvent>
  <type>4</type>
  <activationId>Example2 [417]</activationId>
  <rule>Example2</rule>
  <declarations>$newEvent=com.sample.model.Event@28f1bcde(417)</declarations>
</org.drools.audit.event.ActivationLogEvent>
<org.drools.audit.event.ObjectLogEvent>
  <type>1</type>
  <factId>417</factId>
  <objectToString>com.sample.model.Event@28f1bcde</objectToString>
</org.drools.audit.event.ObjectLogEvent>
<org.drools.audit.event.ActivationLogEvent>
  <type>7</type>
  <activationId>Example [416, 0]</activationId>
  <rule>Example</rule>
  <declarations>$newEvent0=com.sample.model.Event@34a8a271(416)</declarations>
</org.drools.audit.event.ActivationLogEvent>
<org.drools.audit.event.ActivationLogEvent>
  <type>6</type>
  <activationId>Example2 [417]</activationId>
  <rule>Example2</rule>
  <declarations>$newEvent=com.sample.model.Event@28f1bcde(417)</declarations>
</org.drools.audit.event.ActivationLogEvent>
<org.drools.audit.event.ActivationLogEvent>
  <type>7</type>
  <activationId>Example2 [417]</activationId>
  <rule>Example2</rule>
  <declarations>$newEvent=com.sample.model.Event@28f1bcde(417)</declarations>
</org.drools.audit.event.ActivationLogEvent>
<org.drools.audit.event.ObjectLogEvent>
  <type>1</type>
  <factId>418</factId>
  <objectToString>com.sample.model.Event@16a6a7d2</objectToString>
</org.drools.audit.event.ObjectLogEvent>
<org.drools.audit.event.ActivationLogEvent>
  <type>4</type>
  <activationId>Example [418, 0]</activationId>
  <rule>Example</rule>
  <declarations>$newEvent0=com.sample.model.Event@16a6a7d2(418)</declarations>
</org.drools.audit.event.ActivationLogEvent>
<org.drools.audit.event.ActivationLogEvent>
  <type>4</type>
  <activationId>HelloWorld [418, 0]</activationId>
  <rule>HelloWorld</rule>
  <declarations>$newEvent=com.sample.model.Event@16a6a7d2(418)</declarations>
</org.drools.audit.event.ActivationLogEvent>
<org.drools.audit.event.ActivationLogEvent>
  <type>6</type>
  <activationId>HelloWorld [418, 0]</activationId>
  <rule>HelloWorld</rule>
  <declarations>$newEvent=com.sample.model.Event@16a6a7d2(418)</declarations>
</org.drools.audit.event.ActivationLogEvent>
<org.drools.audit.event.ActivationLogEvent>
  <type>7</type>
  <activationId>HelloWorld [418, 0]</activationId>
  <rule>HelloWorld</rule>
  <declarations>$newEvent=com.sample.model.Event@16a6a7d2(418)</declarations>
</org.drools.audit.event.ActivationLogEvent>
<org.drools.audit.event.ActivationLogEvent>
  <type>6</type>
  <activationId>Example [418, 0]</activationId>
  <rule>Example</rule>
  <declarations>$newEvent0=com.sample.model.Event@16a6a7d2(418)</declarations>
</org.drools.audit.event.ActivationLogEvent>
<org.drools.audit.event.ActivationLogEvent>
  <type>4</type>
  <activationId>Example2 [419]</activationId>
  <rule>Example2</rule>
  <declarations>$newEvent=com.sample.model.Event@1704ebb(419)</declarations>
</org.drools.audit.event.ActivationLogEvent>
<org.drools.audit.event.ObjectLogEvent>
  <type>1</type>
  <factId>419</factId>
  <objectToString>com.sample.model.Event@1704ebb</objectToString>
</org.drools.audit.event.ObjectLogEvent>
<org.drools.audit.event.ActivationLogEvent>
  <type>7</type>
  <activationId>Example [418, 0]</activationId>
  <rule>Example</rule>
  <declarations>$newEvent0=com.sample.model.Event@16a6a7d2(418)</declarations>
</org.drools.audit.event.ActivationLogEvent>
<org.drools.audit.event.ActivationLogEvent>
  <type>6</type>
  <activationId>Example2 [419]</activationId>
  <rule>Example2</rule>
  <declarations>$newEvent=com.sample.model.Event@1704ebb(419)</declarations>
</org.drools.audit.event.ActivationLogEvent>
<org.drools.audit.event.ActivationLogEvent>
  <type>7</type>
  <activationId>Example2 [419]</activationId>
  <rule>Example2</rule>
  <declarations>$newEvent=com.sample.model.Event@1704ebb(419)</declarations>
</org.drools.audit.event.ActivationLogEvent>
<org.drools.audit.event.ObjectLogEvent>
  <type>1</type>
  <factId>420</factId>
  <objectToString>com.sample.model.Event@7440d7b9</objectToString>
</org.drools.audit.event.ObjectLogEvent>
<org.drools.audit.event.ActivationLogEvent>
  <type>4</type>
  <activationId>Example [420, 0]</activationId>
  <rule>Example</rule>
  <declarations>$newEvent0=com.sample.model.Event@7440d7b9(420)</declarations>
</org.drools.audit.event.ActivationLogEvent>
<org.drools.audit.event.ActivationLogEvent>
  <type>4</type>
  <activationId>HelloWorld [420, 0]</activationId>
  <rule>HelloWorld</rule>
  <declarations>$newEvent=com.sample.model.Event@7440d7b9(420)</declarations>
</org.drools.audit.event.ActivationLogEvent>
<org.drools.audit.event.ActivationLogEvent>
  <type>6</type>
  <activationId>HelloWorld [420, 0]</activationId>
  <rule>HelloWorld</rule>
  <declarations>$newEvent=com.sample.model.Event@7440d7b9(420)</declarations>
</org.drools.audit.event.ActivationLogEvent>
<org.drools.audit.event.ActivationLogEvent>
  <type>7</type>
  <activationId>HelloWorld [420, 0]</activationId>
  <rule>HelloWorld</rule>
  <declarations>$newEvent=com.sample.model.Event@7440d7b9(420)</declarations>
</org.drools.audit.event.ActivationLogEvent>
<org.drools.audit.event.ActivationLogEvent>
  <type>6</type>
  <activationId>Example [420, 0]</activationId>
  <rule>Example</rule>
  <declarations>$newEvent0=com.sample.model.Event@7440d7b9(420)</declarations>
</org.drools.audit.event.ActivationLogEvent>
<org.drools.audit.event.ActivationLogEvent>
  <type>4</type>
  <activationId>Example2 [421]</activationId>
  <rule>Example2</rule>
  <declarations>$newEvent=com.sample.model.Event@15dbac11(421)</declarations>
</org.drools.audit.event.ActivationLogEvent>
<org.drools.audit.event.ObjectLogEvent>
  <type>1</type>
  <factId>421</factId>
  <objectToString>com.sample.model.Event@15dbac11</objectToString>
</org.drools.audit.event.ObjectLogEvent>
<org.drools.audit.event.ActivationLogEvent>
  <type>7</type>
  <activationId>Example [420, 0]</activationId>
  <rule>Example</rule>
  <declarations>$newEvent0=com.sample.model.Event@7440d7b9(420)</declarations>
</org.drools.audit.event.ActivationLogEvent>
<org.drools.audit.event.ActivationLogEvent>
  <type>6</type>
  <activationId>Example2 [421]</activationId>
  <rule>Example2</rule>
  <declarations>$newEvent=com.sample.model.Event@15dbac11(421)</declarations>
</org.drools.audit.event.ActivationLogEvent>
<org.drools.audit.event.ActivationLogEvent>
  <type>7</type>
  <activationId>Example2 [421]</activationId>
  <rule>Example2</rule>
  <declarations>$newEvent=com.sample.model.Event@15dbac11(421)</declarations>
</org.drools.audit.event.ActivationLogEvent>
<org.drools.audit.event.ObjectLogEvent>
  <type>1</type>
  <factId>422</factId>
  <objectToString>com.sample.model.Event@8fd9b4d</objectToString>
</org.drools.audit.event.ObjectLogEvent>
<org.drools.audit.event.ActivationLogEvent>
  <type>4</type>
  <activationId>Example [422, 0]</activationId>
  <rule>Example</rule>
  <declarations>$newEvent0=com.sample.model.Event@8fd9b4d(422)</declarations>
</org.drools.audit.event.ActivationLogEvent>
<org.drools.audit.event.ActivationLogEvent>
  <type>4</type>
  <activationId>HelloWorld [422, 0]</activationId>
  <rule>HelloWorld</rule>
  <declarations>$newEvent=com.sample.model.Event@8fd9b4d(422)</declarations>
</org.drools.audit.event.ActivationLogEvent>
<org.drools.audit.event.ActivationLogEvent>
  <type>6</type>
  <activationId>HelloWorld [422, 0]</activationId>
  <rule>HelloWorld</rule>
  <declarations>$newEvent=com.sample.model.Event@8fd9b4d(422)</declarations>
</org.drools.audit.event.ActivationLogEvent>
<org.drools.audit.event.ActivationLogEvent>
  <type>7</type>
  <activationId>HelloWorld [422, 0]</activationId>
  <rule>HelloWorld</rule>
  <declarations>$newEvent=com.sample.model.Event@8fd9b4d(422)</declarations>
</org.drools.audit.event.ActivationLogEvent>
<org.drools.audit.event.ActivationLogEvent>
  <type>6</type>
  <activationId>Example [422, 0]</activationId>
  <rule>Example</rule>
  <declarations>$newEvent0=com.sample.model.Event@8fd9b4d(422)</declarations>
</org.drools.audit.event.ActivationLogEvent>
<org.drools.audit.event.ActivationLogEvent>
  <type>4</type>
  <activationId>Example2 [423]</activationId>
  <rule>Example2</rule>
  <declarations>$newEvent=com.sample.model.Event@41dee0d7(423)</declarations>
</org.drools.audit.event.ActivationLogEvent>
<org.drools.audit.event.ObjectLogEvent>
  <type>1</type>
  <factId>423</factId>
  <objectToString>com.sample.model.Event@41dee0d7</objectToString>
</org.drools.audit.event.ObjectLogEvent>
<org.drools.audit.event.ActivationLogEvent>
  <type>7</type>
  <activationId>Example [422, 0]</activationId>
  <rule>Example</rule>
  <declarations>$newEvent0=com.sample.model.Event@8fd9b4d(422)</declarations>
</org.drools.audit.event.ActivationLogEvent>
<org.drools.audit.event.ActivationLogEvent>
  <type>6</type>
  <activationId>Example2 [423]</activationId>
  <rule>Example2</rule>
  <declarations>$newEvent=com.sample.model.Event@41dee0d7(423)</declarations>
</org.drools.audit.event.ActivationLogEvent>
<org.drools.audit.event.ActivationLogEvent>
  <type>7</type>
  <activationId>Example2 [423]</activationId>
  <rule>Example2</rule>
  <declarations>$newEvent=com.sample.model.Event@41dee0d7(423)</declarations>
</org.drools.audit.event.ActivationLogEvent>
<org.drools.audit.event.ObjectLogEvent>
  <type>1</type>
  <factId>424</factId>
  <objectToString>com.sample.model.Event@f7b650a</objectToString>
</org.drools.audit.event.ObjectLogEvent>
<org.drools.audit.event.ActivationLogEvent>
  <type>4</type>
  <activationId>Example [424, 0]</activationId>
  <rule>Example</rule>
  <declarations>$newEvent0=com.sample.model.Event@f7b650a(424)</declarations>
</org.drools.audit.event.ActivationLogEvent>
<org.drools.audit.event.ActivationLogEvent>
  <type>4</type>
  <activationId>HelloWorld [424, 0]</activationId>
  <rule>HelloWorld</rule>
  <declarations>$newEvent=com.sample.model.Event@f7b650a(424)</declarations>
</org.drools.audit.event.ActivationLogEvent>
<org.drools.audit.event.ActivationLogEvent>
  <type>6</type>
  <activationId>HelloWorld [424, 0]</activationId>
  <rule>HelloWorld</rule>
  <declarations>$newEvent=com.sample.model.Event@f7b650a(424)</declarations>
</org.drools.audit.event.ActivationLogEvent>
<org.drools.audit.event.ActivationLogEvent>
  <type>7</type>
  <activationId>HelloWorld [424, 0]</activationId>
  <rule>HelloWorld</rule>
  <declarations>$newEvent=com.sample.model.Event@f7b650a(424)</declarations>
</org.drools.audit.event.ActivationLogEvent>
<org.drools.audit.event.ActivationLogEvent>
  <type>6</type>
  <activationId>Example [424, 0]</activationId>
  <rule>Example</rule>
  <declarations>$newEvent0=com.sample.model.Event@f7b650a(424)</declarations>
</org.drools.audit.event.ActivationLogEvent>
<org.drools.audit.event.ActivationLogEvent>
  <type>4</type>
  <activationId>Example2 [425]</activationId>
  <rule>Example2</rule>
  <declarations>$newEvent=com.sample.model.Event@2073b879(425)</declarations>
</org.drools.audit.event.ActivationLogEvent>
<org.drools.audit.event.ObjectLogEvent>
  <type>1</type>
  <factId>425</factId>
  <objectToString>com.sample.model.Event@2073b879</objectToString>
</org.drools.audit.event.ObjectLogEvent>
<org.drools.audit.event.ActivationLogEvent>
  <type>7</type>
  <activationId>Example [424, 0]</activationId>
  <rule>Example</rule>
  <declarations>$newEvent0=com.sample.model.Event@f7b650a(424)</declarations>
</org.drools.audit.event.ActivationLogEvent>
<org.drools.audit.event.ActivationLogEvent>
  <type>6</type>
  <activationId>Example2 [425]</activationId>
  <rule>Example2</rule>
  <declarations>$newEvent=com.sample.model.Event@2073b879(425)</declarations>
</org.drools.audit.event.ActivationLogEvent>
<org.drools.audit.event.ActivationLogEvent>
  <type>7</type>
  <activationId>Example2 [425]</activationId>
  <rule>Example2</rule>
  <declarations>$newEvent=com.sample.model.Event@2073b879(425)</declarations>
</org.drools.audit.event.ActivationLogEvent>
<org.drools.audit.event.ObjectLogEvent>
  <type>1</type>
  <factId>426</factId>
  <objectToString>com.sample.model.Event@d542094</objectToString>
</org.drools.audit.event.ObjectLogEvent>
<org.drools.audit.event.ActivationLogEvent>
  <type>4</type>
  <activationId>Example [426, 0]</activationId>
  <rule>Example</rule>
  <declarations>$newEvent0=com.sample.model.Event@d542094(426)</declarations>
</org.drools.audit.event.ActivationLogEvent>
<org.drools.audit.event.ActivationLogEvent>
  <type>4</type>
  <activationId>HelloWorld [426, 0]</activationId>
  <rule>HelloWorld</rule>
  <declarations>$newEvent=com.sample.model.Event@d542094(426)</declarations>
</org.drools.audit.event.ActivationLogEvent>
<org.drools.audit.event.ActivationLogEvent>
  <type>6</type>
  <activationId>HelloWorld [426, 0]</activationId>
  <rule>HelloWorld</rule>
  <declarations>$newEvent=com.sample.model.Event@d542094(426)</declarations>
</org.drools.audit.event.ActivationLogEvent>
<org.drools.audit.event.ActivationLogEvent>
  <type>7</type>
  <activationId>HelloWorld [426, 0]</activationId>
  <rule>HelloWorld</rule>
  <declarations>$newEvent=com.sample.model.Event@d542094(426)</declarations>
</org.drools.audit.event.ActivationLogEvent>
<org.drools.audit.event.ActivationLogEvent>
  <type>6</type>
  <activationId>Example [426, 0]</activationId>
  <rule>Example</rule>
  <declarations>$newEvent0=com.sample.model.Event@d542094(426)</declarations>
</org.drools.audit.event.ActivationLogEvent>
<org.drools.audit.event.ActivationLogEvent>
  <type>4</type>
  <activationId>Example2 [427]</activationId>
  <rule>Example2</rule>
  <declarations>$newEvent=com.sample.model.Event@190d0630(427)</declarations>
</org.drools.audit.event.ActivationLogEvent>
<org.drools.audit.event.ObjectLogEvent>
  <type>1</type>
  <factId>427</factId>
  <objectToString>com.sample.model.Event@190d0630</objectToString>
</org.drools.audit.event.ObjectLogEvent>
<org.drools.audit.event.ActivationLogEvent>
  <type>7</type>
  <activationId>Example [426, 0]</activationId>
  <rule>Example</rule>
  <declarations>$newEvent0=com.sample.model.Event@d542094(426)</declarations>
</org.drools.audit.event.ActivationLogEvent>
<org.drools.audit.event.ActivationLogEvent>
  <type>6</type>
  <activationId>Example2 [427]</activationId>
  <rule>Example2</rule>
  <declarations>$newEvent=com.sample.model.Event@190d0630(427)</declarations>
</org.drools.audit.event.ActivationLogEvent>
<org.drools.audit.event.ActivationLogEvent>
  <type>7</type>
  <activationId>Example2 [427]</activationId>
  <rule>Example2</rule>
  <declarations>$newEvent=com.sample.model.Event@190d0630(427)</declarations>
</org.drools.audit.event.ActivationLogEvent>
<org.drools.audit.event.ObjectLogEvent>
  <type>1</type>
  <factId>428</factId>
  <objectToString>com.sample.model.Event@26114629</objectToString>
</org.drools.audit.event.ObjectLogEvent>
<org.drools.audit.event.ActivationLogEvent>
  <type>4</type>
  <activationId>Example [428, 0]</activationId>
  <rule>Example</rule>
  <declarations>$newEvent0=com.sample.model.Event@26114629(428)</declarations>
</org.drools.audit.event.ActivationLogEvent>
<org.drools.audit.event.ActivationLogEvent>
  <type>4</type>
  <activationId>HelloWorld [428, 0]</activationId>
  <rule>HelloWorld</rule>
  <declarations>$newEvent=com.sample.model.Event@26114629(428)</declarations>
</org.drools.audit.event.ActivationLogEvent>
<org.drools.audit.event.ActivationLogEvent>
  <type>6</type>
  <activationId>HelloWorld [428, 0]</activationId>
  <rule>HelloWorld</rule>
  <declarations>$newEvent=com.sample.model.Event@26114629(428)</declarations>
</org.drools.audit.event.ActivationLogEvent>
<org.drools.audit.event.ActivationLogEvent>
  <type>7</type>
  <activationId>HelloWorld [428, 0]</activationId>
  <rule>HelloWorld</rule>
  <declarations>$newEvent=com.sample.model.Event@26114629(428)</declarations>
</org.drools.audit.event.ActivationLogEvent>
<org.drools.audit.event.ActivationLogEvent>
  <type>6</type>
  <activationId>Example [428, 0]</activationId>
  <rule>Example</rule>
  <declarations>$newEvent0=com.sample.model.Event@26114629(428)</declarations>
</org.drools.audit.event.ActivationLogEvent>
<org.drools.audit.event.ActivationLogEvent>
  <type>4</type>
  <activationId>Example2 [429]</activationId>
  <rule>Example2</rule>
  <declarations>$newEvent=com.sample.model.Event@7b7035c6(429)</declarations>
</org.drools.audit.event.ActivationLogEvent>
<org.drools.audit.event.ObjectLogEvent>
  <type>1</type>
  <factId>429</factId>
  <objectToString>com.sample.model.Event@7b7035c6</objectToString>
</org.drools.audit.event.ObjectLogEvent>
<org.drools.audit.event.ActivationLogEvent>
  <type>7</type>
  <activationId>Example [428, 0]</activationId>
  <rule>Example</rule>
  <declarations>$newEvent0=com.sample.model.Event@26114629(428)</declarations>
</org.drools.audit.event.ActivationLogEvent>
<org.drools.audit.event.ActivationLogEvent>
  <type>6</type>
  <activationId>Example2 [429]</activationId>
  <rule>Example2</rule>
  <declarations>$newEvent=com.sample.model.Event@7b7035c6(429)</declarations>
</org.drools.audit.event.ActivationLogEvent>
<org.drools.audit.event.ActivationLogEvent>
  <type>7</type>
  <activationId>Example2 [429]</activationId>
  <rule>Example2</rule>
  <declarations>$newEvent=com.sample.model.Event@7b7035c6(429)</declarations>
</org.drools.audit.event.ActivationLogEvent>
<org.drools.audit.event.ObjectLogEvent>
  <type>1</type>
  <factId>430</factId>
  <objectToString>com.sample.model.Event@3da997a</objectToString>
</org.drools.audit.event.ObjectLogEvent>
<org.drools.audit.event.ActivationLogEvent>
  <type>4</type>
  <activationId>Example [430, 0]</activationId>
  <rule>Example</rule>
  <declarations>$newEvent0=com.sample.model.Event@3da997a(430)</declarations>
</org.drools.audit.event.ActivationLogEvent>
<org.drools.audit.event.ActivationLogEvent>
  <type>4</type>
  <activationId>HelloWorld [430, 0]</activationId>
  <rule>HelloWorld</rule>
  <declarations>$newEvent=com.sample.model.Event@3da997a(430)</declarations>
</org.drools.audit.event.ActivationLogEvent>
<org.drools.audit.event.ActivationLogEvent>
  <type>6</type>
  <activationId>HelloWorld [430, 0]</activationId>
  <rule>HelloWorld</rule>
  <declarations>$newEvent=com.sample.model.Event@3da997a(430)</declarations>
</org.drools.audit.event.ActivationLogEvent>
<org.drools.audit.event.ActivationLogEvent>
  <type>7</type>
  <activationId>HelloWorld [430, 0]</activationId>
  <rule>HelloWorld</rule>
  <declarations>$newEvent=com.sample.model.Event@3da997a(430)</declarations>
</org.drools.audit.event.ActivationLogEvent>
<org.drools.audit.event.ActivationLogEvent>
  <type>6</type>
  <activationId>Example [430, 0]</activationId>
  <rule>Example</rule>
  <declarations>$newEvent0=com.sample.model.Event@3da997a(430)</declarations>
</org.drools.audit.event.ActivationLogEvent>
<org.drools.audit.event.ActivationLogEvent>
  <type>4</type>
  <activationId>Example2 [431]</activationId>
  <rule>Example2</rule>
  <declarations>$newEvent=com.sample.model.Event@140de648(431)</declarations>
</org.drools.audit.event.ActivationLogEvent>
<org.drools.audit.event.ObjectLogEvent>
  <type>1</type>
  <factId>431</factId>
  <objectToString>com.sample.model.Event@140de648</objectToString>
</org.drools.audit.event.ObjectLogEvent>
<org.drools.audit.event.ActivationLogEvent>
  <type>7</type>
  <activationId>Example [430, 0]</activationId>
  <rule>Example</rule>
  <declarations>$newEvent0=com.sample.model.Event@3da997a(430)</declarations>
</org.drools.audit.event.ActivationLogEvent>
<org.drools.audit.event.ActivationLogEvent>
  <type>6</type>
  <activationId>Example2 [431]</activationId>
  <rule>Example2</rule>
  <declarations>$newEvent=com.sample.model.Event@140de648(431)</declarations>
</org.drools.audit.event.ActivationLogEvent>
<org.drools.audit.event.ActivationLogEvent>
  <type>7</type>
  <activationId>Example2 [431]</activationId>
  <rule>Example2</rule>
  <declarations>$newEvent=com.sample.model.Event@140de648(431)</declarations>
</org.drools.audit.event.ActivationLogEvent>
<org.drools.audit.event.ObjectLogEvent>
  <type>1</type>
  <factId>432</factId>
  <objectToString>com.sample.model.Event@1c898b41</objectToString>
</org.drools.audit.event.ObjectLogEvent>
<org.drools.audit.event.ActivationLogEvent>
  <type>4</type>
  <activationId>Example [432, 0]</activationId>
  <rule>Example</rule>
  <declarations>$newEvent0=com.sample.model.Event@1c898b41(432)</declarations>
</org.drools.audit.event.ActivationLogEvent>
<org.drools.audit.event.ActivationLogEvent>
  <type>4</type>
  <activationId>HelloWorld [432, 0]</activationId>
  <rule>HelloWorld</rule>
  <declarations>$newEvent=com.sample.model.Event@1c898b41(432)</declarations>
</org.drools.audit.event.ActivationLogEvent>
<org.drools.audit.event.ActivationLogEvent>
  <type>6</type>
  <activationId>HelloWorld [432, 0]</activationId>
  <rule>HelloWorld</rule>
  <declarations>$newEvent=com.sample.model.Event@1c898b41(432)</declarations>
</org.drools.audit.event.ActivationLogEvent>
<org.drools.audit.event.ActivationLogEvent>
  <type>7</type>
  <activationId>HelloWorld [432, 0]</activationId>
  <rule>HelloWorld</rule>
  <declarations>$newEvent=com.sample.model.Event@1c898b41(432)</declarations>
</org.drools.audit.event.ActivationLogEvent>
<org.drools.audit.event.ActivationLogEvent>
  <type>6</type>
  <activationId>Example [432, 0]</activationId>
  <rule>Example</rule>
  <declarations>$newEvent0=com.sample.model.Event@1c898b41(432)</declarations>
</org.drools.audit.event.ActivationLogEvent>
<org.drools.audit.event.ActivationLogEvent>
  <type>4</type>
  <activationId>Example2 [433]</activationId>
  <rule>Example2</rule>
  <declarations>$newEvent=com.sample.model.Event@31fc6b2(433)</declarations>
</org.drools.audit.event.ActivationLogEvent>
<org.drools.audit.event.ObjectLogEvent>
  <type>1</type>
  <factId>433</factId>
  <objectToString>com.sample.model.Event@31fc6b2</objectToString>
</org.drools.audit.event.ObjectLogEvent>
<org.drools.audit.event.ActivationLogEvent>
  <type>7</type>
  <activationId>Example [432, 0]</activationId>
  <rule>Example</rule>
  <declarations>$newEvent0=com.sample.model.Event@1c898b41(432)</declarations>
</org.drools.audit.event.ActivationLogEvent>
<org.drools.audit.event.ActivationLogEvent>
  <type>6</type>
  <activationId>Example2 [433]</activationId>
  <rule>Example2</rule>
  <declarations>$newEvent=com.sample.model.Event@31fc6b2(433)</declarations>
</org.drools.audit.event.ActivationLogEvent>
<org.drools.audit.event.ActivationLogEvent>
  <type>7</type>
  <activationId>Example2 [433]</activationId>
  <rule>Example2</rule>
  <declarations>$newEvent=com.sample.model.Event@31fc6b2(433)</declarations>
</org.drools.audit.event.ActivationLogEvent>
<org.drools.audit.event.ObjectLogEvent>
  <type>1</type>
  <factId>434</factId>
  <objectToString>com.sample.model.Event@1b2dd1b8</objectToString>
</org.drools.audit.event.ObjectLogEvent>
<org.drools.audit.event.ActivationLogEvent>
  <type>4</type>
  <activationId>Example [434, 0]</activationId>
  <rule>Example</rule>
  <declarations>$newEvent0=com.sample.model.Event@1b2dd1b8(434)</declarations>
</org.drools.audit.event.ActivationLogEvent>
<org.drools.audit.event.ActivationLogEvent>
  <type>6</type>
  <activationId>Example [434, 0]</activationId>
  <rule>Example</rule>
  <declarations>$newEvent0=com.sample.model.Event@1b2dd1b8(434)</declarations>
</org.drools.audit.event.ActivationLogEvent>
<org.drools.audit.event.ActivationLogEvent>
  <type>4</type>
  <activationId>HelloWorld [434, 0]</activationId>
  <rule>HelloWorld</rule>
  <declarations>$newEvent=com.sample.model.Event@1b2dd1b8(434)</declarations>
</org.drools.audit.event.ActivationLogEvent>
<org.drools.audit.event.ActivationLogEvent>
  <type>4</type>
  <activationId>Example2 [435]</activationId>
  <rule>Example2</rule>
  <declarations>$newEvent=com.sample.model.Event@5d2394f8(435)</declarations>
</org.drools.audit.event.ActivationLogEvent>
<org.drools.audit.event.ObjectLogEvent>
  <type>1</type>
  <factId>435</factId>
  <objectToString>com.sample.model.Event@5d2394f8</objectToString>
</org.drools.audit.event.ObjectLogEvent>
<org.drools.audit.event.ActivationLogEvent>
  <type>7</type>
  <activationId>Example [434, 0]</activationId>
  <rule>Example</rule>
  <declarations>$newEvent0=com.sample.model.Event@1b2dd1b8(434)</declarations>
</org.drools.audit.event.ActivationLogEvent>
<org.drools.audit.event.ActivationLogEvent>
  <type>6</type>
  <activationId>Example2 [435]</activationId>
  <rule>Example2</rule>
  <declarations>$newEvent=com.sample.model.Event@5d2394f8(435)</declarations>
</org.drools.audit.event.ActivationLogEvent>
<org.drools.audit.event.ActivationLogEvent>
  <type>7</type>
  <activationId>Example2 [435]</activationId>
  <rule>Example2</rule>
  <declarations>$newEvent=com.sample.model.Event@5d2394f8(435)</declarations>
</org.drools.audit.event.ActivationLogEvent>
<org.drools.audit.event.ActivationLogEvent>
  <type>6</type>
  <activationId>HelloWorld [434, 0]</activationId>
  <rule>HelloWorld</rule>
  <declarations>$newEvent=com.sample.model.Event@1b2dd1b8(434)</declarations>
</org.drools.audit.event.ActivationLogEvent>
<org.drools.audit.event.ActivationLogEvent>
  <type>7</type>
  <activationId>HelloWorld [434, 0]</activationId>
  <rule>HelloWorld</rule>
  <declarations>$newEvent=com.sample.model.Event@1b2dd1b8(434)</declarations>
</org.drools.audit.event.ActivationLogEvent>
<org.drools.audit.event.ObjectLogEvent>
  <type>1</type>
  <factId>436</factId>
  <objectToString>com.sample.model.Event@28b56559</objectToString>
</org.drools.audit.event.ObjectLogEvent>
<org.drools.audit.event.ActivationLogEvent>
  <type>4</type>
  <activationId>Example [436, 0]</activationId>
  <rule>Example</rule>
  <declarations>$newEvent0=com.sample.model.Event@28b56559(436)</declarations>
</org.drools.audit.event.ActivationLogEvent>
<org.drools.audit.event.ActivationLogEvent>
  <type>4</type>
  <activationId>HelloWorld [436, 0]</activationId>
  <rule>HelloWorld</rule>
  <declarations>$newEvent=com.sample.model.Event@28b56559(436)</declarations>
</org.drools.audit.event.ActivationLogEvent>
<org.drools.audit.event.ActivationLogEvent>
  <type>6</type>
  <activationId>HelloWorld [436, 0]</activationId>
  <rule>HelloWorld</rule>
  <declarations>$newEvent=com.sample.model.Event@28b56559(436)</declarations>
</org.drools.audit.event.ActivationLogEvent>
<org.drools.audit.event.ActivationLogEvent>
  <type>7</type>
  <activationId>HelloWorld [436, 0]</activationId>
  <rule>HelloWorld</rule>
  <declarations>$newEvent=com.sample.model.Event@28b56559(436)</declarations>
</org.drools.audit.event.ActivationLogEvent>
<org.drools.audit.event.ActivationLogEvent>
  <type>6</type>
  <activationId>Example [436, 0]</activationId>
  <rule>Example</rule>
  <declarations>$newEvent0=com.sample.model.Event@28b56559(436)</declarations>
</org.drools.audit.event.ActivationLogEvent>
<org.drools.audit.event.ActivationLogEvent>
  <type>4</type>
  <activationId>Example2 [437]</activationId>
  <rule>Example2</rule>
  <declarations>$newEvent=com.sample.model.Event@397b6178(437)</declarations>
</org.drools.audit.event.ActivationLogEvent>
<org.drools.audit.event.ObjectLogEvent>
  <type>1</type>
  <factId>437</factId>
  <objectToString>com.sample.model.Event@397b6178</objectToString>
</org.drools.audit.event.ObjectLogEvent>
<org.drools.audit.event.ActivationLogEvent>
  <type>7</type>
  <activationId>Example [436, 0]</activationId>
  <rule>Example</rule>
  <declarations>$newEvent0=com.sample.model.Event@28b56559(436)</declarations>
</org.drools.audit.event.ActivationLogEvent>
<org.drools.audit.event.ActivationLogEvent>
  <type>6</type>
  <activationId>Example2 [437]</activationId>
  <rule>Example2</rule>
  <declarations>$newEvent=com.sample.model.Event@397b6178(437)</declarations>
</org.drools.audit.event.ActivationLogEvent>
<org.drools.audit.event.ActivationLogEvent>
  <type>7</type>
  <activationId>Example2 [437]</activationId>
  <rule>Example2</rule>
  <declarations>$newEvent=com.sample.model.Event@397b6178(437)</declarations>
</org.drools.audit.event.ActivationLogEvent>
<org.drools.audit.event.ObjectLogEvent>
  <type>1</type>
  <factId>438</factId>
  <objectToString>com.sample.model.Event@533c2ac3</objectToString>
</org.drools.audit.event.ObjectLogEvent>
<org.drools.audit.event.ActivationLogEvent>
  <type>4</type>
  <activationId>Example [438, 0]</activationId>
  <rule>Example</rule>
  <declarations>$newEvent0=com.sample.model.Event@533c2ac3(438)</declarations>
</org.drools.audit.event.ActivationLogEvent>
<org.drools.audit.event.ActivationLogEvent>
  <type>4</type>
  <activationId>HelloWorld [438, 0]</activationId>
  <rule>HelloWorld</rule>
  <declarations>$newEvent=com.sample.model.Event@533c2ac3(438)</declarations>
</org.drools.audit.event.ActivationLogEvent>
<org.drools.audit.event.ActivationLogEvent>
  <type>6</type>
  <activationId>HelloWorld [438, 0]</activationId>
  <rule>HelloWorld</rule>
  <declarations>$newEvent=com.sample.model.Event@533c2ac3(438)</declarations>
</org.drools.audit.event.ActivationLogEvent>
<org.drools.audit.event.ActivationLogEvent>
  <type>7</type>
  <activationId>HelloWorld [438, 0]</activationId>
  <rule>HelloWorld</rule>
  <declarations>$newEvent=com.sample.model.Event@533c2ac3(438)</declarations>
</org.drools.audit.event.ActivationLogEvent>
<org.drools.audit.event.ActivationLogEvent>
  <type>6</type>
  <activationId>Example [438, 0]</activationId>
  <rule>Example</rule>
  <declarations>$newEvent0=com.sample.model.Event@533c2ac3(438)</declarations>
</org.drools.audit.event.ActivationLogEvent>
<org.drools.audit.event.ActivationLogEvent>
  <type>4</type>
  <activationId>Example2 [439]</activationId>
  <rule>Example2</rule>
  <declarations>$newEvent=com.sample.model.Event@774943d6(439)</declarations>
</org.drools.audit.event.ActivationLogEvent>
<org.drools.audit.event.ObjectLogEvent>
  <type>1</type>
  <factId>439</factId>
  <objectToString>com.sample.model.Event@774943d6</objectToString>
</org.drools.audit.event.ObjectLogEvent>
<org.drools.audit.event.ActivationLogEvent>
  <type>7</type>
  <activationId>Example [438, 0]</activationId>
  <rule>Example</rule>
  <declarations>$newEvent0=com.sample.model.Event@533c2ac3(438)</declarations>
</org.drools.audit.event.ActivationLogEvent>
<org.drools.audit.event.ActivationLogEvent>
  <type>6</type>
  <activationId>Example2 [439]</activationId>
  <rule>Example2</rule>
  <declarations>$newEvent=com.sample.model.Event@774943d6(439)</declarations>
</org.drools.audit.event.ActivationLogEvent>
<org.drools.audit.event.ActivationLogEvent>
  <type>7</type>
  <activationId>Example2 [439]</activationId>
  <rule>Example2</rule>
  <declarations>$newEvent=com.sample.model.Event@774943d6(439)</declarations>
</org.drools.audit.event.ActivationLogEvent>
<org.drools.audit.event.ObjectLogEvent>
  <type>1</type>
  <factId>440</factId>
  <objectToString>com.sample.model.Event@6b04d3c8</objectToString>
</org.drools.audit.event.ObjectLogEvent>
<org.drools.audit.event.ActivationLogEvent>
  <type>4</type>
  <activationId>Example [440, 0]</activationId>
  <rule>Example</rule>
  <declarations>$newEvent0=com.sample.model.Event@6b04d3c8(440)</declarations>
</org.drools.audit.event.ActivationLogEvent>
<org.drools.audit.event.ActivationLogEvent>
  <type>4</type>
  <activationId>HelloWorld [440, 0]</activationId>
  <rule>HelloWorld</rule>
  <declarations>$newEvent=com.sample.model.Event@6b04d3c8(440)</declarations>
</org.drools.audit.event.ActivationLogEvent>
<org.drools.audit.event.ActivationLogEvent>
  <type>6</type>
  <activationId>HelloWorld [440, 0]</activationId>
  <rule>HelloWorld</rule>
  <declarations>$newEvent=com.sample.model.Event@6b04d3c8(440)</declarations>
</org.drools.audit.event.ActivationLogEvent>
<org.drools.audit.event.ActivationLogEvent>
  <type>7</type>
  <activationId>HelloWorld [440, 0]</activationId>
  <rule>HelloWorld</rule>
  <declarations>$newEvent=com.sample.model.Event@6b04d3c8(440)</declarations>
</org.drools.audit.event.ActivationLogEvent>
<org.drools.audit.event.ActivationLogEvent>
  <type>6</type>
  <activationId>Example [440, 0]</activationId>
  <rule>Example</rule>
  <declarations>$newEvent0=com.sample.model.Event@6b04d3c8(440)</declarations>
</org.drools.audit.event.ActivationLogEvent>
<org.drools.audit.event.ActivationLogEvent>
  <type>4</type>
  <activationId>Example2 [441]</activationId>
  <rule>Example2</rule>
  <declarations>$newEvent=com.sample.model.Event@6eca671a(441)</declarations>
</org.drools.audit.event.ActivationLogEvent>
<org.drools.audit.event.ObjectLogEvent>
  <type>1</type>
  <factId>441</factId>
  <objectToString>com.sample.model.Event@6eca671a</objectToString>
</org.drools.audit.event.ObjectLogEvent>
<org.drools.audit.event.ActivationLogEvent>
  <type>7</type>
  <activationId>Example [440, 0]</activationId>
  <rule>Example</rule>
  <declarations>$newEvent0=com.sample.model.Event@6b04d3c8(440)</declarations>
</org.drools.audit.event.ActivationLogEvent>
<org.drools.audit.event.ActivationLogEvent>
  <type>6</type>
  <activationId>Example2 [441]</activationId>
  <rule>Example2</rule>
  <declarations>$newEvent=com.sample.model.Event@6eca671a(441)</declarations>
</org.drools.audit.event.ActivationLogEvent>
<org.drools.audit.event.ActivationLogEvent>
  <type>7</type>
  <activationId>Example2 [441]</activationId>
  <rule>Example2</rule>
  <declarations>$newEvent=com.sample.model.Event@6eca671a(441)</declarations>
</org.drools.audit.event.ActivationLogEvent>
<org.drools.audit.event.ObjectLogEvent>
  <type>1</type>
  <factId>442</factId>
  <objectToString>com.sample.model.Event@2a3714c9</objectToString>
</org.drools.audit.event.ObjectLogEvent>
<org.drools.audit.event.ActivationLogEvent>
  <type>4</type>
  <activationId>Example [442, 0]</activationId>
  <rule>Example</rule>
  <declarations>$newEvent0=com.sample.model.Event@2a3714c9(442)</declarations>
</org.drools.audit.event.ActivationLogEvent>
<org.drools.audit.event.ActivationLogEvent>
  <type>4</type>
  <activationId>HelloWorld [442, 0]</activationId>
  <rule>HelloWorld</rule>
  <declarations>$newEvent=com.sample.model.Event@2a3714c9(442)</declarations>
</org.drools.audit.event.ActivationLogEvent>
<org.drools.audit.event.ActivationLogEvent>
  <type>6</type>
  <activationId>HelloWorld [442, 0]</activationId>
  <rule>HelloWorld</rule>
  <declarations>$newEvent=com.sample.model.Event@2a3714c9(442)</declarations>
</org.drools.audit.event.ActivationLogEvent>
<org.drools.audit.event.ActivationLogEvent>
  <type>7</type>
  <activationId>HelloWorld [442, 0]</activationId>
  <rule>HelloWorld</rule>
  <declarations>$newEvent=com.sample.model.Event@2a3714c9(442)</declarations>
</org.drools.audit.event.ActivationLogEvent>
<org.drools.audit.event.ActivationLogEvent>
  <type>6</type>
  <activationId>Example [442, 0]</activationId>
  <rule>Example</rule>
  <declarations>$newEvent0=com.sample.model.Event@2a3714c9(442)</declarations>
</org.drools.audit.event.ActivationLogEvent>
<org.drools.audit.event.ActivationLogEvent>
  <type>4</type>
  <activationId>Example2 [443]</activationId>
  <rule>Example2</rule>
  <declarations>$newEvent=com.sample.model.Event@2e23a559(443)</declarations>
</org.drools.audit.event.ActivationLogEvent>
<org.drools.audit.event.ObjectLogEvent>
  <type>1</type>
  <factId>443</factId>
  <objectToString>com.sample.model.Event@2e23a559</objectToString>
</org.drools.audit.event.ObjectLogEvent>
<org.drools.audit.event.ActivationLogEvent>
  <type>7</type>
  <activationId>Example [442, 0]</activationId>
  <rule>Example</rule>
  <declarations>$newEvent0=com.sample.model.Event@2a3714c9(442)</declarations>
</org.drools.audit.event.ActivationLogEvent>
<org.drools.audit.event.ActivationLogEvent>
  <type>6</type>
  <activationId>Example2 [443]</activationId>
  <rule>Example2</rule>
  <declarations>$newEvent=com.sample.model.Event@2e23a559(443)</declarations>
</org.drools.audit.event.ActivationLogEvent>
<org.drools.audit.event.ActivationLogEvent>
  <type>7</type>
  <activationId>Example2 [443]</activationId>
  <rule>Example2</rule>
  <declarations>$newEvent=com.sample.model.Event@2e23a559(443)</declarations>
</org.drools.audit.event.ActivationLogEvent>
<org.drools.audit.event.ObjectLogEvent>
  <type>1</type>
  <factId>444</factId>
  <objectToString>com.sample.model.Event@263c8db9</objectToString>
</org.drools.audit.event.ObjectLogEvent>
<org.drools.audit.event.ActivationLogEvent>
  <type>4</type>
  <activationId>Example [444, 0]</activationId>
  <rule>Example</rule>
  <declarations>$newEvent0=com.sample.model.Event@263c8db9(444)</declarations>
</org.drools.audit.event.ActivationLogEvent>
<org.drools.audit.event.ActivationLogEvent>
  <type>4</type>
  <activationId>HelloWorld [444, 0]</activationId>
  <rule>HelloWorld</rule>
  <declarations>$newEvent=com.sample.model.Event@263c8db9(444)</declarations>
</org.drools.audit.event.ActivationLogEvent>
<org.drools.audit.event.ActivationLogEvent>
  <type>6</type>
  <activationId>Example [444, 0]</activationId>
  <rule>Example</rule>
  <declarations>$newEvent0=com.sample.model.Event@263c8db9(444)</declarations>
</org.drools.audit.event.ActivationLogEvent>
<org.drools.audit.event.ActivationLogEvent>
  <type>4</type>
  <activationId>Example2 [445]</activationId>
  <rule>Example2</rule>
  <declarations>$newEvent=com.sample.model.Event@517c804b(445)</declarations>
</org.drools.audit.event.ActivationLogEvent>
<org.drools.audit.event.ObjectLogEvent>
  <type>1</type>
  <factId>445</factId>
  <objectToString>com.sample.model.Event@517c804b</objectToString>
</org.drools.audit.event.ObjectLogEvent>
<org.drools.audit.event.ActivationLogEvent>
  <type>7</type>
  <activationId>Example [444, 0]</activationId>
  <rule>Example</rule>
  <declarations>$newEvent0=com.sample.model.Event@263c8db9(444)</declarations>
</org.drools.audit.event.ActivationLogEvent>
<org.drools.audit.event.ActivationLogEvent>
  <type>6</type>
  <activationId>Example2 [445]</activationId>
  <rule>Example2</rule>
  <declarations>$newEvent=com.sample.model.Event@517c804b(445)</declarations>
</org.drools.audit.event.ActivationLogEvent>
<org.drools.audit.event.ActivationLogEvent>
  <type>7</type>
  <activationId>Example2 [445]</activationId>
  <rule>Example2</rule>
  <declarations>$newEvent=com.sample.model.Event@517c804b(445)</declarations>
</org.drools.audit.event.ActivationLogEvent>
<org.drools.audit.event.ActivationLogEvent>
  <type>6</type>
  <activationId>HelloWorld [444, 0]</activationId>
  <rule>HelloWorld</rule>
  <declarations>$newEvent=com.sample.model.Event@263c8db9(444)</declarations>
</org.drools.audit.event.ActivationLogEvent>
<org.drools.audit.event.ActivationLogEvent>
  <type>7</type>
  <activationId>HelloWorld [444, 0]</activationId>
  <rule>HelloWorld</rule>
  <declarations>$newEvent=com.sample.model.Event@263c8db9(444)</declarations>
</org.drools.audit.event.ActivationLogEvent>
<org.drools.audit.event.ObjectLogEvent>
  <type>1</type>
  <factId>446</factId>
  <objectToString>com.sample.model.Event@44cae5b8</objectToString>
</org.drools.audit.event.ObjectLogEvent>
<org.drools.audit.event.ActivationLogEvent>
  <type>4</type>
  <activationId>Example [446, 0]</activationId>
  <rule>Example</rule>
  <declarations>$newEvent0=com.sample.model.Event@44cae5b8(446)</declarations>
</org.drools.audit.event.ActivationLogEvent>
<org.drools.audit.event.ActivationLogEvent>
  <type>4</type>
  <activationId>HelloWorld [446, 0]</activationId>
  <rule>HelloWorld</rule>
  <declarations>$newEvent=com.sample.model.Event@44cae5b8(446)</declarations>
</org.drools.audit.event.ActivationLogEvent>
<org.drools.audit.event.ActivationLogEvent>
  <type>6</type>
  <activationId>HelloWorld [446, 0]</activationId>
  <rule>HelloWorld</rule>
  <declarations>$newEvent=com.sample.model.Event@44cae5b8(446)</declarations>
</org.drools.audit.event.ActivationLogEvent>
<org.drools.audit.event.ActivationLogEvent>
  <type>7</type>
  <activationId>HelloWorld [446, 0]</activationId>
  <rule>HelloWorld</rule>
  <declarations>$newEvent=com.sample.model.Event@44cae5b8(446)</declarations>
</org.drools.audit.event.ActivationLogEvent>
<org.drools.audit.event.ActivationLogEvent>
  <type>6</type>
  <activationId>Example [446, 0]</activationId>
  <rule>Example</rule>
  <declarations>$newEvent0=com.sample.model.Event@44cae5b8(446)</declarations>
</org.drools.audit.event.ActivationLogEvent>
<org.drools.audit.event.ActivationLogEvent>
  <type>4</type>
  <activationId>Example2 [447]</activationId>
  <rule>Example2</rule>
  <declarations>$newEvent=com.sample.model.Event@4bea71d4(447)</declarations>
</org.drools.audit.event.ActivationLogEvent>
<org.drools.audit.event.ObjectLogEvent>
  <type>1</type>
  <factId>447</factId>
  <objectToString>com.sample.model.Event@4bea71d4</objectToString>
</org.drools.audit.event.ObjectLogEvent>
<org.drools.audit.event.ActivationLogEvent>
  <type>7</type>
  <activationId>Example [446, 0]</activationId>
  <rule>Example</rule>
  <declarations>$newEvent0=com.sample.model.Event@44cae5b8(446)</declarations>
</org.drools.audit.event.ActivationLogEvent>
<org.drools.audit.event.ActivationLogEvent>
  <type>6</type>
  <activationId>Example2 [447]</activationId>
  <rule>Example2</rule>
  <declarations>$newEvent=com.sample.model.Event@4bea71d4(447)</declarations>
</org.drools.audit.event.ActivationLogEvent>
<org.drools.audit.event.ActivationLogEvent>
  <type>7</type>
  <activationId>Example2 [447]</activationId>
  <rule>Example2</rule>
  <declarations>$newEvent=com.sample.model.Event@4bea71d4(447)</declarations>
</org.drools.audit.event.ActivationLogEvent>
<org.drools.audit.event.ObjectLogEvent>
  <type>1</type>
  <factId>448</factId>
  <objectToString>com.sample.model.Event@cd73c3c</objectToString>
</org.drools.audit.event.ObjectLogEvent>
<org.drools.audit.event.ActivationLogEvent>
  <type>4</type>
  <activationId>Example [448, 0]</activationId>
  <rule>Example</rule>
  <declarations>$newEvent0=com.sample.model.Event@cd73c3c(448)</declarations>
</org.drools.audit.event.ActivationLogEvent>
<org.drools.audit.event.ActivationLogEvent>
  <type>4</type>
  <activationId>HelloWorld [448, 0]</activationId>
  <rule>HelloWorld</rule>
  <declarations>$newEvent=com.sample.model.Event@cd73c3c(448)</declarations>
</org.drools.audit.event.ActivationLogEvent>
<org.drools.audit.event.ActivationLogEvent>
  <type>6</type>
  <activationId>HelloWorld [448, 0]</activationId>
  <rule>HelloWorld</rule>
  <declarations>$newEvent=com.sample.model.Event@cd73c3c(448)</declarations>
</org.drools.audit.event.ActivationLogEvent>
<org.drools.audit.event.ActivationLogEvent>
  <type>7</type>
  <activationId>HelloWorld [448, 0]</activationId>
  <rule>HelloWorld</rule>
  <declarations>$newEvent=com.sample.model.Event@cd73c3c(448)</declarations>
</org.drools.audit.event.ActivationLogEvent>
<org.drools.audit.event.ActivationLogEvent>
  <type>6</type>
  <activationId>Example [448, 0]</activationId>
  <rule>Example</rule>
  <declarations>$newEvent0=com.sample.model.Event@cd73c3c(448)</declarations>
</org.drools.audit.event.ActivationLogEvent>
<org.drools.audit.event.ActivationLogEvent>
  <type>4</type>
  <activationId>Example2 [449]</activationId>
  <rule>Example2</rule>
  <declarations>$newEvent=com.sample.model.Event@761db1c5(449)</declarations>
</org.drools.audit.event.ActivationLogEvent>
<org.drools.audit.event.ObjectLogEvent>
  <type>1</type>
  <factId>449</factId>
  <objectToString>com.sample.model.Event@761db1c5</objectToString>
</org.drools.audit.event.ObjectLogEvent>
<org.drools.audit.event.ActivationLogEvent>
  <type>7</type>
  <activationId>Example [448, 0]</activationId>
  <rule>Example</rule>
  <declarations>$newEvent0=com.sample.model.Event@cd73c3c(448)</declarations>
</org.drools.audit.event.ActivationLogEvent>
<org.drools.audit.event.ActivationLogEvent>
  <type>6</type>
  <activationId>Example2 [449]</activationId>
  <rule>Example2</rule>
  <declarations>$newEvent=com.sample.model.Event@761db1c5(449)</declarations>
</org.drools.audit.event.ActivationLogEvent>
<org.drools.audit.event.ActivationLogEvent>
  <type>7</type>
  <activationId>Example2 [449]</activationId>
  <rule>Example2</rule>
  <declarations>$newEvent=com.sample.model.Event@761db1c5(449)</declarations>
</org.drools.audit.event.ActivationLogEvent>
<org.drools.audit.event.ObjectLogEvent>
  <type>1</type>
  <factId>450</factId>
  <objectToString>com.sample.model.Event@17823918</objectToString>
</org.drools.audit.event.ObjectLogEvent>
<org.drools.audit.event.ActivationLogEvent>
  <type>4</type>
  <activationId>Example [450, 0]</activationId>
  <rule>Example</rule>
  <declarations>$newEvent0=com.sample.model.Event@17823918(450)</declarations>
</org.drools.audit.event.ActivationLogEvent>
<org.drools.audit.event.ActivationLogEvent>
  <type>4</type>
  <activationId>HelloWorld [450, 0]</activationId>
  <rule>HelloWorld</rule>
  <declarations>$newEvent=com.sample.model.Event@17823918(450)</declarations>
</org.drools.audit.event.ActivationLogEvent>
<org.drools.audit.event.ActivationLogEvent>
  <type>6</type>
  <activationId>HelloWorld [450, 0]</activationId>
  <rule>HelloWorld</rule>
  <declarations>$newEvent=com.sample.model.Event@17823918(450)</declarations>
</org.drools.audit.event.ActivationLogEvent>
<org.drools.audit.event.ActivationLogEvent>
  <type>7</type>
  <activationId>HelloWorld [450, 0]</activationId>
  <rule>HelloWorld</rule>
  <declarations>$newEvent=com.sample.model.Event@17823918(450)</declarations>
</org.drools.audit.event.ActivationLogEvent>
<org.drools.audit.event.ActivationLogEvent>
  <type>6</type>
  <activationId>Example [450, 0]</activationId>
  <rule>Example</rule>
  <declarations>$newEvent0=com.sample.model.Event@17823918(450)</declarations>
</org.drools.audit.event.ActivationLogEvent>
<org.drools.audit.event.ActivationLogEvent>
  <type>4</type>
  <activationId>Example2 [451]</activationId>
  <rule>Example2</rule>
  <declarations>$newEvent=com.sample.model.Event@5faecf45(451)</declarations>
</org.drools.audit.event.ActivationLogEvent>
<org.drools.audit.event.ObjectLogEvent>
  <type>1</type>
  <factId>451</factId>
  <objectToString>com.sample.model.Event@5faecf45</objectToString>
</org.drools.audit.event.ObjectLogEvent>
<org.drools.audit.event.ActivationLogEvent>
  <type>7</type>
  <activationId>Example [450, 0]</activationId>
  <rule>Example</rule>
  <declarations>$newEvent0=com.sample.model.Event@17823918(450)</declarations>
</org.drools.audit.event.ActivationLogEvent>
<org.drools.audit.event.ActivationLogEvent>
  <type>6</type>
  <activationId>Example2 [451]</activationId>
  <rule>Example2</rule>
  <declarations>$newEvent=com.sample.model.Event@5faecf45(451)</declarations>
</org.drools.audit.event.ActivationLogEvent>
<org.drools.audit.event.ActivationLogEvent>
  <type>7</type>
  <activationId>Example2 [451]</activationId>
  <rule>Example2</rule>
  <declarations>$newEvent=com.sample.model.Event@5faecf45(451)</declarations>
</org.drools.audit.event.ActivationLogEvent>
<org.drools.audit.event.ObjectLogEvent>
  <type>1</type>
  <factId>452</factId>
  <objectToString>com.sample.model.Event@4da9ec16</objectToString>
</org.drools.audit.event.ObjectLogEvent>
<org.drools.audit.event.ActivationLogEvent>
  <type>4</type>
  <activationId>Example [452, 0]</activationId>
  <rule>Example</rule>
  <declarations>$newEvent0=com.sample.model.Event@4da9ec16(452)</declarations>
</org.drools.audit.event.ActivationLogEvent>
<org.drools.audit.event.ActivationLogEvent>
  <type>4</type>
  <activationId>HelloWorld [452, 0]</activationId>
  <rule>HelloWorld</rule>
  <declarations>$newEvent=com.sample.model.Event@4da9ec16(452)</declarations>
</org.drools.audit.event.ActivationLogEvent>
<org.drools.audit.event.ActivationLogEvent>
  <type>6</type>
  <activationId>HelloWorld [452, 0]</activationId>
  <rule>HelloWorld</rule>
  <declarations>$newEvent=com.sample.model.Event@4da9ec16(452)</declarations>
</org.drools.audit.event.ActivationLogEvent>
<org.drools.audit.event.ActivationLogEvent>
  <type>7</type>
  <activationId>HelloWorld [452, 0]</activationId>
  <rule>HelloWorld</rule>
  <declarations>$newEvent=com.sample.model.Event@4da9ec16(452)</declarations>
</org.drools.audit.event.ActivationLogEvent>
<org.drools.audit.event.ActivationLogEvent>
  <type>6</type>
  <activationId>Example [452, 0]</activationId>
  <rule>Example</rule>
  <declarations>$newEvent0=com.sample.model.Event@4da9ec16(452)</declarations>
</org.drools.audit.event.ActivationLogEvent>
<org.drools.audit.event.ActivationLogEvent>
  <type>4</type>
  <activationId>Example2 [453]</activationId>
  <rule>Example2</rule>
  <declarations>$newEvent=com.sample.model.Event@610f7612(453)</declarations>
</org.drools.audit.event.ActivationLogEvent>
<org.drools.audit.event.ObjectLogEvent>
  <type>1</type>
  <factId>453</factId>
  <objectToString>com.sample.model.Event@610f7612</objectToString>
</org.drools.audit.event.ObjectLogEvent>
<org.drools.audit.event.ActivationLogEvent>
  <type>7</type>
  <activationId>Example [452, 0]</activationId>
  <rule>Example</rule>
  <declarations>$newEvent0=com.sample.model.Event@4da9ec16(452)</declarations>
</org.drools.audit.event.ActivationLogEvent>
<org.drools.audit.event.ActivationLogEvent>
  <type>6</type>
  <activationId>Example2 [453]</activationId>
  <rule>Example2</rule>
  <declarations>$newEvent=com.sample.model.Event@610f7612(453)</declarations>
</org.drools.audit.event.ActivationLogEvent>
<org.drools.audit.event.ActivationLogEvent>
  <type>7</type>
  <activationId>Example2 [453]</activationId>
  <rule>Example2</rule>
  <declarations>$newEvent=com.sample.model.Event@610f7612(453)</declarations>
</org.drools.audit.event.ActivationLogEvent>
<org.drools.audit.event.ObjectLogEvent>
  <type>1</type>
  <factId>454</factId>
  <objectToString>com.sample.model.Event@3e10c986</objectToString>
</org.drools.audit.event.ObjectLogEvent>
<org.drools.audit.event.ActivationLogEvent>
  <type>4</type>
  <activationId>Example [454, 0]</activationId>
  <rule>Example</rule>
  <declarations>$newEvent0=com.sample.model.Event@3e10c986(454)</declarations>
</org.drools.audit.event.ActivationLogEvent>
<org.drools.audit.event.ActivationLogEvent>
  <type>4</type>
  <activationId>HelloWorld [454, 0]</activationId>
  <rule>HelloWorld</rule>
  <declarations>$newEvent=com.sample.model.Event@3e10c986(454)</declarations>
</org.drools.audit.event.ActivationLogEvent>
<org.drools.audit.event.ActivationLogEvent>
  <type>6</type>
  <activationId>HelloWorld [454, 0]</activationId>
  <rule>HelloWorld</rule>
  <declarations>$newEvent=com.sample.model.Event@3e10c986(454)</declarations>
</org.drools.audit.event.ActivationLogEvent>
<org.drools.audit.event.ActivationLogEvent>
  <type>7</type>
  <activationId>HelloWorld [454, 0]</activationId>
  <rule>HelloWorld</rule>
  <declarations>$newEvent=com.sample.model.Event@3e10c986(454)</declarations>
</org.drools.audit.event.ActivationLogEvent>
<org.drools.audit.event.ActivationLogEvent>
  <type>6</type>
  <activationId>Example [454, 0]</activationId>
  <rule>Example</rule>
  <declarations>$newEvent0=com.sample.model.Event@3e10c986(454)</declarations>
</org.drools.audit.event.ActivationLogEvent>
<org.drools.audit.event.ActivationLogEvent>
  <type>4</type>
  <activationId>Example2 [455]</activationId>
  <rule>Example2</rule>
  <declarations>$newEvent=com.sample.model.Event@401e9c3f(455)</declarations>
</org.drools.audit.event.ActivationLogEvent>
<org.drools.audit.event.ObjectLogEvent>
  <type>1</type>
  <factId>455</factId>
  <objectToString>com.sample.model.Event@401e9c3f</objectToString>
</org.drools.audit.event.ObjectLogEvent>
<org.drools.audit.event.ActivationLogEvent>
  <type>7</type>
  <activationId>Example [454, 0]</activationId>
  <rule>Example</rule>
  <declarations>$newEvent0=com.sample.model.Event@3e10c986(454)</declarations>
</org.drools.audit.event.ActivationLogEvent>
<org.drools.audit.event.ActivationLogEvent>
  <type>6</type>
  <activationId>Example2 [455]</activationId>
  <rule>Example2</rule>
  <declarations>$newEvent=com.sample.model.Event@401e9c3f(455)</declarations>
</org.drools.audit.event.ActivationLogEvent>
<org.drools.audit.event.ActivationLogEvent>
  <type>7</type>
  <activationId>Example2 [455]</activationId>
  <rule>Example2</rule>
  <declarations>$newEvent=com.sample.model.Event@401e9c3f(455)</declarations>
</org.drools.audit.event.ActivationLogEvent>
<org.drools.audit.event.ObjectLogEvent>
  <type>1</type>
  <factId>456</factId>
  <objectToString>com.sample.model.Event@19a40cfc</objectToString>
</org.drools.audit.event.ObjectLogEvent>
<org.drools.audit.event.ActivationLogEvent>
  <type>4</type>
  <activationId>Example [456, 0]</activationId>
  <rule>Example</rule>
  <declarations>$newEvent0=com.sample.model.Event@19a40cfc(456)</declarations>
</org.drools.audit.event.ActivationLogEvent>
<org.drools.audit.event.ActivationLogEvent>
  <type>4</type>
  <activationId>HelloWorld [456, 0]</activationId>
  <rule>HelloWorld</rule>
  <declarations>$newEvent=com.sample.model.Event@19a40cfc(456)</declarations>
</org.drools.audit.event.ActivationLogEvent>
<org.drools.audit.event.ActivationLogEvent>
  <type>6</type>
  <activationId>HelloWorld [456, 0]</activationId>
  <rule>HelloWorld</rule>
  <declarations>$newEvent=com.sample.model.Event@19a40cfc(456)</declarations>
</org.drools.audit.event.ActivationLogEvent>
<org.drools.audit.event.ActivationLogEvent>
  <type>7</type>
  <activationId>HelloWorld [456, 0]</activationId>
  <rule>HelloWorld</rule>
  <declarations>$newEvent=com.sample.model.Event@19a40cfc(456)</declarations>
</org.drools.audit.event.ActivationLogEvent>
<org.drools.audit.event.ActivationLogEvent>
  <type>6</type>
  <activationId>Example [456, 0]</activationId>
  <rule>Example</rule>
  <declarations>$newEvent0=com.sample.model.Event@19a40cfc(456)</declarations>
</org.drools.audit.event.ActivationLogEvent>
<org.drools.audit.event.ActivationLogEvent>
  <type>4</type>
  <activationId>Example2 [457]</activationId>
  <rule>Example2</rule>
  <declarations>$newEvent=com.sample.model.Event@6c68bcef(457)</declarations>
</org.drools.audit.event.ActivationLogEvent>
<org.drools.audit.event.ObjectLogEvent>
  <type>1</type>
  <factId>457</factId>
  <objectToString>com.sample.model.Event@6c68bcef</objectToString>
</org.drools.audit.event.ObjectLogEvent>
<org.drools.audit.event.ActivationLogEvent>
  <type>7</type>
  <activationId>Example [456, 0]</activationId>
  <rule>Example</rule>
  <declarations>$newEvent0=com.sample.model.Event@19a40cfc(456)</declarations>
</org.drools.audit.event.ActivationLogEvent>
<org.drools.audit.event.ActivationLogEvent>
  <type>6</type>
  <activationId>Example2 [457]</activationId>
  <rule>Example2</rule>
  <declarations>$newEvent=com.sample.model.Event@6c68bcef(457)</declarations>
</org.drools.audit.event.ActivationLogEvent>
<org.drools.audit.event.ActivationLogEvent>
  <type>7</type>
  <activationId>Example2 [457]</activationId>
  <rule>Example2</rule>
  <declarations>$newEvent=com.sample.model.Event@6c68bcef(457)</declarations>
</org.drools.audit.event.ActivationLogEvent>
<org.drools.audit.event.ObjectLogEvent>
  <type>1</type>
  <factId>458</factId>
  <objectToString>com.sample.model.Event@504c2683</objectToString>
</org.drools.audit.event.ObjectLogEvent>
<org.drools.audit.event.ActivationLogEvent>
  <type>4</type>
  <activationId>Example [458, 0]</activationId>
  <rule>Example</rule>
  <declarations>$newEvent0=com.sample.model.Event@504c2683(458)</declarations>
</org.drools.audit.event.ActivationLogEvent>
<org.drools.audit.event.ActivationLogEvent>
  <type>4</type>
  <activationId>HelloWorld [458, 0]</activationId>
  <rule>HelloWorld</rule>
  <declarations>$newEvent=com.sample.model.Event@504c2683(458)</declarations>
</org.drools.audit.event.ActivationLogEvent>
<org.drools.audit.event.ActivationLogEvent>
  <type>6</type>
  <activationId>HelloWorld [458, 0]</activationId>
  <rule>HelloWorld</rule>
  <declarations>$newEvent=com.sample.model.Event@504c2683(458)</declarations>
</org.drools.audit.event.ActivationLogEvent>
<org.drools.audit.event.ActivationLogEvent>
  <type>7</type>
  <activationId>HelloWorld [458, 0]</activationId>
  <rule>HelloWorld</rule>
  <declarations>$newEvent=com.sample.model.Event@504c2683(458)</declarations>
</org.drools.audit.event.ActivationLogEvent>
<org.drools.audit.event.ActivationLogEvent>
  <type>6</type>
  <activationId>Example [458, 0]</activationId>
  <rule>Example</rule>
  <declarations>$newEvent0=com.sample.model.Event@504c2683(458)</declarations>
</org.drools.audit.event.ActivationLogEvent>
<org.drools.audit.event.ActivationLogEvent>
  <type>4</type>
  <activationId>Example2 [459]</activationId>
  <rule>Example2</rule>
  <declarations>$newEvent=com.sample.model.Event@447bd86d(459)</declarations>
</org.drools.audit.event.ActivationLogEvent>
<org.drools.audit.event.ObjectLogEvent>
  <type>1</type>
  <factId>459</factId>
  <objectToString>com.sample.model.Event@447bd86d</objectToString>
</org.drools.audit.event.ObjectLogEvent>
<org.drools.audit.event.ActivationLogEvent>
  <type>7</type>
  <activationId>Example [458, 0]</activationId>
  <rule>Example</rule>
  <declarations>$newEvent0=com.sample.model.Event@504c2683(458)</declarations>
</org.drools.audit.event.ActivationLogEvent>
<org.drools.audit.event.ActivationLogEvent>
  <type>6</type>
  <activationId>Example2 [459]</activationId>
  <rule>Example2</rule>
  <declarations>$newEvent=com.sample.model.Event@447bd86d(459)</declarations>
</org.drools.audit.event.ActivationLogEvent>
<org.drools.audit.event.ActivationLogEvent>
  <type>7</type>
  <activationId>Example2 [459]</activationId>
  <rule>Example2</rule>
  <declarations>$newEvent=com.sample.model.Event@447bd86d(459)</declarations>
</org.drools.audit.event.ActivationLogEvent>
<org.drools.audit.event.ObjectLogEvent>
  <type>1</type>
  <factId>460</factId>
  <objectToString>com.sample.model.Event@1ebdff3b</objectToString>
</org.drools.audit.event.ObjectLogEvent>
<org.drools.audit.event.ActivationLogEvent>
  <type>4</type>
  <activationId>Example [460, 0]</activationId>
  <rule>Example</rule>
  <declarations>$newEvent0=com.sample.model.Event@1ebdff3b(460)</declarations>
</org.drools.audit.event.ActivationLogEvent>
<org.drools.audit.event.ActivationLogEvent>
  <type>4</type>
  <activationId>HelloWorld [460, 0]</activationId>
  <rule>HelloWorld</rule>
  <declarations>$newEvent=com.sample.model.Event@1ebdff3b(460)</declarations>
</org.drools.audit.event.ActivationLogEvent>
<org.drools.audit.event.ActivationLogEvent>
  <type>6</type>
  <activationId>HelloWorld [460, 0]</activationId>
  <rule>HelloWorld</rule>
  <declarations>$newEvent=com.sample.model.Event@1ebdff3b(460)</declarations>
</org.drools.audit.event.ActivationLogEvent>
<org.drools.audit.event.ActivationLogEvent>
  <type>7</type>
  <activationId>HelloWorld [460, 0]</activationId>
  <rule>HelloWorld</rule>
  <declarations>$newEvent=com.sample.model.Event@1ebdff3b(460)</declarations>
</org.drools.audit.event.ActivationLogEvent>
<org.drools.audit.event.ActivationLogEvent>
  <type>6</type>
  <activationId>Example [460, 0]</activationId>
  <rule>Example</rule>
  <declarations>$newEvent0=com.sample.model.Event@1ebdff3b(460)</declarations>
</org.drools.audit.event.ActivationLogEvent>
<org.drools.audit.event.ActivationLogEvent>
  <type>4</type>
  <activationId>Example2 [461]</activationId>
  <rule>Example2</rule>
  <declarations>$newEvent=com.sample.model.Event@c0dd841(461)</declarations>
</org.drools.audit.event.ActivationLogEvent>
<org.drools.audit.event.ObjectLogEvent>
  <type>1</type>
  <factId>461</factId>
  <objectToString>com.sample.model.Event@c0dd841</objectToString>
</org.drools.audit.event.ObjectLogEvent>
<org.drools.audit.event.ActivationLogEvent>
  <type>7</type>
  <activationId>Example [460, 0]</activationId>
  <rule>Example</rule>
  <declarations>$newEvent0=com.sample.model.Event@1ebdff3b(460)</declarations>
</org.drools.audit.event.ActivationLogEvent>
<org.drools.audit.event.ActivationLogEvent>
  <type>6</type>
  <activationId>Example2 [461]</activationId>
  <rule>Example2</rule>
  <declarations>$newEvent=com.sample.model.Event@c0dd841(461)</declarations>
</org.drools.audit.event.ActivationLogEvent>
<org.drools.audit.event.ActivationLogEvent>
  <type>7</type>
  <activationId>Example2 [461]</activationId>
  <rule>Example2</rule>
  <declarations>$newEvent=com.sample.model.Event@c0dd841(461)</declarations>
</org.drools.audit.event.ActivationLogEvent>
<org.drools.audit.event.ObjectLogEvent>
  <type>1</type>
  <factId>462</factId>
  <objectToString>com.sample.model.Event@60f09995</objectToString>
</org.drools.audit.event.ObjectLogEvent>
<org.drools.audit.event.ActivationLogEvent>
  <type>4</type>
  <activationId>Example [462, 0]</activationId>
  <rule>Example</rule>
  <declarations>$newEvent0=com.sample.model.Event@60f09995(462)</declarations>
</org.drools.audit.event.ActivationLogEvent>
<org.drools.audit.event.ActivationLogEvent>
  <type>4</type>
  <activationId>HelloWorld [462, 0]</activationId>
  <rule>HelloWorld</rule>
  <declarations>$newEvent=com.sample.model.Event@60f09995(462)</declarations>
</org.drools.audit.event.ActivationLogEvent>
<org.drools.audit.event.ActivationLogEvent>
  <type>6</type>
  <activationId>HelloWorld [462, 0]</activationId>
  <rule>HelloWorld</rule>
  <declarations>$newEvent=com.sample.model.Event@60f09995(462)</declarations>
</org.drools.audit.event.ActivationLogEvent>
<org.drools.audit.event.ActivationLogEvent>
  <type>7</type>
  <activationId>HelloWorld [462, 0]</activationId>
  <rule>HelloWorld</rule>
  <declarations>$newEvent=com.sample.model.Event@60f09995(462)</declarations>
</org.drools.audit.event.ActivationLogEvent>
<org.drools.audit.event.ActivationLogEvent>
  <type>6</type>
  <activationId>Example [462, 0]</activationId>
  <rule>Example</rule>
  <declarations>$newEvent0=com.sample.model.Event@60f09995(462)</declarations>
</org.drools.audit.event.ActivationLogEvent>
<org.drools.audit.event.ActivationLogEvent>
  <type>4</type>
  <activationId>Example2 [463]</activationId>
  <rule>Example2</rule>
  <declarations>$newEvent=com.sample.model.Event@49aa95c(463)</declarations>
</org.drools.audit.event.ActivationLogEvent>
<org.drools.audit.event.ObjectLogEvent>
  <type>1</type>
  <factId>463</factId>
  <objectToString>com.sample.model.Event@49aa95c</objectToString>
</org.drools.audit.event.ObjectLogEvent>
<org.drools.audit.event.ActivationLogEvent>
  <type>7</type>
  <activationId>Example [462, 0]</activationId>
  <rule>Example</rule>
  <declarations>$newEvent0=com.sample.model.Event@60f09995(462)</declarations>
</org.drools.audit.event.ActivationLogEvent>
<org.drools.audit.event.ActivationLogEvent>
  <type>6</type>
  <activationId>Example2 [463]</activationId>
  <rule>Example2</rule>
  <declarations>$newEvent=com.sample.model.Event@49aa95c(463)</declarations>
</org.drools.audit.event.ActivationLogEvent>
<org.drools.audit.event.ActivationLogEvent>
  <type>7</type>
  <activationId>Example2 [463]</activationId>
  <rule>Example2</rule>
  <declarations>$newEvent=com.sample.model.Event@49aa95c(463)</declarations>
</org.drools.audit.event.ActivationLogEvent>
<org.drools.audit.event.ObjectLogEvent>
  <type>1</type>
  <factId>464</factId>
  <objectToString>com.sample.model.Event@45e4d960</objectToString>
</org.drools.audit.event.ObjectLogEvent>
<org.drools.audit.event.ActivationLogEvent>
  <type>4</type>
  <activationId>Example [464, 0]</activationId>
  <rule>Example</rule>
  <declarations>$newEvent0=com.sample.model.Event@45e4d960(464)</declarations>
</org.drools.audit.event.ActivationLogEvent>
<org.drools.audit.event.ActivationLogEvent>
  <type>4</type>
  <activationId>HelloWorld [464, 0]</activationId>
  <rule>HelloWorld</rule>
  <declarations>$newEvent=com.sample.model.Event@45e4d960(464)</declarations>
</org.drools.audit.event.ActivationLogEvent>
<org.drools.audit.event.ActivationLogEvent>
  <type>6</type>
  <activationId>HelloWorld [464, 0]</activationId>
  <rule>HelloWorld</rule>
  <declarations>$newEvent=com.sample.model.Event@45e4d960(464)</declarations>
</org.drools.audit.event.ActivationLogEvent>
<org.drools.audit.event.ActivationLogEvent>
  <type>7</type>
  <activationId>HelloWorld [464, 0]</activationId>
  <rule>HelloWorld</rule>
  <declarations>$newEvent=com.sample.model.Event@45e4d960(464)</declarations>
</org.drools.audit.event.ActivationLogEvent>
<org.drools.audit.event.ActivationLogEvent>
  <type>6</type>
  <activationId>Example [464, 0]</activationId>
  <rule>Example</rule>
  <declarations>$newEvent0=com.sample.model.Event@45e4d960(464)</declarations>
</org.drools.audit.event.ActivationLogEvent>
<org.drools.audit.event.ActivationLogEvent>
  <type>4</type>
  <activationId>Example2 [465]</activationId>
  <rule>Example2</rule>
  <declarations>$newEvent=com.sample.model.Event@6521f956(465)</declarations>
</org.drools.audit.event.ActivationLogEvent>
<org.drools.audit.event.ObjectLogEvent>
  <type>1</type>
  <factId>465</factId>
  <objectToString>com.sample.model.Event@6521f956</objectToString>
</org.drools.audit.event.ObjectLogEvent>
<org.drools.audit.event.ActivationLogEvent>
  <type>7</type>
  <activationId>Example [464, 0]</activationId>
  <rule>Example</rule>
  <declarations>$newEvent0=com.sample.model.Event@45e4d960(464)</declarations>
</org.drools.audit.event.ActivationLogEvent>
<org.drools.audit.event.ActivationLogEvent>
  <type>6</type>
  <activationId>Example2 [465]</activationId>
  <rule>Example2</rule>
  <declarations>$newEvent=com.sample.model.Event@6521f956(465)</declarations>
</org.drools.audit.event.ActivationLogEvent>
<org.drools.audit.event.ActivationLogEvent>
  <type>7</type>
  <activationId>Example2 [465]</activationId>
  <rule>Example2</rule>
  <declarations>$newEvent=com.sample.model.Event@6521f956(465)</declarations>
</org.drools.audit.event.ActivationLogEvent>
<org.drools.audit.event.ObjectLogEvent>
  <type>1</type>
  <factId>466</factId>
  <objectToString>com.sample.model.Event@1978b0f9</objectToString>
</org.drools.audit.event.ObjectLogEvent>
<org.drools.audit.event.ActivationLogEvent>
  <type>4</type>
  <activationId>Example [466, 0]</activationId>
  <rule>Example</rule>
  <declarations>$newEvent0=com.sample.model.Event@1978b0f9(466)</declarations>
</org.drools.audit.event.ActivationLogEvent>
<org.drools.audit.event.ActivationLogEvent>
  <type>4</type>
  <activationId>HelloWorld [466, 0]</activationId>
  <rule>HelloWorld</rule>
  <declarations>$newEvent=com.sample.model.Event@1978b0f9(466)</declarations>
</org.drools.audit.event.ActivationLogEvent>
<org.drools.audit.event.ActivationLogEvent>
  <type>6</type>
  <activationId>HelloWorld [466, 0]</activationId>
  <rule>HelloWorld</rule>
  <declarations>$newEvent=com.sample.model.Event@1978b0f9(466)</declarations>
</org.drools.audit.event.ActivationLogEvent>
<org.drools.audit.event.ActivationLogEvent>
  <type>7</type>
  <activationId>HelloWorld [466, 0]</activationId>
  <rule>HelloWorld</rule>
  <declarations>$newEvent=com.sample.model.Event@1978b0f9(466)</declarations>
</org.drools.audit.event.ActivationLogEvent>
<org.drools.audit.event.ActivationLogEvent>
  <type>6</type>
  <activationId>Example [466, 0]</activationId>
  <rule>Example</rule>
  <declarations>$newEvent0=com.sample.model.Event@1978b0f9(466)</declarations>
</org.drools.audit.event.ActivationLogEvent>
<org.drools.audit.event.ActivationLogEvent>
  <type>4</type>
  <activationId>Example2 [467]</activationId>
  <rule>Example2</rule>
  <declarations>$newEvent=com.sample.model.Event@5636bc0a(467)</declarations>
</org.drools.audit.event.ActivationLogEvent>
<org.drools.audit.event.ObjectLogEvent>
  <type>1</type>
  <factId>467</factId>
  <objectToString>com.sample.model.Event@5636bc0a</objectToString>
</org.drools.audit.event.ObjectLogEvent>
<org.drools.audit.event.ActivationLogEvent>
  <type>7</type>
  <activationId>Example [466, 0]</activationId>
  <rule>Example</rule>
  <declarations>$newEvent0=com.sample.model.Event@1978b0f9(466)</declarations>
</org.drools.audit.event.ActivationLogEvent>
<org.drools.audit.event.ActivationLogEvent>
  <type>6</type>
  <activationId>Example2 [467]</activationId>
  <rule>Example2</rule>
  <declarations>$newEvent=com.sample.model.Event@5636bc0a(467)</declarations>
</org.drools.audit.event.ActivationLogEvent>
<org.drools.audit.event.ActivationLogEvent>
  <type>7</type>
  <activationId>Example2 [467]</activationId>
  <rule>Example2</rule>
  <declarations>$newEvent=com.sample.model.Event@5636bc0a(467)</declarations>
</org.drools.audit.event.ActivationLogEvent>
<org.drools.audit.event.ObjectLogEvent>
  <type>1</type>
  <factId>468</factId>
  <objectToString>com.sample.model.Event@237360be</objectToString>
</org.drools.audit.event.ObjectLogEvent>
<org.drools.audit.event.ActivationLogEvent>
  <type>4</type>
  <activationId>Example [468, 0]</activationId>
  <rule>Example</rule>
  <declarations>$newEvent0=com.sample.model.Event@237360be(468)</declarations>
</org.drools.audit.event.ActivationLogEvent>
<org.drools.audit.event.ActivationLogEvent>
  <type>4</type>
  <activationId>HelloWorld [468, 0]</activationId>
  <rule>HelloWorld</rule>
  <declarations>$newEvent=com.sample.model.Event@237360be(468)</declarations>
</org.drools.audit.event.ActivationLogEvent>
<org.drools.audit.event.ActivationLogEvent>
  <type>6</type>
  <activationId>HelloWorld [468, 0]</activationId>
  <rule>HelloWorld</rule>
  <declarations>$newEvent=com.sample.model.Event@237360be(468)</declarations>
</org.drools.audit.event.ActivationLogEvent>
<org.drools.audit.event.ActivationLogEvent>
  <type>7</type>
  <activationId>HelloWorld [468, 0]</activationId>
  <rule>HelloWorld</rule>
  <declarations>$newEvent=com.sample.model.Event@237360be(468)</declarations>
</org.drools.audit.event.ActivationLogEvent>
<org.drools.audit.event.ActivationLogEvent>
  <type>6</type>
  <activationId>Example [468, 0]</activationId>
  <rule>Example</rule>
  <declarations>$newEvent0=com.sample.model.Event@237360be(468)</declarations>
</org.drools.audit.event.ActivationLogEvent>
<org.drools.audit.event.ActivationLogEvent>
  <type>4</type>
  <activationId>Example2 [469]</activationId>
  <rule>Example2</rule>
  <declarations>$newEvent=com.sample.model.Event@4706e02e(469)</declarations>
</org.drools.audit.event.ActivationLogEvent>
<org.drools.audit.event.ObjectLogEvent>
  <type>1</type>
  <factId>469</factId>
  <objectToString>com.sample.model.Event@4706e02e</objectToString>
</org.drools.audit.event.ObjectLogEvent>
<org.drools.audit.event.ActivationLogEvent>
  <type>7</type>
  <activationId>Example [468, 0]</activationId>
  <rule>Example</rule>
  <declarations>$newEvent0=com.sample.model.Event@237360be(468)</declarations>
</org.drools.audit.event.ActivationLogEvent>
<org.drools.audit.event.ActivationLogEvent>
  <type>6</type>
  <activationId>Example2 [469]</activationId>
  <rule>Example2</rule>
  <declarations>$newEvent=com.sample.model.Event@4706e02e(469)</declarations>
</org.drools.audit.event.ActivationLogEvent>
<org.drools.audit.event.ActivationLogEvent>
  <type>7</type>
  <activationId>Example2 [469]</activationId>
  <rule>Example2</rule>
  <declarations>$newEvent=com.sample.model.Event@4706e02e(469)</declarations>
</org.drools.audit.event.ActivationLogEvent>
<org.drools.audit.event.ObjectLogEvent>
  <type>1</type>
  <factId>470</factId>
  <objectToString>com.sample.model.Event@14681070</objectToString>
</org.drools.audit.event.ObjectLogEvent>
<org.drools.audit.event.ActivationLogEvent>
  <type>4</type>
  <activationId>Example [470, 0]</activationId>
  <rule>Example</rule>
  <declarations>$newEvent0=com.sample.model.Event@14681070(470)</declarations>
</org.drools.audit.event.ActivationLogEvent>
<org.drools.audit.event.ActivationLogEvent>
  <type>4</type>
  <activationId>HelloWorld [470, 0]</activationId>
  <rule>HelloWorld</rule>
  <declarations>$newEvent=com.sample.model.Event@14681070(470)</declarations>
</org.drools.audit.event.ActivationLogEvent>
<org.drools.audit.event.ActivationLogEvent>
  <type>6</type>
  <activationId>HelloWorld [470, 0]</activationId>
  <rule>HelloWorld</rule>
  <declarations>$newEvent=com.sample.model.Event@14681070(470)</declarations>
</org.drools.audit.event.ActivationLogEvent>
<org.drools.audit.event.ActivationLogEvent>
  <type>7</type>
  <activationId>HelloWorld [470, 0]</activationId>
  <rule>HelloWorld</rule>
  <declarations>$newEvent=com.sample.model.Event@14681070(470)</declarations>
</org.drools.audit.event.ActivationLogEvent>
<org.drools.audit.event.ActivationLogEvent>
  <type>6</type>
  <activationId>Example [470, 0]</activationId>
  <rule>Example</rule>
  <declarations>$newEvent0=com.sample.model.Event@14681070(470)</declarations>
</org.drools.audit.event.ActivationLogEvent>
<org.drools.audit.event.ActivationLogEvent>
  <type>4</type>
  <activationId>Example2 [471]</activationId>
  <rule>Example2</rule>
  <declarations>$newEvent=com.sample.model.Event@a0002df(471)</declarations>
</org.drools.audit.event.ActivationLogEvent>
<org.drools.audit.event.ObjectLogEvent>
  <type>1</type>
  <factId>471</factId>
  <objectToString>com.sample.model.Event@a0002df</objectToString>
</org.drools.audit.event.ObjectLogEvent>
<org.drools.audit.event.ActivationLogEvent>
  <type>7</type>
  <activationId>Example [470, 0]</activationId>
  <rule>Example</rule>
  <declarations>$newEvent0=com.sample.model.Event@14681070(470)</declarations>
</org.drools.audit.event.ActivationLogEvent>
<org.drools.audit.event.ActivationLogEvent>
  <type>6</type>
  <activationId>Example2 [471]</activationId>
  <rule>Example2</rule>
  <declarations>$newEvent=com.sample.model.Event@a0002df(471)</declarations>
</org.drools.audit.event.ActivationLogEvent>
<org.drools.audit.event.ActivationLogEvent>
  <type>7</type>
  <activationId>Example2 [471]</activationId>
  <rule>Example2</rule>
  <declarations>$newEvent=com.sample.model.Event@a0002df(471)</declarations>
</org.drools.audit.event.ActivationLogEvent>
<org.drools.audit.event.ObjectLogEvent>
  <type>1</type>
  <factId>472</factId>
  <objectToString>com.sample.model.Event@6bc839a</objectToString>
</org.drools.audit.event.ObjectLogEvent>
<org.drools.audit.event.ActivationLogEvent>
  <type>4</type>
  <activationId>Example [472, 0]</activationId>
  <rule>Example</rule>
  <declarations>$newEvent0=com.sample.model.Event@6bc839a(472)</declarations>
</org.drools.audit.event.ActivationLogEvent>
<org.drools.audit.event.ActivationLogEvent>
  <type>4</type>
  <activationId>HelloWorld [472, 0]</activationId>
  <rule>HelloWorld</rule>
  <declarations>$newEvent=com.sample.model.Event@6bc839a(472)</declarations>
</org.drools.audit.event.ActivationLogEvent>
<org.drools.audit.event.ActivationLogEvent>
  <type>6</type>
  <activationId>HelloWorld [472, 0]</activationId>
  <rule>HelloWorld</rule>
  <declarations>$newEvent=com.sample.model.Event@6bc839a(472)</declarations>
</org.drools.audit.event.ActivationLogEvent>
<org.drools.audit.event.ActivationLogEvent>
  <type>7</type>
  <activationId>HelloWorld [472, 0]</activationId>
  <rule>HelloWorld</rule>
  <declarations>$newEvent=com.sample.model.Event@6bc839a(472)</declarations>
</org.drools.audit.event.ActivationLogEvent>
<org.drools.audit.event.ActivationLogEvent>
  <type>6</type>
  <activationId>Example [472, 0]</activationId>
  <rule>Example</rule>
  <declarations>$newEvent0=com.sample.model.Event@6bc839a(472)</declarations>
</org.drools.audit.event.ActivationLogEvent>
<org.drools.audit.event.ActivationLogEvent>
  <type>4</type>
  <activationId>Example2 [473]</activationId>
  <rule>Example2</rule>
  <declarations>$newEvent=com.sample.model.Event@30e79eb3(473)</declarations>
</org.drools.audit.event.ActivationLogEvent>
<org.drools.audit.event.ObjectLogEvent>
  <type>1</type>
  <factId>473</factId>
  <objectToString>com.sample.model.Event@30e79eb3</objectToString>
</org.drools.audit.event.ObjectLogEvent>
<org.drools.audit.event.ActivationLogEvent>
  <type>7</type>
  <activationId>Example [472, 0]</activationId>
  <rule>Example</rule>
  <declarations>$newEvent0=com.sample.model.Event@6bc839a(472)</declarations>
</org.drools.audit.event.ActivationLogEvent>
<org.drools.audit.event.ActivationLogEvent>
  <type>6</type>
  <activationId>Example2 [473]</activationId>
  <rule>Example2</rule>
  <declarations>$newEvent=com.sample.model.Event@30e79eb3(473)</declarations>
</org.drools.audit.event.ActivationLogEvent>
<org.drools.audit.event.ActivationLogEvent>
  <type>7</type>
  <activationId>Example2 [473]</activationId>
  <rule>Example2</rule>
  <declarations>$newEvent=com.sample.model.Event@30e79eb3(473)</declarations>
</org.drools.audit.event.ActivationLogEvent>
<org.drools.audit.event.ObjectLogEvent>
  <type>1</type>
  <factId>474</factId>
  <objectToString>com.sample.model.Event@366412da</objectToString>
</org.drools.audit.event.ObjectLogEvent>
<org.drools.audit.event.ActivationLogEvent>
  <type>4</type>
  <activationId>Example [474, 0]</activationId>
  <rule>Example</rule>
  <declarations>$newEvent0=com.sample.model.Event@366412da(474)</declarations>
</org.drools.audit.event.ActivationLogEvent>
<org.drools.audit.event.ActivationLogEvent>
  <type>4</type>
  <activationId>HelloWorld [474, 0]</activationId>
  <rule>HelloWorld</rule>
  <declarations>$newEvent=com.sample.model.Event@366412da(474)</declarations>
</org.drools.audit.event.ActivationLogEvent>
<org.drools.audit.event.ActivationLogEvent>
  <type>6</type>
  <activationId>HelloWorld [474, 0]</activationId>
  <rule>HelloWorld</rule>
  <declarations>$newEvent=com.sample.model.Event@366412da(474)</declarations>
</org.drools.audit.event.ActivationLogEvent>
<org.drools.audit.event.ActivationLogEvent>
  <type>7</type>
  <activationId>HelloWorld [474, 0]</activationId>
  <rule>HelloWorld</rule>
  <declarations>$newEvent=com.sample.model.Event@366412da(474)</declarations>
</org.drools.audit.event.ActivationLogEvent>
<org.drools.audit.event.ActivationLogEvent>
  <type>6</type>
  <activationId>Example [474, 0]</activationId>
  <rule>Example</rule>
  <declarations>$newEvent0=com.sample.model.Event@366412da(474)</declarations>
</org.drools.audit.event.ActivationLogEvent>
<org.drools.audit.event.ActivationLogEvent>
  <type>4</type>
  <activationId>Example2 [475]</activationId>
  <rule>Example2</rule>
  <declarations>$newEvent=com.sample.model.Event@49deadf0(475)</declarations>
</org.drools.audit.event.ActivationLogEvent>
<org.drools.audit.event.ObjectLogEvent>
  <type>1</type>
  <factId>475</factId>
  <objectToString>com.sample.model.Event@49deadf0</objectToString>
</org.drools.audit.event.ObjectLogEvent>
<org.drools.audit.event.ActivationLogEvent>
  <type>7</type>
  <activationId>Example [474, 0]</activationId>
  <rule>Example</rule>
  <declarations>$newEvent0=com.sample.model.Event@366412da(474)</declarations>
</org.drools.audit.event.ActivationLogEvent>
<org.drools.audit.event.ActivationLogEvent>
  <type>6</type>
  <activationId>Example2 [475]</activationId>
  <rule>Example2</rule>
  <declarations>$newEvent=com.sample.model.Event@49deadf0(475)</declarations>
</org.drools.audit.event.ActivationLogEvent>
<org.drools.audit.event.ActivationLogEvent>
  <type>7</type>
  <activationId>Example2 [475]</activationId>
  <rule>Example2</rule>
  <declarations>$newEvent=com.sample.model.Event@49deadf0(475)</declarations>
</org.drools.audit.event.ActivationLogEvent>
<org.drools.audit.event.ObjectLogEvent>
  <type>1</type>
  <factId>476</factId>
  <objectToString>com.sample.model.Event@3a6d8d73</objectToString>
</org.drools.audit.event.ObjectLogEvent>
<org.drools.audit.event.ActivationLogEvent>
  <type>4</type>
  <activationId>Example [476, 0]</activationId>
  <rule>Example</rule>
  <declarations>$newEvent0=com.sample.model.Event@3a6d8d73(476)</declarations>
</org.drools.audit.event.ActivationLogEvent>
<org.drools.audit.event.ActivationLogEvent>
  <type>4</type>
  <activationId>HelloWorld [476, 0]</activationId>
  <rule>HelloWorld</rule>
  <declarations>$newEvent=com.sample.model.Event@3a6d8d73(476)</declarations>
</org.drools.audit.event.ActivationLogEvent>
<org.drools.audit.event.ActivationLogEvent>
  <type>6</type>
  <activationId>HelloWorld [476, 0]</activationId>
  <rule>HelloWorld</rule>
  <declarations>$newEvent=com.sample.model.Event@3a6d8d73(476)</declarations>
</org.drools.audit.event.ActivationLogEvent>
<org.drools.audit.event.ActivationLogEvent>
  <type>7</type>
  <activationId>HelloWorld [476, 0]</activationId>
  <rule>HelloWorld</rule>
  <declarations>$newEvent=com.sample.model.Event@3a6d8d73(476)</declarations>
</org.drools.audit.event.ActivationLogEvent>
<org.drools.audit.event.ActivationLogEvent>
  <type>6</type>
  <activationId>Example [476, 0]</activationId>
  <rule>Example</rule>
  <declarations>$newEvent0=com.sample.model.Event@3a6d8d73(476)</declarations>
</org.drools.audit.event.ActivationLogEvent>
<org.drools.audit.event.ActivationLogEvent>
  <type>4</type>
  <activationId>Example2 [477]</activationId>
  <rule>Example2</rule>
  <declarations>$newEvent=com.sample.model.Event@48ffb301(477)</declarations>
</org.drools.audit.event.ActivationLogEvent>
<org.drools.audit.event.ObjectLogEvent>
  <type>1</type>
  <factId>477</factId>
  <objectToString>com.sample.model.Event@48ffb301</objectToString>
</org.drools.audit.event.ObjectLogEvent>
<org.drools.audit.event.ActivationLogEvent>
  <type>7</type>
  <activationId>Example [476, 0]</activationId>
  <rule>Example</rule>
  <declarations>$newEvent0=com.sample.model.Event@3a6d8d73(476)</declarations>
</org.drools.audit.event.ActivationLogEvent>
<org.drools.audit.event.ActivationLogEvent>
  <type>6</type>
  <activationId>Example2 [477]</activationId>
  <rule>Example2</rule>
  <declarations>$newEvent=com.sample.model.Event@48ffb301(477)</declarations>
</org.drools.audit.event.ActivationLogEvent>
<org.drools.audit.event.ActivationLogEvent>
  <type>7</type>
  <activationId>Example2 [477]</activationId>
  <rule>Example2</rule>
  <declarations>$newEvent=com.sample.model.Event@48ffb301(477)</declarations>
</org.drools.audit.event.ActivationLogEvent>
<org.drools.audit.event.ObjectLogEvent>
  <type>1</type>
  <factId>478</factId>
  <objectToString>com.sample.model.Event@b412c18</objectToString>
</org.drools.audit.event.ObjectLogEvent>
<org.drools.audit.event.ActivationLogEvent>
  <type>4</type>
  <activationId>Example [478, 0]</activationId>
  <rule>Example</rule>
  <declarations>$newEvent0=com.sample.model.Event@b412c18(478)</declarations>
</org.drools.audit.event.ActivationLogEvent>
<org.drools.audit.event.ActivationLogEvent>
  <type>4</type>
  <activationId>HelloWorld [478, 0]</activationId>
  <rule>HelloWorld</rule>
  <declarations>$newEvent=com.sample.model.Event@b412c18(478)</declarations>
</org.drools.audit.event.ActivationLogEvent>
<org.drools.audit.event.ActivationLogEvent>
  <type>6</type>
  <activationId>HelloWorld [478, 0]</activationId>
  <rule>HelloWorld</rule>
  <declarations>$newEvent=com.sample.model.Event@b412c18(478)</declarations>
</org.drools.audit.event.ActivationLogEvent>
<org.drools.audit.event.ActivationLogEvent>
  <type>7</type>
  <activationId>HelloWorld [478, 0]</activationId>
  <rule>HelloWorld</rule>
  <declarations>$newEvent=com.sample.model.Event@b412c18(478)</declarations>
</org.drools.audit.event.ActivationLogEvent>
<org.drools.audit.event.ActivationLogEvent>
  <type>6</type>
  <activationId>Example [478, 0]</activationId>
  <rule>Example</rule>
  <declarations>$newEvent0=com.sample.model.Event@b412c18(478)</declarations>
</org.drools.audit.event.ActivationLogEvent>
<org.drools.audit.event.ActivationLogEvent>
  <type>4</type>
  <activationId>Example2 [479]</activationId>
  <rule>Example2</rule>
  <declarations>$newEvent=com.sample.model.Event@39e2ee3f(479)</declarations>
</org.drools.audit.event.ActivationLogEvent>
<org.drools.audit.event.ObjectLogEvent>
  <type>1</type>
  <factId>479</factId>
  <objectToString>com.sample.model.Event@39e2ee3f</objectToString>
</org.drools.audit.event.ObjectLogEvent>
<org.drools.audit.event.ActivationLogEvent>
  <type>7</type>
  <activationId>Example [478, 0]</activationId>
  <rule>Example</rule>
  <declarations>$newEvent0=com.sample.model.Event@b412c18(478)</declarations>
</org.drools.audit.event.ActivationLogEvent>
<org.drools.audit.event.ActivationLogEvent>
  <type>6</type>
  <activationId>Example2 [479]</activationId>
  <rule>Example2</rule>
  <declarations>$newEvent=com.sample.model.Event@39e2ee3f(479)</declarations>
</org.drools.audit.event.ActivationLogEvent>
<org.drools.audit.event.ActivationLogEvent>
  <type>7</type>
  <activationId>Example2 [479]</activationId>
  <rule>Example2</rule>
  <declarations>$newEvent=com.sample.model.Event@39e2ee3f(479)</declarations>
</org.drools.audit.event.ActivationLogEvent>
<org.drools.audit.event.ObjectLogEvent>
  <type>1</type>
  <factId>480</factId>
  <objectToString>com.sample.model.Event@618787c9</objectToString>
</org.drools.audit.event.ObjectLogEvent>
<org.drools.audit.event.ActivationLogEvent>
  <type>4</type>
  <activationId>Example [480, 0]</activationId>
  <rule>Example</rule>
  <declarations>$newEvent0=com.sample.model.Event@618787c9(480)</declarations>
</org.drools.audit.event.ActivationLogEvent>
<org.drools.audit.event.ActivationLogEvent>
  <type>4</type>
  <activationId>HelloWorld [480, 0]</activationId>
  <rule>HelloWorld</rule>
  <declarations>$newEvent=com.sample.model.Event@618787c9(480)</declarations>
</org.drools.audit.event.ActivationLogEvent>
<org.drools.audit.event.ActivationLogEvent>
  <type>6</type>
  <activationId>Example [480, 0]</activationId>
  <rule>Example</rule>
  <declarations>$newEvent0=com.sample.model.Event@618787c9(480)</declarations>
</org.drools.audit.event.ActivationLogEvent>
<org.drools.audit.event.ActivationLogEvent>
  <type>4</type>
  <activationId>Example2 [481]</activationId>
  <rule>Example2</rule>
  <declarations>$newEvent=com.sample.model.Event@8e3cf25(481)</declarations>
</org.drools.audit.event.ActivationLogEvent>
<org.drools.audit.event.ObjectLogEvent>
  <type>1</type>
  <factId>481</factId>
  <objectToString>com.sample.model.Event@8e3cf25</objectToString>
</org.drools.audit.event.ObjectLogEvent>
<org.drools.audit.event.ActivationLogEvent>
  <type>7</type>
  <activationId>Example [480, 0]</activationId>
  <rule>Example</rule>
  <declarations>$newEvent0=com.sample.model.Event@618787c9(480)</declarations>
</org.drools.audit.event.ActivationLogEvent>
<org.drools.audit.event.ActivationLogEvent>
  <type>6</type>
  <activationId>Example2 [481]</activationId>
  <rule>Example2</rule>
  <declarations>$newEvent=com.sample.model.Event@8e3cf25(481)</declarations>
</org.drools.audit.event.ActivationLogEvent>
<org.drools.audit.event.ActivationLogEvent>
  <type>7</type>
  <activationId>Example2 [481]</activationId>
  <rule>Example2</rule>
  <declarations>$newEvent=com.sample.model.Event@8e3cf25(481)</declarations>
</org.drools.audit.event.ActivationLogEvent>
<org.drools.audit.event.ActivationLogEvent>
  <type>6</type>
  <activationId>HelloWorld [480, 0]</activationId>
  <rule>HelloWorld</rule>
  <declarations>$newEvent=com.sample.model.Event@618787c9(480)</declarations>
</org.drools.audit.event.ActivationLogEvent>
<org.drools.audit.event.ActivationLogEvent>
  <type>7</type>
  <activationId>HelloWorld [480, 0]</activationId>
  <rule>HelloWorld</rule>
  <declarations>$newEvent=com.sample.model.Event@618787c9(480)</declarations>
</org.drools.audit.event.ActivationLogEvent>
<org.drools.audit.event.ObjectLogEvent>
  <type>1</type>
  <factId>482</factId>
  <objectToString>com.sample.model.Event@24348ab2</objectToString>
</org.drools.audit.event.ObjectLogEvent>
<org.drools.audit.event.ActivationLogEvent>
  <type>4</type>
  <activationId>Example [482, 0]</activationId>
  <rule>Example</rule>
  <declarations>$newEvent0=com.sample.model.Event@24348ab2(482)</declarations>
</org.drools.audit.event.ActivationLogEvent>
<org.drools.audit.event.ActivationLogEvent>
  <type>4</type>
  <activationId>HelloWorld [482, 0]</activationId>
  <rule>HelloWorld</rule>
  <declarations>$newEvent=com.sample.model.Event@24348ab2(482)</declarations>
</org.drools.audit.event.ActivationLogEvent>
<org.drools.audit.event.ActivationLogEvent>
  <type>6</type>
  <activationId>HelloWorld [482, 0]</activationId>
  <rule>HelloWorld</rule>
  <declarations>$newEvent=com.sample.model.Event@24348ab2(482)</declarations>
</org.drools.audit.event.ActivationLogEvent>
<org.drools.audit.event.ActivationLogEvent>
  <type>7</type>
  <activationId>HelloWorld [482, 0]</activationId>
  <rule>HelloWorld</rule>
  <declarations>$newEvent=com.sample.model.Event@24348ab2(482)</declarations>
</org.drools.audit.event.ActivationLogEvent>
<org.drools.audit.event.ActivationLogEvent>
  <type>6</type>
  <activationId>Example [482, 0]</activationId>
  <rule>Example</rule>
  <declarations>$newEvent0=com.sample.model.Event@24348ab2(482)</declarations>
</org.drools.audit.event.ActivationLogEvent>
<org.drools.audit.event.ActivationLogEvent>
  <type>4</type>
  <activationId>Example2 [483]</activationId>
  <rule>Example2</rule>
  <declarations>$newEvent=com.sample.model.Event@12720f6c(483)</declarations>
</org.drools.audit.event.ActivationLogEvent>
<org.drools.audit.event.ObjectLogEvent>
  <type>1</type>
  <factId>483</factId>
  <objectToString>com.sample.model.Event@12720f6c</objectToString>
</org.drools.audit.event.ObjectLogEvent>
<org.drools.audit.event.ActivationLogEvent>
  <type>7</type>
  <activationId>Example [482, 0]</activationId>
  <rule>Example</rule>
  <declarations>$newEvent0=com.sample.model.Event@24348ab2(482)</declarations>
</org.drools.audit.event.ActivationLogEvent>
<org.drools.audit.event.ActivationLogEvent>
  <type>6</type>
  <activationId>Example2 [483]</activationId>
  <rule>Example2</rule>
  <declarations>$newEvent=com.sample.model.Event@12720f6c(483)</declarations>
</org.drools.audit.event.ActivationLogEvent>
<org.drools.audit.event.ActivationLogEvent>
  <type>7</type>
  <activationId>Example2 [483]</activationId>
  <rule>Example2</rule>
  <declarations>$newEvent=com.sample.model.Event@12720f6c(483)</declarations>
</org.drools.audit.event.ActivationLogEvent>
<org.drools.audit.event.ObjectLogEvent>
  <type>1</type>
  <factId>484</factId>
  <objectToString>com.sample.model.Event@7e5284e9</objectToString>
</org.drools.audit.event.ObjectLogEvent>
<org.drools.audit.event.ActivationLogEvent>
  <type>4</type>
  <activationId>Example [484, 0]</activationId>
  <rule>Example</rule>
  <declarations>$newEvent0=com.sample.model.Event@7e5284e9(484)</declarations>
</org.drools.audit.event.ActivationLogEvent>
<org.drools.audit.event.ActivationLogEvent>
  <type>4</type>
  <activationId>HelloWorld [484, 0]</activationId>
  <rule>HelloWorld</rule>
  <declarations>$newEvent=com.sample.model.Event@7e5284e9(484)</declarations>
</org.drools.audit.event.ActivationLogEvent>
<org.drools.audit.event.ActivationLogEvent>
  <type>6</type>
  <activationId>HelloWorld [484, 0]</activationId>
  <rule>HelloWorld</rule>
  <declarations>$newEvent=com.sample.model.Event@7e5284e9(484)</declarations>
</org.drools.audit.event.ActivationLogEvent>
<org.drools.audit.event.ActivationLogEvent>
  <type>7</type>
  <activationId>HelloWorld [484, 0]</activationId>
  <rule>HelloWorld</rule>
  <declarations>$newEvent=com.sample.model.Event@7e5284e9(484)</declarations>
</org.drools.audit.event.ActivationLogEvent>
<org.drools.audit.event.ActivationLogEvent>
  <type>6</type>
  <activationId>Example [484, 0]</activationId>
  <rule>Example</rule>
  <declarations>$newEvent0=com.sample.model.Event@7e5284e9(484)</declarations>
</org.drools.audit.event.ActivationLogEvent>
<org.drools.audit.event.ActivationLogEvent>
  <type>4</type>
  <activationId>Example2 [485]</activationId>
  <rule>Example2</rule>
  <declarations>$newEvent=com.sample.model.Event@592fa617(485)</declarations>
</org.drools.audit.event.ActivationLogEvent>
<org.drools.audit.event.ObjectLogEvent>
  <type>1</type>
  <factId>485</factId>
  <objectToString>com.sample.model.Event@592fa617</objectToString>
</org.drools.audit.event.ObjectLogEvent>
<org.drools.audit.event.ActivationLogEvent>
  <type>7</type>
  <activationId>Example [484, 0]</activationId>
  <rule>Example</rule>
  <declarations>$newEvent0=com.sample.model.Event@7e5284e9(484)</declarations>
</org.drools.audit.event.ActivationLogEvent>
<org.drools.audit.event.ActivationLogEvent>
  <type>6</type>
  <activationId>Example2 [485]</activationId>
  <rule>Example2</rule>
  <declarations>$newEvent=com.sample.model.Event@592fa617(485)</declarations>
</org.drools.audit.event.ActivationLogEvent>
<org.drools.audit.event.ActivationLogEvent>
  <type>7</type>
  <activationId>Example2 [485]</activationId>
  <rule>Example2</rule>
  <declarations>$newEvent=com.sample.model.Event@592fa617(485)</declarations>
</org.drools.audit.event.ActivationLogEvent>
<org.drools.audit.event.ObjectLogEvent>
  <type>1</type>
  <factId>486</factId>
  <objectToString>com.sample.model.Event@47415dbf</objectToString>
</org.drools.audit.event.ObjectLogEvent>
<org.drools.audit.event.ActivationLogEvent>
  <type>4</type>
  <activationId>Example [486, 0]</activationId>
  <rule>Example</rule>
  <declarations>$newEvent0=com.sample.model.Event@47415dbf(486)</declarations>
</org.drools.audit.event.ActivationLogEvent>
<org.drools.audit.event.ActivationLogEvent>
  <type>4</type>
  <activationId>HelloWorld [486, 0]</activationId>
  <rule>HelloWorld</rule>
  <declarations>$newEvent=com.sample.model.Event@47415dbf(486)</declarations>
</org.drools.audit.event.ActivationLogEvent>
<org.drools.audit.event.ActivationLogEvent>
  <type>6</type>
  <activationId>HelloWorld [486, 0]</activationId>
  <rule>HelloWorld</rule>
  <declarations>$newEvent=com.sample.model.Event@47415dbf(486)</declarations>
</org.drools.audit.event.ActivationLogEvent>
<org.drools.audit.event.ActivationLogEvent>
  <type>7</type>
  <activationId>HelloWorld [486, 0]</activationId>
  <rule>HelloWorld</rule>
  <declarations>$newEvent=com.sample.model.Event@47415dbf(486)</declarations>
</org.drools.audit.event.ActivationLogEvent>
<org.drools.audit.event.ActivationLogEvent>
  <type>6</type>
  <activationId>Example [486, 0]</activationId>
  <rule>Example</rule>
  <declarations>$newEvent0=com.sample.model.Event@47415dbf(486)</declarations>
</org.drools.audit.event.ActivationLogEvent>
<org.drools.audit.event.ActivationLogEvent>
  <type>4</type>
  <activationId>Example2 [487]</activationId>
  <rule>Example2</rule>
  <declarations>$newEvent=com.sample.model.Event@3acff49f(487)</declarations>
</org.drools.audit.event.ActivationLogEvent>
<org.drools.audit.event.ObjectLogEvent>
  <type>1</type>
  <factId>487</factId>
  <objectToString>com.sample.model.Event@3acff49f</objectToString>
</org.drools.audit.event.ObjectLogEvent>
<org.drools.audit.event.ActivationLogEvent>
  <type>7</type>
  <activationId>Example [486, 0]</activationId>
  <rule>Example</rule>
  <declarations>$newEvent0=com.sample.model.Event@47415dbf(486)</declarations>
</org.drools.audit.event.ActivationLogEvent>
<org.drools.audit.event.ActivationLogEvent>
  <type>6</type>
  <activationId>Example2 [487]</activationId>
  <rule>Example2</rule>
  <declarations>$newEvent=com.sample.model.Event@3acff49f(487)</declarations>
</org.drools.audit.event.ActivationLogEvent>
<org.drools.audit.event.ActivationLogEvent>
  <type>7</type>
  <activationId>Example2 [487]</activationId>
  <rule>Example2</rule>
  <declarations>$newEvent=com.sample.model.Event@3acff49f(487)</declarations>
</org.drools.audit.event.ActivationLogEvent>
<org.drools.audit.event.ObjectLogEvent>
  <type>1</type>
  <factId>488</factId>
  <objectToString>com.sample.model.Event@2ac510e3</objectToString>
</org.drools.audit.event.ObjectLogEvent>
<org.drools.audit.event.ActivationLogEvent>
  <type>4</type>
  <activationId>Example [488, 0]</activationId>
  <rule>Example</rule>
  <declarations>$newEvent0=com.sample.model.Event@2ac510e3(488)</declarations>
</org.drools.audit.event.ActivationLogEvent>
<org.drools.audit.event.ActivationLogEvent>
  <type>4</type>
  <activationId>HelloWorld [488, 0]</activationId>
  <rule>HelloWorld</rule>
  <declarations>$newEvent=com.sample.model.Event@2ac510e3(488)</declarations>
</org.drools.audit.event.ActivationLogEvent>
<org.drools.audit.event.ActivationLogEvent>
  <type>6</type>
  <activationId>HelloWorld [488, 0]</activationId>
  <rule>HelloWorld</rule>
  <declarations>$newEvent=com.sample.model.Event@2ac510e3(488)</declarations>
</org.drools.audit.event.ActivationLogEvent>
<org.drools.audit.event.ActivationLogEvent>
  <type>7</type>
  <activationId>HelloWorld [488, 0]</activationId>
  <rule>HelloWorld</rule>
  <declarations>$newEvent=com.sample.model.Event@2ac510e3(488)</declarations>
</org.drools.audit.event.ActivationLogEvent>
<org.drools.audit.event.ActivationLogEvent>
  <type>6</type>
  <activationId>Example [488, 0]</activationId>
  <rule>Example</rule>
  <declarations>$newEvent0=com.sample.model.Event@2ac510e3(488)</declarations>
</org.drools.audit.event.ActivationLogEvent>
<org.drools.audit.event.ActivationLogEvent>
  <type>4</type>
  <activationId>Example2 [489]</activationId>
  <rule>Example2</rule>
  <declarations>$newEvent=com.sample.model.Event@3cba8af9(489)</declarations>
</org.drools.audit.event.ActivationLogEvent>
<org.drools.audit.event.ObjectLogEvent>
  <type>1</type>
  <factId>489</factId>
  <objectToString>com.sample.model.Event@3cba8af9</objectToString>
</org.drools.audit.event.ObjectLogEvent>
<org.drools.audit.event.ActivationLogEvent>
  <type>7</type>
  <activationId>Example [488, 0]</activationId>
  <rule>Example</rule>
  <declarations>$newEvent0=com.sample.model.Event@2ac510e3(488)</declarations>
</org.drools.audit.event.ActivationLogEvent>
<org.drools.audit.event.ActivationLogEvent>
  <type>6</type>
  <activationId>Example2 [489]</activationId>
  <rule>Example2</rule>
  <declarations>$newEvent=com.sample.model.Event@3cba8af9(489)</declarations>
</org.drools.audit.event.ActivationLogEvent>
<org.drools.audit.event.ActivationLogEvent>
  <type>7</type>
  <activationId>Example2 [489]</activationId>
  <rule>Example2</rule>
  <declarations>$newEvent=com.sample.model.Event@3cba8af9(489)</declarations>
</org.drools.audit.event.ActivationLogEvent>
<org.drools.audit.event.ObjectLogEvent>
  <type>1</type>
  <factId>490</factId>
  <objectToString>com.sample.model.Event@7afa0094</objectToString>
</org.drools.audit.event.ObjectLogEvent>
<org.drools.audit.event.ActivationLogEvent>
  <type>4</type>
  <activationId>Example [490, 0]</activationId>
  <rule>Example</rule>
  <declarations>$newEvent0=com.sample.model.Event@7afa0094(490)</declarations>
</org.drools.audit.event.ActivationLogEvent>
<org.drools.audit.event.ActivationLogEvent>
  <type>6</type>
  <activationId>Example [490, 0]</activationId>
  <rule>Example</rule>
  <declarations>$newEvent0=com.sample.model.Event@7afa0094(490)</declarations>
</org.drools.audit.event.ActivationLogEvent>
<org.drools.audit.event.ActivationLogEvent>
  <type>4</type>
  <activationId>HelloWorld [490, 0]</activationId>
  <rule>HelloWorld</rule>
  <declarations>$newEvent=com.sample.model.Event@7afa0094(490)</declarations>
</org.drools.audit.event.ActivationLogEvent>
<org.drools.audit.event.ActivationLogEvent>
  <type>4</type>
  <activationId>Example2 [491]</activationId>
  <rule>Example2</rule>
  <declarations>$newEvent=com.sample.model.Event@333c339f(491)</declarations>
</org.drools.audit.event.ActivationLogEvent>
<org.drools.audit.event.ObjectLogEvent>
  <type>1</type>
  <factId>491</factId>
  <objectToString>com.sample.model.Event@333c339f</objectToString>
</org.drools.audit.event.ObjectLogEvent>
<org.drools.audit.event.ActivationLogEvent>
  <type>7</type>
  <activationId>Example [490, 0]</activationId>
  <rule>Example</rule>
  <declarations>$newEvent0=com.sample.model.Event@7afa0094(490)</declarations>
</org.drools.audit.event.ActivationLogEvent>
<org.drools.audit.event.ActivationLogEvent>
  <type>6</type>
  <activationId>Example2 [491]</activationId>
  <rule>Example2</rule>
  <declarations>$newEvent=com.sample.model.Event@333c339f(491)</declarations>
</org.drools.audit.event.ActivationLogEvent>
<org.drools.audit.event.ActivationLogEvent>
  <type>7</type>
  <activationId>Example2 [491]</activationId>
  <rule>Example2</rule>
  <declarations>$newEvent=com.sample.model.Event@333c339f(491)</declarations>
</org.drools.audit.event.ActivationLogEvent>
<org.drools.audit.event.ActivationLogEvent>
  <type>6</type>
  <activationId>HelloWorld [490, 0]</activationId>
  <rule>HelloWorld</rule>
  <declarations>$newEvent=com.sample.model.Event@7afa0094(490)</declarations>
</org.drools.audit.event.ActivationLogEvent>
<org.drools.audit.event.ActivationLogEvent>
  <type>7</type>
  <activationId>HelloWorld [490, 0]</activationId>
  <rule>HelloWorld</rule>
  <declarations>$newEvent=com.sample.model.Event@7afa0094(490)</declarations>
</org.drools.audit.event.ActivationLogEvent>
<org.drools.audit.event.ObjectLogEvent>
  <type>1</type>
  <factId>492</factId>
  <objectToString>com.sample.model.Event@1e081c5</objectToString>
</org.drools.audit.event.ObjectLogEvent>
<org.drools.audit.event.ActivationLogEvent>
  <type>4</type>
  <activationId>Example [492, 0]</activationId>
  <rule>Example</rule>
  <declarations>$newEvent0=com.sample.model.Event@1e081c5(492)</declarations>
</org.drools.audit.event.ActivationLogEvent>
<org.drools.audit.event.ActivationLogEvent>
  <type>6</type>
  <activationId>Example [492, 0]</activationId>
  <rule>Example</rule>
  <declarations>$newEvent0=com.sample.model.Event@1e081c5(492)</declarations>
</org.drools.audit.event.ActivationLogEvent>
<org.drools.audit.event.ActivationLogEvent>
  <type>4</type>
  <activationId>HelloWorld [492, 0]</activationId>
  <rule>HelloWorld</rule>
  <declarations>$newEvent=com.sample.model.Event@1e081c5(492)</declarations>
</org.drools.audit.event.ActivationLogEvent>
<org.drools.audit.event.ActivationLogEvent>
  <type>4</type>
  <activationId>Example2 [493]</activationId>
  <rule>Example2</rule>
  <declarations>$newEvent=com.sample.model.Event@3a67ad79(493)</declarations>
</org.drools.audit.event.ActivationLogEvent>
<org.drools.audit.event.ObjectLogEvent>
  <type>1</type>
  <factId>493</factId>
  <objectToString>com.sample.model.Event@3a67ad79</objectToString>
</org.drools.audit.event.ObjectLogEvent>
<org.drools.audit.event.ActivationLogEvent>
  <type>7</type>
  <activationId>Example [492, 0]</activationId>
  <rule>Example</rule>
  <declarations>$newEvent0=com.sample.model.Event@1e081c5(492)</declarations>
</org.drools.audit.event.ActivationLogEvent>
<org.drools.audit.event.ActivationLogEvent>
  <type>6</type>
  <activationId>Example2 [493]</activationId>
  <rule>Example2</rule>
  <declarations>$newEvent=com.sample.model.Event@3a67ad79(493)</declarations>
</org.drools.audit.event.ActivationLogEvent>
<org.drools.audit.event.ActivationLogEvent>
  <type>7</type>
  <activationId>Example2 [493]</activationId>
  <rule>Example2</rule>
  <declarations>$newEvent=com.sample.model.Event@3a67ad79(493)</declarations>
</org.drools.audit.event.ActivationLogEvent>
<org.drools.audit.event.ActivationLogEvent>
  <type>6</type>
  <activationId>HelloWorld [492, 0]</activationId>
  <rule>HelloWorld</rule>
  <declarations>$newEvent=com.sample.model.Event@1e081c5(492)</declarations>
</org.drools.audit.event.ActivationLogEvent>
<org.drools.audit.event.ActivationLogEvent>
  <type>7</type>
  <activationId>HelloWorld [492, 0]</activationId>
  <rule>HelloWorld</rule>
  <declarations>$newEvent=com.sample.model.Event@1e081c5(492)</declarations>
</org.drools.audit.event.ActivationLogEvent>
<org.drools.audit.event.ObjectLogEvent>
  <type>1</type>
  <factId>494</factId>
  <objectToString>com.sample.model.Event@6cae00e3</objectToString>
</org.drools.audit.event.ObjectLogEvent>
<org.drools.audit.event.ActivationLogEvent>
  <type>4</type>
  <activationId>Example [494, 0]</activationId>
  <rule>Example</rule>
  <declarations>$newEvent0=com.sample.model.Event@6cae00e3(494)</declarations>
</org.drools.audit.event.ActivationLogEvent>
<org.drools.audit.event.ActivationLogEvent>
  <type>4</type>
  <activationId>HelloWorld [494, 0]</activationId>
  <rule>HelloWorld</rule>
  <declarations>$newEvent=com.sample.model.Event@6cae00e3(494)</declarations>
</org.drools.audit.event.ActivationLogEvent>
<org.drools.audit.event.ActivationLogEvent>
  <type>6</type>
  <activationId>HelloWorld [494, 0]</activationId>
  <rule>HelloWorld</rule>
  <declarations>$newEvent=com.sample.model.Event@6cae00e3(494)</declarations>
</org.drools.audit.event.ActivationLogEvent>
<org.drools.audit.event.ActivationLogEvent>
  <type>7</type>
  <activationId>HelloWorld [494, 0]</activationId>
  <rule>HelloWorld</rule>
  <declarations>$newEvent=com.sample.model.Event@6cae00e3(494)</declarations>
</org.drools.audit.event.ActivationLogEvent>
<org.drools.audit.event.ActivationLogEvent>
  <type>6</type>
  <activationId>Example [494, 0]</activationId>
  <rule>Example</rule>
  <declarations>$newEvent0=com.sample.model.Event@6cae00e3(494)</declarations>
</org.drools.audit.event.ActivationLogEvent>
<org.drools.audit.event.ActivationLogEvent>
  <type>4</type>
  <activationId>Example2 [495]</activationId>
  <rule>Example2</rule>
  <declarations>$newEvent=com.sample.model.Event@380fe8c4(495)</declarations>
</org.drools.audit.event.ActivationLogEvent>
<org.drools.audit.event.ObjectLogEvent>
  <type>1</type>
  <factId>495</factId>
  <objectToString>com.sample.model.Event@380fe8c4</objectToString>
</org.drools.audit.event.ObjectLogEvent>
<org.drools.audit.event.ActivationLogEvent>
  <type>7</type>
  <activationId>Example [494, 0]</activationId>
  <rule>Example</rule>
  <declarations>$newEvent0=com.sample.model.Event@6cae00e3(494)</declarations>
</org.drools.audit.event.ActivationLogEvent>
<org.drools.audit.event.ActivationLogEvent>
  <type>6</type>
  <activationId>Example2 [495]</activationId>
  <rule>Example2</rule>
  <declarations>$newEvent=com.sample.model.Event@380fe8c4(495)</declarations>
</org.drools.audit.event.ActivationLogEvent>
<org.drools.audit.event.ActivationLogEvent>
  <type>7</type>
  <activationId>Example2 [495]</activationId>
  <rule>Example2</rule>
  <declarations>$newEvent=com.sample.model.Event@380fe8c4(495)</declarations>
</org.drools.audit.event.ActivationLogEvent>
<org.drools.audit.event.ObjectLogEvent>
  <type>1</type>
  <factId>496</factId>
  <objectToString>com.sample.model.Event@1c7ab89d</objectToString>
</org.drools.audit.event.ObjectLogEvent>
<org.drools.audit.event.ActivationLogEvent>
  <type>4</type>
  <activationId>Example [496, 0]</activationId>
  <rule>Example</rule>
  <declarations>$newEvent0=com.sample.model.Event@1c7ab89d(496)</declarations>
</org.drools.audit.event.ActivationLogEvent>
<org.drools.audit.event.ActivationLogEvent>
  <type>4</type>
  <activationId>HelloWorld [496, 0]</activationId>
  <rule>HelloWorld</rule>
  <declarations>$newEvent=com.sample.model.Event@1c7ab89d(496)</declarations>
</org.drools.audit.event.ActivationLogEvent>
<org.drools.audit.event.ActivationLogEvent>
  <type>6</type>
  <activationId>HelloWorld [496, 0]</activationId>
  <rule>HelloWorld</rule>
  <declarations>$newEvent=com.sample.model.Event@1c7ab89d(496)</declarations>
</org.drools.audit.event.ActivationLogEvent>
<org.drools.audit.event.ActivationLogEvent>
  <type>7</type>
  <activationId>HelloWorld [496, 0]</activationId>
  <rule>HelloWorld</rule>
  <declarations>$newEvent=com.sample.model.Event@1c7ab89d(496)</declarations>
</org.drools.audit.event.ActivationLogEvent>
<org.drools.audit.event.ActivationLogEvent>
  <type>6</type>
  <activationId>Example [496, 0]</activationId>
  <rule>Example</rule>
  <declarations>$newEvent0=com.sample.model.Event@1c7ab89d(496)</declarations>
</org.drools.audit.event.ActivationLogEvent>
<org.drools.audit.event.ActivationLogEvent>
  <type>4</type>
  <activationId>Example2 [497]</activationId>
  <rule>Example2</rule>
  <declarations>$newEvent=com.sample.model.Event@3cee5a06(497)</declarations>
</org.drools.audit.event.ActivationLogEvent>
<org.drools.audit.event.ObjectLogEvent>
  <type>1</type>
  <factId>497</factId>
  <objectToString>com.sample.model.Event@3cee5a06</objectToString>
</org.drools.audit.event.ObjectLogEvent>
<org.drools.audit.event.ActivationLogEvent>
  <type>7</type>
  <activationId>Example [496, 0]</activationId>
  <rule>Example</rule>
  <declarations>$newEvent0=com.sample.model.Event@1c7ab89d(496)</declarations>
</org.drools.audit.event.ActivationLogEvent>
<org.drools.audit.event.ActivationLogEvent>
  <type>6</type>
  <activationId>Example2 [497]</activationId>
  <rule>Example2</rule>
  <declarations>$newEvent=com.sample.model.Event@3cee5a06(497)</declarations>
</org.drools.audit.event.ActivationLogEvent>
<org.drools.audit.event.ActivationLogEvent>
  <type>7</type>
  <activationId>Example2 [497]</activationId>
  <rule>Example2</rule>
  <declarations>$newEvent=com.sample.model.Event@3cee5a06(497)</declarations>
</org.drools.audit.event.ActivationLogEvent>
<org.drools.audit.event.ObjectLogEvent>
  <type>1</type>
  <factId>498</factId>
  <objectToString>com.sample.model.Event@44585f2a</objectToString>
</org.drools.audit.event.ObjectLogEvent>
<org.drools.audit.event.ActivationLogEvent>
  <type>4</type>
  <activationId>Example [498, 0]</activationId>
  <rule>Example</rule>
  <declarations>$newEvent0=com.sample.model.Event@44585f2a(498)</declarations>
</org.drools.audit.event.ActivationLogEvent>
<org.drools.audit.event.ActivationLogEvent>
  <type>4</type>
  <activationId>HelloWorld [498, 0]</activationId>
  <rule>HelloWorld</rule>
  <declarations>$newEvent=com.sample.model.Event@44585f2a(498)</declarations>
</org.drools.audit.event.ActivationLogEvent>
<org.drools.audit.event.ActivationLogEvent>
  <type>6</type>
  <activationId>HelloWorld [498, 0]</activationId>
  <rule>HelloWorld</rule>
  <declarations>$newEvent=com.sample.model.Event@44585f2a(498)</declarations>
</org.drools.audit.event.ActivationLogEvent>
<org.drools.audit.event.ActivationLogEvent>
  <type>7</type>
  <activationId>HelloWorld [498, 0]</activationId>
  <rule>HelloWorld</rule>
  <declarations>$newEvent=com.sample.model.Event@44585f2a(498)</declarations>
</org.drools.audit.event.ActivationLogEvent>
<org.drools.audit.event.ActivationLogEvent>
  <type>6</type>
  <activationId>Example [498, 0]</activationId>
  <rule>Example</rule>
  <declarations>$newEvent0=com.sample.model.Event@44585f2a(498)</declarations>
</org.drools.audit.event.ActivationLogEvent>
<org.drools.audit.event.ActivationLogEvent>
  <type>4</type>
  <activationId>Example2 [499]</activationId>
  <rule>Example2</rule>
  <declarations>$newEvent=com.sample.model.Event@12da89a7(499)</declarations>
</org.drools.audit.event.ActivationLogEvent>
<org.drools.audit.event.ObjectLogEvent>
  <type>1</type>
  <factId>499</factId>
  <objectToString>com.sample.model.Event@12da89a7</objectToString>
</org.drools.audit.event.ObjectLogEvent>
<org.drools.audit.event.ActivationLogEvent>
  <type>7</type>
  <activationId>Example [498, 0]</activationId>
  <rule>Example</rule>
  <declarations>$newEvent0=com.sample.model.Event@44585f2a(498)</declarations>
</org.drools.audit.event.ActivationLogEvent>
<org.drools.audit.event.ActivationLogEvent>
  <type>6</type>
  <activationId>Example2 [499]</activationId>
  <rule>Example2</rule>
  <declarations>$newEvent=com.sample.model.Event@12da89a7(499)</declarations>
</org.drools.audit.event.ActivationLogEvent>
<org.drools.audit.event.ActivationLogEvent>
  <type>7</type>
  <activationId>Example2 [499]</activationId>
  <rule>Example2</rule>
  <declarations>$newEvent=com.sample.model.Event@12da89a7(499)</declarations>
</org.drools.audit.event.ActivationLogEvent>
<org.drools.audit.event.ObjectLogEvent>
  <type>1</type>
  <factId>500</factId>
  <objectToString>com.sample.model.Event@49833c9c</objectToString>
</org.drools.audit.event.ObjectLogEvent>
<org.drools.audit.event.ActivationLogEvent>
  <type>4</type>
  <activationId>Example [500, 0]</activationId>
  <rule>Example</rule>
  <declarations>$newEvent0=com.sample.model.Event@49833c9c(500)</declarations>
</org.drools.audit.event.ActivationLogEvent>
<org.drools.audit.event.ActivationLogEvent>
  <type>4</type>
  <activationId>HelloWorld [500, 0]</activationId>
  <rule>HelloWorld</rule>
  <declarations>$newEvent=com.sample.model.Event@49833c9c(500)</declarations>
</org.drools.audit.event.ActivationLogEvent>
<org.drools.audit.event.ActivationLogEvent>
  <type>6</type>
  <activationId>HelloWorld [500, 0]</activationId>
  <rule>HelloWorld</rule>
  <declarations>$newEvent=com.sample.model.Event@49833c9c(500)</declarations>
</org.drools.audit.event.ActivationLogEvent>
<org.drools.audit.event.ActivationLogEvent>
  <type>7</type>
  <activationId>HelloWorld [500, 0]</activationId>
  <rule>HelloWorld</rule>
  <declarations>$newEvent=com.sample.model.Event@49833c9c(500)</declarations>
</org.drools.audit.event.ActivationLogEvent>
<org.drools.audit.event.ActivationLogEvent>
  <type>6</type>
  <activationId>Example [500, 0]</activationId>
  <rule>Example</rule>
  <declarations>$newEvent0=com.sample.model.Event@49833c9c(500)</declarations>
</org.drools.audit.event.ActivationLogEvent>
<org.drools.audit.event.ActivationLogEvent>
  <type>4</type>
  <activationId>Example2 [501]</activationId>
  <rule>Example2</rule>
  <declarations>$newEvent=com.sample.model.Event@645ad7b2(501)</declarations>
</org.drools.audit.event.ActivationLogEvent>
<org.drools.audit.event.ObjectLogEvent>
  <type>1</type>
  <factId>501</factId>
  <objectToString>com.sample.model.Event@645ad7b2</objectToString>
</org.drools.audit.event.ObjectLogEvent>
<org.drools.audit.event.ActivationLogEvent>
  <type>7</type>
  <activationId>Example [500, 0]</activationId>
  <rule>Example</rule>
  <declarations>$newEvent0=com.sample.model.Event@49833c9c(500)</declarations>
</org.drools.audit.event.ActivationLogEvent>
<org.drools.audit.event.ActivationLogEvent>
  <type>6</type>
  <activationId>Example2 [501]</activationId>
  <rule>Example2</rule>
  <declarations>$newEvent=com.sample.model.Event@645ad7b2(501)</declarations>
</org.drools.audit.event.ActivationLogEvent>
<org.drools.audit.event.ActivationLogEvent>
  <type>7</type>
  <activationId>Example2 [501]</activationId>
  <rule>Example2</rule>
  <declarations>$newEvent=com.sample.model.Event@645ad7b2(501)</declarations>
</org.drools.audit.event.ActivationLogEvent>
<org.drools.audit.event.ObjectLogEvent>
  <type>1</type>
  <factId>502</factId>
  <objectToString>com.sample.model.Event@8071a97</objectToString>
</org.drools.audit.event.ObjectLogEvent>
<org.drools.audit.event.ActivationLogEvent>
  <type>4</type>
  <activationId>Example [502, 0]</activationId>
  <rule>Example</rule>
  <declarations>$newEvent0=com.sample.model.Event@8071a97(502)</declarations>
</org.drools.audit.event.ActivationLogEvent>
<org.drools.audit.event.ActivationLogEvent>
  <type>4</type>
  <activationId>HelloWorld [502, 0]</activationId>
  <rule>HelloWorld</rule>
  <declarations>$newEvent=com.sample.model.Event@8071a97(502)</declarations>
</org.drools.audit.event.ActivationLogEvent>
<org.drools.audit.event.ActivationLogEvent>
  <type>6</type>
  <activationId>HelloWorld [502, 0]</activationId>
  <rule>HelloWorld</rule>
  <declarations>$newEvent=com.sample.model.Event@8071a97(502)</declarations>
</org.drools.audit.event.ActivationLogEvent>
<org.drools.audit.event.ActivationLogEvent>
  <type>7</type>
  <activationId>HelloWorld [502, 0]</activationId>
  <rule>HelloWorld</rule>
  <declarations>$newEvent=com.sample.model.Event@8071a97(502)</declarations>
</org.drools.audit.event.ActivationLogEvent>
<org.drools.audit.event.ActivationLogEvent>
  <type>6</type>
  <activationId>Example [502, 0]</activationId>
  <rule>Example</rule>
  <declarations>$newEvent0=com.sample.model.Event@8071a97(502)</declarations>
</org.drools.audit.event.ActivationLogEvent>
<org.drools.audit.event.ActivationLogEvent>
  <type>4</type>
  <activationId>Example2 [503]</activationId>
  <rule>Example2</rule>
  <declarations>$newEvent=com.sample.model.Event@55fe910c(503)</declarations>
</org.drools.audit.event.ActivationLogEvent>
<org.drools.audit.event.ObjectLogEvent>
  <type>1</type>
  <factId>503</factId>
  <objectToString>com.sample.model.Event@55fe910c</objectToString>
</org.drools.audit.event.ObjectLogEvent>
<org.drools.audit.event.ActivationLogEvent>
  <type>7</type>
  <activationId>Example [502, 0]</activationId>
  <rule>Example</rule>
  <declarations>$newEvent0=com.sample.model.Event@8071a97(502)</declarations>
</org.drools.audit.event.ActivationLogEvent>
<org.drools.audit.event.ActivationLogEvent>
  <type>6</type>
  <activationId>Example2 [503]</activationId>
  <rule>Example2</rule>
  <declarations>$newEvent=com.sample.model.Event@55fe910c(503)</declarations>
</org.drools.audit.event.ActivationLogEvent>
<org.drools.audit.event.ActivationLogEvent>
  <type>7</type>
  <activationId>Example2 [503]</activationId>
  <rule>Example2</rule>
  <declarations>$newEvent=com.sample.model.Event@55fe910c(503)</declarations>
</org.drools.audit.event.ActivationLogEvent>
<org.drools.audit.event.ObjectLogEvent>
  <type>1</type>
  <factId>504</factId>
  <objectToString>com.sample.model.Event@3be4d6ef</objectToString>
</org.drools.audit.event.ObjectLogEvent>
<org.drools.audit.event.ActivationLogEvent>
  <type>4</type>
  <activationId>Example [504, 0]</activationId>
  <rule>Example</rule>
  <declarations>$newEvent0=com.sample.model.Event@3be4d6ef(504)</declarations>
</org.drools.audit.event.ActivationLogEvent>
<org.drools.audit.event.ActivationLogEvent>
  <type>4</type>
  <activationId>HelloWorld [504, 0]</activationId>
  <rule>HelloWorld</rule>
  <declarations>$newEvent=com.sample.model.Event@3be4d6ef(504)</declarations>
</org.drools.audit.event.ActivationLogEvent>
<org.drools.audit.event.ActivationLogEvent>
  <type>6</type>
  <activationId>HelloWorld [504, 0]</activationId>
  <rule>HelloWorld</rule>
  <declarations>$newEvent=com.sample.model.Event@3be4d6ef(504)</declarations>
</org.drools.audit.event.ActivationLogEvent>
<org.drools.audit.event.ActivationLogEvent>
  <type>7</type>
  <activationId>HelloWorld [504, 0]</activationId>
  <rule>HelloWorld</rule>
  <declarations>$newEvent=com.sample.model.Event@3be4d6ef(504)</declarations>
</org.drools.audit.event.ActivationLogEvent>
<org.drools.audit.event.ActivationLogEvent>
  <type>6</type>
  <activationId>Example [504, 0]</activationId>
  <rule>Example</rule>
  <declarations>$newEvent0=com.sample.model.Event@3be4d6ef(504)</declarations>
</org.drools.audit.event.ActivationLogEvent>
<org.drools.audit.event.ActivationLogEvent>
  <type>4</type>
  <activationId>Example2 [505]</activationId>
  <rule>Example2</rule>
  <declarations>$newEvent=com.sample.model.Event@5ecb5608(505)</declarations>
</org.drools.audit.event.ActivationLogEvent>
<org.drools.audit.event.ObjectLogEvent>
  <type>1</type>
  <factId>505</factId>
  <objectToString>com.sample.model.Event@5ecb5608</objectToString>
</org.drools.audit.event.ObjectLogEvent>
<org.drools.audit.event.ActivationLogEvent>
  <type>7</type>
  <activationId>Example [504, 0]</activationId>
  <rule>Example</rule>
  <declarations>$newEvent0=com.sample.model.Event@3be4d6ef(504)</declarations>
</org.drools.audit.event.ActivationLogEvent>
<org.drools.audit.event.ActivationLogEvent>
  <type>6</type>
  <activationId>Example2 [505]</activationId>
  <rule>Example2</rule>
  <declarations>$newEvent=com.sample.model.Event@5ecb5608(505)</declarations>
</org.drools.audit.event.ActivationLogEvent>
<org.drools.audit.event.ActivationLogEvent>
  <type>7</type>
  <activationId>Example2 [505]</activationId>
  <rule>Example2</rule>
  <declarations>$newEvent=com.sample.model.Event@5ecb5608(505)</declarations>
</org.drools.audit.event.ActivationLogEvent>
<org.drools.audit.event.ObjectLogEvent>
  <type>1</type>
  <factId>506</factId>
  <objectToString>com.sample.model.Event@777d57d6</objectToString>
</org.drools.audit.event.ObjectLogEvent>
<org.drools.audit.event.ActivationLogEvent>
  <type>4</type>
  <activationId>Example [506, 0]</activationId>
  <rule>Example</rule>
  <declarations>$newEvent0=com.sample.model.Event@777d57d6(506)</declarations>
</org.drools.audit.event.ActivationLogEvent>
<org.drools.audit.event.ActivationLogEvent>
  <type>4</type>
  <activationId>HelloWorld [506, 0]</activationId>
  <rule>HelloWorld</rule>
  <declarations>$newEvent=com.sample.model.Event@777d57d6(506)</declarations>
</org.drools.audit.event.ActivationLogEvent>
<org.drools.audit.event.ActivationLogEvent>
  <type>6</type>
  <activationId>HelloWorld [506, 0]</activationId>
  <rule>HelloWorld</rule>
  <declarations>$newEvent=com.sample.model.Event@777d57d6(506)</declarations>
</org.drools.audit.event.ActivationLogEvent>
<org.drools.audit.event.ActivationLogEvent>
  <type>7</type>
  <activationId>HelloWorld [506, 0]</activationId>
  <rule>HelloWorld</rule>
  <declarations>$newEvent=com.sample.model.Event@777d57d6(506)</declarations>
</org.drools.audit.event.ActivationLogEvent>
<org.drools.audit.event.ActivationLogEvent>
  <type>6</type>
  <activationId>Example [506, 0]</activationId>
  <rule>Example</rule>
  <declarations>$newEvent0=com.sample.model.Event@777d57d6(506)</declarations>
</org.drools.audit.event.ActivationLogEvent>
<org.drools.audit.event.ActivationLogEvent>
  <type>4</type>
  <activationId>Example2 [507]</activationId>
  <rule>Example2</rule>
  <declarations>$newEvent=com.sample.model.Event@3f81d405(507)</declarations>
</org.drools.audit.event.ActivationLogEvent>
<org.drools.audit.event.ObjectLogEvent>
  <type>1</type>
  <factId>507</factId>
  <objectToString>com.sample.model.Event@3f81d405</objectToString>
</org.drools.audit.event.ObjectLogEvent>
<org.drools.audit.event.ActivationLogEvent>
  <type>7</type>
  <activationId>Example [506, 0]</activationId>
  <rule>Example</rule>
  <declarations>$newEvent0=com.sample.model.Event@777d57d6(506)</declarations>
</org.drools.audit.event.ActivationLogEvent>
<org.drools.audit.event.ActivationLogEvent>
  <type>6</type>
  <activationId>Example2 [507]</activationId>
  <rule>Example2</rule>
  <declarations>$newEvent=com.sample.model.Event@3f81d405(507)</declarations>
</org.drools.audit.event.ActivationLogEvent>
<org.drools.audit.event.ActivationLogEvent>
  <type>7</type>
  <activationId>Example2 [507]</activationId>
  <rule>Example2</rule>
  <declarations>$newEvent=com.sample.model.Event@3f81d405(507)</declarations>
</org.drools.audit.event.ActivationLogEvent>
<org.drools.audit.event.ObjectLogEvent>
  <type>1</type>
  <factId>508</factId>
  <objectToString>com.sample.model.Event@6486b4d5</objectToString>
</org.drools.audit.event.ObjectLogEvent>
<org.drools.audit.event.ActivationLogEvent>
  <type>4</type>
  <activationId>Example [508, 0]</activationId>
  <rule>Example</rule>
  <declarations>$newEvent0=com.sample.model.Event@6486b4d5(508)</declarations>
</org.drools.audit.event.ActivationLogEvent>
<org.drools.audit.event.ActivationLogEvent>
  <type>4</type>
  <activationId>HelloWorld [508, 0]</activationId>
  <rule>HelloWorld</rule>
  <declarations>$newEvent=com.sample.model.Event@6486b4d5(508)</declarations>
</org.drools.audit.event.ActivationLogEvent>
<org.drools.audit.event.ActivationLogEvent>
  <type>6</type>
  <activationId>Example [508, 0]</activationId>
  <rule>Example</rule>
  <declarations>$newEvent0=com.sample.model.Event@6486b4d5(508)</declarations>
</org.drools.audit.event.ActivationLogEvent>
<org.drools.audit.event.ActivationLogEvent>
  <type>4</type>
  <activationId>Example2 [509]</activationId>
  <rule>Example2</rule>
  <declarations>$newEvent=com.sample.model.Event@47ca3f82(509)</declarations>
</org.drools.audit.event.ActivationLogEvent>
<org.drools.audit.event.ObjectLogEvent>
  <type>1</type>
  <factId>509</factId>
  <objectToString>com.sample.model.Event@47ca3f82</objectToString>
</org.drools.audit.event.ObjectLogEvent>
<org.drools.audit.event.ActivationLogEvent>
  <type>7</type>
  <activationId>Example [508, 0]</activationId>
  <rule>Example</rule>
  <declarations>$newEvent0=com.sample.model.Event@6486b4d5(508)</declarations>
</org.drools.audit.event.ActivationLogEvent>
<org.drools.audit.event.ActivationLogEvent>
  <type>6</type>
  <activationId>Example2 [509]</activationId>
  <rule>Example2</rule>
  <declarations>$newEvent=com.sample.model.Event@47ca3f82(509)</declarations>
</org.drools.audit.event.ActivationLogEvent>
<org.drools.audit.event.ActivationLogEvent>
  <type>7</type>
  <activationId>Example2 [509]</activationId>
  <rule>Example2</rule>
  <declarations>$newEvent=com.sample.model.Event@47ca3f82(509)</declarations>
</org.drools.audit.event.ActivationLogEvent>
<org.drools.audit.event.ActivationLogEvent>
  <type>6</type>
  <activationId>HelloWorld [508, 0]</activationId>
  <rule>HelloWorld</rule>
  <declarations>$newEvent=com.sample.model.Event@6486b4d5(508)</declarations>
</org.drools.audit.event.ActivationLogEvent>
<org.drools.audit.event.ActivationLogEvent>
  <type>7</type>
  <activationId>HelloWorld [508, 0]</activationId>
  <rule>HelloWorld</rule>
  <declarations>$newEvent=com.sample.model.Event@6486b4d5(508)</declarations>
</org.drools.audit.event.ActivationLogEvent>
<org.drools.audit.event.ObjectLogEvent>
  <type>1</type>
  <factId>510</factId>
  <objectToString>com.sample.model.Event@2f0f94a0</objectToString>
</org.drools.audit.event.ObjectLogEvent>
<org.drools.audit.event.ActivationLogEvent>
  <type>4</type>
  <activationId>Example [510, 0]</activationId>
  <rule>Example</rule>
  <declarations>$newEvent0=com.sample.model.Event@2f0f94a0(510)</declarations>
</org.drools.audit.event.ActivationLogEvent>
<org.drools.audit.event.ActivationLogEvent>
  <type>4</type>
  <activationId>HelloWorld [510, 0]</activationId>
  <rule>HelloWorld</rule>
  <declarations>$newEvent=com.sample.model.Event@2f0f94a0(510)</declarations>
</org.drools.audit.event.ActivationLogEvent>
<org.drools.audit.event.ActivationLogEvent>
  <type>6</type>
  <activationId>HelloWorld [510, 0]</activationId>
  <rule>HelloWorld</rule>
  <declarations>$newEvent=com.sample.model.Event@2f0f94a0(510)</declarations>
</org.drools.audit.event.ActivationLogEvent>
<org.drools.audit.event.ActivationLogEvent>
  <type>7</type>
  <activationId>HelloWorld [510, 0]</activationId>
  <rule>HelloWorld</rule>
  <declarations>$newEvent=com.sample.model.Event@2f0f94a0(510)</declarations>
</org.drools.audit.event.ActivationLogEvent>
<org.drools.audit.event.ActivationLogEvent>
  <type>6</type>
  <activationId>Example [510, 0]</activationId>
  <rule>Example</rule>
  <declarations>$newEvent0=com.sample.model.Event@2f0f94a0(510)</declarations>
</org.drools.audit.event.ActivationLogEvent>
<org.drools.audit.event.ActivationLogEvent>
  <type>4</type>
  <activationId>Example2 [511]</activationId>
  <rule>Example2</rule>
  <declarations>$newEvent=com.sample.model.Event@1947e0ec(511)</declarations>
</org.drools.audit.event.ActivationLogEvent>
<org.drools.audit.event.ObjectLogEvent>
  <type>1</type>
  <factId>511</factId>
  <objectToString>com.sample.model.Event@1947e0ec</objectToString>
</org.drools.audit.event.ObjectLogEvent>
<org.drools.audit.event.ActivationLogEvent>
  <type>7</type>
  <activationId>Example [510, 0]</activationId>
  <rule>Example</rule>
  <declarations>$newEvent0=com.sample.model.Event@2f0f94a0(510)</declarations>
</org.drools.audit.event.ActivationLogEvent>
<org.drools.audit.event.ActivationLogEvent>
  <type>6</type>
  <activationId>Example2 [511]</activationId>
  <rule>Example2</rule>
  <declarations>$newEvent=com.sample.model.Event@1947e0ec(511)</declarations>
</org.drools.audit.event.ActivationLogEvent>
<org.drools.audit.event.ActivationLogEvent>
  <type>7</type>
  <activationId>Example2 [511]</activationId>
  <rule>Example2</rule>
  <declarations>$newEvent=com.sample.model.Event@1947e0ec(511)</declarations>
</org.drools.audit.event.ActivationLogEvent>
<org.drools.audit.event.ObjectLogEvent>
  <type>1</type>
  <factId>512</factId>
  <objectToString>com.sample.model.Event@3dffb2eb</objectToString>
</org.drools.audit.event.ObjectLogEvent>
<org.drools.audit.event.ActivationLogEvent>
  <type>4</type>
  <activationId>Example [512, 0]</activationId>
  <rule>Example</rule>
  <declarations>$newEvent0=com.sample.model.Event@3dffb2eb(512)</declarations>
</org.drools.audit.event.ActivationLogEvent>
<org.drools.audit.event.ActivationLogEvent>
  <type>4</type>
  <activationId>HelloWorld [512, 0]</activationId>
  <rule>HelloWorld</rule>
  <declarations>$newEvent=com.sample.model.Event@3dffb2eb(512)</declarations>
</org.drools.audit.event.ActivationLogEvent>
<org.drools.audit.event.ActivationLogEvent>
  <type>6</type>
  <activationId>HelloWorld [512, 0]</activationId>
  <rule>HelloWorld</rule>
  <declarations>$newEvent=com.sample.model.Event@3dffb2eb(512)</declarations>
</org.drools.audit.event.ActivationLogEvent>
<org.drools.audit.event.ActivationLogEvent>
  <type>7</type>
  <activationId>HelloWorld [512, 0]</activationId>
  <rule>HelloWorld</rule>
  <declarations>$newEvent=com.sample.model.Event@3dffb2eb(512)</declarations>
</org.drools.audit.event.ActivationLogEvent>
<org.drools.audit.event.ActivationLogEvent>
  <type>6</type>
  <activationId>Example [512, 0]</activationId>
  <rule>Example</rule>
  <declarations>$newEvent0=com.sample.model.Event@3dffb2eb(512)</declarations>
</org.drools.audit.event.ActivationLogEvent>
<org.drools.audit.event.ActivationLogEvent>
  <type>4</type>
  <activationId>Example2 [513]</activationId>
  <rule>Example2</rule>
  <declarations>$newEvent=com.sample.model.Event@5e3b8219(513)</declarations>
</org.drools.audit.event.ActivationLogEvent>
<org.drools.audit.event.ObjectLogEvent>
  <type>1</type>
  <factId>513</factId>
  <objectToString>com.sample.model.Event@5e3b8219</objectToString>
</org.drools.audit.event.ObjectLogEvent>
<org.drools.audit.event.ActivationLogEvent>
  <type>7</type>
  <activationId>Example [512, 0]</activationId>
  <rule>Example</rule>
  <declarations>$newEvent0=com.sample.model.Event@3dffb2eb(512)</declarations>
</org.drools.audit.event.ActivationLogEvent>
<org.drools.audit.event.ActivationLogEvent>
  <type>6</type>
  <activationId>Example2 [513]</activationId>
  <rule>Example2</rule>
  <declarations>$newEvent=com.sample.model.Event@5e3b8219(513)</declarations>
</org.drools.audit.event.ActivationLogEvent>
<org.drools.audit.event.ActivationLogEvent>
  <type>7</type>
  <activationId>Example2 [513]</activationId>
  <rule>Example2</rule>
  <declarations>$newEvent=com.sample.model.Event@5e3b8219(513)</declarations>
</org.drools.audit.event.ActivationLogEvent>
<org.drools.audit.event.ObjectLogEvent>
  <type>1</type>
  <factId>514</factId>
  <objectToString>com.sample.model.Event@14da67a4</objectToString>
</org.drools.audit.event.ObjectLogEvent>
<org.drools.audit.event.ActivationLogEvent>
  <type>4</type>
  <activationId>Example [514, 0]</activationId>
  <rule>Example</rule>
  <declarations>$newEvent0=com.sample.model.Event@14da67a4(514)</declarations>
</org.drools.audit.event.ActivationLogEvent>
<org.drools.audit.event.ActivationLogEvent>
  <type>4</type>
  <activationId>HelloWorld [514, 0]</activationId>
  <rule>HelloWorld</rule>
  <declarations>$newEvent=com.sample.model.Event@14da67a4(514)</declarations>
</org.drools.audit.event.ActivationLogEvent>
<org.drools.audit.event.ActivationLogEvent>
  <type>6</type>
  <activationId>HelloWorld [514, 0]</activationId>
  <rule>HelloWorld</rule>
  <declarations>$newEvent=com.sample.model.Event@14da67a4(514)</declarations>
</org.drools.audit.event.ActivationLogEvent>
<org.drools.audit.event.ActivationLogEvent>
  <type>7</type>
  <activationId>HelloWorld [514, 0]</activationId>
  <rule>HelloWorld</rule>
  <declarations>$newEvent=com.sample.model.Event@14da67a4(514)</declarations>
</org.drools.audit.event.ActivationLogEvent>
<org.drools.audit.event.ActivationLogEvent>
  <type>6</type>
  <activationId>Example [514, 0]</activationId>
  <rule>Example</rule>
  <declarations>$newEvent0=com.sample.model.Event@14da67a4(514)</declarations>
</org.drools.audit.event.ActivationLogEvent>
<org.drools.audit.event.ActivationLogEvent>
  <type>4</type>
  <activationId>Example2 [515]</activationId>
  <rule>Example2</rule>
  <declarations>$newEvent=com.sample.model.Event@eca4aae(515)</declarations>
</org.drools.audit.event.ActivationLogEvent>
<org.drools.audit.event.ObjectLogEvent>
  <type>1</type>
  <factId>515</factId>
  <objectToString>com.sample.model.Event@eca4aae</objectToString>
</org.drools.audit.event.ObjectLogEvent>
<org.drools.audit.event.ActivationLogEvent>
  <type>7</type>
  <activationId>Example [514, 0]</activationId>
  <rule>Example</rule>
  <declarations>$newEvent0=com.sample.model.Event@14da67a4(514)</declarations>
</org.drools.audit.event.ActivationLogEvent>
<org.drools.audit.event.ActivationLogEvent>
  <type>6</type>
  <activationId>Example2 [515]</activationId>
  <rule>Example2</rule>
  <declarations>$newEvent=com.sample.model.Event@eca4aae(515)</declarations>
</org.drools.audit.event.ActivationLogEvent>
<org.drools.audit.event.ActivationLogEvent>
  <type>7</type>
  <activationId>Example2 [515]</activationId>
  <rule>Example2</rule>
  <declarations>$newEvent=com.sample.model.Event@eca4aae(515)</declarations>
</org.drools.audit.event.ActivationLogEvent>
<org.drools.audit.event.ObjectLogEvent>
  <type>1</type>
  <factId>516</factId>
  <objectToString>com.sample.model.Event@2eced18</objectToString>
</org.drools.audit.event.ObjectLogEvent>
<org.drools.audit.event.ActivationLogEvent>
  <type>4</type>
  <activationId>Example [516, 0]</activationId>
  <rule>Example</rule>
  <declarations>$newEvent0=com.sample.model.Event@2eced18(516)</declarations>
</org.drools.audit.event.ActivationLogEvent>
<org.drools.audit.event.ActivationLogEvent>
  <type>4</type>
  <activationId>HelloWorld [516, 0]</activationId>
  <rule>HelloWorld</rule>
  <declarations>$newEvent=com.sample.model.Event@2eced18(516)</declarations>
</org.drools.audit.event.ActivationLogEvent>
<org.drools.audit.event.ActivationLogEvent>
  <type>6</type>
  <activationId>HelloWorld [516, 0]</activationId>
  <rule>HelloWorld</rule>
  <declarations>$newEvent=com.sample.model.Event@2eced18(516)</declarations>
</org.drools.audit.event.ActivationLogEvent>
<org.drools.audit.event.ActivationLogEvent>
  <type>7</type>
  <activationId>HelloWorld [516, 0]</activationId>
  <rule>HelloWorld</rule>
  <declarations>$newEvent=com.sample.model.Event@2eced18(516)</declarations>
</org.drools.audit.event.ActivationLogEvent>
<org.drools.audit.event.ActivationLogEvent>
  <type>6</type>
  <activationId>Example [516, 0]</activationId>
  <rule>Example</rule>
  <declarations>$newEvent0=com.sample.model.Event@2eced18(516)</declarations>
</org.drools.audit.event.ActivationLogEvent>
<org.drools.audit.event.ActivationLogEvent>
  <type>4</type>
  <activationId>Example2 [517]</activationId>
  <rule>Example2</rule>
  <declarations>$newEvent=com.sample.model.Event@213526b0(517)</declarations>
</org.drools.audit.event.ActivationLogEvent>
<org.drools.audit.event.ObjectLogEvent>
  <type>1</type>
  <factId>517</factId>
  <objectToString>com.sample.model.Event@213526b0</objectToString>
</org.drools.audit.event.ObjectLogEvent>
<org.drools.audit.event.ActivationLogEvent>
  <type>7</type>
  <activationId>Example [516, 0]</activationId>
  <rule>Example</rule>
  <declarations>$newEvent0=com.sample.model.Event@2eced18(516)</declarations>
</org.drools.audit.event.ActivationLogEvent>
<org.drools.audit.event.ActivationLogEvent>
  <type>6</type>
  <activationId>Example2 [517]</activationId>
  <rule>Example2</rule>
  <declarations>$newEvent=com.sample.model.Event@213526b0(517)</declarations>
</org.drools.audit.event.ActivationLogEvent>
<org.drools.audit.event.ActivationLogEvent>
  <type>7</type>
  <activationId>Example2 [517]</activationId>
  <rule>Example2</rule>
  <declarations>$newEvent=com.sample.model.Event@213526b0(517)</declarations>
</org.drools.audit.event.ActivationLogEvent>
<org.drools.audit.event.ObjectLogEvent>
  <type>1</type>
  <factId>518</factId>
  <objectToString>com.sample.model.Event@287efdd8</objectToString>
</org.drools.audit.event.ObjectLogEvent>
<org.drools.audit.event.ActivationLogEvent>
  <type>4</type>
  <activationId>Example [518, 0]</activationId>
  <rule>Example</rule>
  <declarations>$newEvent0=com.sample.model.Event@287efdd8(518)</declarations>
</org.drools.audit.event.ActivationLogEvent>
<org.drools.audit.event.ActivationLogEvent>
  <type>4</type>
  <activationId>HelloWorld [518, 0]</activationId>
  <rule>HelloWorld</rule>
  <declarations>$newEvent=com.sample.model.Event@287efdd8(518)</declarations>
</org.drools.audit.event.ActivationLogEvent>
<org.drools.audit.event.ActivationLogEvent>
  <type>6</type>
  <activationId>HelloWorld [518, 0]</activationId>
  <rule>HelloWorld</rule>
  <declarations>$newEvent=com.sample.model.Event@287efdd8(518)</declarations>
</org.drools.audit.event.ActivationLogEvent>
<org.drools.audit.event.ActivationLogEvent>
  <type>7</type>
  <activationId>HelloWorld [518, 0]</activationId>
  <rule>HelloWorld</rule>
  <declarations>$newEvent=com.sample.model.Event@287efdd8(518)</declarations>
</org.drools.audit.event.ActivationLogEvent>
<org.drools.audit.event.ActivationLogEvent>
  <type>6</type>
  <activationId>Example [518, 0]</activationId>
  <rule>Example</rule>
  <declarations>$newEvent0=com.sample.model.Event@287efdd8(518)</declarations>
</org.drools.audit.event.ActivationLogEvent>
<org.drools.audit.event.ActivationLogEvent>
  <type>4</type>
  <activationId>Example2 [519]</activationId>
  <rule>Example2</rule>
  <declarations>$newEvent=com.sample.model.Event@1cf38f09(519)</declarations>
</org.drools.audit.event.ActivationLogEvent>
<org.drools.audit.event.ObjectLogEvent>
  <type>1</type>
  <factId>519</factId>
  <objectToString>com.sample.model.Event@1cf38f09</objectToString>
</org.drools.audit.event.ObjectLogEvent>
<org.drools.audit.event.ActivationLogEvent>
  <type>7</type>
  <activationId>Example [518, 0]</activationId>
  <rule>Example</rule>
  <declarations>$newEvent0=com.sample.model.Event@287efdd8(518)</declarations>
</org.drools.audit.event.ActivationLogEvent>
<org.drools.audit.event.ActivationLogEvent>
  <type>6</type>
  <activationId>Example2 [519]</activationId>
  <rule>Example2</rule>
  <declarations>$newEvent=com.sample.model.Event@1cf38f09(519)</declarations>
</org.drools.audit.event.ActivationLogEvent>
<org.drools.audit.event.ActivationLogEvent>
  <type>7</type>
  <activationId>Example2 [519]</activationId>
  <rule>Example2</rule>
  <declarations>$newEvent=com.sample.model.Event@1cf38f09(519)</declarations>
</org.drools.audit.event.ActivationLogEvent>
<org.drools.audit.event.ObjectLogEvent>
  <type>1</type>
  <factId>520</factId>
  <objectToString>com.sample.model.Event@3a33a6b8</objectToString>
</org.drools.audit.event.ObjectLogEvent>
<org.drools.audit.event.ActivationLogEvent>
  <type>4</type>
  <activationId>Example [520, 0]</activationId>
  <rule>Example</rule>
  <declarations>$newEvent0=com.sample.model.Event@3a33a6b8(520)</declarations>
</org.drools.audit.event.ActivationLogEvent>
<org.drools.audit.event.ActivationLogEvent>
  <type>6</type>
  <activationId>Example [520, 0]</activationId>
  <rule>Example</rule>
  <declarations>$newEvent0=com.sample.model.Event@3a33a6b8(520)</declarations>
</org.drools.audit.event.ActivationLogEvent>
<org.drools.audit.event.ActivationLogEvent>
  <type>4</type>
  <activationId>HelloWorld [520, 0]</activationId>
  <rule>HelloWorld</rule>
  <declarations>$newEvent=com.sample.model.Event@3a33a6b8(520)</declarations>
</org.drools.audit.event.ActivationLogEvent>
<org.drools.audit.event.ActivationLogEvent>
  <type>4</type>
  <activationId>Example2 [521]</activationId>
  <rule>Example2</rule>
  <declarations>$newEvent=com.sample.model.Event@150697e2(521)</declarations>
</org.drools.audit.event.ActivationLogEvent>
<org.drools.audit.event.ObjectLogEvent>
  <type>1</type>
  <factId>521</factId>
  <objectToString>com.sample.model.Event@150697e2</objectToString>
</org.drools.audit.event.ObjectLogEvent>
<org.drools.audit.event.ActivationLogEvent>
  <type>7</type>
  <activationId>Example [520, 0]</activationId>
  <rule>Example</rule>
  <declarations>$newEvent0=com.sample.model.Event@3a33a6b8(520)</declarations>
</org.drools.audit.event.ActivationLogEvent>
<org.drools.audit.event.ActivationLogEvent>
  <type>6</type>
  <activationId>Example2 [521]</activationId>
  <rule>Example2</rule>
  <declarations>$newEvent=com.sample.model.Event@150697e2(521)</declarations>
</org.drools.audit.event.ActivationLogEvent>
<org.drools.audit.event.ActivationLogEvent>
  <type>7</type>
  <activationId>Example2 [521]</activationId>
  <rule>Example2</rule>
  <declarations>$newEvent=com.sample.model.Event@150697e2(521)</declarations>
</org.drools.audit.event.ActivationLogEvent>
<org.drools.audit.event.ActivationLogEvent>
  <type>6</type>
  <activationId>HelloWorld [520, 0]</activationId>
  <rule>HelloWorld</rule>
  <declarations>$newEvent=com.sample.model.Event@3a33a6b8(520)</declarations>
</org.drools.audit.event.ActivationLogEvent>
<org.drools.audit.event.ActivationLogEvent>
  <type>7</type>
  <activationId>HelloWorld [520, 0]</activationId>
  <rule>HelloWorld</rule>
  <declarations>$newEvent=com.sample.model.Event@3a33a6b8(520)</declarations>
</org.drools.audit.event.ActivationLogEvent>
<org.drools.audit.event.ObjectLogEvent>
  <type>1</type>
  <factId>522</factId>
  <objectToString>com.sample.model.Event@63dd8136</objectToString>
</org.drools.audit.event.ObjectLogEvent>
<org.drools.audit.event.ActivationLogEvent>
  <type>4</type>
  <activationId>Example [522, 0]</activationId>
  <rule>Example</rule>
  <declarations>$newEvent0=com.sample.model.Event@63dd8136(522)</declarations>
</org.drools.audit.event.ActivationLogEvent>
<org.drools.audit.event.ActivationLogEvent>
  <type>4</type>
  <activationId>HelloWorld [522, 0]</activationId>
  <rule>HelloWorld</rule>
  <declarations>$newEvent=com.sample.model.Event@63dd8136(522)</declarations>
</org.drools.audit.event.ActivationLogEvent>
<org.drools.audit.event.ActivationLogEvent>
  <type>6</type>
  <activationId>HelloWorld [522, 0]</activationId>
  <rule>HelloWorld</rule>
  <declarations>$newEvent=com.sample.model.Event@63dd8136(522)</declarations>
</org.drools.audit.event.ActivationLogEvent>
<org.drools.audit.event.ActivationLogEvent>
  <type>7</type>
  <activationId>HelloWorld [522, 0]</activationId>
  <rule>HelloWorld</rule>
  <declarations>$newEvent=com.sample.model.Event@63dd8136(522)</declarations>
</org.drools.audit.event.ActivationLogEvent>
<org.drools.audit.event.ActivationLogEvent>
  <type>6</type>
  <activationId>Example [522, 0]</activationId>
  <rule>Example</rule>
  <declarations>$newEvent0=com.sample.model.Event@63dd8136(522)</declarations>
</org.drools.audit.event.ActivationLogEvent>
<org.drools.audit.event.ActivationLogEvent>
  <type>4</type>
  <activationId>Example2 [523]</activationId>
  <rule>Example2</rule>
  <declarations>$newEvent=com.sample.model.Event@2313b44d(523)</declarations>
</org.drools.audit.event.ActivationLogEvent>
<org.drools.audit.event.ObjectLogEvent>
  <type>1</type>
  <factId>523</factId>
  <objectToString>com.sample.model.Event@2313b44d</objectToString>
</org.drools.audit.event.ObjectLogEvent>
<org.drools.audit.event.ActivationLogEvent>
  <type>7</type>
  <activationId>Example [522, 0]</activationId>
  <rule>Example</rule>
  <declarations>$newEvent0=com.sample.model.Event@63dd8136(522)</declarations>
</org.drools.audit.event.ActivationLogEvent>
<org.drools.audit.event.ActivationLogEvent>
  <type>6</type>
  <activationId>Example2 [523]</activationId>
  <rule>Example2</rule>
  <declarations>$newEvent=com.sample.model.Event@2313b44d(523)</declarations>
</org.drools.audit.event.ActivationLogEvent>
<org.drools.audit.event.ActivationLogEvent>
  <type>7</type>
  <activationId>Example2 [523]</activationId>
  <rule>Example2</rule>
  <declarations>$newEvent=com.sample.model.Event@2313b44d(523)</declarations>
</org.drools.audit.event.ActivationLogEvent>
<org.drools.audit.event.ObjectLogEvent>
  <type>1</type>
  <factId>524</factId>
  <objectToString>com.sample.model.Event@62a23d38</objectToString>
</org.drools.audit.event.ObjectLogEvent>
<org.drools.audit.event.ActivationLogEvent>
  <type>4</type>
  <activationId>Example [524, 0]</activationId>
  <rule>Example</rule>
  <declarations>$newEvent0=com.sample.model.Event@62a23d38(524)</declarations>
</org.drools.audit.event.ActivationLogEvent>
<org.drools.audit.event.ActivationLogEvent>
  <type>4</type>
  <activationId>HelloWorld [524, 0]</activationId>
  <rule>HelloWorld</rule>
  <declarations>$newEvent=com.sample.model.Event@62a23d38(524)</declarations>
</org.drools.audit.event.ActivationLogEvent>
<org.drools.audit.event.ActivationLogEvent>
  <type>6</type>
  <activationId>HelloWorld [524, 0]</activationId>
  <rule>HelloWorld</rule>
  <declarations>$newEvent=com.sample.model.Event@62a23d38(524)</declarations>
</org.drools.audit.event.ActivationLogEvent>
<org.drools.audit.event.ActivationLogEvent>
  <type>7</type>
  <activationId>HelloWorld [524, 0]</activationId>
  <rule>HelloWorld</rule>
  <declarations>$newEvent=com.sample.model.Event@62a23d38(524)</declarations>
</org.drools.audit.event.ActivationLogEvent>
<org.drools.audit.event.ActivationLogEvent>
  <type>6</type>
  <activationId>Example [524, 0]</activationId>
  <rule>Example</rule>
  <declarations>$newEvent0=com.sample.model.Event@62a23d38(524)</declarations>
</org.drools.audit.event.ActivationLogEvent>
<org.drools.audit.event.ActivationLogEvent>
  <type>4</type>
  <activationId>Example2 [525]</activationId>
  <rule>Example2</rule>
  <declarations>$newEvent=com.sample.model.Event@5663ae08(525)</declarations>
</org.drools.audit.event.ActivationLogEvent>
<org.drools.audit.event.ObjectLogEvent>
  <type>1</type>
  <factId>525</factId>
  <objectToString>com.sample.model.Event@5663ae08</objectToString>
</org.drools.audit.event.ObjectLogEvent>
<org.drools.audit.event.ActivationLogEvent>
  <type>7</type>
  <activationId>Example [524, 0]</activationId>
  <rule>Example</rule>
  <declarations>$newEvent0=com.sample.model.Event@62a23d38(524)</declarations>
</org.drools.audit.event.ActivationLogEvent>
<org.drools.audit.event.ActivationLogEvent>
  <type>6</type>
  <activationId>Example2 [525]</activationId>
  <rule>Example2</rule>
  <declarations>$newEvent=com.sample.model.Event@5663ae08(525)</declarations>
</org.drools.audit.event.ActivationLogEvent>
<org.drools.audit.event.ActivationLogEvent>
  <type>7</type>
  <activationId>Example2 [525]</activationId>
  <rule>Example2</rule>
  <declarations>$newEvent=com.sample.model.Event@5663ae08(525)</declarations>
</org.drools.audit.event.ActivationLogEvent>
<org.drools.audit.event.ObjectLogEvent>
  <type>1</type>
  <factId>526</factId>
  <objectToString>com.sample.model.Event@2a36bb87</objectToString>
</org.drools.audit.event.ObjectLogEvent>
<org.drools.audit.event.ActivationLogEvent>
  <type>4</type>
  <activationId>Example [526, 0]</activationId>
  <rule>Example</rule>
  <declarations>$newEvent0=com.sample.model.Event@2a36bb87(526)</declarations>
</org.drools.audit.event.ActivationLogEvent>
<org.drools.audit.event.ActivationLogEvent>
  <type>4</type>
  <activationId>HelloWorld [526, 0]</activationId>
  <rule>HelloWorld</rule>
  <declarations>$newEvent=com.sample.model.Event@2a36bb87(526)</declarations>
</org.drools.audit.event.ActivationLogEvent>
<org.drools.audit.event.ActivationLogEvent>
  <type>6</type>
  <activationId>HelloWorld [526, 0]</activationId>
  <rule>HelloWorld</rule>
  <declarations>$newEvent=com.sample.model.Event@2a36bb87(526)</declarations>
</org.drools.audit.event.ActivationLogEvent>
<org.drools.audit.event.ActivationLogEvent>
  <type>7</type>
  <activationId>HelloWorld [526, 0]</activationId>
  <rule>HelloWorld</rule>
  <declarations>$newEvent=com.sample.model.Event@2a36bb87(526)</declarations>
</org.drools.audit.event.ActivationLogEvent>
<org.drools.audit.event.ActivationLogEvent>
  <type>6</type>
  <activationId>Example [526, 0]</activationId>
  <rule>Example</rule>
  <declarations>$newEvent0=com.sample.model.Event@2a36bb87(526)</declarations>
</org.drools.audit.event.ActivationLogEvent>
<org.drools.audit.event.ActivationLogEvent>
  <type>4</type>
  <activationId>Example2 [527]</activationId>
  <rule>Example2</rule>
  <declarations>$newEvent=com.sample.model.Event@5c6a9e79(527)</declarations>
</org.drools.audit.event.ActivationLogEvent>
<org.drools.audit.event.ObjectLogEvent>
  <type>1</type>
  <factId>527</factId>
  <objectToString>com.sample.model.Event@5c6a9e79</objectToString>
</org.drools.audit.event.ObjectLogEvent>
<org.drools.audit.event.ActivationLogEvent>
  <type>7</type>
  <activationId>Example [526, 0]</activationId>
  <rule>Example</rule>
  <declarations>$newEvent0=com.sample.model.Event@2a36bb87(526)</declarations>
</org.drools.audit.event.ActivationLogEvent>
<org.drools.audit.event.ActivationLogEvent>
  <type>6</type>
  <activationId>Example2 [527]</activationId>
  <rule>Example2</rule>
  <declarations>$newEvent=com.sample.model.Event@5c6a9e79(527)</declarations>
</org.drools.audit.event.ActivationLogEvent>
<org.drools.audit.event.ActivationLogEvent>
  <type>7</type>
  <activationId>Example2 [527]</activationId>
  <rule>Example2</rule>
  <declarations>$newEvent=com.sample.model.Event@5c6a9e79(527)</declarations>
</org.drools.audit.event.ActivationLogEvent>
<org.drools.audit.event.ObjectLogEvent>
  <type>1</type>
  <factId>528</factId>
  <objectToString>com.sample.model.Event@5bca4955</objectToString>
</org.drools.audit.event.ObjectLogEvent>
<org.drools.audit.event.ActivationLogEvent>
  <type>4</type>
  <activationId>Example [528, 0]</activationId>
  <rule>Example</rule>
  <declarations>$newEvent0=com.sample.model.Event@5bca4955(528)</declarations>
</org.drools.audit.event.ActivationLogEvent>
<org.drools.audit.event.ActivationLogEvent>
  <type>4</type>
  <activationId>HelloWorld [528, 0]</activationId>
  <rule>HelloWorld</rule>
  <declarations>$newEvent=com.sample.model.Event@5bca4955(528)</declarations>
</org.drools.audit.event.ActivationLogEvent>
<org.drools.audit.event.ActivationLogEvent>
  <type>6</type>
  <activationId>HelloWorld [528, 0]</activationId>
  <rule>HelloWorld</rule>
  <declarations>$newEvent=com.sample.model.Event@5bca4955(528)</declarations>
</org.drools.audit.event.ActivationLogEvent>
<org.drools.audit.event.ActivationLogEvent>
  <type>7</type>
  <activationId>HelloWorld [528, 0]</activationId>
  <rule>HelloWorld</rule>
  <declarations>$newEvent=com.sample.model.Event@5bca4955(528)</declarations>
</org.drools.audit.event.ActivationLogEvent>
<org.drools.audit.event.ActivationLogEvent>
  <type>6</type>
  <activationId>Example [528, 0]</activationId>
  <rule>Example</rule>
  <declarations>$newEvent0=com.sample.model.Event@5bca4955(528)</declarations>
</org.drools.audit.event.ActivationLogEvent>
<org.drools.audit.event.ActivationLogEvent>
  <type>4</type>
  <activationId>Example2 [529]</activationId>
  <rule>Example2</rule>
  <declarations>$newEvent=com.sample.model.Event@672d34a6(529)</declarations>
</org.drools.audit.event.ActivationLogEvent>
<org.drools.audit.event.ObjectLogEvent>
  <type>1</type>
  <factId>529</factId>
  <objectToString>com.sample.model.Event@672d34a6</objectToString>
</org.drools.audit.event.ObjectLogEvent>
<org.drools.audit.event.ActivationLogEvent>
  <type>7</type>
  <activationId>Example [528, 0]</activationId>
  <rule>Example</rule>
  <declarations>$newEvent0=com.sample.model.Event@5bca4955(528)</declarations>
</org.drools.audit.event.ActivationLogEvent>
<org.drools.audit.event.ActivationLogEvent>
  <type>6</type>
  <activationId>Example2 [529]</activationId>
  <rule>Example2</rule>
  <declarations>$newEvent=com.sample.model.Event@672d34a6(529)</declarations>
</org.drools.audit.event.ActivationLogEvent>
<org.drools.audit.event.ActivationLogEvent>
  <type>7</type>
  <activationId>Example2 [529]</activationId>
  <rule>Example2</rule>
  <declarations>$newEvent=com.sample.model.Event@672d34a6(529)</declarations>
</org.drools.audit.event.ActivationLogEvent>
<org.drools.audit.event.ObjectLogEvent>
  <type>1</type>
  <factId>530</factId>
  <objectToString>com.sample.model.Event@48dbb335</objectToString>
</org.drools.audit.event.ObjectLogEvent>
<org.drools.audit.event.ActivationLogEvent>
  <type>4</type>
  <activationId>Example [530, 0]</activationId>
  <rule>Example</rule>
  <declarations>$newEvent0=com.sample.model.Event@48dbb335(530)</declarations>
</org.drools.audit.event.ActivationLogEvent>
<org.drools.audit.event.ActivationLogEvent>
  <type>4</type>
  <activationId>HelloWorld [530, 0]</activationId>
  <rule>HelloWorld</rule>
  <declarations>$newEvent=com.sample.model.Event@48dbb335(530)</declarations>
</org.drools.audit.event.ActivationLogEvent>
<org.drools.audit.event.ActivationLogEvent>
  <type>6</type>
  <activationId>HelloWorld [530, 0]</activationId>
  <rule>HelloWorld</rule>
  <declarations>$newEvent=com.sample.model.Event@48dbb335(530)</declarations>
</org.drools.audit.event.ActivationLogEvent>
<org.drools.audit.event.ActivationLogEvent>
  <type>7</type>
  <activationId>HelloWorld [530, 0]</activationId>
  <rule>HelloWorld</rule>
  <declarations>$newEvent=com.sample.model.Event@48dbb335(530)</declarations>
</org.drools.audit.event.ActivationLogEvent>
<org.drools.audit.event.ActivationLogEvent>
  <type>6</type>
  <activationId>Example [530, 0]</activationId>
  <rule>Example</rule>
  <declarations>$newEvent0=com.sample.model.Event@48dbb335(530)</declarations>
</org.drools.audit.event.ActivationLogEvent>
<org.drools.audit.event.ActivationLogEvent>
  <type>4</type>
  <activationId>Example2 [531]</activationId>
  <rule>Example2</rule>
  <declarations>$newEvent=com.sample.model.Event@5511e28(531)</declarations>
</org.drools.audit.event.ActivationLogEvent>
<org.drools.audit.event.ObjectLogEvent>
  <type>1</type>
  <factId>531</factId>
  <objectToString>com.sample.model.Event@5511e28</objectToString>
</org.drools.audit.event.ObjectLogEvent>
<org.drools.audit.event.ActivationLogEvent>
  <type>7</type>
  <activationId>Example [530, 0]</activationId>
  <rule>Example</rule>
  <declarations>$newEvent0=com.sample.model.Event@48dbb335(530)</declarations>
</org.drools.audit.event.ActivationLogEvent>
<org.drools.audit.event.ActivationLogEvent>
  <type>6</type>
  <activationId>Example2 [531]</activationId>
  <rule>Example2</rule>
  <declarations>$newEvent=com.sample.model.Event@5511e28(531)</declarations>
</org.drools.audit.event.ActivationLogEvent>
<org.drools.audit.event.ActivationLogEvent>
  <type>7</type>
  <activationId>Example2 [531]</activationId>
  <rule>Example2</rule>
  <declarations>$newEvent=com.sample.model.Event@5511e28(531)</declarations>
</org.drools.audit.event.ActivationLogEvent>
<org.drools.audit.event.ObjectLogEvent>
  <type>1</type>
  <factId>532</factId>
  <objectToString>com.sample.model.Event@1092d6d2</objectToString>
</org.drools.audit.event.ObjectLogEvent>
<org.drools.audit.event.ActivationLogEvent>
  <type>4</type>
  <activationId>Example [532, 0]</activationId>
  <rule>Example</rule>
  <declarations>$newEvent0=com.sample.model.Event@1092d6d2(532)</declarations>
</org.drools.audit.event.ActivationLogEvent>
<org.drools.audit.event.ActivationLogEvent>
  <type>4</type>
  <activationId>HelloWorld [532, 0]</activationId>
  <rule>HelloWorld</rule>
  <declarations>$newEvent=com.sample.model.Event@1092d6d2(532)</declarations>
</org.drools.audit.event.ActivationLogEvent>
<org.drools.audit.event.ActivationLogEvent>
  <type>6</type>
  <activationId>HelloWorld [532, 0]</activationId>
  <rule>HelloWorld</rule>
  <declarations>$newEvent=com.sample.model.Event@1092d6d2(532)</declarations>
</org.drools.audit.event.ActivationLogEvent>
<org.drools.audit.event.ActivationLogEvent>
  <type>7</type>
  <activationId>HelloWorld [532, 0]</activationId>
  <rule>HelloWorld</rule>
  <declarations>$newEvent=com.sample.model.Event@1092d6d2(532)</declarations>
</org.drools.audit.event.ActivationLogEvent>
<org.drools.audit.event.ActivationLogEvent>
  <type>6</type>
  <activationId>Example [532, 0]</activationId>
  <rule>Example</rule>
  <declarations>$newEvent0=com.sample.model.Event@1092d6d2(532)</declarations>
</org.drools.audit.event.ActivationLogEvent>
<org.drools.audit.event.ActivationLogEvent>
  <type>4</type>
  <activationId>Example2 [533]</activationId>
  <rule>Example2</rule>
  <declarations>$newEvent=com.sample.model.Event@14a1e7ad(533)</declarations>
</org.drools.audit.event.ActivationLogEvent>
<org.drools.audit.event.ObjectLogEvent>
  <type>1</type>
  <factId>533</factId>
  <objectToString>com.sample.model.Event@14a1e7ad</objectToString>
</org.drools.audit.event.ObjectLogEvent>
<org.drools.audit.event.ActivationLogEvent>
  <type>7</type>
  <activationId>Example [532, 0]</activationId>
  <rule>Example</rule>
  <declarations>$newEvent0=com.sample.model.Event@1092d6d2(532)</declarations>
</org.drools.audit.event.ActivationLogEvent>
<org.drools.audit.event.ActivationLogEvent>
  <type>6</type>
  <activationId>Example2 [533]</activationId>
  <rule>Example2</rule>
  <declarations>$newEvent=com.sample.model.Event@14a1e7ad(533)</declarations>
</org.drools.audit.event.ActivationLogEvent>
<org.drools.audit.event.ActivationLogEvent>
  <type>7</type>
  <activationId>Example2 [533]</activationId>
  <rule>Example2</rule>
  <declarations>$newEvent=com.sample.model.Event@14a1e7ad(533)</declarations>
</org.drools.audit.event.ActivationLogEvent>
<org.drools.audit.event.ObjectLogEvent>
  <type>1</type>
  <factId>534</factId>
  <objectToString>com.sample.model.Event@11711970</objectToString>
</org.drools.audit.event.ObjectLogEvent>
<org.drools.audit.event.ActivationLogEvent>
  <type>4</type>
  <activationId>Example [534, 0]</activationId>
  <rule>Example</rule>
  <declarations>$newEvent0=com.sample.model.Event@11711970(534)</declarations>
</org.drools.audit.event.ActivationLogEvent>
<org.drools.audit.event.ActivationLogEvent>
  <type>4</type>
  <activationId>HelloWorld [534, 0]</activationId>
  <rule>HelloWorld</rule>
  <declarations>$newEvent=com.sample.model.Event@11711970(534)</declarations>
</org.drools.audit.event.ActivationLogEvent>
<org.drools.audit.event.ActivationLogEvent>
  <type>6</type>
  <activationId>HelloWorld [534, 0]</activationId>
  <rule>HelloWorld</rule>
  <declarations>$newEvent=com.sample.model.Event@11711970(534)</declarations>
</org.drools.audit.event.ActivationLogEvent>
<org.drools.audit.event.ActivationLogEvent>
  <type>7</type>
  <activationId>HelloWorld [534, 0]</activationId>
  <rule>HelloWorld</rule>
  <declarations>$newEvent=com.sample.model.Event@11711970(534)</declarations>
</org.drools.audit.event.ActivationLogEvent>
<org.drools.audit.event.ActivationLogEvent>
  <type>6</type>
  <activationId>Example [534, 0]</activationId>
  <rule>Example</rule>
  <declarations>$newEvent0=com.sample.model.Event@11711970(534)</declarations>
</org.drools.audit.event.ActivationLogEvent>
<org.drools.audit.event.ActivationLogEvent>
  <type>4</type>
  <activationId>Example2 [535]</activationId>
  <rule>Example2</rule>
  <declarations>$newEvent=com.sample.model.Event@5127a6bc(535)</declarations>
</org.drools.audit.event.ActivationLogEvent>
<org.drools.audit.event.ObjectLogEvent>
  <type>1</type>
  <factId>535</factId>
  <objectToString>com.sample.model.Event@5127a6bc</objectToString>
</org.drools.audit.event.ObjectLogEvent>
<org.drools.audit.event.ActivationLogEvent>
  <type>7</type>
  <activationId>Example [534, 0]</activationId>
  <rule>Example</rule>
  <declarations>$newEvent0=com.sample.model.Event@11711970(534)</declarations>
</org.drools.audit.event.ActivationLogEvent>
<org.drools.audit.event.ActivationLogEvent>
  <type>6</type>
  <activationId>Example2 [535]</activationId>
  <rule>Example2</rule>
  <declarations>$newEvent=com.sample.model.Event@5127a6bc(535)</declarations>
</org.drools.audit.event.ActivationLogEvent>
<org.drools.audit.event.ActivationLogEvent>
  <type>7</type>
  <activationId>Example2 [535]</activationId>
  <rule>Example2</rule>
  <declarations>$newEvent=com.sample.model.Event@5127a6bc(535)</declarations>
</org.drools.audit.event.ActivationLogEvent>
<org.drools.audit.event.ObjectLogEvent>
  <type>1</type>
  <factId>536</factId>
  <objectToString>com.sample.model.Event@233aa44</objectToString>
</org.drools.audit.event.ObjectLogEvent>
<org.drools.audit.event.ActivationLogEvent>
  <type>4</type>
  <activationId>Example [536, 0]</activationId>
  <rule>Example</rule>
  <declarations>$newEvent0=com.sample.model.Event@233aa44(536)</declarations>
</org.drools.audit.event.ActivationLogEvent>
<org.drools.audit.event.ActivationLogEvent>
  <type>4</type>
  <activationId>HelloWorld [536, 0]</activationId>
  <rule>HelloWorld</rule>
  <declarations>$newEvent=com.sample.model.Event@233aa44(536)</declarations>
</org.drools.audit.event.ActivationLogEvent>
<org.drools.audit.event.ActivationLogEvent>
  <type>6</type>
  <activationId>HelloWorld [536, 0]</activationId>
  <rule>HelloWorld</rule>
  <declarations>$newEvent=com.sample.model.Event@233aa44(536)</declarations>
</org.drools.audit.event.ActivationLogEvent>
<org.drools.audit.event.ActivationLogEvent>
  <type>7</type>
  <activationId>HelloWorld [536, 0]</activationId>
  <rule>HelloWorld</rule>
  <declarations>$newEvent=com.sample.model.Event@233aa44(536)</declarations>
</org.drools.audit.event.ActivationLogEvent>
<org.drools.audit.event.ActivationLogEvent>
  <type>6</type>
  <activationId>Example [536, 0]</activationId>
  <rule>Example</rule>
  <declarations>$newEvent0=com.sample.model.Event@233aa44(536)</declarations>
</org.drools.audit.event.ActivationLogEvent>
<org.drools.audit.event.ActivationLogEvent>
  <type>4</type>
  <activationId>Example2 [537]</activationId>
  <rule>Example2</rule>
  <declarations>$newEvent=com.sample.model.Event@5c58d6b0(537)</declarations>
</org.drools.audit.event.ActivationLogEvent>
<org.drools.audit.event.ObjectLogEvent>
  <type>1</type>
  <factId>537</factId>
  <objectToString>com.sample.model.Event@5c58d6b0</objectToString>
</org.drools.audit.event.ObjectLogEvent>
<org.drools.audit.event.ActivationLogEvent>
  <type>7</type>
  <activationId>Example [536, 0]</activationId>
  <rule>Example</rule>
  <declarations>$newEvent0=com.sample.model.Event@233aa44(536)</declarations>
</org.drools.audit.event.ActivationLogEvent>
<org.drools.audit.event.ActivationLogEvent>
  <type>6</type>
  <activationId>Example2 [537]</activationId>
  <rule>Example2</rule>
  <declarations>$newEvent=com.sample.model.Event@5c58d6b0(537)</declarations>
</org.drools.audit.event.ActivationLogEvent>
<org.drools.audit.event.ActivationLogEvent>
  <type>7</type>
  <activationId>Example2 [537]</activationId>
  <rule>Example2</rule>
  <declarations>$newEvent=com.sample.model.Event@5c58d6b0(537)</declarations>
</org.drools.audit.event.ActivationLogEvent>
<org.drools.audit.event.ObjectLogEvent>
  <type>1</type>
  <factId>538</factId>
  <objectToString>com.sample.model.Event@4c76ec2d</objectToString>
</org.drools.audit.event.ObjectLogEvent>
<org.drools.audit.event.ActivationLogEvent>
  <type>4</type>
  <activationId>Example [538, 0]</activationId>
  <rule>Example</rule>
  <declarations>$newEvent0=com.sample.model.Event@4c76ec2d(538)</declarations>
</org.drools.audit.event.ActivationLogEvent>
<org.drools.audit.event.ActivationLogEvent>
  <type>4</type>
  <activationId>HelloWorld [538, 0]</activationId>
  <rule>HelloWorld</rule>
  <declarations>$newEvent=com.sample.model.Event@4c76ec2d(538)</declarations>
</org.drools.audit.event.ActivationLogEvent>
<org.drools.audit.event.ActivationLogEvent>
  <type>6</type>
  <activationId>HelloWorld [538, 0]</activationId>
  <rule>HelloWorld</rule>
  <declarations>$newEvent=com.sample.model.Event@4c76ec2d(538)</declarations>
</org.drools.audit.event.ActivationLogEvent>
<org.drools.audit.event.ActivationLogEvent>
  <type>7</type>
  <activationId>HelloWorld [538, 0]</activationId>
  <rule>HelloWorld</rule>
  <declarations>$newEvent=com.sample.model.Event@4c76ec2d(538)</declarations>
</org.drools.audit.event.ActivationLogEvent>
<org.drools.audit.event.ActivationLogEvent>
  <type>6</type>
  <activationId>Example [538, 0]</activationId>
  <rule>Example</rule>
  <declarations>$newEvent0=com.sample.model.Event@4c76ec2d(538)</declarations>
</org.drools.audit.event.ActivationLogEvent>
<org.drools.audit.event.ActivationLogEvent>
  <type>4</type>
  <activationId>Example2 [539]</activationId>
  <rule>Example2</rule>
  <declarations>$newEvent=com.sample.model.Event@35235feb(539)</declarations>
</org.drools.audit.event.ActivationLogEvent>
<org.drools.audit.event.ObjectLogEvent>
  <type>1</type>
  <factId>539</factId>
  <objectToString>com.sample.model.Event@35235feb</objectToString>
</org.drools.audit.event.ObjectLogEvent>
<org.drools.audit.event.ActivationLogEvent>
  <type>7</type>
  <activationId>Example [538, 0]</activationId>
  <rule>Example</rule>
  <declarations>$newEvent0=com.sample.model.Event@4c76ec2d(538)</declarations>
</org.drools.audit.event.ActivationLogEvent>
<org.drools.audit.event.ActivationLogEvent>
  <type>6</type>
  <activationId>Example2 [539]</activationId>
  <rule>Example2</rule>
  <declarations>$newEvent=com.sample.model.Event@35235feb(539)</declarations>
</org.drools.audit.event.ActivationLogEvent>
<org.drools.audit.event.ActivationLogEvent>
  <type>7</type>
  <activationId>Example2 [539]</activationId>
  <rule>Example2</rule>
  <declarations>$newEvent=com.sample.model.Event@35235feb(539)</declarations>
</org.drools.audit.event.ActivationLogEvent>
<org.drools.audit.event.ObjectLogEvent>
  <type>1</type>
  <factId>540</factId>
  <objectToString>com.sample.model.Event@256e588e</objectToString>
</org.drools.audit.event.ObjectLogEvent>
<org.drools.audit.event.ActivationLogEvent>
  <type>4</type>
  <activationId>Example [540, 0]</activationId>
  <rule>Example</rule>
  <declarations>$newEvent0=com.sample.model.Event@256e588e(540)</declarations>
</org.drools.audit.event.ActivationLogEvent>
<org.drools.audit.event.ActivationLogEvent>
  <type>4</type>
  <activationId>HelloWorld [540, 0]</activationId>
  <rule>HelloWorld</rule>
  <declarations>$newEvent=com.sample.model.Event@256e588e(540)</declarations>
</org.drools.audit.event.ActivationLogEvent>
<org.drools.audit.event.ActivationLogEvent>
  <type>6</type>
  <activationId>HelloWorld [540, 0]</activationId>
  <rule>HelloWorld</rule>
  <declarations>$newEvent=com.sample.model.Event@256e588e(540)</declarations>
</org.drools.audit.event.ActivationLogEvent>
<org.drools.audit.event.ActivationLogEvent>
  <type>7</type>
  <activationId>HelloWorld [540, 0]</activationId>
  <rule>HelloWorld</rule>
  <declarations>$newEvent=com.sample.model.Event@256e588e(540)</declarations>
</org.drools.audit.event.ActivationLogEvent>
<org.drools.audit.event.ActivationLogEvent>
  <type>6</type>
  <activationId>Example [540, 0]</activationId>
  <rule>Example</rule>
  <declarations>$newEvent0=com.sample.model.Event@256e588e(540)</declarations>
</org.drools.audit.event.ActivationLogEvent>
<org.drools.audit.event.ActivationLogEvent>
  <type>4</type>
  <activationId>Example2 [541]</activationId>
  <rule>Example2</rule>
  <declarations>$newEvent=com.sample.model.Event@2891fa78(541)</declarations>
</org.drools.audit.event.ActivationLogEvent>
<org.drools.audit.event.ObjectLogEvent>
  <type>1</type>
  <factId>541</factId>
  <objectToString>com.sample.model.Event@2891fa78</objectToString>
</org.drools.audit.event.ObjectLogEvent>
<org.drools.audit.event.ActivationLogEvent>
  <type>7</type>
  <activationId>Example [540, 0]</activationId>
  <rule>Example</rule>
  <declarations>$newEvent0=com.sample.model.Event@256e588e(540)</declarations>
</org.drools.audit.event.ActivationLogEvent>
<org.drools.audit.event.ActivationLogEvent>
  <type>6</type>
  <activationId>Example2 [541]</activationId>
  <rule>Example2</rule>
  <declarations>$newEvent=com.sample.model.Event@2891fa78(541)</declarations>
</org.drools.audit.event.ActivationLogEvent>
<org.drools.audit.event.ActivationLogEvent>
  <type>7</type>
  <activationId>Example2 [541]</activationId>
  <rule>Example2</rule>
  <declarations>$newEvent=com.sample.model.Event@2891fa78(541)</declarations>
</org.drools.audit.event.ActivationLogEvent>
<org.drools.audit.event.ObjectLogEvent>
  <type>1</type>
  <factId>542</factId>
  <objectToString>com.sample.model.Event@7d2f117</objectToString>
</org.drools.audit.event.ObjectLogEvent>
<org.drools.audit.event.ActivationLogEvent>
  <type>4</type>
  <activationId>Example [542, 0]</activationId>
  <rule>Example</rule>
  <declarations>$newEvent0=com.sample.model.Event@7d2f117(542)</declarations>
</org.drools.audit.event.ActivationLogEvent>
<org.drools.audit.event.ActivationLogEvent>
  <type>4</type>
  <activationId>HelloWorld [542, 0]</activationId>
  <rule>HelloWorld</rule>
  <declarations>$newEvent=com.sample.model.Event@7d2f117(542)</declarations>
</org.drools.audit.event.ActivationLogEvent>
<org.drools.audit.event.ActivationLogEvent>
  <type>6</type>
  <activationId>HelloWorld [542, 0]</activationId>
  <rule>HelloWorld</rule>
  <declarations>$newEvent=com.sample.model.Event@7d2f117(542)</declarations>
</org.drools.audit.event.ActivationLogEvent>
<org.drools.audit.event.ActivationLogEvent>
  <type>7</type>
  <activationId>HelloWorld [542, 0]</activationId>
  <rule>HelloWorld</rule>
  <declarations>$newEvent=com.sample.model.Event@7d2f117(542)</declarations>
</org.drools.audit.event.ActivationLogEvent>
<org.drools.audit.event.ActivationLogEvent>
  <type>6</type>
  <activationId>Example [542, 0]</activationId>
  <rule>Example</rule>
  <declarations>$newEvent0=com.sample.model.Event@7d2f117(542)</declarations>
</org.drools.audit.event.ActivationLogEvent>
<org.drools.audit.event.ActivationLogEvent>
  <type>4</type>
  <activationId>Example2 [543]</activationId>
  <rule>Example2</rule>
  <declarations>$newEvent=com.sample.model.Event@2275a30f(543)</declarations>
</org.drools.audit.event.ActivationLogEvent>
<org.drools.audit.event.ObjectLogEvent>
  <type>1</type>
  <factId>543</factId>
  <objectToString>com.sample.model.Event@2275a30f</objectToString>
</org.drools.audit.event.ObjectLogEvent>
<org.drools.audit.event.ActivationLogEvent>
  <type>7</type>
  <activationId>Example [542, 0]</activationId>
  <rule>Example</rule>
  <declarations>$newEvent0=com.sample.model.Event@7d2f117(542)</declarations>
</org.drools.audit.event.ActivationLogEvent>
<org.drools.audit.event.ActivationLogEvent>
  <type>6</type>
  <activationId>Example2 [543]</activationId>
  <rule>Example2</rule>
  <declarations>$newEvent=com.sample.model.Event@2275a30f(543)</declarations>
</org.drools.audit.event.ActivationLogEvent>
<org.drools.audit.event.ActivationLogEvent>
  <type>7</type>
  <activationId>Example2 [543]</activationId>
  <rule>Example2</rule>
  <declarations>$newEvent=com.sample.model.Event@2275a30f(543)</declarations>
</org.drools.audit.event.ActivationLogEvent>
<org.drools.audit.event.ObjectLogEvent>
  <type>1</type>
  <factId>544</factId>
  <objectToString>com.sample.model.Event@59243f75</objectToString>
</org.drools.audit.event.ObjectLogEvent>
<org.drools.audit.event.ActivationLogEvent>
  <type>4</type>
  <activationId>Example [544, 0]</activationId>
  <rule>Example</rule>
  <declarations>$newEvent0=com.sample.model.Event@59243f75(544)</declarations>
</org.drools.audit.event.ActivationLogEvent>
<org.drools.audit.event.ActivationLogEvent>
  <type>6</type>
  <activationId>Example [544, 0]</activationId>
  <rule>Example</rule>
  <declarations>$newEvent0=com.sample.model.Event@59243f75(544)</declarations>
</org.drools.audit.event.ActivationLogEvent>
<org.drools.audit.event.ActivationLogEvent>
  <type>4</type>
  <activationId>HelloWorld [544, 0]</activationId>
  <rule>HelloWorld</rule>
  <declarations>$newEvent=com.sample.model.Event@59243f75(544)</declarations>
</org.drools.audit.event.ActivationLogEvent>
<org.drools.audit.event.ActivationLogEvent>
  <type>4</type>
  <activationId>Example2 [545]</activationId>
  <rule>Example2</rule>
  <declarations>$newEvent=com.sample.model.Event@5ac2480b(545)</declarations>
</org.drools.audit.event.ActivationLogEvent>
<org.drools.audit.event.ObjectLogEvent>
  <type>1</type>
  <factId>545</factId>
  <objectToString>com.sample.model.Event@5ac2480b</objectToString>
</org.drools.audit.event.ObjectLogEvent>
<org.drools.audit.event.ActivationLogEvent>
  <type>7</type>
  <activationId>Example [544, 0]</activationId>
  <rule>Example</rule>
  <declarations>$newEvent0=com.sample.model.Event@59243f75(544)</declarations>
</org.drools.audit.event.ActivationLogEvent>
<org.drools.audit.event.ActivationLogEvent>
  <type>6</type>
  <activationId>Example2 [545]</activationId>
  <rule>Example2</rule>
  <declarations>$newEvent=com.sample.model.Event@5ac2480b(545)</declarations>
</org.drools.audit.event.ActivationLogEvent>
<org.drools.audit.event.ActivationLogEvent>
  <type>7</type>
  <activationId>Example2 [545]</activationId>
  <rule>Example2</rule>
  <declarations>$newEvent=com.sample.model.Event@5ac2480b(545)</declarations>
</org.drools.audit.event.ActivationLogEvent>
<org.drools.audit.event.ActivationLogEvent>
  <type>6</type>
  <activationId>HelloWorld [544, 0]</activationId>
  <rule>HelloWorld</rule>
  <declarations>$newEvent=com.sample.model.Event@59243f75(544)</declarations>
</org.drools.audit.event.ActivationLogEvent>
<org.drools.audit.event.ActivationLogEvent>
  <type>7</type>
  <activationId>HelloWorld [544, 0]</activationId>
  <rule>HelloWorld</rule>
  <declarations>$newEvent=com.sample.model.Event@59243f75(544)</declarations>
</org.drools.audit.event.ActivationLogEvent>
<org.drools.audit.event.ObjectLogEvent>
  <type>1</type>
  <factId>546</factId>
  <objectToString>com.sample.model.Event@907f8ba</objectToString>
</org.drools.audit.event.ObjectLogEvent>
<org.drools.audit.event.ActivationLogEvent>
  <type>4</type>
  <activationId>Example [546, 0]</activationId>
  <rule>Example</rule>
  <declarations>$newEvent0=com.sample.model.Event@907f8ba(546)</declarations>
</org.drools.audit.event.ActivationLogEvent>
<org.drools.audit.event.ActivationLogEvent>
  <type>6</type>
  <activationId>Example [546, 0]</activationId>
  <rule>Example</rule>
  <declarations>$newEvent0=com.sample.model.Event@907f8ba(546)</declarations>
</org.drools.audit.event.ActivationLogEvent>
<org.drools.audit.event.ActivationLogEvent>
  <type>4</type>
  <activationId>HelloWorld [546, 0]</activationId>
  <rule>HelloWorld</rule>
  <declarations>$newEvent=com.sample.model.Event@907f8ba(546)</declarations>
</org.drools.audit.event.ActivationLogEvent>
<org.drools.audit.event.ActivationLogEvent>
  <type>4</type>
  <activationId>Example2 [547]</activationId>
  <rule>Example2</rule>
  <declarations>$newEvent=com.sample.model.Event@6a5a7ff7(547)</declarations>
</org.drools.audit.event.ActivationLogEvent>
<org.drools.audit.event.ObjectLogEvent>
  <type>1</type>
  <factId>547</factId>
  <objectToString>com.sample.model.Event@6a5a7ff7</objectToString>
</org.drools.audit.event.ObjectLogEvent>
<org.drools.audit.event.ActivationLogEvent>
  <type>7</type>
  <activationId>Example [546, 0]</activationId>
  <rule>Example</rule>
  <declarations>$newEvent0=com.sample.model.Event@907f8ba(546)</declarations>
</org.drools.audit.event.ActivationLogEvent>
<org.drools.audit.event.ActivationLogEvent>
  <type>6</type>
  <activationId>Example2 [547]</activationId>
  <rule>Example2</rule>
  <declarations>$newEvent=com.sample.model.Event@6a5a7ff7(547)</declarations>
</org.drools.audit.event.ActivationLogEvent>
<org.drools.audit.event.ActivationLogEvent>
  <type>7</type>
  <activationId>Example2 [547]</activationId>
  <rule>Example2</rule>
  <declarations>$newEvent=com.sample.model.Event@6a5a7ff7(547)</declarations>
</org.drools.audit.event.ActivationLogEvent>
<org.drools.audit.event.ActivationLogEvent>
  <type>6</type>
  <activationId>HelloWorld [546, 0]</activationId>
  <rule>HelloWorld</rule>
  <declarations>$newEvent=com.sample.model.Event@907f8ba(546)</declarations>
</org.drools.audit.event.ActivationLogEvent>
<org.drools.audit.event.ActivationLogEvent>
  <type>7</type>
  <activationId>HelloWorld [546, 0]</activationId>
  <rule>HelloWorld</rule>
  <declarations>$newEvent=com.sample.model.Event@907f8ba(546)</declarations>
</org.drools.audit.event.ActivationLogEvent>
<org.drools.audit.event.ObjectLogEvent>
  <type>1</type>
  <factId>548</factId>
  <objectToString>com.sample.model.Event@631e1aa5</objectToString>
</org.drools.audit.event.ObjectLogEvent>
<org.drools.audit.event.ActivationLogEvent>
  <type>4</type>
  <activationId>Example [548, 0]</activationId>
  <rule>Example</rule>
  <declarations>$newEvent0=com.sample.model.Event@631e1aa5(548)</declarations>
</org.drools.audit.event.ActivationLogEvent>
<org.drools.audit.event.ActivationLogEvent>
  <type>4</type>
  <activationId>HelloWorld [548, 0]</activationId>
  <rule>HelloWorld</rule>
  <declarations>$newEvent=com.sample.model.Event@631e1aa5(548)</declarations>
</org.drools.audit.event.ActivationLogEvent>
<org.drools.audit.event.ActivationLogEvent>
  <type>6</type>
  <activationId>HelloWorld [548, 0]</activationId>
  <rule>HelloWorld</rule>
  <declarations>$newEvent=com.sample.model.Event@631e1aa5(548)</declarations>
</org.drools.audit.event.ActivationLogEvent>
<org.drools.audit.event.ActivationLogEvent>
  <type>7</type>
  <activationId>HelloWorld [548, 0]</activationId>
  <rule>HelloWorld</rule>
  <declarations>$newEvent=com.sample.model.Event@631e1aa5(548)</declarations>
</org.drools.audit.event.ActivationLogEvent>
<org.drools.audit.event.ActivationLogEvent>
  <type>6</type>
  <activationId>Example [548, 0]</activationId>
  <rule>Example</rule>
  <declarations>$newEvent0=com.sample.model.Event@631e1aa5(548)</declarations>
</org.drools.audit.event.ActivationLogEvent>
<org.drools.audit.event.ActivationLogEvent>
  <type>4</type>
  <activationId>Example2 [549]</activationId>
  <rule>Example2</rule>
  <declarations>$newEvent=com.sample.model.Event@44581ea2(549)</declarations>
</org.drools.audit.event.ActivationLogEvent>
<org.drools.audit.event.ObjectLogEvent>
  <type>1</type>
  <factId>549</factId>
  <objectToString>com.sample.model.Event@44581ea2</objectToString>
</org.drools.audit.event.ObjectLogEvent>
<org.drools.audit.event.ActivationLogEvent>
  <type>7</type>
  <activationId>Example [548, 0]</activationId>
  <rule>Example</rule>
  <declarations>$newEvent0=com.sample.model.Event@631e1aa5(548)</declarations>
</org.drools.audit.event.ActivationLogEvent>
<org.drools.audit.event.ActivationLogEvent>
  <type>6</type>
  <activationId>Example2 [549]</activationId>
  <rule>Example2</rule>
  <declarations>$newEvent=com.sample.model.Event@44581ea2(549)</declarations>
</org.drools.audit.event.ActivationLogEvent>
<org.drools.audit.event.ActivationLogEvent>
  <type>7</type>
  <activationId>Example2 [549]</activationId>
  <rule>Example2</rule>
  <declarations>$newEvent=com.sample.model.Event@44581ea2(549)</declarations>
</org.drools.audit.event.ActivationLogEvent>
<org.drools.audit.event.ObjectLogEvent>
  <type>1</type>
  <factId>550</factId>
  <objectToString>com.sample.model.Event@754340bb</objectToString>
</org.drools.audit.event.ObjectLogEvent>
<org.drools.audit.event.ActivationLogEvent>
  <type>4</type>
  <activationId>Example [550, 0]</activationId>
  <rule>Example</rule>
  <declarations>$newEvent0=com.sample.model.Event@754340bb(550)</declarations>
</org.drools.audit.event.ActivationLogEvent>
<org.drools.audit.event.ActivationLogEvent>
  <type>4</type>
  <activationId>HelloWorld [550, 0]</activationId>
  <rule>HelloWorld</rule>
  <declarations>$newEvent=com.sample.model.Event@754340bb(550)</declarations>
</org.drools.audit.event.ActivationLogEvent>
<org.drools.audit.event.ActivationLogEvent>
  <type>6</type>
  <activationId>HelloWorld [550, 0]</activationId>
  <rule>HelloWorld</rule>
  <declarations>$newEvent=com.sample.model.Event@754340bb(550)</declarations>
</org.drools.audit.event.ActivationLogEvent>
<org.drools.audit.event.ActivationLogEvent>
  <type>7</type>
  <activationId>HelloWorld [550, 0]</activationId>
  <rule>HelloWorld</rule>
  <declarations>$newEvent=com.sample.model.Event@754340bb(550)</declarations>
</org.drools.audit.event.ActivationLogEvent>
<org.drools.audit.event.ActivationLogEvent>
  <type>6</type>
  <activationId>Example [550, 0]</activationId>
  <rule>Example</rule>
  <declarations>$newEvent0=com.sample.model.Event@754340bb(550)</declarations>
</org.drools.audit.event.ActivationLogEvent>
<org.drools.audit.event.ActivationLogEvent>
  <type>4</type>
  <activationId>Example2 [551]</activationId>
  <rule>Example2</rule>
  <declarations>$newEvent=com.sample.model.Event@7cb8f891(551)</declarations>
</org.drools.audit.event.ActivationLogEvent>
<org.drools.audit.event.ObjectLogEvent>
  <type>1</type>
  <factId>551</factId>
  <objectToString>com.sample.model.Event@7cb8f891</objectToString>
</org.drools.audit.event.ObjectLogEvent>
<org.drools.audit.event.ActivationLogEvent>
  <type>7</type>
  <activationId>Example [550, 0]</activationId>
  <rule>Example</rule>
  <declarations>$newEvent0=com.sample.model.Event@754340bb(550)</declarations>
</org.drools.audit.event.ActivationLogEvent>
<org.drools.audit.event.ActivationLogEvent>
  <type>6</type>
  <activationId>Example2 [551]</activationId>
  <rule>Example2</rule>
  <declarations>$newEvent=com.sample.model.Event@7cb8f891(551)</declarations>
</org.drools.audit.event.ActivationLogEvent>
<org.drools.audit.event.ActivationLogEvent>
  <type>7</type>
  <activationId>Example2 [551]</activationId>
  <rule>Example2</rule>
  <declarations>$newEvent=com.sample.model.Event@7cb8f891(551)</declarations>
</org.drools.audit.event.ActivationLogEvent>
<org.drools.audit.event.ObjectLogEvent>
  <type>1</type>
  <factId>552</factId>
  <objectToString>com.sample.model.Event@53c7378f</objectToString>
</org.drools.audit.event.ObjectLogEvent>
<org.drools.audit.event.ActivationLogEvent>
  <type>4</type>
  <activationId>Example [552, 0]</activationId>
  <rule>Example</rule>
  <declarations>$newEvent0=com.sample.model.Event@53c7378f(552)</declarations>
</org.drools.audit.event.ActivationLogEvent>
<org.drools.audit.event.ActivationLogEvent>
  <type>4</type>
  <activationId>HelloWorld [552, 0]</activationId>
  <rule>HelloWorld</rule>
  <declarations>$newEvent=com.sample.model.Event@53c7378f(552)</declarations>
</org.drools.audit.event.ActivationLogEvent>
<org.drools.audit.event.ActivationLogEvent>
  <type>6</type>
  <activationId>HelloWorld [552, 0]</activationId>
  <rule>HelloWorld</rule>
  <declarations>$newEvent=com.sample.model.Event@53c7378f(552)</declarations>
</org.drools.audit.event.ActivationLogEvent>
<org.drools.audit.event.ActivationLogEvent>
  <type>7</type>
  <activationId>HelloWorld [552, 0]</activationId>
  <rule>HelloWorld</rule>
  <declarations>$newEvent=com.sample.model.Event@53c7378f(552)</declarations>
</org.drools.audit.event.ActivationLogEvent>
<org.drools.audit.event.ActivationLogEvent>
  <type>6</type>
  <activationId>Example [552, 0]</activationId>
  <rule>Example</rule>
  <declarations>$newEvent0=com.sample.model.Event@53c7378f(552)</declarations>
</org.drools.audit.event.ActivationLogEvent>
<org.drools.audit.event.ActivationLogEvent>
  <type>4</type>
  <activationId>Example2 [553]</activationId>
  <rule>Example2</rule>
  <declarations>$newEvent=com.sample.model.Event@6db0d235(553)</declarations>
</org.drools.audit.event.ActivationLogEvent>
<org.drools.audit.event.ObjectLogEvent>
  <type>1</type>
  <factId>553</factId>
  <objectToString>com.sample.model.Event@6db0d235</objectToString>
</org.drools.audit.event.ObjectLogEvent>
<org.drools.audit.event.ActivationLogEvent>
  <type>7</type>
  <activationId>Example [552, 0]</activationId>
  <rule>Example</rule>
  <declarations>$newEvent0=com.sample.model.Event@53c7378f(552)</declarations>
</org.drools.audit.event.ActivationLogEvent>
<org.drools.audit.event.ActivationLogEvent>
  <type>6</type>
  <activationId>Example2 [553]</activationId>
  <rule>Example2</rule>
  <declarations>$newEvent=com.sample.model.Event@6db0d235(553)</declarations>
</org.drools.audit.event.ActivationLogEvent>
<org.drools.audit.event.ActivationLogEvent>
  <type>7</type>
  <activationId>Example2 [553]</activationId>
  <rule>Example2</rule>
  <declarations>$newEvent=com.sample.model.Event@6db0d235(553)</declarations>
</org.drools.audit.event.ActivationLogEvent>
<org.drools.audit.event.ObjectLogEvent>
  <type>1</type>
  <factId>554</factId>
  <objectToString>com.sample.model.Event@73b8cdd5</objectToString>
</org.drools.audit.event.ObjectLogEvent>
<org.drools.audit.event.ActivationLogEvent>
  <type>4</type>
  <activationId>Example [554, 0]</activationId>
  <rule>Example</rule>
  <declarations>$newEvent0=com.sample.model.Event@73b8cdd5(554)</declarations>
</org.drools.audit.event.ActivationLogEvent>
<org.drools.audit.event.ActivationLogEvent>
  <type>4</type>
  <activationId>HelloWorld [554, 0]</activationId>
  <rule>HelloWorld</rule>
  <declarations>$newEvent=com.sample.model.Event@73b8cdd5(554)</declarations>
</org.drools.audit.event.ActivationLogEvent>
<org.drools.audit.event.ActivationLogEvent>
  <type>6</type>
  <activationId>HelloWorld [554, 0]</activationId>
  <rule>HelloWorld</rule>
  <declarations>$newEvent=com.sample.model.Event@73b8cdd5(554)</declarations>
</org.drools.audit.event.ActivationLogEvent>
<org.drools.audit.event.ActivationLogEvent>
  <type>7</type>
  <activationId>HelloWorld [554, 0]</activationId>
  <rule>HelloWorld</rule>
  <declarations>$newEvent=com.sample.model.Event@73b8cdd5(554)</declarations>
</org.drools.audit.event.ActivationLogEvent>
<org.drools.audit.event.ActivationLogEvent>
  <type>6</type>
  <activationId>Example [554, 0]</activationId>
  <rule>Example</rule>
  <declarations>$newEvent0=com.sample.model.Event@73b8cdd5(554)</declarations>
</org.drools.audit.event.ActivationLogEvent>
<org.drools.audit.event.ActivationLogEvent>
  <type>4</type>
  <activationId>Example2 [555]</activationId>
  <rule>Example2</rule>
  <declarations>$newEvent=com.sample.model.Event@3ee2cf81(555)</declarations>
</org.drools.audit.event.ActivationLogEvent>
<org.drools.audit.event.ObjectLogEvent>
  <type>1</type>
  <factId>555</factId>
  <objectToString>com.sample.model.Event@3ee2cf81</objectToString>
</org.drools.audit.event.ObjectLogEvent>
<org.drools.audit.event.ActivationLogEvent>
  <type>7</type>
  <activationId>Example [554, 0]</activationId>
  <rule>Example</rule>
  <declarations>$newEvent0=com.sample.model.Event@73b8cdd5(554)</declarations>
</org.drools.audit.event.ActivationLogEvent>
<org.drools.audit.event.ActivationLogEvent>
  <type>6</type>
  <activationId>Example2 [555]</activationId>
  <rule>Example2</rule>
  <declarations>$newEvent=com.sample.model.Event@3ee2cf81(555)</declarations>
</org.drools.audit.event.ActivationLogEvent>
<org.drools.audit.event.ActivationLogEvent>
  <type>7</type>
  <activationId>Example2 [555]</activationId>
  <rule>Example2</rule>
  <declarations>$newEvent=com.sample.model.Event@3ee2cf81(555)</declarations>
</org.drools.audit.event.ActivationLogEvent>
</object-stream>
